[2026-06-03T15:34:13.311+0000] {local_task_job_runner.py:123} INFO - ::group::Pre task execution logs
[2026-06-03T15:34:13.339+0000] {taskinstance.py:2613} INFO - Dependencies all met for dep_context=non-requeueable deps ti=<TaskInstance: train_model_lakehouse.train_model manual__2026-06-03T15:34:12.700945+00:00 [queued]>
[2026-06-03T15:34:13.347+0000] {taskinstance.py:2613} INFO - Dependencies all met for dep_context=requeueable deps ti=<TaskInstance: train_model_lakehouse.train_model manual__2026-06-03T15:34:12.700945+00:00 [queued]>
[2026-06-03T15:34:13.348+0000] {taskinstance.py:2866} INFO - Starting attempt 1 of 1
[2026-06-03T15:34:13.382+0000] {taskinstance.py:2889} INFO - Executing <Task(SparkSubmitOperator): train_model> on 2026-06-03 15:34:12.700945+00:00
[2026-06-03T15:34:13.388+0000] {standard_task_runner.py:72} INFO - Started process 440 to run task
[2026-06-03T15:34:13.392+0000] {standard_task_runner.py:104} INFO - Running: ['***', 'tasks', 'run', 'train_model_lakehouse', 'train_model', 'manual__2026-06-03T15:34:12.700945+00:00', '--job-id', '29', '--raw', '--subdir', 'DAGS_FOLDER/train_model_lakehouse_dag.py', '--cfg-path', '/tmp/tmprqwdi5cl']
[2026-06-03T15:34:13.394+0000] {standard_task_runner.py:105} INFO - Job 29: Subtask train_model
[2026-06-03T15:34:13.458+0000] {task_command.py:467} INFO - Running <TaskInstance: train_model_lakehouse.train_model manual__2026-06-03T15:34:12.700945+00:00 [running]> on host 70b1be1cb349
[2026-06-03T15:34:13.581+0000] {taskinstance.py:3132} INFO - Exporting env vars: AIRFLOW_CTX_DAG_OWNER='***' AIRFLOW_CTX_DAG_ID='train_model_lakehouse' AIRFLOW_CTX_TASK_ID='train_model' AIRFLOW_CTX_EXECUTION_DATE='2026-06-03T15:34:12.700945+00:00' AIRFLOW_CTX_TRY_NUMBER='1' AIRFLOW_CTX_DAG_RUN_ID='manual__2026-06-03T15:34:12.700945+00:00'
[2026-06-03T15:34:13.582+0000] {taskinstance.py:731} INFO - ::endgroup::
[2026-06-03T15:34:13.618+0000] {base.py:84} INFO - Retrieving connection 'spark_default'
[2026-06-03T15:34:13.620+0000] {spark_submit.py:473} INFO - Spark-Submit cmd: spark-submit --master spark://spark-master:7077 --conf spark.sql.extensions=org.apache.iceberg.spark.extensions.IcebergSparkSessionExtensions --conf spark.sql.catalog.lakehouse=org.apache.iceberg.spark.SparkCatalog --conf spark.sql.catalog.lakehouse.type=rest --conf spark.sql.catalog.lakehouse.uri=http://iceberg-rest:8181 --conf spark.sql.catalog.lakehouse.warehouse=s3://warehouse/ --conf spark.sql.catalog.lakehouse.io-impl=org.apache.iceberg.aws.s3.S3FileIO --conf spark.sql.catalog.lakehouse.client.region=eu-south-2 --conf spark.sql.defaultCatalog=lakehouse --packages org.apache.iceberg:iceberg-spark-runtime-4.1_2.13:1.11.0,org.apache.iceberg:iceberg-aws-bundle:1.11.0 --name arrow-spark --verbose --deploy-mode client /workspace/resources/train_model_lakehouse.py --model-base s3a://warehouse/artifacts/models
[2026-06-03T15:34:14.013+0000] {spark_submit.py:634} INFO - WARNING: Using incubator modules: jdk.incubator.vector
[2026-06-03T15:34:15.350+0000] {spark_submit.py:634} INFO - Parsed arguments:
[2026-06-03T15:34:15.350+0000] {spark_submit.py:634} INFO - master                  spark://spark-master:7077
[2026-06-03T15:34:15.351+0000] {spark_submit.py:634} INFO - remote                  null
[2026-06-03T15:34:15.351+0000] {spark_submit.py:634} INFO - deployMode              client
[2026-06-03T15:34:15.351+0000] {spark_submit.py:634} INFO - executorMemory          null
[2026-06-03T15:34:15.351+0000] {spark_submit.py:634} INFO - executorCores           null
[2026-06-03T15:34:15.351+0000] {spark_submit.py:634} INFO - totalExecutorCores      null
[2026-06-03T15:34:15.352+0000] {spark_submit.py:634} INFO - propertiesFile          null
[2026-06-03T15:34:15.352+0000] {spark_submit.py:634} INFO - driverMemory            null
[2026-06-03T15:34:15.352+0000] {spark_submit.py:634} INFO - driverCores             null
[2026-06-03T15:34:15.352+0000] {spark_submit.py:634} INFO - driverExtraClassPath    null
[2026-06-03T15:34:15.352+0000] {spark_submit.py:634} INFO - driverExtraLibraryPath  null
[2026-06-03T15:34:15.353+0000] {spark_submit.py:634} INFO - driverExtraJavaOptions  null
[2026-06-03T15:34:15.353+0000] {spark_submit.py:634} INFO - supervise               false
[2026-06-03T15:34:15.353+0000] {spark_submit.py:634} INFO - queue                   null
[2026-06-03T15:34:15.353+0000] {spark_submit.py:634} INFO - numExecutors            null
[2026-06-03T15:34:15.354+0000] {spark_submit.py:634} INFO - files                   null
[2026-06-03T15:34:15.354+0000] {spark_submit.py:634} INFO - pyFiles                 null
[2026-06-03T15:34:15.354+0000] {spark_submit.py:634} INFO - archives                null
[2026-06-03T15:34:15.355+0000] {spark_submit.py:634} INFO - mainClass               null
[2026-06-03T15:34:15.355+0000] {spark_submit.py:634} INFO - primaryResource         file:/workspace/resources/train_model_lakehouse.py
[2026-06-03T15:34:15.355+0000] {spark_submit.py:634} INFO - name                    arrow-spark
[2026-06-03T15:34:15.355+0000] {spark_submit.py:634} INFO - childArgs               [--model-base s3a://warehouse/artifacts/models]
[2026-06-03T15:34:15.355+0000] {spark_submit.py:634} INFO - jars                    null
[2026-06-03T15:34:15.356+0000] {spark_submit.py:634} INFO - packages                org.apache.iceberg:iceberg-spark-runtime-4.1_2.13:1.11.0,org.apache.iceberg:iceberg-aws-bundle:1.11.0
[2026-06-03T15:34:15.356+0000] {spark_submit.py:634} INFO - packagesExclusions      null
[2026-06-03T15:34:15.356+0000] {spark_submit.py:634} INFO - repositories            null
[2026-06-03T15:34:15.356+0000] {spark_submit.py:634} INFO - verbose                 true
[2026-06-03T15:34:15.357+0000] {spark_submit.py:634} INFO - 
[2026-06-03T15:34:15.357+0000] {spark_submit.py:634} INFO - Spark properties used, including those specified through
[2026-06-03T15:34:15.357+0000] {spark_submit.py:634} INFO - --conf and those from the properties file null:
[2026-06-03T15:34:15.357+0000] {spark_submit.py:634} INFO - (spark.sql.catalog.lakehouse,org.apache.iceberg.spark.SparkCatalog)
[2026-06-03T15:34:15.357+0000] {spark_submit.py:634} INFO - (spark.sql.catalog.lakehouse.client.region,eu-south-2)
[2026-06-03T15:34:15.357+0000] {spark_submit.py:634} INFO - (spark.sql.catalog.lakehouse.io-impl,org.apache.iceberg.aws.s3.S3FileIO)
[2026-06-03T15:34:15.358+0000] {spark_submit.py:634} INFO - (spark.sql.catalog.lakehouse.type,rest)
[2026-06-03T15:34:15.358+0000] {spark_submit.py:634} INFO - (spark.sql.catalog.lakehouse.uri,http://iceberg-rest:8181)
[2026-06-03T15:34:15.358+0000] {spark_submit.py:634} INFO - (spark.sql.catalog.lakehouse.warehouse,s3://warehouse/)
[2026-06-03T15:34:15.359+0000] {spark_submit.py:634} INFO - (spark.sql.defaultCatalog,lakehouse)
[2026-06-03T15:34:15.359+0000] {spark_submit.py:634} INFO - (spark.sql.extensions,org.apache.iceberg.spark.extensions.IcebergSparkSessionExtensions)
[2026-06-03T15:34:15.359+0000] {spark_submit.py:634} INFO - 
[2026-06-03T15:34:15.359+0000] {spark_submit.py:634} INFO - 
[2026-06-03T15:34:15.453+0000] {spark_submit.py:634} INFO - :: loading settings :: url = jar:file:/opt/spark/jars/ivy-2.5.3.jar!/org/apache/ivy/core/settings/ivysettings.xml
[2026-06-03T15:34:15.544+0000] {spark_submit.py:634} INFO - Ivy Default Cache set to: /home/***/.ivy2.5.2/cache
[2026-06-03T15:34:15.545+0000] {spark_submit.py:634} INFO - The jars for the packages stored in: /home/***/.ivy2.5.2/jars
[2026-06-03T15:34:15.550+0000] {spark_submit.py:634} INFO - org.apache.iceberg#iceberg-spark-runtime-4.1_2.13 added as a dependency
[2026-06-03T15:34:15.550+0000] {spark_submit.py:634} INFO - org.apache.iceberg#iceberg-aws-bundle added as a dependency
[2026-06-03T15:34:15.551+0000] {spark_submit.py:634} INFO - :: resolving dependencies :: org.apache.spark#spark-submit-parent-a9533000-7e9f-4b41-b33e-ebcfb56da59f;1.0
[2026-06-03T15:34:15.551+0000] {spark_submit.py:634} INFO - confs: [default]
[2026-06-03T15:34:16.144+0000] {spark_submit.py:634} INFO - found org.apache.iceberg#iceberg-spark-runtime-4.1_2.13;1.11.0 in central
[2026-06-03T15:34:16.333+0000] {spark_submit.py:634} INFO - found org.apache.iceberg#iceberg-aws-bundle;1.11.0 in central
[2026-06-03T15:34:16.384+0000] {spark_submit.py:634} INFO - downloading https://repo1.maven.org/maven2/org/apache/iceberg/iceberg-spark-runtime-4.1_2.13/1.11.0/iceberg-spark-runtime-4.1_2.13-1.11.0.jar ...
[2026-06-03T15:34:37.637+0000] {spark_submit.py:634} INFO - [SUCCESSFUL ] org.apache.iceberg#iceberg-spark-runtime-4.1_2.13;1.11.0!iceberg-spark-runtime-4.1_2.13.jar (21292ms)
[2026-06-03T15:34:37.677+0000] {spark_submit.py:634} INFO - downloading https://repo1.maven.org/maven2/org/apache/iceberg/iceberg-aws-bundle/1.11.0/iceberg-aws-bundle-1.11.0.jar ...
[2026-06-03T15:35:06.836+0000] {spark_submit.py:634} INFO - [SUCCESSFUL ] org.apache.iceberg#iceberg-aws-bundle;1.11.0!iceberg-aws-bundle.jar (29189ms)
[2026-06-03T15:35:06.838+0000] {spark_submit.py:634} INFO - :: resolution report :: resolve 792ms :: artifacts dl 50496ms
[2026-06-03T15:35:06.839+0000] {spark_submit.py:634} INFO - :: modules in use:
[2026-06-03T15:35:06.840+0000] {spark_submit.py:634} INFO - org.apache.iceberg#iceberg-aws-bundle;1.11.0 from central in [default]
[2026-06-03T15:35:06.841+0000] {spark_submit.py:634} INFO - org.apache.iceberg#iceberg-spark-runtime-4.1_2.13;1.11.0 from central in [default]
[2026-06-03T15:35:06.842+0000] {spark_submit.py:634} INFO - ---------------------------------------------------------------------
[2026-06-03T15:35:06.843+0000] {spark_submit.py:634} INFO - |                  |            modules            ||   artifacts   |
[2026-06-03T15:35:06.844+0000] {spark_submit.py:634} INFO - |       conf       | number| search|dwnlded|evicted|| number|dwnlded|
[2026-06-03T15:35:06.845+0000] {spark_submit.py:634} INFO - ---------------------------------------------------------------------
[2026-06-03T15:35:06.846+0000] {spark_submit.py:634} INFO - |      default     |   2   |   2   |   2   |   0   ||   2   |   2   |
[2026-06-03T15:35:06.847+0000] {spark_submit.py:634} INFO - ---------------------------------------------------------------------
[2026-06-03T15:35:06.851+0000] {spark_submit.py:634} INFO - :: retrieving :: org.apache.spark#spark-submit-parent-a9533000-7e9f-4b41-b33e-ebcfb56da59f
[2026-06-03T15:35:06.852+0000] {spark_submit.py:634} INFO - confs: [default]
[2026-06-03T15:35:06.932+0000] {spark_submit.py:634} INFO - 2 artifacts copied, 0 already retrieved (108957kB/81ms)
[2026-06-03T15:35:07.217+0000] {spark_submit.py:634} INFO - 26/06/03 15:35:07 WARN NativeCodeLoader: Unable to load native-hadoop library for your platform... using builtin-java classes where applicable
[2026-06-03T15:35:07.398+0000] {spark_submit.py:634} INFO - Main class:
[2026-06-03T15:35:07.399+0000] {spark_submit.py:634} INFO - org.apache.spark.deploy.PythonRunner
[2026-06-03T15:35:07.399+0000] {spark_submit.py:634} INFO - Arguments:
[2026-06-03T15:35:07.399+0000] {spark_submit.py:634} INFO - file:/workspace/resources/train_model_lakehouse.py
[2026-06-03T15:35:07.400+0000] {spark_submit.py:634} INFO - file:///home/***/.ivy2.5.2/jars/org.apache.iceberg_iceberg-spark-runtime-4.1_2.13-1.11.0.jar,file:///home/***/.ivy2.5.2/jars/org.apache.iceberg_iceberg-aws-bundle-1.11.0.jar
[2026-06-03T15:35:07.400+0000] {spark_submit.py:634} INFO - --model-base
[2026-06-03T15:35:07.400+0000] {spark_submit.py:634} INFO - s3a://warehouse/artifacts/models
[2026-06-03T15:35:07.401+0000] {spark_submit.py:634} INFO - Spark config:
[2026-06-03T15:35:07.401+0000] {spark_submit.py:634} INFO - (spark.app.name,arrow-spark)
[2026-06-03T15:35:07.401+0000] {spark_submit.py:634} INFO - (spark.app.submitTime,1780500907370)
[2026-06-03T15:35:07.402+0000] {spark_submit.py:634} INFO - (spark.files,file:///home/***/.ivy2.5.2/jars/org.apache.iceberg_iceberg-spark-runtime-4.1_2.13-1.11.0.jar,file:///home/***/.ivy2.5.2/jars/org.apache.iceberg_iceberg-aws-bundle-1.11.0.jar)
[2026-06-03T15:35:07.402+0000] {spark_submit.py:634} INFO - (spark.jars,file:///home/***/.ivy2.5.2/jars/org.apache.iceberg_iceberg-spark-runtime-4.1_2.13-1.11.0.jar,file:///home/***/.ivy2.5.2/jars/org.apache.iceberg_iceberg-aws-bundle-1.11.0.jar)
[2026-06-03T15:35:07.402+0000] {spark_submit.py:634} INFO - (spark.master,spark://spark-master:7077)
[2026-06-03T15:35:07.402+0000] {spark_submit.py:634} INFO - (spark.repl.local.jars,file:///home/***/.ivy2.5.2/jars/org.apache.iceberg_iceberg-spark-runtime-4.1_2.13-1.11.0.jar,file:///home/***/.ivy2.5.2/jars/org.apache.iceberg_iceberg-aws-bundle-1.11.0.jar)
[2026-06-03T15:35:07.403+0000] {spark_submit.py:634} INFO - (spark.sql.catalog.lakehouse,org.apache.iceberg.spark.SparkCatalog)
[2026-06-03T15:35:07.403+0000] {spark_submit.py:634} INFO - (spark.sql.catalog.lakehouse.client.region,eu-south-2)
[2026-06-03T15:35:07.403+0000] {spark_submit.py:634} INFO - (spark.sql.catalog.lakehouse.io-impl,org.apache.iceberg.aws.s3.S3FileIO)
[2026-06-03T15:35:07.403+0000] {spark_submit.py:634} INFO - (spark.sql.catalog.lakehouse.type,rest)
[2026-06-03T15:35:07.404+0000] {spark_submit.py:634} INFO - (spark.sql.catalog.lakehouse.uri,http://iceberg-rest:8181)
[2026-06-03T15:35:07.404+0000] {spark_submit.py:634} INFO - (spark.sql.catalog.lakehouse.warehouse,s3://warehouse/)
[2026-06-03T15:35:07.404+0000] {spark_submit.py:634} INFO - (spark.sql.defaultCatalog,lakehouse)
[2026-06-03T15:35:07.404+0000] {spark_submit.py:634} INFO - (spark.sql.extensions,org.apache.iceberg.spark.extensions.IcebergSparkSessionExtensions)
[2026-06-03T15:35:07.404+0000] {spark_submit.py:634} INFO - (spark.submit.deployMode,client)
[2026-06-03T15:35:07.405+0000] {spark_submit.py:634} INFO - (spark.submit.pyFiles,/home/***/.ivy2.5.2/jars/org.apache.iceberg_iceberg-spark-runtime-4.1_2.13-1.11.0.jar,/home/***/.ivy2.5.2/jars/org.apache.iceberg_iceberg-aws-bundle-1.11.0.jar)
[2026-06-03T15:35:07.405+0000] {spark_submit.py:634} INFO - Classpath elements:
[2026-06-03T15:35:07.405+0000] {spark_submit.py:634} INFO - file:///home/***/.ivy2.5.2/jars/org.apache.iceberg_iceberg-spark-runtime-4.1_2.13-1.11.0.jar
[2026-06-03T15:35:07.406+0000] {spark_submit.py:634} INFO - file:///home/***/.ivy2.5.2/jars/org.apache.iceberg_iceberg-aws-bundle-1.11.0.jar
[2026-06-03T15:35:07.406+0000] {spark_submit.py:634} INFO - 
[2026-06-03T15:35:07.406+0000] {spark_submit.py:634} INFO - 
[2026-06-03T15:35:12.707+0000] {spark_submit.py:634} INFO - Using Spark's default log4j profile: org/apache/spark/log4j2-defaults.properties
[2026-06-03T15:35:12.712+0000] {spark_submit.py:634} INFO - 26/06/03 15:35:12 INFO SparkContext: Running Spark version 4.1.2
[2026-06-03T15:35:12.713+0000] {spark_submit.py:634} INFO - 26/06/03 15:35:12 INFO SparkContext: OS info Linux, 6.17.0-35-generic, amd64
[2026-06-03T15:35:12.713+0000] {spark_submit.py:634} INFO - 26/06/03 15:35:12 INFO SparkContext: Java version 17.0.19+10-1-deb12u2-Debian
[2026-06-03T15:35:12.760+0000] {spark_submit.py:634} INFO - 26/06/03 15:35:12 INFO ResourceUtils: ==============================================================
[2026-06-03T15:35:12.761+0000] {spark_submit.py:634} INFO - 26/06/03 15:35:12 INFO ResourceUtils: No custom resources configured for spark.driver.
[2026-06-03T15:35:12.761+0000] {spark_submit.py:634} INFO - 26/06/03 15:35:12 INFO ResourceUtils: ==============================================================
[2026-06-03T15:35:12.761+0000] {spark_submit.py:634} INFO - 26/06/03 15:35:12 INFO SparkContext: Submitted application: train_model_lakehouse
[2026-06-03T15:35:12.822+0000] {spark_submit.py:634} INFO - 26/06/03 15:35:12 INFO SecurityManager: Changing view acls to: ***
[2026-06-03T15:35:12.823+0000] {spark_submit.py:634} INFO - 26/06/03 15:35:12 INFO SecurityManager: Changing modify acls to: ***
[2026-06-03T15:35:12.823+0000] {spark_submit.py:634} INFO - 26/06/03 15:35:12 INFO SecurityManager: Changing view acls groups to: ***
[2026-06-03T15:35:12.824+0000] {spark_submit.py:634} INFO - 26/06/03 15:35:12 INFO SecurityManager: Changing modify acls groups to: ***
[2026-06-03T15:35:12.825+0000] {spark_submit.py:634} INFO - 26/06/03 15:35:12 INFO SecurityManager: SecurityManager: authentication disabled; ui acls disabled; users with view permissions: *** groups with view permissions: EMPTY; users with modify permissions: ***; groups with modify permissions: EMPTY; RPC SSL disabled
[2026-06-03T15:35:13.095+0000] {spark_submit.py:634} INFO - 26/06/03 15:35:13 INFO Utils: Successfully started service 'sparkDriver' on port 33455.
[2026-06-03T15:35:13.147+0000] {spark_submit.py:634} INFO - 26/06/03 15:35:13 INFO SparkEnv: Registering MapOutputTracker
[2026-06-03T15:35:13.161+0000] {spark_submit.py:634} INFO - 26/06/03 15:35:13 INFO SparkEnv: Registering BlockManagerMaster
[2026-06-03T15:35:13.179+0000] {spark_submit.py:634} INFO - 26/06/03 15:35:13 INFO BlockManagerMasterEndpoint: Using org.apache.spark.storage.DefaultTopologyMapper for getting topology information
[2026-06-03T15:35:13.180+0000] {spark_submit.py:634} INFO - 26/06/03 15:35:13 INFO BlockManagerMasterEndpoint: BlockManagerMasterEndpoint up
[2026-06-03T15:35:13.183+0000] {spark_submit.py:634} INFO - 26/06/03 15:35:13 INFO SparkEnv: Registering BlockManagerMasterHeartbeat
[2026-06-03T15:35:13.209+0000] {spark_submit.py:634} INFO - 26/06/03 15:35:13 INFO DiskBlockManager: Created local directory at /tmp/blockmgr-c1f65ac1-9bdb-4bf5-acc9-df0e9198d9b7
[2026-06-03T15:35:13.232+0000] {spark_submit.py:634} INFO - 26/06/03 15:35:13 INFO SparkEnv: Registering OutputCommitCoordinator
[2026-06-03T15:35:13.376+0000] {spark_submit.py:634} INFO - 26/06/03 15:35:13 INFO JettyUtils: Start Jetty 0.0.0.0:4040 for SparkUI
[2026-06-03T15:35:13.454+0000] {spark_submit.py:634} INFO - 26/06/03 15:35:13 INFO Utils: Successfully started service 'SparkUI' on port 4040.
[2026-06-03T15:35:13.498+0000] {spark_submit.py:634} INFO - 26/06/03 15:35:13 INFO SparkContext: Added JAR file:///home/***/.ivy2.5.2/jars/org.apache.iceberg_iceberg-spark-runtime-4.1_2.13-1.11.0.jar at spark://70b1be1cb349:33455/jars/org.apache.iceberg_iceberg-spark-runtime-4.1_2.13-1.11.0.jar with timestamp 1780500912698
[2026-06-03T15:35:13.498+0000] {spark_submit.py:634} INFO - 26/06/03 15:35:13 INFO SparkContext: Added JAR file:///home/***/.ivy2.5.2/jars/org.apache.iceberg_iceberg-aws-bundle-1.11.0.jar at spark://70b1be1cb349:33455/jars/org.apache.iceberg_iceberg-aws-bundle-1.11.0.jar with timestamp 1780500912698
[2026-06-03T15:35:13.502+0000] {spark_submit.py:634} INFO - 26/06/03 15:35:13 INFO SparkContext: Added file file:///home/***/.ivy2.5.2/jars/org.apache.iceberg_iceberg-spark-runtime-4.1_2.13-1.11.0.jar at spark://70b1be1cb349:33455/files/org.apache.iceberg_iceberg-spark-runtime-4.1_2.13-1.11.0.jar with timestamp 1780500912698
[2026-06-03T15:35:13.504+0000] {spark_submit.py:634} INFO - 26/06/03 15:35:13 INFO Utils: Copying /home/***/.ivy2.5.2/jars/org.apache.iceberg_iceberg-spark-runtime-4.1_2.13-1.11.0.jar to /tmp/spark-e32a6d0c-293d-4416-8a6a-48339fe117cf/userFiles-2dab46ea-f946-4c2a-9907-1481414644fe/org.apache.iceberg_iceberg-spark-runtime-4.1_2.13-1.11.0.jar
[2026-06-03T15:35:13.769+0000] {spark_submit.py:634} INFO - 26/06/03 15:35:13 INFO SparkContext: Added file file:///home/***/.ivy2.5.2/jars/org.apache.iceberg_iceberg-aws-bundle-1.11.0.jar at spark://70b1be1cb349:33455/files/org.apache.iceberg_iceberg-aws-bundle-1.11.0.jar with timestamp 1780500912698
[2026-06-03T15:35:13.769+0000] {spark_submit.py:634} INFO - 26/06/03 15:35:13 INFO Utils: Copying /home/***/.ivy2.5.2/jars/org.apache.iceberg_iceberg-aws-bundle-1.11.0.jar to /tmp/spark-e32a6d0c-293d-4416-8a6a-48339fe117cf/userFiles-2dab46ea-f946-4c2a-9907-1481414644fe/org.apache.iceberg_iceberg-aws-bundle-1.11.0.jar
[2026-06-03T15:35:13.889+0000] {spark_submit.py:634} INFO - 26/06/03 15:35:13 INFO ResourceProfile: Default ResourceProfile created, executor resources: Map(memory -> name: memory, amount: 1024, script: , vendor: , offHeap -> name: offHeap, amount: 0, script: , vendor: ), task resources: Map(cpus -> name: cpus, amount: 1.0)
[2026-06-03T15:35:13.892+0000] {spark_submit.py:634} INFO - 26/06/03 15:35:13 INFO ResourceProfile: Limiting resource is cpu
[2026-06-03T15:35:13.892+0000] {spark_submit.py:634} INFO - 26/06/03 15:35:13 INFO ResourceProfileManager: Added ResourceProfile id: 0
[2026-06-03T15:35:13.908+0000] {spark_submit.py:634} INFO - 26/06/03 15:35:13 INFO SecurityManager: Changing view acls to: ***
[2026-06-03T15:35:13.909+0000] {spark_submit.py:634} INFO - 26/06/03 15:35:13 INFO SecurityManager: Changing modify acls to: ***
[2026-06-03T15:35:13.909+0000] {spark_submit.py:634} INFO - 26/06/03 15:35:13 INFO SecurityManager: Changing view acls groups to: ***
[2026-06-03T15:35:13.909+0000] {spark_submit.py:634} INFO - 26/06/03 15:35:13 INFO SecurityManager: Changing modify acls groups to: ***
[2026-06-03T15:35:13.909+0000] {spark_submit.py:634} INFO - 26/06/03 15:35:13 INFO SecurityManager: SecurityManager: authentication disabled; ui acls disabled; users with view permissions: *** groups with view permissions: EMPTY; users with modify permissions: ***; groups with modify permissions: EMPTY; RPC SSL disabled
[2026-06-03T15:35:14.085+0000] {spark_submit.py:634} INFO - 26/06/03 15:35:14 INFO StandaloneAppClient$ClientEndpoint: Connecting to master spark://spark-master:7077...
[2026-06-03T15:35:14.162+0000] {spark_submit.py:634} INFO - 26/06/03 15:35:14 INFO TransportClientFactory: Successfully created connection to spark-master/172.18.0.2:7077 after 47 ms (0 ms spent in bootstraps)
[2026-06-03T15:35:14.329+0000] {spark_submit.py:634} INFO - 26/06/03 15:35:14 INFO StandaloneSchedulerBackend: Connected to Spark cluster with app ID app-20260603153514-0013
[2026-06-03T15:35:14.331+0000] {spark_submit.py:634} INFO - 26/06/03 15:35:14 INFO StandaloneAppClient$ClientEndpoint: Executor added: app-20260603153514-0013/0 on worker-20260603085132-172.18.0.7-35491 (172.18.0.7:35491) with 8 core(s)
[2026-06-03T15:35:14.340+0000] {spark_submit.py:634} INFO - 26/06/03 15:35:14 INFO StandaloneSchedulerBackend: Granted executor ID app-20260603153514-0013/0 on hostPort 172.18.0.7:35491 with 8 core(s), 1024.0 MiB RAM
[2026-06-03T15:35:14.342+0000] {spark_submit.py:634} INFO - 26/06/03 15:35:14 INFO StandaloneAppClient$ClientEndpoint: Executor added: app-20260603153514-0013/1 on worker-20260603085132-172.18.0.6-37647 (172.18.0.6:37647) with 8 core(s)
[2026-06-03T15:35:14.343+0000] {spark_submit.py:634} INFO - 26/06/03 15:35:14 INFO StandaloneSchedulerBackend: Granted executor ID app-20260603153514-0013/1 on hostPort 172.18.0.6:37647 with 8 core(s), 1024.0 MiB RAM
[2026-06-03T15:35:14.345+0000] {spark_submit.py:634} INFO - 26/06/03 15:35:14 INFO Utils: Successfully started service 'org.apache.spark.network.netty.NettyBlockTransferService' on port 43831.
[2026-06-03T15:35:14.346+0000] {spark_submit.py:634} INFO - 26/06/03 15:35:14 INFO NettyBlockTransferService: Server created on 70b1be1cb349:43831
[2026-06-03T15:35:14.351+0000] {spark_submit.py:634} INFO - 26/06/03 15:35:14 INFO BlockManager: Using org.apache.spark.storage.RandomBlockReplicationPolicy for block replication policy
[2026-06-03T15:35:14.359+0000] {spark_submit.py:634} INFO - 26/06/03 15:35:14 INFO StandaloneAppClient$ClientEndpoint: Executor updated: app-20260603153514-0013/1 is now RUNNING
[2026-06-03T15:35:14.371+0000] {spark_submit.py:634} INFO - 26/06/03 15:35:14 INFO StandaloneAppClient$ClientEndpoint: Executor updated: app-20260603153514-0013/0 is now RUNNING
[2026-06-03T15:35:14.389+0000] {spark_submit.py:634} INFO - 26/06/03 15:35:14 INFO BlockManagerMaster: Registering BlockManager BlockManagerId(driver, 70b1be1cb349, 43831, None)
[2026-06-03T15:35:14.396+0000] {spark_submit.py:634} INFO - 26/06/03 15:35:14 INFO BlockManagerMasterEndpoint: Registering block manager 70b1be1cb349:43831 with 434.4 MiB RAM, BlockManagerId(driver, 70b1be1cb349, 43831, None)
[2026-06-03T15:35:14.399+0000] {spark_submit.py:634} INFO - 26/06/03 15:35:14 INFO BlockManagerMaster: Registered BlockManager BlockManagerId(driver, 70b1be1cb349, 43831, None)
[2026-06-03T15:35:14.401+0000] {spark_submit.py:634} INFO - 26/06/03 15:35:14 INFO BlockManager: Initialized BlockManager: BlockManagerId(driver, 70b1be1cb349, 43831, None)
[2026-06-03T15:35:14.653+0000] {spark_submit.py:634} INFO - 26/06/03 15:35:14 INFO StandaloneSchedulerBackend: SchedulerBackend is ready for scheduling beginning after reached minRegisteredResourcesRatio: 0.0
[2026-06-03T15:35:19.269+0000] {spark_submit.py:634} INFO - 26/06/03 15:35:19 INFO StandaloneSchedulerBackend$StandaloneDriverEndpoint: Registered executor NettyRpcEndpointRef(spark-client://Executor) (172.18.0.6:54568) with ID 1, ResourceProfileId 0
[2026-06-03T15:35:19.274+0000] {spark_submit.py:634} INFO - 26/06/03 15:35:19 INFO StandaloneSchedulerBackend$StandaloneDriverEndpoint: Registered executor NettyRpcEndpointRef(spark-client://Executor) (172.18.0.7:55262) with ID 0, ResourceProfileId 0
[2026-06-03T15:35:19.539+0000] {spark_submit.py:634} INFO - 26/06/03 15:35:19 INFO BlockManagerMasterEndpoint: Registering block manager 172.18.0.7:42373 with 434.4 MiB RAM, BlockManagerId(0, 172.18.0.7, 42373, None)
[2026-06-03T15:35:19.543+0000] {spark_submit.py:634} INFO - 26/06/03 15:35:19 INFO BlockManagerMasterEndpoint: Registering block manager 172.18.0.6:36687 with 434.4 MiB RAM, BlockManagerId(1, 172.18.0.6, 36687, None)
[2026-06-03T15:35:21.350+0000] {spark_submit.py:634} INFO - 26/06/03 15:35:21 INFO SharedState: Setting hive.metastore.warehouse.dir ('null') to the value of spark.sql.warehouse.dir.
[2026-06-03T15:35:21.354+0000] {spark_submit.py:634} INFO - 26/06/03 15:35:21 INFO SharedState: Warehouse path is 'file:/opt/***/spark-warehouse'.
[2026-06-03T15:35:22.941+0000] {spark_submit.py:634} INFO - 2026/06/03 15:35:22 WARNING mlflow.utils.git_utils: Failed to import Git (the Git executable is probably not on your PATH), so Git SHA is not available. Error: Failed to initialize: Bad git executable.
[2026-06-03T15:35:22.941+0000] {spark_submit.py:634} INFO - The git executable must be specified in one of the following ways:
[2026-06-03T15:35:22.941+0000] {spark_submit.py:634} INFO - - be included in your $PATH
[2026-06-03T15:35:22.942+0000] {spark_submit.py:634} INFO - - be set via $GIT_PYTHON_GIT_EXECUTABLE
[2026-06-03T15:35:22.942+0000] {spark_submit.py:634} INFO - - explicitly set via git.refresh(<full-path-to-git-executable>)
[2026-06-03T15:35:22.942+0000] {spark_submit.py:634} INFO - 
[2026-06-03T15:35:22.942+0000] {spark_submit.py:634} INFO - All git commands will error until this is rectified.
[2026-06-03T15:35:22.942+0000] {spark_submit.py:634} INFO - 
[2026-06-03T15:35:22.942+0000] {spark_submit.py:634} INFO - This initial message can be silenced or aggravated in the future by setting the
[2026-06-03T15:35:22.942+0000] {spark_submit.py:634} INFO - $GIT_PYTHON_REFRESH environment variable. Use one of the following values:
[2026-06-03T15:35:22.943+0000] {spark_submit.py:634} INFO - - quiet|q|silence|s|silent|none|n|0: for no message or exception
[2026-06-03T15:35:22.943+0000] {spark_submit.py:634} INFO - - warn|w|warning|log|l|1: for a warning message (logging level CRITICAL, displayed by default)
[2026-06-03T15:35:22.943+0000] {spark_submit.py:634} INFO - - error|e|exception|raise|r|2: for a raised exception
[2026-06-03T15:35:22.943+0000] {spark_submit.py:634} INFO - 
[2026-06-03T15:35:22.943+0000] {spark_submit.py:634} INFO - Example:
[2026-06-03T15:35:22.943+0000] {spark_submit.py:634} INFO - export GIT_PYTHON_REFRESH=quiet
[2026-06-03T15:35:22.943+0000] {spark_submit.py:634} INFO - 
[2026-06-03T15:35:23.775+0000] {spark_submit.py:634} INFO - 26/06/03 15:35:23 INFO AuthManagers: Loading AuthManager implementation: org.apache.iceberg.rest.auth.NoopAuthManager
[2026-06-03T15:35:24.289+0000] {spark_submit.py:634} INFO - 26/06/03 15:35:24 INFO CatalogUtil: Loading custom FileIO implementation: org.apache.iceberg.aws.s3.S3FileIO
[2026-06-03T15:35:24.503+0000] {spark_submit.py:634} INFO - 🏃 View run auspicious-squid-475 at: http://mlflow:5000/#/experiments/1/runs/ae8834b75ee24e28a468f6c6902de633
[2026-06-03T15:35:24.503+0000] {spark_submit.py:634} INFO - 🧪 View experiment at: http://mlflow:5000/#/experiments/1
[2026-06-03T15:35:24.568+0000] {spark_submit.py:634} INFO - Traceback (most recent call last):
[2026-06-03T15:35:24.569+0000] {spark_submit.py:634} INFO - File "/workspace/resources/train_model_lakehouse.py", line 127, in <module>
[2026-06-03T15:35:24.570+0000] {spark_submit.py:634} INFO - main()
[2026-06-03T15:35:24.570+0000] {spark_submit.py:634} INFO - File "/workspace/resources/train_model_lakehouse.py", line 52, in main
[2026-06-03T15:35:24.571+0000] {spark_submit.py:634} INFO - spark.sql("USE lakehouse.training_data")
[2026-06-03T15:35:24.571+0000] {spark_submit.py:634} INFO - File "/opt/spark/python/lib/pyspark.zip/pyspark/sql/session.py", line 1816, in sql
[2026-06-03T15:35:24.571+0000] {spark_submit.py:634} INFO - File "/opt/spark/python/lib/py4j-0.10.9.9-src.zip/py4j/java_gateway.py", line 1362, in __call__
[2026-06-03T15:35:24.572+0000] {spark_submit.py:634} INFO - File "/opt/spark/python/lib/pyspark.zip/pyspark/errors/exceptions/captured.py", line 269, in deco
[2026-06-03T15:35:24.573+0000] {spark_submit.py:634} INFO - pyspark.errors.exceptions.captured.IllegalArgumentException: Cannot initialize FileIO implementation org.apache.iceberg.aws.s3.S3FileIO: Cannot find constructor for interface org.apache.iceberg.io.FileIO
[2026-06-03T15:35:24.574+0000] {spark_submit.py:634} INFO - Missing org.apache.iceberg.aws.s3.S3FileIO [java.lang.NoClassDefFoundError: software/amazon/awssdk/core/exception/SdkException]
[2026-06-03T15:35:25.207+0000] {spark_submit.py:634} INFO - 26/06/03 15:35:25 INFO SparkContext: Invoking stop() from shutdown hook
[2026-06-03T15:35:25.210+0000] {spark_submit.py:634} INFO - 26/06/03 15:35:25 INFO SparkContext: SparkContext is stopping with exitCode 0 from run at Executors.java:539.
[2026-06-03T15:35:25.251+0000] {spark_submit.py:634} INFO - 26/06/03 15:35:25 INFO SparkUI: Stopped Spark web UI at http://70b1be1cb349:4040
[2026-06-03T15:35:25.255+0000] {spark_submit.py:634} INFO - 26/06/03 15:35:25 INFO StandaloneSchedulerBackend: Shutting down all executors
[2026-06-03T15:35:25.255+0000] {spark_submit.py:634} INFO - 26/06/03 15:35:25 INFO StandaloneSchedulerBackend$StandaloneDriverEndpoint: Asking each executor to shut down
[2026-06-03T15:35:25.292+0000] {spark_submit.py:634} INFO - 26/06/03 15:35:25 INFO MapOutputTrackerMasterEndpoint: MapOutputTrackerMasterEndpoint stopped!
[2026-06-03T15:35:25.331+0000] {spark_submit.py:634} INFO - 26/06/03 15:35:25 INFO MemoryStore: MemoryStore started with capacity 434.4 MiB
[2026-06-03T15:35:25.332+0000] {spark_submit.py:634} INFO - 26/06/03 15:35:25 INFO MemoryStore: MemoryStore cleared
[2026-06-03T15:35:25.332+0000] {spark_submit.py:634} INFO - 26/06/03 15:35:25 INFO BlockManager: BlockManager stopped
[2026-06-03T15:35:25.341+0000] {spark_submit.py:634} INFO - 26/06/03 15:35:25 INFO BlockManagerMaster: BlockManagerMaster stopped
[2026-06-03T15:35:25.344+0000] {spark_submit.py:634} INFO - 26/06/03 15:35:25 INFO OutputCommitCoordinator$OutputCommitCoordinatorEndpoint: OutputCommitCoordinator stopped!
[2026-06-03T15:35:25.363+0000] {spark_submit.py:634} INFO - 26/06/03 15:35:25 INFO SparkContext: Successfully stopped SparkContext (Uptime: 12664 ms)
[2026-06-03T15:35:25.458+0000] {taskinstance.py:3311} ERROR - Task failed with exception
Traceback (most recent call last):
  File "/home/airflow/.local/lib/python3.11/site-packages/airflow/models/taskinstance.py", line 767, in _execute_task
    result = _execute_callable(context=context, **execute_callable_kwargs)
             ^^^^^^^^^^^^^^^^^^^^^^^^^^^^^^^^^^^^^^^^^^^^^^^^^^^^^^^^^^^^^
  File "/home/airflow/.local/lib/python3.11/site-packages/airflow/models/taskinstance.py", line 733, in _execute_callable
    return ExecutionCallableRunner(
           ^^^^^^^^^^^^^^^^^^^^^^^^
  File "/home/airflow/.local/lib/python3.11/site-packages/airflow/utils/operator_helpers.py", line 252, in run
    return self.func(*args, **kwargs)
           ^^^^^^^^^^^^^^^^^^^^^^^^^^
  File "/home/airflow/.local/lib/python3.11/site-packages/airflow/models/baseoperator.py", line 422, in wrapper
    return func(self, *args, **kwargs)
           ^^^^^^^^^^^^^^^^^^^^^^^^^^^
  File "/home/airflow/.local/lib/python3.11/site-packages/airflow/providers/apache/spark/operators/spark_submit.py", line 176, in execute
    self._hook.submit(self.application)
  File "/home/airflow/.local/lib/python3.11/site-packages/airflow/providers/apache/spark/hooks/spark_submit.py", line 560, in submit
    raise AirflowException(
airflow.exceptions.AirflowException: Cannot execute: spark-submit --master spark://spark-master:7077 --conf spark.sql.extensions=org.apache.iceberg.spark.extensions.IcebergSparkSessionExtensions --conf spark.sql.catalog.lakehouse=org.apache.iceberg.spark.SparkCatalog --conf spark.sql.catalog.lakehouse.type=rest --conf spark.sql.catalog.lakehouse.uri=http://iceberg-rest:8181 --conf spark.sql.catalog.lakehouse.warehouse=s3://warehouse/ --conf spark.sql.catalog.lakehouse.io-impl=org.apache.iceberg.aws.s3.S3FileIO --conf spark.sql.catalog.lakehouse.client.region=eu-south-2 --conf spark.sql.defaultCatalog=lakehouse --packages org.apache.iceberg:iceberg-spark-runtime-4.1_2.13:1.11.0,org.apache.iceberg:iceberg-aws-bundle:1.11.0 --name arrow-spark --verbose --deploy-mode client /workspace/resources/train_model_lakehouse.py --model-base s3a://warehouse/artifacts/models. Error code is: 1.
[2026-06-03T15:35:25.493+0000] {taskinstance.py:1225} INFO - Marking task as FAILED. dag_id=train_model_lakehouse, task_id=train_model, run_id=manual__2026-06-03T15:34:12.700945+00:00, execution_date=20260603T153412, start_date=20260603T153413, end_date=20260603T153525
[2026-06-03T15:35:25.508+0000] {taskinstance.py:340} INFO - ::group::Post task execution logs
[2026-06-03T15:35:25.509+0000] {standard_task_runner.py:124} ERROR - Failed to execute job 29 for task train_model (Cannot execute: spark-submit --master spark://spark-master:7077 --conf spark.sql.extensions=org.apache.iceberg.spark.extensions.IcebergSparkSessionExtensions --conf spark.sql.catalog.lakehouse=org.apache.iceberg.spark.SparkCatalog --conf spark.sql.catalog.lakehouse.type=rest --conf spark.sql.catalog.lakehouse.uri=http://iceberg-rest:8181 --conf spark.sql.catalog.lakehouse.warehouse=s3://warehouse/ --conf spark.sql.catalog.lakehouse.io-impl=org.apache.iceberg.aws.s3.S3FileIO --conf spark.sql.catalog.lakehouse.client.region=eu-south-2 --conf spark.sql.defaultCatalog=lakehouse --packages org.apache.iceberg:iceberg-spark-runtime-4.1_2.13:1.11.0,org.apache.iceberg:iceberg-aws-bundle:1.11.0 --name arrow-spark --verbose --deploy-mode client /workspace/resources/train_model_lakehouse.py --model-base s3a://warehouse/artifacts/models. Error code is: 1.; 440)
Traceback (most recent call last):
  File "/home/airflow/.local/lib/python3.11/site-packages/airflow/task/task_runner/standard_task_runner.py", line 117, in _start_by_fork
    ret = args.func(args, dag=self.dag)
          ^^^^^^^^^^^^^^^^^^^^^^^^^^^^^
  File "/home/airflow/.local/lib/python3.11/site-packages/airflow/cli/cli_config.py", line 49, in command
    return func(*args, **kwargs)
           ^^^^^^^^^^^^^^^^^^^^^
  File "/home/airflow/.local/lib/python3.11/site-packages/airflow/utils/cli.py", line 116, in wrapper
    return f(*args, **kwargs)
           ^^^^^^^^^^^^^^^^^^
  File "/home/airflow/.local/lib/python3.11/site-packages/airflow/cli/commands/task_command.py", line 483, in task_run
    task_return_code = _run_task_by_selected_method(args, _dag, ti)
                       ^^^^^^^^^^^^^^^^^^^^^^^^^^^^^^^^^^^^^^^^^^^^
  File "/home/airflow/.local/lib/python3.11/site-packages/airflow/cli/commands/task_command.py", line 256, in _run_task_by_selected_method
    return _run_raw_task(args, ti)
           ^^^^^^^^^^^^^^^^^^^^^^^
  File "/home/airflow/.local/lib/python3.11/site-packages/airflow/cli/commands/task_command.py", line 341, in _run_raw_task
    return ti._run_raw_task(
           ^^^^^^^^^^^^^^^^^
  File "/home/airflow/.local/lib/python3.11/site-packages/airflow/utils/session.py", line 97, in wrapper
    return func(*args, session=session, **kwargs)
           ^^^^^^^^^^^^^^^^^^^^^^^^^^^^^^^^^^^^^^
  File "/home/airflow/.local/lib/python3.11/site-packages/airflow/models/taskinstance.py", line 3005, in _run_raw_task
    return _run_raw_task(
           ^^^^^^^^^^^^^^
  File "/home/airflow/.local/lib/python3.11/site-packages/airflow/models/taskinstance.py", line 273, in _run_raw_task
    TaskInstance._execute_task_with_callbacks(
  File "/home/airflow/.local/lib/python3.11/site-packages/airflow/models/taskinstance.py", line 3159, in _execute_task_with_callbacks
    result = self._execute_task(context, task_orig)
             ^^^^^^^^^^^^^^^^^^^^^^^^^^^^^^^^^^^^^^
  File "/home/airflow/.local/lib/python3.11/site-packages/airflow/models/taskinstance.py", line 3183, in _execute_task
    return _execute_task(self, context, task_orig)
           ^^^^^^^^^^^^^^^^^^^^^^^^^^^^^^^^^^^^^^^
  File "/home/airflow/.local/lib/python3.11/site-packages/airflow/models/taskinstance.py", line 767, in _execute_task
    result = _execute_callable(context=context, **execute_callable_kwargs)
             ^^^^^^^^^^^^^^^^^^^^^^^^^^^^^^^^^^^^^^^^^^^^^^^^^^^^^^^^^^^^^
  File "/home/airflow/.local/lib/python3.11/site-packages/airflow/models/taskinstance.py", line 733, in _execute_callable
    return ExecutionCallableRunner(
           ^^^^^^^^^^^^^^^^^^^^^^^^
  File "/home/airflow/.local/lib/python3.11/site-packages/airflow/utils/operator_helpers.py", line 252, in run
    return self.func(*args, **kwargs)
           ^^^^^^^^^^^^^^^^^^^^^^^^^^
  File "/home/airflow/.local/lib/python3.11/site-packages/airflow/models/baseoperator.py", line 422, in wrapper
    return func(self, *args, **kwargs)
           ^^^^^^^^^^^^^^^^^^^^^^^^^^^
  File "/home/airflow/.local/lib/python3.11/site-packages/airflow/providers/apache/spark/operators/spark_submit.py", line 176, in execute
    self._hook.submit(self.application)
  File "/home/airflow/.local/lib/python3.11/site-packages/airflow/providers/apache/spark/hooks/spark_submit.py", line 560, in submit
    raise AirflowException(
airflow.exceptions.AirflowException: Cannot execute: spark-submit --master spark://spark-master:7077 --conf spark.sql.extensions=org.apache.iceberg.spark.extensions.IcebergSparkSessionExtensions --conf spark.sql.catalog.lakehouse=org.apache.iceberg.spark.SparkCatalog --conf spark.sql.catalog.lakehouse.type=rest --conf spark.sql.catalog.lakehouse.uri=http://iceberg-rest:8181 --conf spark.sql.catalog.lakehouse.warehouse=s3://warehouse/ --conf spark.sql.catalog.lakehouse.io-impl=org.apache.iceberg.aws.s3.S3FileIO --conf spark.sql.catalog.lakehouse.client.region=eu-south-2 --conf spark.sql.defaultCatalog=lakehouse --packages org.apache.iceberg:iceberg-spark-runtime-4.1_2.13:1.11.0,org.apache.iceberg:iceberg-aws-bundle:1.11.0 --name arrow-spark --verbose --deploy-mode client /workspace/resources/train_model_lakehouse.py --model-base s3a://warehouse/artifacts/models. Error code is: 1.
[2026-06-03T15:35:25.530+0000] {local_task_job_runner.py:266} INFO - Task exited with return code 1
[2026-06-03T15:35:25.552+0000] {taskinstance.py:3895} INFO - 0 downstream tasks scheduled from follow-on schedule check
[2026-06-03T15:35:25.554+0000] {local_task_job_runner.py:245} INFO - ::endgroup::
