[2026-06-03T14:20:55.649+0000] {local_task_job_runner.py:123} INFO - ::group::Pre task execution logs
[2026-06-03T14:20:55.673+0000] {taskinstance.py:2613} INFO - Dependencies all met for dep_context=non-requeueable deps ti=<TaskInstance: train_model_lakehouse.train_model manual__2026-06-03T14:20:55.295167+00:00 [queued]>
[2026-06-03T14:20:55.682+0000] {taskinstance.py:2613} INFO - Dependencies all met for dep_context=requeueable deps ti=<TaskInstance: train_model_lakehouse.train_model manual__2026-06-03T14:20:55.295167+00:00 [queued]>
[2026-06-03T14:20:55.682+0000] {taskinstance.py:2866} INFO - Starting attempt 1 of 1
[2026-06-03T14:20:55.713+0000] {taskinstance.py:2889} INFO - Executing <Task(SparkSubmitOperator): train_model> on 2026-06-03 14:20:55.295167+00:00
[2026-06-03T14:20:55.721+0000] {standard_task_runner.py:72} INFO - Started process 399 to run task
[2026-06-03T14:20:55.725+0000] {standard_task_runner.py:104} INFO - Running: ['***', 'tasks', 'run', 'train_model_lakehouse', 'train_model', 'manual__2026-06-03T14:20:55.295167+00:00', '--job-id', '20', '--raw', '--subdir', 'DAGS_FOLDER/train_model_lakehouse_dag.py', '--cfg-path', '/tmp/tmpq8urz7p_']
[2026-06-03T14:20:55.727+0000] {standard_task_runner.py:105} INFO - Job 20: Subtask train_model
[2026-06-03T14:20:55.794+0000] {task_command.py:467} INFO - Running <TaskInstance: train_model_lakehouse.train_model manual__2026-06-03T14:20:55.295167+00:00 [running]> on host 195f259f8b67
[2026-06-03T14:20:55.930+0000] {taskinstance.py:3132} INFO - Exporting env vars: AIRFLOW_CTX_DAG_OWNER='***' AIRFLOW_CTX_DAG_ID='train_model_lakehouse' AIRFLOW_CTX_TASK_ID='train_model' AIRFLOW_CTX_EXECUTION_DATE='2026-06-03T14:20:55.295167+00:00' AIRFLOW_CTX_TRY_NUMBER='1' AIRFLOW_CTX_DAG_RUN_ID='manual__2026-06-03T14:20:55.295167+00:00'
[2026-06-03T14:20:55.930+0000] {taskinstance.py:731} INFO - ::endgroup::
[2026-06-03T14:20:55.957+0000] {base.py:84} INFO - Retrieving connection 'spark_default'
[2026-06-03T14:20:55.959+0000] {spark_submit.py:473} INFO - Spark-Submit cmd: spark-submit --master spark-master:7077 --conf spark.sql.extensions=org.apache.iceberg.spark.extensions.IcebergSparkSessionExtensions --conf spark.sql.catalog.lakehouse=org.apache.iceberg.spark.SparkCatalog --conf spark.sql.catalog.lakehouse.type=rest --conf spark.sql.catalog.lakehouse.uri=http://iceberg-rest:8181 --conf spark.sql.catalog.lakehouse.warehouse=s3://warehouse/ --conf spark.sql.catalog.lakehouse.io-impl=org.apache.iceberg.aws.s3.S3FileIO --conf spark.sql.catalog.lakehouse.client.region=eu-south-2 --conf spark.sql.catalog.lakehouse.s3.endpoint=http://minio:9000 --conf spark.sql.catalog.lakehouse.s3.access-key-id=admin --conf spark.sql.catalog.lakehouse.s3.secret-access-key=****** --conf spark.sql.catalog.lakehouse.s3.path-style-access=true --conf spark.sql.defaultCatalog=lakehouse --conf spark.hadoop.fs.s3a.endpoint=http://minio:9000 --conf spark.hadoop.fs.s3a.access.key=admin --conf spark.hadoop.fs.s3a.secret.key=****** --conf spark.hadoop.fs.s3a.path.style.access=true --conf spark.hadoop.fs.s3a.connection.ssl.enabled=false --name arrow-spark --verbose --deploy-mode client /workspace/resources/train_model_lakehouse.py --model-base s3a://warehouse/artifacts/models
[2026-06-03T14:20:57.336+0000] {spark_submit.py:634} INFO - Using properties file: null
[2026-06-03T14:20:57.442+0000] {spark_submit.py:634} INFO - Parsed arguments:
[2026-06-03T14:20:57.442+0000] {spark_submit.py:634} INFO - master                  spark-master:7077
[2026-06-03T14:20:57.442+0000] {spark_submit.py:634} INFO - remote                  null
[2026-06-03T14:20:57.442+0000] {spark_submit.py:634} INFO - deployMode              client
[2026-06-03T14:20:57.443+0000] {spark_submit.py:634} INFO - executorMemory          null
[2026-06-03T14:20:57.443+0000] {spark_submit.py:634} INFO - executorCores           null
[2026-06-03T14:20:57.443+0000] {spark_submit.py:634} INFO - totalExecutorCores      null
[2026-06-03T14:20:57.443+0000] {spark_submit.py:634} INFO - propertiesFile          null
[2026-06-03T14:20:57.443+0000] {spark_submit.py:634} INFO - driverMemory            null
[2026-06-03T14:20:57.443+0000] {spark_submit.py:634} INFO - driverCores             null
[2026-06-03T14:20:57.443+0000] {spark_submit.py:634} INFO - driverExtraClassPath    null
[2026-06-03T14:20:57.444+0000] {spark_submit.py:634} INFO - driverExtraLibraryPath  null
[2026-06-03T14:20:57.444+0000] {spark_submit.py:634} INFO - driverExtraJavaOptions  null
[2026-06-03T14:20:57.444+0000] {spark_submit.py:634} INFO - supervise               false
[2026-06-03T14:20:57.444+0000] {spark_submit.py:634} INFO - queue                   null
[2026-06-03T14:20:57.444+0000] {spark_submit.py:634} INFO - numExecutors            null
[2026-06-03T14:20:57.444+0000] {spark_submit.py:634} INFO - files                   null
[2026-06-03T14:20:57.444+0000] {spark_submit.py:634} INFO - pyFiles                 null
[2026-06-03T14:20:57.445+0000] {spark_submit.py:634} INFO - archives                null
[2026-06-03T14:20:57.445+0000] {spark_submit.py:634} INFO - mainClass               null
[2026-06-03T14:20:57.445+0000] {spark_submit.py:634} INFO - primaryResource         file:/workspace/resources/train_model_lakehouse.py
[2026-06-03T14:20:57.445+0000] {spark_submit.py:634} INFO - name                    arrow-spark
[2026-06-03T14:20:57.445+0000] {spark_submit.py:634} INFO - childArgs               [--model-base s3a://warehouse/artifacts/models]
[2026-06-03T14:20:57.445+0000] {spark_submit.py:634} INFO - jars                    null
[2026-06-03T14:20:57.446+0000] {spark_submit.py:634} INFO - packages                null
[2026-06-03T14:20:57.446+0000] {spark_submit.py:634} INFO - packagesExclusions      null
[2026-06-03T14:20:57.446+0000] {spark_submit.py:634} INFO - repositories            null
[2026-06-03T14:20:57.446+0000] {spark_submit.py:634} INFO - verbose                 true
[2026-06-03T14:20:57.446+0000] {spark_submit.py:634} INFO - 
[2026-06-03T14:20:57.446+0000] {spark_submit.py:634} INFO - Spark properties used, including those specified through
[2026-06-03T14:20:57.446+0000] {spark_submit.py:634} INFO - --conf and those from the properties file null:
[2026-06-03T14:20:57.447+0000] {spark_submit.py:634} INFO - (spark.hadoop.fs.s3a.access.key,*********(redacted))
[2026-06-03T14:20:57.447+0000] {spark_submit.py:634} INFO - (spark.hadoop.fs.s3a.connection.ssl.enabled,false)
[2026-06-03T14:20:57.447+0000] {spark_submit.py:634} INFO - (spark.hadoop.fs.s3a.endpoint,http://minio:9000)
[2026-06-03T14:20:57.447+0000] {spark_submit.py:634} INFO - (spark.hadoop.fs.s3a.path.style.access,true)
[2026-06-03T14:20:57.447+0000] {spark_submit.py:634} INFO - (spark.hadoop.fs.s3a.secret.key,*********(redacted))
[2026-06-03T14:20:57.447+0000] {spark_submit.py:634} INFO - (spark.sql.catalog.lakehouse,org.apache.iceberg.spark.SparkCatalog)
[2026-06-03T14:20:57.447+0000] {spark_submit.py:634} INFO - (spark.sql.catalog.lakehouse.client.region,eu-south-2)
[2026-06-03T14:20:57.447+0000] {spark_submit.py:634} INFO - (spark.sql.catalog.lakehouse.io-impl,org.apache.iceberg.aws.s3.S3FileIO)
[2026-06-03T14:20:57.448+0000] {spark_submit.py:634} INFO - (spark.sql.catalog.lakehouse.s3.access-key-id,admin)
[2026-06-03T14:20:57.448+0000] {spark_submit.py:634} INFO - (spark.sql.catalog.lakehouse.s3.endpoint,http://minio:9000)
[2026-06-03T14:20:57.448+0000] {spark_submit.py:634} INFO - (spark.sql.catalog.lakehouse.s3.path-style-access,true)
[2026-06-03T14:20:57.448+0000] {spark_submit.py:634} INFO - (spark.sql.catalog.lakehouse.s3.secret-access-key,*********(redacted))
[2026-06-03T14:20:57.448+0000] {spark_submit.py:634} INFO - (spark.sql.catalog.lakehouse.type,rest)
[2026-06-03T14:20:57.448+0000] {spark_submit.py:634} INFO - (spark.sql.catalog.lakehouse.uri,http://iceberg-rest:8181)
[2026-06-03T14:20:57.448+0000] {spark_submit.py:634} INFO - (spark.sql.catalog.lakehouse.warehouse,s3://warehouse/)
[2026-06-03T14:20:57.448+0000] {spark_submit.py:634} INFO - (spark.sql.defaultCatalog,lakehouse)
[2026-06-03T14:20:57.449+0000] {spark_submit.py:634} INFO - (spark.sql.extensions,org.apache.iceberg.spark.extensions.IcebergSparkSessionExtensions)
[2026-06-03T14:20:57.449+0000] {spark_submit.py:634} INFO - 
[2026-06-03T14:20:57.449+0000] {spark_submit.py:634} INFO - 
[2026-06-03T14:20:57.718+0000] {spark_submit.py:634} INFO - Main class:
[2026-06-03T14:20:57.718+0000] {spark_submit.py:634} INFO - org.apache.spark.deploy.PythonRunner
[2026-06-03T14:20:57.718+0000] {spark_submit.py:634} INFO - Arguments:
[2026-06-03T14:20:57.719+0000] {spark_submit.py:634} INFO - file:/workspace/resources/train_model_lakehouse.py
[2026-06-03T14:20:57.719+0000] {spark_submit.py:634} INFO - null
[2026-06-03T14:20:57.719+0000] {spark_submit.py:634} INFO - --model-base
[2026-06-03T14:20:57.719+0000] {spark_submit.py:634} INFO - s3a://warehouse/artifacts/models
[2026-06-03T14:20:57.721+0000] {spark_submit.py:634} INFO - Spark config:
[2026-06-03T14:20:57.721+0000] {spark_submit.py:634} INFO - (spark.app.name,arrow-spark)
[2026-06-03T14:20:57.721+0000] {spark_submit.py:634} INFO - (spark.app.submitTime,1780496457702)
[2026-06-03T14:20:57.721+0000] {spark_submit.py:634} INFO - (spark.hadoop.fs.s3a.access.key,*********(redacted))
[2026-06-03T14:20:57.722+0000] {spark_submit.py:634} INFO - (spark.hadoop.fs.s3a.connection.ssl.enabled,false)
[2026-06-03T14:20:57.722+0000] {spark_submit.py:634} INFO - (spark.hadoop.fs.s3a.endpoint,http://minio:9000)
[2026-06-03T14:20:57.722+0000] {spark_submit.py:634} INFO - (spark.hadoop.fs.s3a.path.style.access,true)
[2026-06-03T14:20:57.722+0000] {spark_submit.py:634} INFO - (spark.hadoop.fs.s3a.secret.key,*********(redacted))
[2026-06-03T14:20:57.723+0000] {spark_submit.py:634} INFO - (spark.master,spark-master:7077)
[2026-06-03T14:20:57.723+0000] {spark_submit.py:634} INFO - (spark.sql.catalog.lakehouse,org.apache.iceberg.spark.SparkCatalog)
[2026-06-03T14:20:57.723+0000] {spark_submit.py:634} INFO - (spark.sql.catalog.lakehouse.client.region,eu-south-2)
[2026-06-03T14:20:57.723+0000] {spark_submit.py:634} INFO - (spark.sql.catalog.lakehouse.io-impl,org.apache.iceberg.aws.s3.S3FileIO)
[2026-06-03T14:20:57.724+0000] {spark_submit.py:634} INFO - (spark.sql.catalog.lakehouse.s3.access-key-id,admin)
[2026-06-03T14:20:57.724+0000] {spark_submit.py:634} INFO - (spark.sql.catalog.lakehouse.s3.endpoint,http://minio:9000)
[2026-06-03T14:20:57.724+0000] {spark_submit.py:634} INFO - (spark.sql.catalog.lakehouse.s3.path-style-access,true)
[2026-06-03T14:20:57.724+0000] {spark_submit.py:634} INFO - (spark.sql.catalog.lakehouse.s3.secret-access-key,*********(redacted))
[2026-06-03T14:20:57.725+0000] {spark_submit.py:634} INFO - (spark.sql.catalog.lakehouse.type,rest)
[2026-06-03T14:20:57.725+0000] {spark_submit.py:634} INFO - (spark.sql.catalog.lakehouse.uri,http://iceberg-rest:8181)
[2026-06-03T14:20:57.725+0000] {spark_submit.py:634} INFO - (spark.sql.catalog.lakehouse.warehouse,s3://warehouse/)
[2026-06-03T14:20:57.725+0000] {spark_submit.py:634} INFO - (spark.sql.defaultCatalog,lakehouse)
[2026-06-03T14:20:57.726+0000] {spark_submit.py:634} INFO - (spark.sql.extensions,org.apache.iceberg.spark.extensions.IcebergSparkSessionExtensions)
[2026-06-03T14:20:57.726+0000] {spark_submit.py:634} INFO - (spark.submit.deployMode,client)
[2026-06-03T14:20:57.726+0000] {spark_submit.py:634} INFO - (spark.submit.pyFiles,)
[2026-06-03T14:20:57.726+0000] {spark_submit.py:634} INFO - Classpath elements:
[2026-06-03T14:20:57.727+0000] {spark_submit.py:634} INFO - 
[2026-06-03T14:20:57.727+0000] {spark_submit.py:634} INFO - 
[2026-06-03T14:20:57.727+0000] {spark_submit.py:634} INFO - 
[2026-06-03T14:21:01.778+0000] {spark_submit.py:634} INFO - 26/06/03 14:21:01 INFO SparkContext: Running Spark version 3.5.3
[2026-06-03T14:21:01.780+0000] {spark_submit.py:634} INFO - 26/06/03 14:21:01 INFO SparkContext: OS info Linux, 6.17.0-35-generic, amd64
[2026-06-03T14:21:01.781+0000] {spark_submit.py:634} INFO - 26/06/03 14:21:01 INFO SparkContext: Java version 17.0.19
[2026-06-03T14:21:01.843+0000] {spark_submit.py:634} INFO - 26/06/03 14:21:01 WARN NativeCodeLoader: Unable to load native-hadoop library for your platform... using builtin-java classes where applicable
[2026-06-03T14:21:01.941+0000] {spark_submit.py:634} INFO - 26/06/03 14:21:01 INFO ResourceUtils: ==============================================================
[2026-06-03T14:21:01.942+0000] {spark_submit.py:634} INFO - 26/06/03 14:21:01 INFO ResourceUtils: No custom resources configured for spark.driver.
[2026-06-03T14:21:01.942+0000] {spark_submit.py:634} INFO - 26/06/03 14:21:01 INFO ResourceUtils: ==============================================================
[2026-06-03T14:21:01.943+0000] {spark_submit.py:634} INFO - 26/06/03 14:21:01 INFO SparkContext: Submitted application: train_model_lakehouse
[2026-06-03T14:21:01.965+0000] {spark_submit.py:634} INFO - 26/06/03 14:21:01 INFO ResourceProfile: Default ResourceProfile created, executor resources: Map(cores -> name: cores, amount: 1, script: , vendor: , memory -> name: memory, amount: 1024, script: , vendor: , offHeap -> name: offHeap, amount: 0, script: , vendor: ), task resources: Map(cpus -> name: cpus, amount: 1.0)
[2026-06-03T14:21:01.974+0000] {spark_submit.py:634} INFO - 26/06/03 14:21:01 INFO ResourceProfile: Limiting resource is cpu
[2026-06-03T14:21:01.975+0000] {spark_submit.py:634} INFO - 26/06/03 14:21:01 INFO ResourceProfileManager: Added ResourceProfile id: 0
[2026-06-03T14:21:02.051+0000] {spark_submit.py:634} INFO - 26/06/03 14:21:02 INFO SecurityManager: Changing view acls to: ***
[2026-06-03T14:21:02.051+0000] {spark_submit.py:634} INFO - 26/06/03 14:21:02 INFO SecurityManager: Changing modify acls to: ***
[2026-06-03T14:21:02.052+0000] {spark_submit.py:634} INFO - 26/06/03 14:21:02 INFO SecurityManager: Changing view acls groups to:
[2026-06-03T14:21:02.053+0000] {spark_submit.py:634} INFO - 26/06/03 14:21:02 INFO SecurityManager: Changing modify acls groups to:
[2026-06-03T14:21:02.053+0000] {spark_submit.py:634} INFO - 26/06/03 14:21:02 INFO SecurityManager: SecurityManager: authentication disabled; ui acls disabled; users with view permissions: ***; groups with view permissions: EMPTY; users with modify permissions: ***; groups with modify permissions: EMPTY
[2026-06-03T14:21:02.330+0000] {spark_submit.py:634} INFO - 26/06/03 14:21:02 INFO Utils: Successfully started service 'sparkDriver' on port 34593.
[2026-06-03T14:21:02.361+0000] {spark_submit.py:634} INFO - 26/06/03 14:21:02 INFO SparkEnv: Registering MapOutputTracker
[2026-06-03T14:21:02.404+0000] {spark_submit.py:634} INFO - 26/06/03 14:21:02 INFO SparkEnv: Registering BlockManagerMaster
[2026-06-03T14:21:02.424+0000] {spark_submit.py:634} INFO - 26/06/03 14:21:02 INFO BlockManagerMasterEndpoint: Using org.apache.spark.storage.DefaultTopologyMapper for getting topology information
[2026-06-03T14:21:02.424+0000] {spark_submit.py:634} INFO - 26/06/03 14:21:02 INFO BlockManagerMasterEndpoint: BlockManagerMasterEndpoint up
[2026-06-03T14:21:02.430+0000] {spark_submit.py:634} INFO - 26/06/03 14:21:02 INFO SparkEnv: Registering BlockManagerMasterHeartbeat
[2026-06-03T14:21:02.462+0000] {spark_submit.py:634} INFO - 26/06/03 14:21:02 INFO DiskBlockManager: Created local directory at /tmp/blockmgr-f9618012-7c2e-4e88-954a-b1743bf0f366
[2026-06-03T14:21:02.483+0000] {spark_submit.py:634} INFO - 26/06/03 14:21:02 INFO MemoryStore: MemoryStore started with capacity 434.4 MiB
[2026-06-03T14:21:02.508+0000] {spark_submit.py:634} INFO - 26/06/03 14:21:02 INFO SparkEnv: Registering OutputCommitCoordinator
[2026-06-03T14:21:02.666+0000] {spark_submit.py:634} INFO - 26/06/03 14:21:02 INFO JettyUtils: Start Jetty 0.0.0.0:4040 for SparkUI
[2026-06-03T14:21:02.738+0000] {spark_submit.py:634} INFO - 26/06/03 14:21:02 INFO Utils: Successfully started service 'SparkUI' on port 4040.
[2026-06-03T14:21:02.793+0000] {spark_submit.py:634} INFO - 26/06/03 14:21:02 ERROR SparkContext: Error initializing SparkContext.
[2026-06-03T14:21:02.793+0000] {spark_submit.py:634} INFO - org.apache.spark.SparkException: Could not parse Master URL: 'spark-master:7077'
[2026-06-03T14:21:02.793+0000] {spark_submit.py:634} INFO - at org.apache.spark.SparkContext$.org$apache$spark$SparkContext$$createTaskScheduler(SparkContext.scala:3194)
[2026-06-03T14:21:02.794+0000] {spark_submit.py:634} INFO - at org.apache.spark.SparkContext.<init>(SparkContext.scala:577)
[2026-06-03T14:21:02.794+0000] {spark_submit.py:634} INFO - at org.apache.spark.api.java.JavaSparkContext.<init>(JavaSparkContext.scala:58)
[2026-06-03T14:21:02.794+0000] {spark_submit.py:634} INFO - at java.base/jdk.internal.reflect.NativeConstructorAccessorImpl.newInstance0(Native Method)
[2026-06-03T14:21:02.794+0000] {spark_submit.py:634} INFO - at java.base/jdk.internal.reflect.NativeConstructorAccessorImpl.newInstance(NativeConstructorAccessorImpl.java:77)
[2026-06-03T14:21:02.795+0000] {spark_submit.py:634} INFO - at java.base/jdk.internal.reflect.DelegatingConstructorAccessorImpl.newInstance(DelegatingConstructorAccessorImpl.java:45)
[2026-06-03T14:21:02.795+0000] {spark_submit.py:634} INFO - at java.base/java.lang.reflect.Constructor.newInstanceWithCaller(Constructor.java:500)
[2026-06-03T14:21:02.795+0000] {spark_submit.py:634} INFO - at java.base/java.lang.reflect.Constructor.newInstance(Constructor.java:481)
[2026-06-03T14:21:02.795+0000] {spark_submit.py:634} INFO - at py4j.reflection.MethodInvoker.invoke(MethodInvoker.java:247)
[2026-06-03T14:21:02.796+0000] {spark_submit.py:634} INFO - at py4j.reflection.ReflectionEngine.invoke(ReflectionEngine.java:374)
[2026-06-03T14:21:02.796+0000] {spark_submit.py:634} INFO - at py4j.Gateway.invoke(Gateway.java:238)
[2026-06-03T14:21:02.796+0000] {spark_submit.py:634} INFO - at py4j.commands.ConstructorCommand.invokeConstructor(ConstructorCommand.java:80)
[2026-06-03T14:21:02.796+0000] {spark_submit.py:634} INFO - at py4j.commands.ConstructorCommand.execute(ConstructorCommand.java:69)
[2026-06-03T14:21:02.797+0000] {spark_submit.py:634} INFO - at py4j.ClientServerConnection.waitForCommands(ClientServerConnection.java:182)
[2026-06-03T14:21:02.797+0000] {spark_submit.py:634} INFO - at py4j.ClientServerConnection.run(ClientServerConnection.java:106)
[2026-06-03T14:21:02.797+0000] {spark_submit.py:634} INFO - at java.base/java.lang.Thread.run(Thread.java:840)
[2026-06-03T14:21:02.798+0000] {spark_submit.py:634} INFO - 26/06/03 14:21:02 INFO SparkContext: SparkContext is stopping with exitCode 0.
[2026-06-03T14:21:02.806+0000] {spark_submit.py:634} INFO - 26/06/03 14:21:02 INFO SparkUI: Stopped Spark web UI at http://195f259f8b67:4040
[2026-06-03T14:21:02.841+0000] {spark_submit.py:634} INFO - 26/06/03 14:21:02 INFO MapOutputTrackerMasterEndpoint: MapOutputTrackerMasterEndpoint stopped!
[2026-06-03T14:21:02.855+0000] {spark_submit.py:634} INFO - 26/06/03 14:21:02 INFO MemoryStore: MemoryStore cleared
[2026-06-03T14:21:02.856+0000] {spark_submit.py:634} INFO - 26/06/03 14:21:02 INFO BlockManager: BlockManager stopped
[2026-06-03T14:21:02.863+0000] {spark_submit.py:634} INFO - 26/06/03 14:21:02 INFO BlockManagerMaster: BlockManagerMaster stopped
[2026-06-03T14:21:02.863+0000] {spark_submit.py:634} INFO - 26/06/03 14:21:02 WARN MetricsSystem: Stopping a MetricsSystem that is not running
[2026-06-03T14:21:02.867+0000] {spark_submit.py:634} INFO - 26/06/03 14:21:02 INFO OutputCommitCoordinator$OutputCommitCoordinatorEndpoint: OutputCommitCoordinator stopped!
[2026-06-03T14:21:02.876+0000] {spark_submit.py:634} INFO - 26/06/03 14:21:02 INFO SparkContext: Successfully stopped SparkContext
[2026-06-03T14:21:02.876+0000] {spark_submit.py:634} INFO - Traceback (most recent call last):
[2026-06-03T14:21:02.876+0000] {spark_submit.py:634} INFO - File "/workspace/resources/train_model_lakehouse.py", line 127, in <module>
[2026-06-03T14:21:02.877+0000] {spark_submit.py:634} INFO - main()
[2026-06-03T14:21:02.877+0000] {spark_submit.py:634} INFO - File "/workspace/resources/train_model_lakehouse.py", line 40, in main
[2026-06-03T14:21:02.877+0000] {spark_submit.py:634} INFO - spark = build_spark()
[2026-06-03T14:21:02.877+0000] {spark_submit.py:634} INFO - ^^^^^^^^^^^^^
[2026-06-03T14:21:02.878+0000] {spark_submit.py:634} INFO - File "/workspace/resources/train_model_lakehouse.py", line 32, in build_spark
[2026-06-03T14:21:02.878+0000] {spark_submit.py:634} INFO - .getOrCreate()
[2026-06-03T14:21:02.878+0000] {spark_submit.py:634} INFO - ^^^^^^^^^^^^^
[2026-06-03T14:21:02.878+0000] {spark_submit.py:634} INFO - File "/home/***/.local/lib/python3.11/site-packages/pyspark/python/lib/pyspark.zip/pyspark/sql/session.py", line 497, in getOrCreate
[2026-06-03T14:21:02.878+0000] {spark_submit.py:634} INFO - File "/home/***/.local/lib/python3.11/site-packages/pyspark/python/lib/pyspark.zip/pyspark/context.py", line 515, in getOrCreate
[2026-06-03T14:21:02.879+0000] {spark_submit.py:634} INFO - File "/home/***/.local/lib/python3.11/site-packages/pyspark/python/lib/pyspark.zip/pyspark/context.py", line 203, in __init__
[2026-06-03T14:21:02.879+0000] {spark_submit.py:634} INFO - File "/home/***/.local/lib/python3.11/site-packages/pyspark/python/lib/pyspark.zip/pyspark/context.py", line 296, in _do_init
[2026-06-03T14:21:02.879+0000] {spark_submit.py:634} INFO - File "/home/***/.local/lib/python3.11/site-packages/pyspark/python/lib/pyspark.zip/pyspark/context.py", line 421, in _initialize_context
[2026-06-03T14:21:02.879+0000] {spark_submit.py:634} INFO - File "/home/***/.local/lib/python3.11/site-packages/pyspark/python/lib/py4j-0.10.9.7-src.zip/py4j/java_gateway.py", line 1587, in __call__
[2026-06-03T14:21:02.880+0000] {spark_submit.py:634} INFO - File "/home/***/.local/lib/python3.11/site-packages/pyspark/python/lib/py4j-0.10.9.7-src.zip/py4j/protocol.py", line 326, in get_return_value
[2026-06-03T14:21:02.880+0000] {spark_submit.py:634} INFO - py4j.protocol.Py4JJavaError: An error occurred while calling None.org.apache.spark.api.java.JavaSparkContext.
[2026-06-03T14:21:02.880+0000] {spark_submit.py:634} INFO - : org.apache.spark.SparkException: Could not parse Master URL: 'spark-master:7077'
[2026-06-03T14:21:02.880+0000] {spark_submit.py:634} INFO - at org.apache.spark.SparkContext$.org$apache$spark$SparkContext$$createTaskScheduler(SparkContext.scala:3194)
[2026-06-03T14:21:02.881+0000] {spark_submit.py:634} INFO - at org.apache.spark.SparkContext.<init>(SparkContext.scala:577)
[2026-06-03T14:21:02.881+0000] {spark_submit.py:634} INFO - at org.apache.spark.api.java.JavaSparkContext.<init>(JavaSparkContext.scala:58)
[2026-06-03T14:21:02.881+0000] {spark_submit.py:634} INFO - at java.base/jdk.internal.reflect.NativeConstructorAccessorImpl.newInstance0(Native Method)
[2026-06-03T14:21:02.881+0000] {spark_submit.py:634} INFO - at java.base/jdk.internal.reflect.NativeConstructorAccessorImpl.newInstance(NativeConstructorAccessorImpl.java:77)
[2026-06-03T14:21:02.881+0000] {spark_submit.py:634} INFO - at java.base/jdk.internal.reflect.DelegatingConstructorAccessorImpl.newInstance(DelegatingConstructorAccessorImpl.java:45)
[2026-06-03T14:21:02.882+0000] {spark_submit.py:634} INFO - at java.base/java.lang.reflect.Constructor.newInstanceWithCaller(Constructor.java:500)
[2026-06-03T14:21:02.882+0000] {spark_submit.py:634} INFO - at java.base/java.lang.reflect.Constructor.newInstance(Constructor.java:481)
[2026-06-03T14:21:02.882+0000] {spark_submit.py:634} INFO - at py4j.reflection.MethodInvoker.invoke(MethodInvoker.java:247)
[2026-06-03T14:21:02.882+0000] {spark_submit.py:634} INFO - at py4j.reflection.ReflectionEngine.invoke(ReflectionEngine.java:374)
[2026-06-03T14:21:02.883+0000] {spark_submit.py:634} INFO - at py4j.Gateway.invoke(Gateway.java:238)
[2026-06-03T14:21:02.883+0000] {spark_submit.py:634} INFO - at py4j.commands.ConstructorCommand.invokeConstructor(ConstructorCommand.java:80)
[2026-06-03T14:21:02.883+0000] {spark_submit.py:634} INFO - at py4j.commands.ConstructorCommand.execute(ConstructorCommand.java:69)
[2026-06-03T14:21:02.883+0000] {spark_submit.py:634} INFO - at py4j.ClientServerConnection.waitForCommands(ClientServerConnection.java:182)
[2026-06-03T14:21:02.884+0000] {spark_submit.py:634} INFO - at py4j.ClientServerConnection.run(ClientServerConnection.java:106)
[2026-06-03T14:21:02.884+0000] {spark_submit.py:634} INFO - at java.base/java.lang.Thread.run(Thread.java:840)
[2026-06-03T14:21:02.884+0000] {spark_submit.py:634} INFO - 
[2026-06-03T14:21:03.210+0000] {spark_submit.py:634} INFO - 26/06/03 14:21:03 INFO ShutdownHookManager: Shutdown hook called
[2026-06-03T14:21:03.210+0000] {spark_submit.py:634} INFO - 26/06/03 14:21:03 INFO ShutdownHookManager: Deleting directory /tmp/spark-1448bace-db6e-4e62-8355-6b2270258a87
[2026-06-03T14:21:03.216+0000] {spark_submit.py:634} INFO - 26/06/03 14:21:03 INFO ShutdownHookManager: Deleting directory /tmp/spark-9c5c6f8e-5361-4d27-9e0a-99ba4b88fd06
[2026-06-03T14:21:03.270+0000] {taskinstance.py:3311} ERROR - Task failed with exception
Traceback (most recent call last):
  File "/home/airflow/.local/lib/python3.11/site-packages/airflow/models/taskinstance.py", line 767, in _execute_task
    result = _execute_callable(context=context, **execute_callable_kwargs)
             ^^^^^^^^^^^^^^^^^^^^^^^^^^^^^^^^^^^^^^^^^^^^^^^^^^^^^^^^^^^^^
  File "/home/airflow/.local/lib/python3.11/site-packages/airflow/models/taskinstance.py", line 733, in _execute_callable
    return ExecutionCallableRunner(
           ^^^^^^^^^^^^^^^^^^^^^^^^
  File "/home/airflow/.local/lib/python3.11/site-packages/airflow/utils/operator_helpers.py", line 252, in run
    return self.func(*args, **kwargs)
           ^^^^^^^^^^^^^^^^^^^^^^^^^^
  File "/home/airflow/.local/lib/python3.11/site-packages/airflow/models/baseoperator.py", line 422, in wrapper
    return func(self, *args, **kwargs)
           ^^^^^^^^^^^^^^^^^^^^^^^^^^^
  File "/home/airflow/.local/lib/python3.11/site-packages/airflow/providers/apache/spark/operators/spark_submit.py", line 176, in execute
    self._hook.submit(self.application)
  File "/home/airflow/.local/lib/python3.11/site-packages/airflow/providers/apache/spark/hooks/spark_submit.py", line 560, in submit
    raise AirflowException(
airflow.exceptions.AirflowException: Cannot execute: spark-submit --master spark-master:7077 --conf spark.sql.extensions=org.apache.iceberg.spark.extensions.IcebergSparkSessionExtensions --conf spark.sql.catalog.lakehouse=org.apache.iceberg.spark.SparkCatalog --conf spark.sql.catalog.lakehouse.type=rest --conf spark.sql.catalog.lakehouse.uri=http://iceberg-rest:8181 --conf spark.sql.catalog.lakehouse.warehouse=s3://warehouse/ --conf spark.sql.catalog.lakehouse.io-impl=org.apache.iceberg.aws.s3.S3FileIO --conf spark.sql.catalog.lakehouse.client.region=eu-south-2 --conf spark.sql.catalog.lakehouse.s3.endpoint=http://minio:9000 --conf spark.sql.catalog.lakehouse.s3.access-key-id=admin --conf spark.sql.catalog.lakehouse.s3.secret-access-key=****** --conf spark.sql.catalog.lakehouse.s3.path-style-access=true --conf spark.sql.defaultCatalog=lakehouse --conf spark.hadoop.fs.s3a.endpoint=http://minio:9000 --conf spark.hadoop.fs.s3a.access.key=admin --conf spark.hadoop.fs.s3a.secret.key=****** --conf spark.hadoop.fs.s3a.path.style.access=true --conf spark.hadoop.fs.s3a.connection.ssl.enabled=false --name arrow-spark --verbose --deploy-mode client /workspace/resources/train_model_lakehouse.py --model-base s3a://warehouse/artifacts/models. Error code is: 1.
[2026-06-03T14:21:03.276+0000] {taskinstance.py:1225} INFO - Marking task as FAILED. dag_id=train_model_lakehouse, task_id=train_model, run_id=manual__2026-06-03T14:20:55.295167+00:00, execution_date=20260603T142055, start_date=20260603T142055, end_date=20260603T142103
[2026-06-03T14:21:03.289+0000] {taskinstance.py:340} INFO - ::group::Post task execution logs
[2026-06-03T14:21:03.289+0000] {standard_task_runner.py:124} ERROR - Failed to execute job 20 for task train_model (Cannot execute: spark-submit --master spark-master:7077 --conf spark.sql.extensions=org.apache.iceberg.spark.extensions.IcebergSparkSessionExtensions --conf spark.sql.catalog.lakehouse=org.apache.iceberg.spark.SparkCatalog --conf spark.sql.catalog.lakehouse.type=rest --conf spark.sql.catalog.lakehouse.uri=http://iceberg-rest:8181 --conf spark.sql.catalog.lakehouse.warehouse=s3://warehouse/ --conf spark.sql.catalog.lakehouse.io-impl=org.apache.iceberg.aws.s3.S3FileIO --conf spark.sql.catalog.lakehouse.client.region=eu-south-2 --conf spark.sql.catalog.lakehouse.s3.endpoint=http://minio:9000 --conf spark.sql.catalog.lakehouse.s3.access-key-id=admin --conf spark.sql.catalog.lakehouse.s3.secret-access-key=****** --conf spark.sql.catalog.lakehouse.s3.path-style-access=true --conf spark.sql.defaultCatalog=lakehouse --conf spark.hadoop.fs.s3a.endpoint=http://minio:9000 --conf spark.hadoop.fs.s3a.access.key=admin --conf spark.hadoop.fs.s3a.secret.key=****** --conf spark.hadoop.fs.s3a.path.style.access=true --conf spark.hadoop.fs.s3a.connection.ssl.enabled=false --name arrow-spark --verbose --deploy-mode client /workspace/resources/train_model_lakehouse.py --model-base s3a://warehouse/artifacts/models. Error code is: 1.; 399)
Traceback (most recent call last):
  File "/home/airflow/.local/lib/python3.11/site-packages/airflow/task/task_runner/standard_task_runner.py", line 117, in _start_by_fork
    ret = args.func(args, dag=self.dag)
          ^^^^^^^^^^^^^^^^^^^^^^^^^^^^^
  File "/home/airflow/.local/lib/python3.11/site-packages/airflow/cli/cli_config.py", line 49, in command
    return func(*args, **kwargs)
           ^^^^^^^^^^^^^^^^^^^^^
  File "/home/airflow/.local/lib/python3.11/site-packages/airflow/utils/cli.py", line 116, in wrapper
    return f(*args, **kwargs)
           ^^^^^^^^^^^^^^^^^^
  File "/home/airflow/.local/lib/python3.11/site-packages/airflow/cli/commands/task_command.py", line 483, in task_run
    task_return_code = _run_task_by_selected_method(args, _dag, ti)
                       ^^^^^^^^^^^^^^^^^^^^^^^^^^^^^^^^^^^^^^^^^^^^
  File "/home/airflow/.local/lib/python3.11/site-packages/airflow/cli/commands/task_command.py", line 256, in _run_task_by_selected_method
    return _run_raw_task(args, ti)
           ^^^^^^^^^^^^^^^^^^^^^^^
  File "/home/airflow/.local/lib/python3.11/site-packages/airflow/cli/commands/task_command.py", line 341, in _run_raw_task
    return ti._run_raw_task(
           ^^^^^^^^^^^^^^^^^
  File "/home/airflow/.local/lib/python3.11/site-packages/airflow/utils/session.py", line 97, in wrapper
    return func(*args, session=session, **kwargs)
           ^^^^^^^^^^^^^^^^^^^^^^^^^^^^^^^^^^^^^^
  File "/home/airflow/.local/lib/python3.11/site-packages/airflow/models/taskinstance.py", line 3005, in _run_raw_task
    return _run_raw_task(
           ^^^^^^^^^^^^^^
  File "/home/airflow/.local/lib/python3.11/site-packages/airflow/models/taskinstance.py", line 273, in _run_raw_task
    TaskInstance._execute_task_with_callbacks(
  File "/home/airflow/.local/lib/python3.11/site-packages/airflow/models/taskinstance.py", line 3159, in _execute_task_with_callbacks
    result = self._execute_task(context, task_orig)
             ^^^^^^^^^^^^^^^^^^^^^^^^^^^^^^^^^^^^^^
  File "/home/airflow/.local/lib/python3.11/site-packages/airflow/models/taskinstance.py", line 3183, in _execute_task
    return _execute_task(self, context, task_orig)
           ^^^^^^^^^^^^^^^^^^^^^^^^^^^^^^^^^^^^^^^
  File "/home/airflow/.local/lib/python3.11/site-packages/airflow/models/taskinstance.py", line 767, in _execute_task
    result = _execute_callable(context=context, **execute_callable_kwargs)
             ^^^^^^^^^^^^^^^^^^^^^^^^^^^^^^^^^^^^^^^^^^^^^^^^^^^^^^^^^^^^^
  File "/home/airflow/.local/lib/python3.11/site-packages/airflow/models/taskinstance.py", line 733, in _execute_callable
    return ExecutionCallableRunner(
           ^^^^^^^^^^^^^^^^^^^^^^^^
  File "/home/airflow/.local/lib/python3.11/site-packages/airflow/utils/operator_helpers.py", line 252, in run
    return self.func(*args, **kwargs)
           ^^^^^^^^^^^^^^^^^^^^^^^^^^
  File "/home/airflow/.local/lib/python3.11/site-packages/airflow/models/baseoperator.py", line 422, in wrapper
    return func(self, *args, **kwargs)
           ^^^^^^^^^^^^^^^^^^^^^^^^^^^
  File "/home/airflow/.local/lib/python3.11/site-packages/airflow/providers/apache/spark/operators/spark_submit.py", line 176, in execute
    self._hook.submit(self.application)
  File "/home/airflow/.local/lib/python3.11/site-packages/airflow/providers/apache/spark/hooks/spark_submit.py", line 560, in submit
    raise AirflowException(
airflow.exceptions.AirflowException: Cannot execute: spark-submit --master spark-master:7077 --conf spark.sql.extensions=org.apache.iceberg.spark.extensions.IcebergSparkSessionExtensions --conf spark.sql.catalog.lakehouse=org.apache.iceberg.spark.SparkCatalog --conf spark.sql.catalog.lakehouse.type=rest --conf spark.sql.catalog.lakehouse.uri=http://iceberg-rest:8181 --conf spark.sql.catalog.lakehouse.warehouse=s3://warehouse/ --conf spark.sql.catalog.lakehouse.io-impl=org.apache.iceberg.aws.s3.S3FileIO --conf spark.sql.catalog.lakehouse.client.region=eu-south-2 --conf spark.sql.catalog.lakehouse.s3.endpoint=http://minio:9000 --conf spark.sql.catalog.lakehouse.s3.access-key-id=admin --conf spark.sql.catalog.lakehouse.s3.secret-access-key=****** --conf spark.sql.catalog.lakehouse.s3.path-style-access=true --conf spark.sql.defaultCatalog=lakehouse --conf spark.hadoop.fs.s3a.endpoint=http://minio:9000 --conf spark.hadoop.fs.s3a.access.key=admin --conf spark.hadoop.fs.s3a.secret.key=****** --conf spark.hadoop.fs.s3a.path.style.access=true --conf spark.hadoop.fs.s3a.connection.ssl.enabled=false --name arrow-spark --verbose --deploy-mode client /workspace/resources/train_model_lakehouse.py --model-base s3a://warehouse/artifacts/models. Error code is: 1.
[2026-06-03T14:21:03.326+0000] {local_task_job_runner.py:266} INFO - Task exited with return code 1
[2026-06-03T14:21:03.349+0000] {taskinstance.py:3895} INFO - 0 downstream tasks scheduled from follow-on schedule check
[2026-06-03T14:21:03.368+0000] {local_task_job_runner.py:245} INFO - ::endgroup::
