[2026-06-03T15:39:13.334+0000] {local_task_job_runner.py:123} INFO - ::group::Pre task execution logs
[2026-06-03T15:39:13.357+0000] {taskinstance.py:2613} INFO - Dependencies all met for dep_context=non-requeueable deps ti=<TaskInstance: train_model_lakehouse.train_model manual__2026-06-03T15:39:12.363804+00:00 [queued]>
[2026-06-03T15:39:13.365+0000] {taskinstance.py:2613} INFO - Dependencies all met for dep_context=requeueable deps ti=<TaskInstance: train_model_lakehouse.train_model manual__2026-06-03T15:39:12.363804+00:00 [queued]>
[2026-06-03T15:39:13.365+0000] {taskinstance.py:2866} INFO - Starting attempt 1 of 1
[2026-06-03T15:39:13.380+0000] {taskinstance.py:2889} INFO - Executing <Task(SparkSubmitOperator): train_model> on 2026-06-03 15:39:12.363804+00:00
[2026-06-03T15:39:13.386+0000] {standard_task_runner.py:72} INFO - Started process 677 to run task
[2026-06-03T15:39:13.390+0000] {standard_task_runner.py:104} INFO - Running: ['***', 'tasks', 'run', 'train_model_lakehouse', 'train_model', 'manual__2026-06-03T15:39:12.363804+00:00', '--job-id', '30', '--raw', '--subdir', 'DAGS_FOLDER/train_model_lakehouse_dag.py', '--cfg-path', '/tmp/tmpd0a1knb3']
[2026-06-03T15:39:13.392+0000] {standard_task_runner.py:105} INFO - Job 30: Subtask train_model
[2026-06-03T15:39:13.475+0000] {task_command.py:467} INFO - Running <TaskInstance: train_model_lakehouse.train_model manual__2026-06-03T15:39:12.363804+00:00 [running]> on host 70b1be1cb349
[2026-06-03T15:39:13.584+0000] {taskinstance.py:3132} INFO - Exporting env vars: AIRFLOW_CTX_DAG_OWNER='***' AIRFLOW_CTX_DAG_ID='train_model_lakehouse' AIRFLOW_CTX_TASK_ID='train_model' AIRFLOW_CTX_EXECUTION_DATE='2026-06-03T15:39:12.363804+00:00' AIRFLOW_CTX_TRY_NUMBER='1' AIRFLOW_CTX_DAG_RUN_ID='manual__2026-06-03T15:39:12.363804+00:00'
[2026-06-03T15:39:13.584+0000] {taskinstance.py:731} INFO - ::endgroup::
[2026-06-03T15:39:13.629+0000] {base.py:84} INFO - Retrieving connection 'spark_default'
[2026-06-03T15:39:13.632+0000] {spark_submit.py:473} INFO - Spark-Submit cmd: spark-submit --master spark://spark-master:7077 --conf spark.sql.extensions=org.apache.iceberg.spark.extensions.IcebergSparkSessionExtensions --conf spark.sql.catalog.lakehouse=org.apache.iceberg.spark.SparkCatalog --conf spark.sql.catalog.lakehouse.type=rest --conf spark.sql.catalog.lakehouse.uri=http://iceberg-rest:8181 --conf spark.sql.catalog.lakehouse.warehouse=s3://warehouse/ --conf spark.sql.catalog.lakehouse.io-impl=org.apache.iceberg.aws.s3.S3FileIO --conf spark.sql.catalog.lakehouse.client.region=eu-south-2 --conf spark.sql.defaultCatalog=lakehouse --packages org.apache.iceberg:iceberg-spark-runtime-4.1_2.13:1.11.0,org.apache.iceberg:iceberg-aws-bundle:1.11.0,software.amazon.awssdk:bundle:2.29.52,software.amazon.awssdk:url-connection-client:2.29.52 --name arrow-spark --verbose --deploy-mode client /workspace/resources/train_model_lakehouse.py --model-base s3a://warehouse/artifacts/models
[2026-06-03T15:39:14.219+0000] {spark_submit.py:634} INFO - WARNING: Using incubator modules: jdk.incubator.vector
[2026-06-03T15:39:15.805+0000] {spark_submit.py:634} INFO - Parsed arguments:
[2026-06-03T15:39:15.806+0000] {spark_submit.py:634} INFO - master                  spark://spark-master:7077
[2026-06-03T15:39:15.806+0000] {spark_submit.py:634} INFO - remote                  null
[2026-06-03T15:39:15.806+0000] {spark_submit.py:634} INFO - deployMode              client
[2026-06-03T15:39:15.806+0000] {spark_submit.py:634} INFO - executorMemory          null
[2026-06-03T15:39:15.806+0000] {spark_submit.py:634} INFO - executorCores           null
[2026-06-03T15:39:15.807+0000] {spark_submit.py:634} INFO - totalExecutorCores      null
[2026-06-03T15:39:15.807+0000] {spark_submit.py:634} INFO - propertiesFile          null
[2026-06-03T15:39:15.807+0000] {spark_submit.py:634} INFO - driverMemory            null
[2026-06-03T15:39:15.807+0000] {spark_submit.py:634} INFO - driverCores             null
[2026-06-03T15:39:15.807+0000] {spark_submit.py:634} INFO - driverExtraClassPath    null
[2026-06-03T15:39:15.808+0000] {spark_submit.py:634} INFO - driverExtraLibraryPath  null
[2026-06-03T15:39:15.808+0000] {spark_submit.py:634} INFO - driverExtraJavaOptions  null
[2026-06-03T15:39:15.808+0000] {spark_submit.py:634} INFO - supervise               false
[2026-06-03T15:39:15.808+0000] {spark_submit.py:634} INFO - queue                   null
[2026-06-03T15:39:15.808+0000] {spark_submit.py:634} INFO - numExecutors            null
[2026-06-03T15:39:15.808+0000] {spark_submit.py:634} INFO - files                   null
[2026-06-03T15:39:15.808+0000] {spark_submit.py:634} INFO - pyFiles                 null
[2026-06-03T15:39:15.809+0000] {spark_submit.py:634} INFO - archives                null
[2026-06-03T15:39:15.809+0000] {spark_submit.py:634} INFO - mainClass               null
[2026-06-03T15:39:15.809+0000] {spark_submit.py:634} INFO - primaryResource         file:/workspace/resources/train_model_lakehouse.py
[2026-06-03T15:39:15.809+0000] {spark_submit.py:634} INFO - name                    arrow-spark
[2026-06-03T15:39:15.809+0000] {spark_submit.py:634} INFO - childArgs               [--model-base s3a://warehouse/artifacts/models]
[2026-06-03T15:39:15.809+0000] {spark_submit.py:634} INFO - jars                    null
[2026-06-03T15:39:15.810+0000] {spark_submit.py:634} INFO - packages                org.apache.iceberg:iceberg-spark-runtime-4.1_2.13:1.11.0,org.apache.iceberg:iceberg-aws-bundle:1.11.0,software.amazon.awssdk:bundle:2.29.52,software.amazon.awssdk:url-connection-client:2.29.52
[2026-06-03T15:39:15.810+0000] {spark_submit.py:634} INFO - packagesExclusions      null
[2026-06-03T15:39:15.810+0000] {spark_submit.py:634} INFO - repositories            null
[2026-06-03T15:39:15.810+0000] {spark_submit.py:634} INFO - verbose                 true
[2026-06-03T15:39:15.810+0000] {spark_submit.py:634} INFO - 
[2026-06-03T15:39:15.810+0000] {spark_submit.py:634} INFO - Spark properties used, including those specified through
[2026-06-03T15:39:15.810+0000] {spark_submit.py:634} INFO - --conf and those from the properties file null:
[2026-06-03T15:39:15.811+0000] {spark_submit.py:634} INFO - (spark.sql.catalog.lakehouse,org.apache.iceberg.spark.SparkCatalog)
[2026-06-03T15:39:15.811+0000] {spark_submit.py:634} INFO - (spark.sql.catalog.lakehouse.client.region,eu-south-2)
[2026-06-03T15:39:15.811+0000] {spark_submit.py:634} INFO - (spark.sql.catalog.lakehouse.io-impl,org.apache.iceberg.aws.s3.S3FileIO)
[2026-06-03T15:39:15.811+0000] {spark_submit.py:634} INFO - (spark.sql.catalog.lakehouse.type,rest)
[2026-06-03T15:39:15.811+0000] {spark_submit.py:634} INFO - (spark.sql.catalog.lakehouse.uri,http://iceberg-rest:8181)
[2026-06-03T15:39:15.812+0000] {spark_submit.py:634} INFO - (spark.sql.catalog.lakehouse.warehouse,s3://warehouse/)
[2026-06-03T15:39:15.812+0000] {spark_submit.py:634} INFO - (spark.sql.defaultCatalog,lakehouse)
[2026-06-03T15:39:15.812+0000] {spark_submit.py:634} INFO - (spark.sql.extensions,org.apache.iceberg.spark.extensions.IcebergSparkSessionExtensions)
[2026-06-03T15:39:15.812+0000] {spark_submit.py:634} INFO - 
[2026-06-03T15:39:15.812+0000] {spark_submit.py:634} INFO - 
[2026-06-03T15:39:15.924+0000] {spark_submit.py:634} INFO - :: loading settings :: url = jar:file:/opt/spark/jars/ivy-2.5.3.jar!/org/apache/ivy/core/settings/ivysettings.xml
[2026-06-03T15:39:16.014+0000] {spark_submit.py:634} INFO - Ivy Default Cache set to: /home/***/.ivy2.5.2/cache
[2026-06-03T15:39:16.014+0000] {spark_submit.py:634} INFO - The jars for the packages stored in: /home/***/.ivy2.5.2/jars
[2026-06-03T15:39:16.019+0000] {spark_submit.py:634} INFO - org.apache.iceberg#iceberg-spark-runtime-4.1_2.13 added as a dependency
[2026-06-03T15:39:16.019+0000] {spark_submit.py:634} INFO - org.apache.iceberg#iceberg-aws-bundle added as a dependency
[2026-06-03T15:39:16.019+0000] {spark_submit.py:634} INFO - software.amazon.awssdk#bundle added as a dependency
[2026-06-03T15:39:16.019+0000] {spark_submit.py:634} INFO - software.amazon.awssdk#url-connection-client added as a dependency
[2026-06-03T15:39:16.020+0000] {spark_submit.py:634} INFO - :: resolving dependencies :: org.apache.spark#spark-submit-parent-d3247b2b-80dc-459a-90ad-62fdfffd1131;1.0
[2026-06-03T15:39:16.020+0000] {spark_submit.py:634} INFO - confs: [default]
[2026-06-03T15:39:16.147+0000] {spark_submit.py:634} INFO - found org.apache.iceberg#iceberg-spark-runtime-4.1_2.13;1.11.0 in central
[2026-06-03T15:39:16.170+0000] {spark_submit.py:634} INFO - found org.apache.iceberg#iceberg-aws-bundle;1.11.0 in central
[2026-06-03T15:39:18.508+0000] {spark_submit.py:634} INFO - found software.amazon.awssdk#bundle;2.29.52 in central
[2026-06-03T15:39:19.558+0000] {spark_submit.py:634} INFO - found software.amazon.awssdk#url-connection-client;2.29.52 in central
[2026-06-03T15:39:19.651+0000] {spark_submit.py:634} INFO - found software.amazon.awssdk#utils;2.29.52 in central
[2026-06-03T15:39:19.753+0000] {spark_submit.py:634} INFO - found org.reactivestreams#reactive-streams;1.0.4 in central
[2026-06-03T15:39:20.759+0000] {spark_submit.py:634} INFO - found software.amazon.awssdk#annotations;2.29.52 in central
[2026-06-03T15:39:21.477+0000] {spark_submit.py:634} INFO - found org.slf4j#slf4j-api;1.7.36 in central
[2026-06-03T15:39:21.579+0000] {spark_submit.py:634} INFO - found software.amazon.awssdk#http-client-spi;2.29.52 in central
[2026-06-03T15:39:21.685+0000] {spark_submit.py:634} INFO - found software.amazon.awssdk#metrics-spi;2.29.52 in central
[2026-06-03T15:39:21.733+0000] {spark_submit.py:634} INFO - downloading https://repo1.maven.org/maven2/software/amazon/awssdk/bundle/2.29.52/bundle-2.29.52.jar ...
[2026-06-03T15:43:34.465+0000] {spark_submit.py:634} INFO - [SUCCESSFUL ] software.amazon.awssdk#bundle;2.29.52!bundle.jar (252756ms)
[2026-06-03T15:43:34.499+0000] {spark_submit.py:634} INFO - downloading https://repo1.maven.org/maven2/software/amazon/awssdk/url-connection-client/2.29.52/url-connection-client-2.29.52.jar ...
[2026-06-03T15:43:34.526+0000] {spark_submit.py:634} INFO - [SUCCESSFUL ] software.amazon.awssdk#url-connection-client;2.29.52!url-connection-client.jar (58ms)
[2026-06-03T15:43:34.558+0000] {spark_submit.py:634} INFO - downloading https://repo1.maven.org/maven2/software/amazon/awssdk/utils/2.29.52/utils-2.29.52.jar ...
[2026-06-03T15:43:34.607+0000] {spark_submit.py:634} INFO - [SUCCESSFUL ] software.amazon.awssdk#utils;2.29.52!utils.jar (78ms)
[2026-06-03T15:43:34.636+0000] {spark_submit.py:634} INFO - downloading https://repo1.maven.org/maven2/software/amazon/awssdk/annotations/2.29.52/annotations-2.29.52.jar ...
[2026-06-03T15:43:34.662+0000] {spark_submit.py:634} INFO - [SUCCESSFUL ] software.amazon.awssdk#annotations;2.29.52!annotations.jar (54ms)
[2026-06-03T15:43:34.691+0000] {spark_submit.py:634} INFO - downloading https://repo1.maven.org/maven2/software/amazon/awssdk/http-client-spi/2.29.52/http-client-spi-2.29.52.jar ...
[2026-06-03T15:43:34.726+0000] {spark_submit.py:634} INFO - [SUCCESSFUL ] software.amazon.awssdk#http-client-spi;2.29.52!http-client-spi.jar (63ms)
[2026-06-03T15:43:34.754+0000] {spark_submit.py:634} INFO - downloading https://repo1.maven.org/maven2/org/reactivestreams/reactive-streams/1.0.4/reactive-streams-1.0.4.jar ...
[2026-06-03T15:43:34.782+0000] {spark_submit.py:634} INFO - [SUCCESSFUL ] org.reactivestreams#reactive-streams;1.0.4!reactive-streams.jar (55ms)
[2026-06-03T15:43:34.808+0000] {spark_submit.py:634} INFO - downloading https://repo1.maven.org/maven2/org/slf4j/slf4j-api/1.7.36/slf4j-api-1.7.36.jar ...
[2026-06-03T15:43:34.834+0000] {spark_submit.py:634} INFO - [SUCCESSFUL ] org.slf4j#slf4j-api;1.7.36!slf4j-api.jar (50ms)
[2026-06-03T15:43:34.858+0000] {spark_submit.py:634} INFO - downloading https://repo1.maven.org/maven2/software/amazon/awssdk/metrics-spi/2.29.52/metrics-spi-2.29.52.jar ...
[2026-06-03T15:43:34.885+0000] {spark_submit.py:634} INFO - [SUCCESSFUL ] software.amazon.awssdk#metrics-spi;2.29.52!metrics-spi.jar (48ms)
[2026-06-03T15:43:34.886+0000] {spark_submit.py:634} INFO - :: resolution report :: resolve 5687ms :: artifacts dl 253179ms
[2026-06-03T15:43:34.887+0000] {spark_submit.py:634} INFO - :: modules in use:
[2026-06-03T15:43:34.888+0000] {spark_submit.py:634} INFO - org.apache.iceberg#iceberg-aws-bundle;1.11.0 from central in [default]
[2026-06-03T15:43:34.889+0000] {spark_submit.py:634} INFO - org.apache.iceberg#iceberg-spark-runtime-4.1_2.13;1.11.0 from central in [default]
[2026-06-03T15:43:34.890+0000] {spark_submit.py:634} INFO - org.reactivestreams#reactive-streams;1.0.4 from central in [default]
[2026-06-03T15:43:34.891+0000] {spark_submit.py:634} INFO - org.slf4j#slf4j-api;1.7.36 from central in [default]
[2026-06-03T15:43:34.892+0000] {spark_submit.py:634} INFO - software.amazon.awssdk#annotations;2.29.52 from central in [default]
[2026-06-03T15:43:34.892+0000] {spark_submit.py:634} INFO - software.amazon.awssdk#bundle;2.29.52 from central in [default]
[2026-06-03T15:43:34.893+0000] {spark_submit.py:634} INFO - software.amazon.awssdk#http-client-spi;2.29.52 from central in [default]
[2026-06-03T15:43:34.894+0000] {spark_submit.py:634} INFO - software.amazon.awssdk#metrics-spi;2.29.52 from central in [default]
[2026-06-03T15:43:34.895+0000] {spark_submit.py:634} INFO - software.amazon.awssdk#url-connection-client;2.29.52 from central in [default]
[2026-06-03T15:43:34.896+0000] {spark_submit.py:634} INFO - software.amazon.awssdk#utils;2.29.52 from central in [default]
[2026-06-03T15:43:34.897+0000] {spark_submit.py:634} INFO - ---------------------------------------------------------------------
[2026-06-03T15:43:34.898+0000] {spark_submit.py:634} INFO - |                  |            modules            ||   artifacts   |
[2026-06-03T15:43:34.899+0000] {spark_submit.py:634} INFO - |       conf       | number| search|dwnlded|evicted|| number|dwnlded|
[2026-06-03T15:43:34.900+0000] {spark_submit.py:634} INFO - ---------------------------------------------------------------------
[2026-06-03T15:43:34.901+0000] {spark_submit.py:634} INFO - |      default     |   10  |   8   |   8   |   0   ||   10  |   8   |
[2026-06-03T15:43:34.901+0000] {spark_submit.py:634} INFO - ---------------------------------------------------------------------
[2026-06-03T15:43:34.903+0000] {spark_submit.py:634} INFO - :: retrieving :: org.apache.spark#spark-submit-parent-d3247b2b-80dc-459a-90ad-62fdfffd1131
[2026-06-03T15:43:34.904+0000] {spark_submit.py:634} INFO - confs: [default]
[2026-06-03T15:43:37.314+0000] {spark_submit.py:634} INFO - 8 artifacts copied, 2 already retrieved (626929kB/2411ms)
[2026-06-03T15:43:37.612+0000] {spark_submit.py:634} INFO - 26/06/03 15:43:37 WARN NativeCodeLoader: Unable to load native-hadoop library for your platform... using builtin-java classes where applicable
[2026-06-03T15:43:37.870+0000] {spark_submit.py:634} INFO - Main class:
[2026-06-03T15:43:37.871+0000] {spark_submit.py:634} INFO - org.apache.spark.deploy.PythonRunner
[2026-06-03T15:43:37.871+0000] {spark_submit.py:634} INFO - Arguments:
[2026-06-03T15:43:37.871+0000] {spark_submit.py:634} INFO - file:/workspace/resources/train_model_lakehouse.py
[2026-06-03T15:43:37.872+0000] {spark_submit.py:634} INFO - file:///home/***/.ivy2.5.2/jars/org.apache.iceberg_iceberg-spark-runtime-4.1_2.13-1.11.0.jar,file:///home/***/.ivy2.5.2/jars/org.apache.iceberg_iceberg-aws-bundle-1.11.0.jar,file:///home/***/.ivy2.5.2/jars/software.amazon.awssdk_bundle-2.29.52.jar,file:///home/***/.ivy2.5.2/jars/software.amazon.awssdk_url-connection-client-2.29.52.jar,file:///home/***/.ivy2.5.2/jars/software.amazon.awssdk_utils-2.29.52.jar,file:///home/***/.ivy2.5.2/jars/software.amazon.awssdk_annotations-2.29.52.jar,file:///home/***/.ivy2.5.2/jars/software.amazon.awssdk_http-client-spi-2.29.52.jar,file:///home/***/.ivy2.5.2/jars/org.reactivestreams_reactive-streams-1.0.4.jar,file:///home/***/.ivy2.5.2/jars/org.slf4j_slf4j-api-1.7.36.jar,file:///home/***/.ivy2.5.2/jars/software.amazon.awssdk_metrics-spi-2.29.52.jar
[2026-06-03T15:43:37.872+0000] {spark_submit.py:634} INFO - --model-base
[2026-06-03T15:43:37.872+0000] {spark_submit.py:634} INFO - s3a://warehouse/artifacts/models
[2026-06-03T15:43:37.873+0000] {spark_submit.py:634} INFO - Spark config:
[2026-06-03T15:43:37.873+0000] {spark_submit.py:634} INFO - (spark.app.name,arrow-spark)
[2026-06-03T15:43:37.873+0000] {spark_submit.py:634} INFO - (spark.app.submitTime,1780501417842)
[2026-06-03T15:43:37.874+0000] {spark_submit.py:634} INFO - (spark.files,file:///home/***/.ivy2.5.2/jars/org.apache.iceberg_iceberg-spark-runtime-4.1_2.13-1.11.0.jar,file:///home/***/.ivy2.5.2/jars/org.apache.iceberg_iceberg-aws-bundle-1.11.0.jar,file:///home/***/.ivy2.5.2/jars/software.amazon.awssdk_bundle-2.29.52.jar,file:///home/***/.ivy2.5.2/jars/software.amazon.awssdk_url-connection-client-2.29.52.jar,file:///home/***/.ivy2.5.2/jars/software.amazon.awssdk_utils-2.29.52.jar,file:///home/***/.ivy2.5.2/jars/software.amazon.awssdk_annotations-2.29.52.jar,file:///home/***/.ivy2.5.2/jars/software.amazon.awssdk_http-client-spi-2.29.52.jar,file:///home/***/.ivy2.5.2/jars/org.reactivestreams_reactive-streams-1.0.4.jar,file:///home/***/.ivy2.5.2/jars/org.slf4j_slf4j-api-1.7.36.jar,file:///home/***/.ivy2.5.2/jars/software.amazon.awssdk_metrics-spi-2.29.52.jar)
[2026-06-03T15:43:37.874+0000] {spark_submit.py:634} INFO - (spark.jars,file:///home/***/.ivy2.5.2/jars/org.apache.iceberg_iceberg-spark-runtime-4.1_2.13-1.11.0.jar,file:///home/***/.ivy2.5.2/jars/org.apache.iceberg_iceberg-aws-bundle-1.11.0.jar,file:///home/***/.ivy2.5.2/jars/software.amazon.awssdk_bundle-2.29.52.jar,file:///home/***/.ivy2.5.2/jars/software.amazon.awssdk_url-connection-client-2.29.52.jar,file:///home/***/.ivy2.5.2/jars/software.amazon.awssdk_utils-2.29.52.jar,file:///home/***/.ivy2.5.2/jars/software.amazon.awssdk_annotations-2.29.52.jar,file:///home/***/.ivy2.5.2/jars/software.amazon.awssdk_http-client-spi-2.29.52.jar,file:///home/***/.ivy2.5.2/jars/org.reactivestreams_reactive-streams-1.0.4.jar,file:///home/***/.ivy2.5.2/jars/org.slf4j_slf4j-api-1.7.36.jar,file:///home/***/.ivy2.5.2/jars/software.amazon.awssdk_metrics-spi-2.29.52.jar)
[2026-06-03T15:43:37.874+0000] {spark_submit.py:634} INFO - (spark.master,spark://spark-master:7077)
[2026-06-03T15:43:37.875+0000] {spark_submit.py:634} INFO - (spark.repl.local.jars,file:///home/***/.ivy2.5.2/jars/org.apache.iceberg_iceberg-spark-runtime-4.1_2.13-1.11.0.jar,file:///home/***/.ivy2.5.2/jars/org.apache.iceberg_iceberg-aws-bundle-1.11.0.jar,file:///home/***/.ivy2.5.2/jars/software.amazon.awssdk_bundle-2.29.52.jar,file:///home/***/.ivy2.5.2/jars/software.amazon.awssdk_url-connection-client-2.29.52.jar,file:///home/***/.ivy2.5.2/jars/software.amazon.awssdk_utils-2.29.52.jar,file:///home/***/.ivy2.5.2/jars/software.amazon.awssdk_annotations-2.29.52.jar,file:///home/***/.ivy2.5.2/jars/software.amazon.awssdk_http-client-spi-2.29.52.jar,file:///home/***/.ivy2.5.2/jars/org.reactivestreams_reactive-streams-1.0.4.jar,file:///home/***/.ivy2.5.2/jars/org.slf4j_slf4j-api-1.7.36.jar,file:///home/***/.ivy2.5.2/jars/software.amazon.awssdk_metrics-spi-2.29.52.jar)
[2026-06-03T15:43:37.875+0000] {spark_submit.py:634} INFO - (spark.sql.catalog.lakehouse,org.apache.iceberg.spark.SparkCatalog)
[2026-06-03T15:43:37.875+0000] {spark_submit.py:634} INFO - (spark.sql.catalog.lakehouse.client.region,eu-south-2)
[2026-06-03T15:43:37.876+0000] {spark_submit.py:634} INFO - (spark.sql.catalog.lakehouse.io-impl,org.apache.iceberg.aws.s3.S3FileIO)
[2026-06-03T15:43:37.876+0000] {spark_submit.py:634} INFO - (spark.sql.catalog.lakehouse.type,rest)
[2026-06-03T15:43:37.876+0000] {spark_submit.py:634} INFO - (spark.sql.catalog.lakehouse.uri,http://iceberg-rest:8181)
[2026-06-03T15:43:37.876+0000] {spark_submit.py:634} INFO - (spark.sql.catalog.lakehouse.warehouse,s3://warehouse/)
[2026-06-03T15:43:37.877+0000] {spark_submit.py:634} INFO - (spark.sql.defaultCatalog,lakehouse)
[2026-06-03T15:43:37.877+0000] {spark_submit.py:634} INFO - (spark.sql.extensions,org.apache.iceberg.spark.extensions.IcebergSparkSessionExtensions)
[2026-06-03T15:43:37.877+0000] {spark_submit.py:634} INFO - (spark.submit.deployMode,client)
[2026-06-03T15:43:37.877+0000] {spark_submit.py:634} INFO - (spark.submit.pyFiles,/home/***/.ivy2.5.2/jars/org.apache.iceberg_iceberg-spark-runtime-4.1_2.13-1.11.0.jar,/home/***/.ivy2.5.2/jars/org.apache.iceberg_iceberg-aws-bundle-1.11.0.jar,/home/***/.ivy2.5.2/jars/software.amazon.awssdk_bundle-2.29.52.jar,/home/***/.ivy2.5.2/jars/software.amazon.awssdk_url-connection-client-2.29.52.jar,/home/***/.ivy2.5.2/jars/software.amazon.awssdk_utils-2.29.52.jar,/home/***/.ivy2.5.2/jars/software.amazon.awssdk_annotations-2.29.52.jar,/home/***/.ivy2.5.2/jars/software.amazon.awssdk_http-client-spi-2.29.52.jar,/home/***/.ivy2.5.2/jars/org.reactivestreams_reactive-streams-1.0.4.jar,/home/***/.ivy2.5.2/jars/org.slf4j_slf4j-api-1.7.36.jar,/home/***/.ivy2.5.2/jars/software.amazon.awssdk_metrics-spi-2.29.52.jar)
[2026-06-03T15:43:37.878+0000] {spark_submit.py:634} INFO - Classpath elements:
[2026-06-03T15:43:37.878+0000] {spark_submit.py:634} INFO - file:///home/***/.ivy2.5.2/jars/org.apache.iceberg_iceberg-spark-runtime-4.1_2.13-1.11.0.jar
[2026-06-03T15:43:37.879+0000] {spark_submit.py:634} INFO - file:///home/***/.ivy2.5.2/jars/org.apache.iceberg_iceberg-aws-bundle-1.11.0.jar
[2026-06-03T15:43:37.879+0000] {spark_submit.py:634} INFO - file:///home/***/.ivy2.5.2/jars/software.amazon.awssdk_bundle-2.29.52.jar
[2026-06-03T15:43:37.879+0000] {spark_submit.py:634} INFO - file:///home/***/.ivy2.5.2/jars/software.amazon.awssdk_url-connection-client-2.29.52.jar
[2026-06-03T15:43:37.880+0000] {spark_submit.py:634} INFO - file:///home/***/.ivy2.5.2/jars/software.amazon.awssdk_utils-2.29.52.jar
[2026-06-03T15:43:37.880+0000] {spark_submit.py:634} INFO - file:///home/***/.ivy2.5.2/jars/software.amazon.awssdk_annotations-2.29.52.jar
[2026-06-03T15:43:37.880+0000] {spark_submit.py:634} INFO - file:///home/***/.ivy2.5.2/jars/software.amazon.awssdk_http-client-spi-2.29.52.jar
[2026-06-03T15:43:37.880+0000] {spark_submit.py:634} INFO - file:///home/***/.ivy2.5.2/jars/org.reactivestreams_reactive-streams-1.0.4.jar
[2026-06-03T15:43:37.881+0000] {spark_submit.py:634} INFO - file:///home/***/.ivy2.5.2/jars/org.slf4j_slf4j-api-1.7.36.jar
[2026-06-03T15:43:37.881+0000] {spark_submit.py:634} INFO - file:///home/***/.ivy2.5.2/jars/software.amazon.awssdk_metrics-spi-2.29.52.jar
[2026-06-03T15:43:37.881+0000] {spark_submit.py:634} INFO - 
[2026-06-03T15:43:37.881+0000] {spark_submit.py:634} INFO - 
[2026-06-03T15:43:53.027+0000] {spark_submit.py:634} INFO - Using Spark's default log4j profile: org/apache/spark/log4j2-defaults.properties
[2026-06-03T15:43:53.032+0000] {spark_submit.py:634} INFO - 26/06/03 15:43:53 INFO SparkContext: Running Spark version 4.1.2
[2026-06-03T15:43:53.032+0000] {spark_submit.py:634} INFO - 26/06/03 15:43:53 INFO SparkContext: OS info Linux, 6.17.0-35-generic, amd64
[2026-06-03T15:43:53.033+0000] {spark_submit.py:634} INFO - 26/06/03 15:43:53 INFO SparkContext: Java version 17.0.19+10-1-deb12u2-Debian
[2026-06-03T15:43:53.064+0000] {spark_submit.py:634} INFO - 26/06/03 15:43:53 INFO ResourceUtils: ==============================================================
[2026-06-03T15:43:53.064+0000] {spark_submit.py:634} INFO - 26/06/03 15:43:53 INFO ResourceUtils: No custom resources configured for spark.driver.
[2026-06-03T15:43:53.064+0000] {spark_submit.py:634} INFO - 26/06/03 15:43:53 INFO ResourceUtils: ==============================================================
[2026-06-03T15:43:53.065+0000] {spark_submit.py:634} INFO - 26/06/03 15:43:53 INFO SparkContext: Submitted application: train_model_lakehouse
[2026-06-03T15:43:53.132+0000] {spark_submit.py:634} INFO - 26/06/03 15:43:53 INFO SecurityManager: Changing view acls to: ***
[2026-06-03T15:43:53.132+0000] {spark_submit.py:634} INFO - 26/06/03 15:43:53 INFO SecurityManager: Changing modify acls to: ***
[2026-06-03T15:43:53.132+0000] {spark_submit.py:634} INFO - 26/06/03 15:43:53 INFO SecurityManager: Changing view acls groups to: ***
[2026-06-03T15:43:53.133+0000] {spark_submit.py:634} INFO - 26/06/03 15:43:53 INFO SecurityManager: Changing modify acls groups to: ***
[2026-06-03T15:43:53.133+0000] {spark_submit.py:634} INFO - 26/06/03 15:43:53 INFO SecurityManager: SecurityManager: authentication disabled; ui acls disabled; users with view permissions: *** groups with view permissions: EMPTY; users with modify permissions: ***; groups with modify permissions: EMPTY; RPC SSL disabled
[2026-06-03T15:43:53.426+0000] {spark_submit.py:634} INFO - 26/06/03 15:43:53 INFO Utils: Successfully started service 'sparkDriver' on port 44507.
[2026-06-03T15:43:53.462+0000] {spark_submit.py:634} INFO - 26/06/03 15:43:53 INFO SparkEnv: Registering MapOutputTracker
[2026-06-03T15:43:53.475+0000] {spark_submit.py:634} INFO - 26/06/03 15:43:53 INFO SparkEnv: Registering BlockManagerMaster
[2026-06-03T15:43:53.501+0000] {spark_submit.py:634} INFO - 26/06/03 15:43:53 INFO BlockManagerMasterEndpoint: Using org.apache.spark.storage.DefaultTopologyMapper for getting topology information
[2026-06-03T15:43:53.502+0000] {spark_submit.py:634} INFO - 26/06/03 15:43:53 INFO BlockManagerMasterEndpoint: BlockManagerMasterEndpoint up
[2026-06-03T15:43:53.506+0000] {spark_submit.py:634} INFO - 26/06/03 15:43:53 INFO SparkEnv: Registering BlockManagerMasterHeartbeat
[2026-06-03T15:43:53.537+0000] {spark_submit.py:634} INFO - 26/06/03 15:43:53 INFO DiskBlockManager: Created local directory at /tmp/blockmgr-73878293-d653-46a8-811b-d1194f78757f
[2026-06-03T15:43:53.563+0000] {spark_submit.py:634} INFO - 26/06/03 15:43:53 INFO SparkEnv: Registering OutputCommitCoordinator
[2026-06-03T15:43:53.734+0000] {spark_submit.py:634} INFO - 26/06/03 15:43:53 INFO JettyUtils: Start Jetty 0.0.0.0:4040 for SparkUI
[2026-06-03T15:43:53.814+0000] {spark_submit.py:634} INFO - 26/06/03 15:43:53 INFO Utils: Successfully started service 'SparkUI' on port 4040.
[2026-06-03T15:43:53.858+0000] {spark_submit.py:634} INFO - 26/06/03 15:43:53 INFO SparkContext: Added JAR file:///home/***/.ivy2.5.2/jars/org.apache.iceberg_iceberg-spark-runtime-4.1_2.13-1.11.0.jar at spark://70b1be1cb349:44507/jars/org.apache.iceberg_iceberg-spark-runtime-4.1_2.13-1.11.0.jar with timestamp 1780501433019
[2026-06-03T15:43:53.858+0000] {spark_submit.py:634} INFO - 26/06/03 15:43:53 INFO SparkContext: Added JAR file:///home/***/.ivy2.5.2/jars/org.apache.iceberg_iceberg-aws-bundle-1.11.0.jar at spark://70b1be1cb349:44507/jars/org.apache.iceberg_iceberg-aws-bundle-1.11.0.jar with timestamp 1780501433019
[2026-06-03T15:43:53.858+0000] {spark_submit.py:634} INFO - 26/06/03 15:43:53 INFO SparkContext: Added JAR file:///home/***/.ivy2.5.2/jars/software.amazon.awssdk_bundle-2.29.52.jar at spark://70b1be1cb349:44507/jars/software.amazon.awssdk_bundle-2.29.52.jar with timestamp 1780501433019
[2026-06-03T15:43:53.858+0000] {spark_submit.py:634} INFO - 26/06/03 15:43:53 INFO SparkContext: Added JAR file:///home/***/.ivy2.5.2/jars/software.amazon.awssdk_url-connection-client-2.29.52.jar at spark://70b1be1cb349:44507/jars/software.amazon.awssdk_url-connection-client-2.29.52.jar with timestamp 1780501433019
[2026-06-03T15:43:53.859+0000] {spark_submit.py:634} INFO - 26/06/03 15:43:53 INFO SparkContext: Added JAR file:///home/***/.ivy2.5.2/jars/software.amazon.awssdk_utils-2.29.52.jar at spark://70b1be1cb349:44507/jars/software.amazon.awssdk_utils-2.29.52.jar with timestamp 1780501433019
[2026-06-03T15:43:53.859+0000] {spark_submit.py:634} INFO - 26/06/03 15:43:53 INFO SparkContext: Added JAR file:///home/***/.ivy2.5.2/jars/software.amazon.awssdk_annotations-2.29.52.jar at spark://70b1be1cb349:44507/jars/software.amazon.awssdk_annotations-2.29.52.jar with timestamp 1780501433019
[2026-06-03T15:43:53.859+0000] {spark_submit.py:634} INFO - 26/06/03 15:43:53 INFO SparkContext: Added JAR file:///home/***/.ivy2.5.2/jars/software.amazon.awssdk_http-client-spi-2.29.52.jar at spark://70b1be1cb349:44507/jars/software.amazon.awssdk_http-client-spi-2.29.52.jar with timestamp 1780501433019
[2026-06-03T15:43:53.859+0000] {spark_submit.py:634} INFO - 26/06/03 15:43:53 INFO SparkContext: Added JAR file:///home/***/.ivy2.5.2/jars/org.reactivestreams_reactive-streams-1.0.4.jar at spark://70b1be1cb349:44507/jars/org.reactivestreams_reactive-streams-1.0.4.jar with timestamp 1780501433019
[2026-06-03T15:43:53.860+0000] {spark_submit.py:634} INFO - 26/06/03 15:43:53 INFO SparkContext: Added JAR file:///home/***/.ivy2.5.2/jars/org.slf4j_slf4j-api-1.7.36.jar at spark://70b1be1cb349:44507/jars/org.slf4j_slf4j-api-1.7.36.jar with timestamp 1780501433019
[2026-06-03T15:43:53.860+0000] {spark_submit.py:634} INFO - 26/06/03 15:43:53 INFO SparkContext: Added JAR file:///home/***/.ivy2.5.2/jars/software.amazon.awssdk_metrics-spi-2.29.52.jar at spark://70b1be1cb349:44507/jars/software.amazon.awssdk_metrics-spi-2.29.52.jar with timestamp 1780501433019
[2026-06-03T15:43:53.863+0000] {spark_submit.py:634} INFO - 26/06/03 15:43:53 INFO SparkContext: Added file file:///home/***/.ivy2.5.2/jars/org.apache.iceberg_iceberg-spark-runtime-4.1_2.13-1.11.0.jar at spark://70b1be1cb349:44507/files/org.apache.iceberg_iceberg-spark-runtime-4.1_2.13-1.11.0.jar with timestamp 1780501433019
[2026-06-03T15:43:53.865+0000] {spark_submit.py:634} INFO - 26/06/03 15:43:53 INFO Utils: Copying /home/***/.ivy2.5.2/jars/org.apache.iceberg_iceberg-spark-runtime-4.1_2.13-1.11.0.jar to /tmp/spark-026a3f20-49a2-44c2-ba76-f460606453b5/userFiles-cf3a72db-0705-4e45-9ab9-6d580bab53c6/org.apache.iceberg_iceberg-spark-runtime-4.1_2.13-1.11.0.jar
[2026-06-03T15:43:53.895+0000] {spark_submit.py:634} INFO - 26/06/03 15:43:53 INFO SparkContext: Added file file:///home/***/.ivy2.5.2/jars/org.apache.iceberg_iceberg-aws-bundle-1.11.0.jar at spark://70b1be1cb349:44507/files/org.apache.iceberg_iceberg-aws-bundle-1.11.0.jar with timestamp 1780501433019
[2026-06-03T15:43:53.895+0000] {spark_submit.py:634} INFO - 26/06/03 15:43:53 INFO Utils: Copying /home/***/.ivy2.5.2/jars/org.apache.iceberg_iceberg-aws-bundle-1.11.0.jar to /tmp/spark-026a3f20-49a2-44c2-ba76-f460606453b5/userFiles-cf3a72db-0705-4e45-9ab9-6d580bab53c6/org.apache.iceberg_iceberg-aws-bundle-1.11.0.jar
[2026-06-03T15:43:53.927+0000] {spark_submit.py:634} INFO - 26/06/03 15:43:53 INFO SparkContext: Added file file:///home/***/.ivy2.5.2/jars/software.amazon.awssdk_bundle-2.29.52.jar at spark://70b1be1cb349:44507/files/software.amazon.awssdk_bundle-2.29.52.jar with timestamp 1780501433019
[2026-06-03T15:43:53.928+0000] {spark_submit.py:634} INFO - 26/06/03 15:43:53 INFO Utils: Copying /home/***/.ivy2.5.2/jars/software.amazon.awssdk_bundle-2.29.52.jar to /tmp/spark-026a3f20-49a2-44c2-ba76-f460606453b5/userFiles-cf3a72db-0705-4e45-9ab9-6d580bab53c6/software.amazon.awssdk_bundle-2.29.52.jar
[2026-06-03T15:43:56.797+0000] {spark_submit.py:634} INFO - 26/06/03 15:43:56 INFO SparkContext: Added file file:///home/***/.ivy2.5.2/jars/software.amazon.awssdk_url-connection-client-2.29.52.jar at spark://70b1be1cb349:44507/files/software.amazon.awssdk_url-connection-client-2.29.52.jar with timestamp 1780501433019
[2026-06-03T15:43:56.797+0000] {spark_submit.py:634} INFO - 26/06/03 15:43:56 INFO Utils: Copying /home/***/.ivy2.5.2/jars/software.amazon.awssdk_url-connection-client-2.29.52.jar to /tmp/spark-026a3f20-49a2-44c2-ba76-f460606453b5/userFiles-cf3a72db-0705-4e45-9ab9-6d580bab53c6/software.amazon.awssdk_url-connection-client-2.29.52.jar
[2026-06-03T15:43:56.806+0000] {spark_submit.py:634} INFO - 26/06/03 15:43:56 INFO SparkContext: Added file file:///home/***/.ivy2.5.2/jars/software.amazon.awssdk_utils-2.29.52.jar at spark://70b1be1cb349:44507/files/software.amazon.awssdk_utils-2.29.52.jar with timestamp 1780501433019
[2026-06-03T15:43:56.807+0000] {spark_submit.py:634} INFO - 26/06/03 15:43:56 INFO Utils: Copying /home/***/.ivy2.5.2/jars/software.amazon.awssdk_utils-2.29.52.jar to /tmp/spark-026a3f20-49a2-44c2-ba76-f460606453b5/userFiles-cf3a72db-0705-4e45-9ab9-6d580bab53c6/software.amazon.awssdk_utils-2.29.52.jar
[2026-06-03T15:43:56.817+0000] {spark_submit.py:634} INFO - 26/06/03 15:43:56 INFO SparkContext: Added file file:///home/***/.ivy2.5.2/jars/software.amazon.awssdk_annotations-2.29.52.jar at spark://70b1be1cb349:44507/files/software.amazon.awssdk_annotations-2.29.52.jar with timestamp 1780501433019
[2026-06-03T15:43:56.817+0000] {spark_submit.py:634} INFO - 26/06/03 15:43:56 INFO Utils: Copying /home/***/.ivy2.5.2/jars/software.amazon.awssdk_annotations-2.29.52.jar to /tmp/spark-026a3f20-49a2-44c2-ba76-f460606453b5/userFiles-cf3a72db-0705-4e45-9ab9-6d580bab53c6/software.amazon.awssdk_annotations-2.29.52.jar
[2026-06-03T15:43:56.826+0000] {spark_submit.py:634} INFO - 26/06/03 15:43:56 INFO SparkContext: Added file file:///home/***/.ivy2.5.2/jars/software.amazon.awssdk_http-client-spi-2.29.52.jar at spark://70b1be1cb349:44507/files/software.amazon.awssdk_http-client-spi-2.29.52.jar with timestamp 1780501433019
[2026-06-03T15:43:56.827+0000] {spark_submit.py:634} INFO - 26/06/03 15:43:56 INFO Utils: Copying /home/***/.ivy2.5.2/jars/software.amazon.awssdk_http-client-spi-2.29.52.jar to /tmp/spark-026a3f20-49a2-44c2-ba76-f460606453b5/userFiles-cf3a72db-0705-4e45-9ab9-6d580bab53c6/software.amazon.awssdk_http-client-spi-2.29.52.jar
[2026-06-03T15:43:56.836+0000] {spark_submit.py:634} INFO - 26/06/03 15:43:56 INFO SparkContext: Added file file:///home/***/.ivy2.5.2/jars/org.reactivestreams_reactive-streams-1.0.4.jar at spark://70b1be1cb349:44507/files/org.reactivestreams_reactive-streams-1.0.4.jar with timestamp 1780501433019
[2026-06-03T15:43:56.836+0000] {spark_submit.py:634} INFO - 26/06/03 15:43:56 INFO Utils: Copying /home/***/.ivy2.5.2/jars/org.reactivestreams_reactive-streams-1.0.4.jar to /tmp/spark-026a3f20-49a2-44c2-ba76-f460606453b5/userFiles-cf3a72db-0705-4e45-9ab9-6d580bab53c6/org.reactivestreams_reactive-streams-1.0.4.jar
[2026-06-03T15:43:56.845+0000] {spark_submit.py:634} INFO - 26/06/03 15:43:56 INFO SparkContext: Added file file:///home/***/.ivy2.5.2/jars/org.slf4j_slf4j-api-1.7.36.jar at spark://70b1be1cb349:44507/files/org.slf4j_slf4j-api-1.7.36.jar with timestamp 1780501433019
[2026-06-03T15:43:56.845+0000] {spark_submit.py:634} INFO - 26/06/03 15:43:56 INFO Utils: Copying /home/***/.ivy2.5.2/jars/org.slf4j_slf4j-api-1.7.36.jar to /tmp/spark-026a3f20-49a2-44c2-ba76-f460606453b5/userFiles-cf3a72db-0705-4e45-9ab9-6d580bab53c6/org.slf4j_slf4j-api-1.7.36.jar
[2026-06-03T15:43:56.855+0000] {spark_submit.py:634} INFO - 26/06/03 15:43:56 INFO SparkContext: Added file file:///home/***/.ivy2.5.2/jars/software.amazon.awssdk_metrics-spi-2.29.52.jar at spark://70b1be1cb349:44507/files/software.amazon.awssdk_metrics-spi-2.29.52.jar with timestamp 1780501433019
[2026-06-03T15:43:56.855+0000] {spark_submit.py:634} INFO - 26/06/03 15:43:56 INFO Utils: Copying /home/***/.ivy2.5.2/jars/software.amazon.awssdk_metrics-spi-2.29.52.jar to /tmp/spark-026a3f20-49a2-44c2-ba76-f460606453b5/userFiles-cf3a72db-0705-4e45-9ab9-6d580bab53c6/software.amazon.awssdk_metrics-spi-2.29.52.jar
[2026-06-03T15:43:56.910+0000] {spark_submit.py:634} INFO - 26/06/03 15:43:56 INFO ResourceProfile: Default ResourceProfile created, executor resources: Map(memory -> name: memory, amount: 1024, script: , vendor: , offHeap -> name: offHeap, amount: 0, script: , vendor: ), task resources: Map(cpus -> name: cpus, amount: 1.0)
[2026-06-03T15:43:56.912+0000] {spark_submit.py:634} INFO - 26/06/03 15:43:56 INFO ResourceProfile: Limiting resource is cpu
[2026-06-03T15:43:56.913+0000] {spark_submit.py:634} INFO - 26/06/03 15:43:56 INFO ResourceProfileManager: Added ResourceProfile id: 0
[2026-06-03T15:43:56.929+0000] {spark_submit.py:634} INFO - 26/06/03 15:43:56 INFO SecurityManager: Changing view acls to: ***
[2026-06-03T15:43:56.929+0000] {spark_submit.py:634} INFO - 26/06/03 15:43:56 INFO SecurityManager: Changing modify acls to: ***
[2026-06-03T15:43:56.929+0000] {spark_submit.py:634} INFO - 26/06/03 15:43:56 INFO SecurityManager: Changing view acls groups to: ***
[2026-06-03T15:43:56.930+0000] {spark_submit.py:634} INFO - 26/06/03 15:43:56 INFO SecurityManager: Changing modify acls groups to: ***
[2026-06-03T15:43:56.930+0000] {spark_submit.py:634} INFO - 26/06/03 15:43:56 INFO SecurityManager: SecurityManager: authentication disabled; ui acls disabled; users with view permissions: *** groups with view permissions: EMPTY; users with modify permissions: ***; groups with modify permissions: EMPTY; RPC SSL disabled
[2026-06-03T15:43:57.100+0000] {spark_submit.py:634} INFO - 26/06/03 15:43:57 INFO StandaloneAppClient$ClientEndpoint: Connecting to master spark://spark-master:7077...
[2026-06-03T15:43:57.161+0000] {spark_submit.py:634} INFO - 26/06/03 15:43:57 INFO TransportClientFactory: Successfully created connection to spark-master/172.18.0.2:7077 after 37 ms (0 ms spent in bootstraps)
[2026-06-03T15:43:57.317+0000] {spark_submit.py:634} INFO - 26/06/03 15:43:57 INFO StandaloneSchedulerBackend: Connected to Spark cluster with app ID app-20260603154357-0014
[2026-06-03T15:43:57.321+0000] {spark_submit.py:634} INFO - 26/06/03 15:43:57 INFO StandaloneAppClient$ClientEndpoint: Executor added: app-20260603154357-0014/0 on worker-20260603085132-172.18.0.7-35491 (172.18.0.7:35491) with 8 core(s)
[2026-06-03T15:43:57.325+0000] {spark_submit.py:634} INFO - 26/06/03 15:43:57 INFO StandaloneSchedulerBackend: Granted executor ID app-20260603154357-0014/0 on hostPort 172.18.0.7:35491 with 8 core(s), 1024.0 MiB RAM
[2026-06-03T15:43:57.326+0000] {spark_submit.py:634} INFO - 26/06/03 15:43:57 INFO StandaloneAppClient$ClientEndpoint: Executor added: app-20260603154357-0014/1 on worker-20260603085132-172.18.0.6-37647 (172.18.0.6:37647) with 8 core(s)
[2026-06-03T15:43:57.326+0000] {spark_submit.py:634} INFO - 26/06/03 15:43:57 INFO StandaloneSchedulerBackend: Granted executor ID app-20260603154357-0014/1 on hostPort 172.18.0.6:37647 with 8 core(s), 1024.0 MiB RAM
[2026-06-03T15:43:57.331+0000] {spark_submit.py:634} INFO - 26/06/03 15:43:57 INFO Utils: Successfully started service 'org.apache.spark.network.netty.NettyBlockTransferService' on port 44749.
[2026-06-03T15:43:57.331+0000] {spark_submit.py:634} INFO - 26/06/03 15:43:57 INFO NettyBlockTransferService: Server created on 70b1be1cb349:44749
[2026-06-03T15:43:57.335+0000] {spark_submit.py:634} INFO - 26/06/03 15:43:57 INFO BlockManager: Using org.apache.spark.storage.RandomBlockReplicationPolicy for block replication policy
[2026-06-03T15:43:57.370+0000] {spark_submit.py:634} INFO - 26/06/03 15:43:57 INFO StandaloneAppClient$ClientEndpoint: Executor updated: app-20260603154357-0014/1 is now RUNNING
[2026-06-03T15:43:57.378+0000] {spark_submit.py:634} INFO - 26/06/03 15:43:57 INFO StandaloneAppClient$ClientEndpoint: Executor updated: app-20260603154357-0014/0 is now RUNNING
[2026-06-03T15:43:57.390+0000] {spark_submit.py:634} INFO - 26/06/03 15:43:57 INFO BlockManagerMaster: Registering BlockManager BlockManagerId(driver, 70b1be1cb349, 44749, None)
[2026-06-03T15:43:57.397+0000] {spark_submit.py:634} INFO - 26/06/03 15:43:57 INFO BlockManagerMasterEndpoint: Registering block manager 70b1be1cb349:44749 with 434.4 MiB RAM, BlockManagerId(driver, 70b1be1cb349, 44749, None)
[2026-06-03T15:43:57.402+0000] {spark_submit.py:634} INFO - 26/06/03 15:43:57 INFO BlockManagerMaster: Registered BlockManager BlockManagerId(driver, 70b1be1cb349, 44749, None)
[2026-06-03T15:43:57.404+0000] {spark_submit.py:634} INFO - 26/06/03 15:43:57 INFO BlockManager: Initialized BlockManager: BlockManagerId(driver, 70b1be1cb349, 44749, None)
[2026-06-03T15:43:57.636+0000] {spark_submit.py:634} INFO - 26/06/03 15:43:57 INFO StandaloneSchedulerBackend: SchedulerBackend is ready for scheduling beginning after reached minRegisteredResourcesRatio: 0.0
[2026-06-03T15:44:03.008+0000] {spark_submit.py:634} INFO - 26/06/03 15:44:03 INFO StandaloneSchedulerBackend$StandaloneDriverEndpoint: Registered executor NettyRpcEndpointRef(spark-client://Executor) (172.18.0.7:44904) with ID 0, ResourceProfileId 0
[2026-06-03T15:44:03.009+0000] {spark_submit.py:634} INFO - 26/06/03 15:44:03 INFO StandaloneSchedulerBackend$StandaloneDriverEndpoint: Registered executor NettyRpcEndpointRef(spark-client://Executor) (172.18.0.6:36580) with ID 1, ResourceProfileId 0
[2026-06-03T15:44:03.229+0000] {spark_submit.py:634} INFO - 26/06/03 15:44:03 INFO BlockManagerMasterEndpoint: Registering block manager 172.18.0.7:42459 with 434.4 MiB RAM, BlockManagerId(0, 172.18.0.7, 42459, None)
[2026-06-03T15:44:03.230+0000] {spark_submit.py:634} INFO - 26/06/03 15:44:03 INFO BlockManagerMasterEndpoint: Registering block manager 172.18.0.6:40001 with 434.4 MiB RAM, BlockManagerId(1, 172.18.0.6, 40001, None)
[2026-06-03T15:44:11.151+0000] {spark_submit.py:634} INFO - 26/06/03 15:44:11 INFO SharedState: Setting hive.metastore.warehouse.dir ('null') to the value of spark.sql.warehouse.dir.
[2026-06-03T15:44:11.160+0000] {spark_submit.py:634} INFO - 26/06/03 15:44:11 INFO SharedState: Warehouse path is 'file:/opt/***/spark-warehouse'.
[2026-06-03T15:44:14.043+0000] {spark_submit.py:634} INFO - 2026/06/03 15:44:14 WARNING mlflow.utils.git_utils: Failed to import Git (the Git executable is probably not on your PATH), so Git SHA is not available. Error: Failed to initialize: Bad git executable.
[2026-06-03T15:44:14.046+0000] {spark_submit.py:634} INFO - The git executable must be specified in one of the following ways:
[2026-06-03T15:44:14.046+0000] {spark_submit.py:634} INFO - - be included in your $PATH
[2026-06-03T15:44:14.046+0000] {spark_submit.py:634} INFO - - be set via $GIT_PYTHON_GIT_EXECUTABLE
[2026-06-03T15:44:14.047+0000] {spark_submit.py:634} INFO - - explicitly set via git.refresh(<full-path-to-git-executable>)
[2026-06-03T15:44:14.047+0000] {spark_submit.py:634} INFO - 
[2026-06-03T15:44:14.047+0000] {spark_submit.py:634} INFO - All git commands will error until this is rectified.
[2026-06-03T15:44:14.048+0000] {spark_submit.py:634} INFO - 
[2026-06-03T15:44:14.048+0000] {spark_submit.py:634} INFO - This initial message can be silenced or aggravated in the future by setting the
[2026-06-03T15:44:14.049+0000] {spark_submit.py:634} INFO - $GIT_PYTHON_REFRESH environment variable. Use one of the following values:
[2026-06-03T15:44:14.049+0000] {spark_submit.py:634} INFO - - quiet|q|silence|s|silent|none|n|0: for no message or exception
[2026-06-03T15:44:14.049+0000] {spark_submit.py:634} INFO - - warn|w|warning|log|l|1: for a warning message (logging level CRITICAL, displayed by default)
[2026-06-03T15:44:14.050+0000] {spark_submit.py:634} INFO - - error|e|exception|raise|r|2: for a raised exception
[2026-06-03T15:44:14.050+0000] {spark_submit.py:634} INFO - 
[2026-06-03T15:44:14.050+0000] {spark_submit.py:634} INFO - Example:
[2026-06-03T15:44:14.051+0000] {spark_submit.py:634} INFO - export GIT_PYTHON_REFRESH=quiet
[2026-06-03T15:44:14.051+0000] {spark_submit.py:634} INFO - 
[2026-06-03T15:44:21.743+0000] {spark_submit.py:634} INFO - 26/06/03 15:44:21 INFO AuthManagers: Loading AuthManager implementation: org.apache.iceberg.rest.auth.NoopAuthManager
[2026-06-03T15:44:25.303+0000] {spark_submit.py:634} INFO - 26/06/03 15:44:25 INFO CatalogUtil: Loading custom FileIO implementation: org.apache.iceberg.aws.s3.S3FileIO
[2026-06-03T15:44:28.088+0000] {spark_submit.py:634} INFO - 🏃 View run likeable-colt-225 at: http://mlflow:5000/#/experiments/1/runs/7428416985404daab8e8343ee2991f13
[2026-06-03T15:44:28.170+0000] {spark_submit.py:634} INFO - 🧪 View experiment at: http://mlflow:5000/#/experiments/1
[2026-06-03T15:44:29.942+0000] {spark_submit.py:634} INFO - Traceback (most recent call last):
[2026-06-03T15:44:29.980+0000] {spark_submit.py:634} INFO - File "/workspace/resources/train_model_lakehouse.py", line 127, in <module>
[2026-06-03T15:44:29.981+0000] {spark_submit.py:634} INFO - main()
[2026-06-03T15:44:29.981+0000] {spark_submit.py:634} INFO - File "/workspace/resources/train_model_lakehouse.py", line 52, in main
[2026-06-03T15:44:29.982+0000] {spark_submit.py:634} INFO - spark.sql("USE lakehouse.training_data")
[2026-06-03T15:44:29.982+0000] {spark_submit.py:634} INFO - File "/opt/spark/python/lib/pyspark.zip/pyspark/sql/session.py", line 1816, in sql
[2026-06-03T15:44:29.982+0000] {spark_submit.py:634} INFO - File "/opt/spark/python/lib/py4j-0.10.9.9-src.zip/py4j/java_gateway.py", line 1362, in __call__
[2026-06-03T15:44:29.984+0000] {spark_submit.py:634} INFO - File "/opt/spark/python/lib/pyspark.zip/pyspark/errors/exceptions/captured.py", line 269, in deco
[2026-06-03T15:44:30.023+0000] {spark_submit.py:634} INFO - pyspark.errors.exceptions.captured.IllegalArgumentException: Cannot initialize FileIO implementation org.apache.iceberg.aws.s3.S3FileIO: Cannot find constructor for interface org.apache.iceberg.io.FileIO
[2026-06-03T15:44:30.023+0000] {spark_submit.py:634} INFO - Missing org.apache.iceberg.aws.s3.S3FileIO [java.lang.NoClassDefFoundError: software/amazon/awssdk/core/exception/SdkException]
[2026-06-03T15:44:34.982+0000] {spark_submit.py:634} INFO - 26/06/03 15:44:34 INFO SparkContext: Invoking stop() from shutdown hook
[2026-06-03T15:44:34.995+0000] {spark_submit.py:634} INFO - 26/06/03 15:44:34 INFO SparkContext: SparkContext is stopping with exitCode 0 from run at Executors.java:539.
[2026-06-03T15:44:35.010+0000] {spark_submit.py:634} INFO - 26/06/03 15:44:35 INFO SparkUI: Stopped Spark web UI at http://70b1be1cb349:4040
[2026-06-03T15:44:35.015+0000] {spark_submit.py:634} INFO - 26/06/03 15:44:35 INFO StandaloneSchedulerBackend: Shutting down all executors
[2026-06-03T15:44:35.016+0000] {spark_submit.py:634} INFO - 26/06/03 15:44:35 INFO StandaloneSchedulerBackend$StandaloneDriverEndpoint: Asking each executor to shut down
[2026-06-03T15:44:35.122+0000] {spark_submit.py:634} INFO - 26/06/03 15:44:35 INFO MapOutputTrackerMasterEndpoint: MapOutputTrackerMasterEndpoint stopped!
[2026-06-03T15:44:35.427+0000] {spark_submit.py:634} INFO - 26/06/03 15:44:35 INFO MemoryStore: MemoryStore started with capacity 434.4 MiB
[2026-06-03T15:44:35.429+0000] {spark_submit.py:634} INFO - 26/06/03 15:44:35 INFO MemoryStore: MemoryStore cleared
[2026-06-03T15:44:35.430+0000] {spark_submit.py:634} INFO - 26/06/03 15:44:35 INFO BlockManager: BlockManager stopped
[2026-06-03T15:44:35.444+0000] {spark_submit.py:634} INFO - 26/06/03 15:44:35 INFO BlockManagerMaster: BlockManagerMaster stopped
[2026-06-03T15:44:35.448+0000] {spark_submit.py:634} INFO - 26/06/03 15:44:35 INFO OutputCommitCoordinator$OutputCommitCoordinatorEndpoint: OutputCommitCoordinator stopped!
[2026-06-03T15:44:35.479+0000] {spark_submit.py:634} INFO - 26/06/03 15:44:35 INFO SparkContext: Successfully stopped SparkContext (Uptime: 42459 ms)
[2026-06-03T15:44:36.131+0000] {taskinstance.py:3311} ERROR - Task failed with exception
Traceback (most recent call last):
  File "/home/airflow/.local/lib/python3.11/site-packages/airflow/models/taskinstance.py", line 767, in _execute_task
    result = _execute_callable(context=context, **execute_callable_kwargs)
             ^^^^^^^^^^^^^^^^^^^^^^^^^^^^^^^^^^^^^^^^^^^^^^^^^^^^^^^^^^^^^
  File "/home/airflow/.local/lib/python3.11/site-packages/airflow/models/taskinstance.py", line 733, in _execute_callable
    return ExecutionCallableRunner(
           ^^^^^^^^^^^^^^^^^^^^^^^^
  File "/home/airflow/.local/lib/python3.11/site-packages/airflow/utils/operator_helpers.py", line 252, in run
    return self.func(*args, **kwargs)
           ^^^^^^^^^^^^^^^^^^^^^^^^^^
  File "/home/airflow/.local/lib/python3.11/site-packages/airflow/models/baseoperator.py", line 422, in wrapper
    return func(self, *args, **kwargs)
           ^^^^^^^^^^^^^^^^^^^^^^^^^^^
  File "/home/airflow/.local/lib/python3.11/site-packages/airflow/providers/apache/spark/operators/spark_submit.py", line 176, in execute
    self._hook.submit(self.application)
  File "/home/airflow/.local/lib/python3.11/site-packages/airflow/providers/apache/spark/hooks/spark_submit.py", line 560, in submit
    raise AirflowException(
airflow.exceptions.AirflowException: Cannot execute: spark-submit --master spark://spark-master:7077 --conf spark.sql.extensions=org.apache.iceberg.spark.extensions.IcebergSparkSessionExtensions --conf spark.sql.catalog.lakehouse=org.apache.iceberg.spark.SparkCatalog --conf spark.sql.catalog.lakehouse.type=rest --conf spark.sql.catalog.lakehouse.uri=http://iceberg-rest:8181 --conf spark.sql.catalog.lakehouse.warehouse=s3://warehouse/ --conf spark.sql.catalog.lakehouse.io-impl=org.apache.iceberg.aws.s3.S3FileIO --conf spark.sql.catalog.lakehouse.client.region=eu-south-2 --conf spark.sql.defaultCatalog=lakehouse --packages org.apache.iceberg:iceberg-spark-runtime-4.1_2.13:1.11.0,org.apache.iceberg:iceberg-aws-bundle:1.11.0,software.amazon.awssdk:bundle:2.29.52,software.amazon.awssdk:url-connection-client:2.29.52 --name arrow-spark --verbose --deploy-mode client /workspace/resources/train_model_lakehouse.py --model-base s3a://warehouse/artifacts/models. Error code is: 1.
[2026-06-03T15:44:37.838+0000] {taskinstance.py:1225} INFO - Marking task as FAILED. dag_id=train_model_lakehouse, task_id=train_model, run_id=manual__2026-06-03T15:39:12.363804+00:00, execution_date=20260603T153912, start_date=20260603T153913, end_date=20260603T154437
[2026-06-03T15:44:42.591+0000] {taskinstance.py:340} INFO - ::group::Post task execution logs
[2026-06-03T15:44:43.364+0000] {standard_task_runner.py:124} ERROR - Failed to execute job 30 for task train_model (Cannot execute: spark-submit --master spark://spark-master:7077 --conf spark.sql.extensions=org.apache.iceberg.spark.extensions.IcebergSparkSessionExtensions --conf spark.sql.catalog.lakehouse=org.apache.iceberg.spark.SparkCatalog --conf spark.sql.catalog.lakehouse.type=rest --conf spark.sql.catalog.lakehouse.uri=http://iceberg-rest:8181 --conf spark.sql.catalog.lakehouse.warehouse=s3://warehouse/ --conf spark.sql.catalog.lakehouse.io-impl=org.apache.iceberg.aws.s3.S3FileIO --conf spark.sql.catalog.lakehouse.client.region=eu-south-2 --conf spark.sql.defaultCatalog=lakehouse --packages org.apache.iceberg:iceberg-spark-runtime-4.1_2.13:1.11.0,org.apache.iceberg:iceberg-aws-bundle:1.11.0,software.amazon.awssdk:bundle:2.29.52,software.amazon.awssdk:url-connection-client:2.29.52 --name arrow-spark --verbose --deploy-mode client /workspace/resources/train_model_lakehouse.py --model-base s3a://warehouse/artifacts/models. Error code is: 1.; 677)
Traceback (most recent call last):
  File "/home/airflow/.local/lib/python3.11/site-packages/airflow/task/task_runner/standard_task_runner.py", line 117, in _start_by_fork
    ret = args.func(args, dag=self.dag)
          ^^^^^^^^^^^^^^^^^^^^^^^^^^^^^
  File "/home/airflow/.local/lib/python3.11/site-packages/airflow/cli/cli_config.py", line 49, in command
    return func(*args, **kwargs)
           ^^^^^^^^^^^^^^^^^^^^^
  File "/home/airflow/.local/lib/python3.11/site-packages/airflow/utils/cli.py", line 116, in wrapper
    return f(*args, **kwargs)
           ^^^^^^^^^^^^^^^^^^
  File "/home/airflow/.local/lib/python3.11/site-packages/airflow/cli/commands/task_command.py", line 483, in task_run
    task_return_code = _run_task_by_selected_method(args, _dag, ti)
                       ^^^^^^^^^^^^^^^^^^^^^^^^^^^^^^^^^^^^^^^^^^^^
  File "/home/airflow/.local/lib/python3.11/site-packages/airflow/cli/commands/task_command.py", line 256, in _run_task_by_selected_method
    return _run_raw_task(args, ti)
           ^^^^^^^^^^^^^^^^^^^^^^^
  File "/home/airflow/.local/lib/python3.11/site-packages/airflow/cli/commands/task_command.py", line 341, in _run_raw_task
    return ti._run_raw_task(
           ^^^^^^^^^^^^^^^^^
  File "/home/airflow/.local/lib/python3.11/site-packages/airflow/utils/session.py", line 97, in wrapper
    return func(*args, session=session, **kwargs)
           ^^^^^^^^^^^^^^^^^^^^^^^^^^^^^^^^^^^^^^
  File "/home/airflow/.local/lib/python3.11/site-packages/airflow/models/taskinstance.py", line 3005, in _run_raw_task
    return _run_raw_task(
           ^^^^^^^^^^^^^^
  File "/home/airflow/.local/lib/python3.11/site-packages/airflow/models/taskinstance.py", line 273, in _run_raw_task
    TaskInstance._execute_task_with_callbacks(
  File "/home/airflow/.local/lib/python3.11/site-packages/airflow/models/taskinstance.py", line 3159, in _execute_task_with_callbacks
    result = self._execute_task(context, task_orig)
             ^^^^^^^^^^^^^^^^^^^^^^^^^^^^^^^^^^^^^^
  File "/home/airflow/.local/lib/python3.11/site-packages/airflow/models/taskinstance.py", line 3183, in _execute_task
    return _execute_task(self, context, task_orig)
           ^^^^^^^^^^^^^^^^^^^^^^^^^^^^^^^^^^^^^^^
  File "/home/airflow/.local/lib/python3.11/site-packages/airflow/models/taskinstance.py", line 767, in _execute_task
    result = _execute_callable(context=context, **execute_callable_kwargs)
             ^^^^^^^^^^^^^^^^^^^^^^^^^^^^^^^^^^^^^^^^^^^^^^^^^^^^^^^^^^^^^
  File "/home/airflow/.local/lib/python3.11/site-packages/airflow/models/taskinstance.py", line 733, in _execute_callable
    return ExecutionCallableRunner(
           ^^^^^^^^^^^^^^^^^^^^^^^^
  File "/home/airflow/.local/lib/python3.11/site-packages/airflow/utils/operator_helpers.py", line 252, in run
    return self.func(*args, **kwargs)
           ^^^^^^^^^^^^^^^^^^^^^^^^^^
  File "/home/airflow/.local/lib/python3.11/site-packages/airflow/models/baseoperator.py", line 422, in wrapper
    return func(self, *args, **kwargs)
           ^^^^^^^^^^^^^^^^^^^^^^^^^^^
  File "/home/airflow/.local/lib/python3.11/site-packages/airflow/providers/apache/spark/operators/spark_submit.py", line 176, in execute
    self._hook.submit(self.application)
  File "/home/airflow/.local/lib/python3.11/site-packages/airflow/providers/apache/spark/hooks/spark_submit.py", line 560, in submit
    raise AirflowException(
airflow.exceptions.AirflowException: Cannot execute: spark-submit --master spark://spark-master:7077 --conf spark.sql.extensions=org.apache.iceberg.spark.extensions.IcebergSparkSessionExtensions --conf spark.sql.catalog.lakehouse=org.apache.iceberg.spark.SparkCatalog --conf spark.sql.catalog.lakehouse.type=rest --conf spark.sql.catalog.lakehouse.uri=http://iceberg-rest:8181 --conf spark.sql.catalog.lakehouse.warehouse=s3://warehouse/ --conf spark.sql.catalog.lakehouse.io-impl=org.apache.iceberg.aws.s3.S3FileIO --conf spark.sql.catalog.lakehouse.client.region=eu-south-2 --conf spark.sql.defaultCatalog=lakehouse --packages org.apache.iceberg:iceberg-spark-runtime-4.1_2.13:1.11.0,org.apache.iceberg:iceberg-aws-bundle:1.11.0,software.amazon.awssdk:bundle:2.29.52,software.amazon.awssdk:url-connection-client:2.29.52 --name arrow-spark --verbose --deploy-mode client /workspace/resources/train_model_lakehouse.py --model-base s3a://warehouse/artifacts/models. Error code is: 1.
[2026-06-03T15:44:43.461+0000] {local_task_job_runner.py:266} INFO - Task exited with return code 1
[2026-06-03T15:44:43.487+0000] {standard_task_runner.py:217} INFO - Process not found (most likely exited), stop collecting metrics
[2026-06-03T15:44:43.490+0000] {taskinstance.py:3895} INFO - 0 downstream tasks scheduled from follow-on schedule check
[2026-06-03T15:44:43.700+0000] {local_task_job_runner.py:245} INFO - ::endgroup::
