[2026-06-03T17:29:53.228+0000] {local_task_job_runner.py:123} INFO - ::group::Pre task execution logs
[2026-06-03T17:29:53.251+0000] {taskinstance.py:2613} INFO - Dependencies all met for dep_context=non-requeueable deps ti=<TaskInstance: train_model_lakehouse.train_model manual__2026-06-03T17:29:52.170912+00:00 [queued]>
[2026-06-03T17:29:53.260+0000] {taskinstance.py:2613} INFO - Dependencies all met for dep_context=requeueable deps ti=<TaskInstance: train_model_lakehouse.train_model manual__2026-06-03T17:29:52.170912+00:00 [queued]>
[2026-06-03T17:29:53.260+0000] {taskinstance.py:2866} INFO - Starting attempt 1 of 1
[2026-06-03T17:29:53.300+0000] {taskinstance.py:2889} INFO - Executing <Task(SparkSubmitOperator): train_model> on 2026-06-03 17:29:52.170912+00:00
[2026-06-03T17:29:53.307+0000] {standard_task_runner.py:72} INFO - Started process 1308 to run task
[2026-06-03T17:29:53.310+0000] {standard_task_runner.py:104} INFO - Running: ['***', 'tasks', 'run', 'train_model_lakehouse', 'train_model', 'manual__2026-06-03T17:29:52.170912+00:00', '--job-id', '9', '--raw', '--subdir', 'DAGS_FOLDER/train_model_lakehouse_dag.py', '--cfg-path', '/tmp/tmpf_4ajo1r']
[2026-06-03T17:29:53.313+0000] {standard_task_runner.py:105} INFO - Job 9: Subtask train_model
[2026-06-03T17:29:53.378+0000] {task_command.py:467} INFO - Running <TaskInstance: train_model_lakehouse.train_model manual__2026-06-03T17:29:52.170912+00:00 [running]> on host c1f40ae5df0c
[2026-06-03T17:29:53.493+0000] {taskinstance.py:3132} INFO - Exporting env vars: AIRFLOW_CTX_DAG_OWNER='***' AIRFLOW_CTX_DAG_ID='train_model_lakehouse' AIRFLOW_CTX_TASK_ID='train_model' AIRFLOW_CTX_EXECUTION_DATE='2026-06-03T17:29:52.170912+00:00' AIRFLOW_CTX_TRY_NUMBER='1' AIRFLOW_CTX_DAG_RUN_ID='manual__2026-06-03T17:29:52.170912+00:00'
[2026-06-03T17:29:53.494+0000] {taskinstance.py:731} INFO - ::endgroup::
[2026-06-03T17:29:53.539+0000] {base.py:84} INFO - Retrieving connection 'spark_default'
[2026-06-03T17:29:53.543+0000] {spark_submit.py:473} INFO - Spark-Submit cmd: spark-submit --master spark://spark-master:7077 --conf spark.sql.extensions=org.apache.iceberg.spark.extensions.IcebergSparkSessionExtensions --conf spark.sql.catalog.lakehouse=org.apache.iceberg.spark.SparkCatalog --conf spark.sql.catalog.lakehouse.type=rest --conf spark.sql.catalog.lakehouse.uri=http://iceberg-rest:8181 --conf spark.sql.catalog.lakehouse.warehouse=s3://warehouse/ --conf spark.sql.catalog.lakehouse.io-impl=org.apache.iceberg.aws.s3.S3FileIO --conf spark.sql.catalog.lakehouse.client.region=eu-south-2 --conf spark.sql.defaultCatalog=lakehouse --conf spark.driver.memory=1g --conf spark.executor.memory=1g --conf spark.executor.cores=1 --conf spark.default.parallelism=2 --conf spark.sql.shuffle.partitions=4 --conf spark.network.timeout=600s --conf spark.executor.heartbeatInterval=60s --packages org.apache.iceberg:iceberg-spark-runtime-4.1_2.13:1.11.0,org.apache.iceberg:iceberg-aws-bundle:1.11.0,software.amazon.awssdk:bundle:2.29.52,software.amazon.awssdk:url-connection-client:2.29.52 --name arrow-spark --verbose --deploy-mode client /workspace/resources/train_model_lakehouse.py --model-base s3a://warehouse/artifacts/models
[2026-06-03T17:29:54.193+0000] {spark_submit.py:634} INFO - WARNING: Using incubator modules: jdk.incubator.vector
[2026-06-03T17:29:55.786+0000] {spark_submit.py:634} INFO - Parsed arguments:
[2026-06-03T17:29:55.787+0000] {spark_submit.py:634} INFO - master                  spark://spark-master:7077
[2026-06-03T17:29:55.787+0000] {spark_submit.py:634} INFO - remote                  null
[2026-06-03T17:29:55.787+0000] {spark_submit.py:634} INFO - deployMode              client
[2026-06-03T17:29:55.788+0000] {spark_submit.py:634} INFO - executorMemory          1g
[2026-06-03T17:29:55.788+0000] {spark_submit.py:634} INFO - executorCores           1
[2026-06-03T17:29:55.788+0000] {spark_submit.py:634} INFO - totalExecutorCores      null
[2026-06-03T17:29:55.788+0000] {spark_submit.py:634} INFO - propertiesFile          null
[2026-06-03T17:29:55.788+0000] {spark_submit.py:634} INFO - driverMemory            1g
[2026-06-03T17:29:55.789+0000] {spark_submit.py:634} INFO - driverCores             null
[2026-06-03T17:29:55.789+0000] {spark_submit.py:634} INFO - driverExtraClassPath    null
[2026-06-03T17:29:55.789+0000] {spark_submit.py:634} INFO - driverExtraLibraryPath  null
[2026-06-03T17:29:55.789+0000] {spark_submit.py:634} INFO - driverExtraJavaOptions  null
[2026-06-03T17:29:55.789+0000] {spark_submit.py:634} INFO - supervise               false
[2026-06-03T17:29:55.789+0000] {spark_submit.py:634} INFO - queue                   null
[2026-06-03T17:29:55.790+0000] {spark_submit.py:634} INFO - numExecutors            null
[2026-06-03T17:29:55.790+0000] {spark_submit.py:634} INFO - files                   null
[2026-06-03T17:29:55.790+0000] {spark_submit.py:634} INFO - pyFiles                 null
[2026-06-03T17:29:55.790+0000] {spark_submit.py:634} INFO - archives                null
[2026-06-03T17:29:55.790+0000] {spark_submit.py:634} INFO - mainClass               null
[2026-06-03T17:29:55.790+0000] {spark_submit.py:634} INFO - primaryResource         file:/workspace/resources/train_model_lakehouse.py
[2026-06-03T17:29:55.790+0000] {spark_submit.py:634} INFO - name                    arrow-spark
[2026-06-03T17:29:55.791+0000] {spark_submit.py:634} INFO - childArgs               [--model-base s3a://warehouse/artifacts/models]
[2026-06-03T17:29:55.791+0000] {spark_submit.py:634} INFO - jars                    null
[2026-06-03T17:29:55.791+0000] {spark_submit.py:634} INFO - packages                org.apache.iceberg:iceberg-spark-runtime-4.1_2.13:1.11.0,org.apache.iceberg:iceberg-aws-bundle:1.11.0,software.amazon.awssdk:bundle:2.29.52,software.amazon.awssdk:url-connection-client:2.29.52
[2026-06-03T17:29:55.791+0000] {spark_submit.py:634} INFO - packagesExclusions      null
[2026-06-03T17:29:55.791+0000] {spark_submit.py:634} INFO - repositories            null
[2026-06-03T17:29:55.791+0000] {spark_submit.py:634} INFO - verbose                 true
[2026-06-03T17:29:55.791+0000] {spark_submit.py:634} INFO - 
[2026-06-03T17:29:55.791+0000] {spark_submit.py:634} INFO - Spark properties used, including those specified through
[2026-06-03T17:29:55.792+0000] {spark_submit.py:634} INFO - --conf and those from the properties file null:
[2026-06-03T17:29:55.792+0000] {spark_submit.py:634} INFO - (spark.default.parallelism,2)
[2026-06-03T17:29:55.792+0000] {spark_submit.py:634} INFO - (spark.driver.memory,1g)
[2026-06-03T17:29:55.792+0000] {spark_submit.py:634} INFO - (spark.executor.cores,1)
[2026-06-03T17:29:55.792+0000] {spark_submit.py:634} INFO - (spark.executor.heartbeatInterval,60s)
[2026-06-03T17:29:55.792+0000] {spark_submit.py:634} INFO - (spark.executor.memory,1g)
[2026-06-03T17:29:55.792+0000] {spark_submit.py:634} INFO - (spark.network.timeout,600s)
[2026-06-03T17:29:55.793+0000] {spark_submit.py:634} INFO - (spark.sql.catalog.lakehouse,org.apache.iceberg.spark.SparkCatalog)
[2026-06-03T17:29:55.793+0000] {spark_submit.py:634} INFO - (spark.sql.catalog.lakehouse.client.region,eu-south-2)
[2026-06-03T17:29:55.793+0000] {spark_submit.py:634} INFO - (spark.sql.catalog.lakehouse.io-impl,org.apache.iceberg.aws.s3.S3FileIO)
[2026-06-03T17:29:55.793+0000] {spark_submit.py:634} INFO - (spark.sql.catalog.lakehouse.type,rest)
[2026-06-03T17:29:55.793+0000] {spark_submit.py:634} INFO - (spark.sql.catalog.lakehouse.uri,http://iceberg-rest:8181)
[2026-06-03T17:29:55.793+0000] {spark_submit.py:634} INFO - (spark.sql.catalog.lakehouse.warehouse,s3://warehouse/)
[2026-06-03T17:29:55.793+0000] {spark_submit.py:634} INFO - (spark.sql.defaultCatalog,lakehouse)
[2026-06-03T17:29:55.794+0000] {spark_submit.py:634} INFO - (spark.sql.extensions,org.apache.iceberg.spark.extensions.IcebergSparkSessionExtensions)
[2026-06-03T17:29:55.794+0000] {spark_submit.py:634} INFO - (spark.sql.shuffle.partitions,4)
[2026-06-03T17:29:55.794+0000] {spark_submit.py:634} INFO - 
[2026-06-03T17:29:55.794+0000] {spark_submit.py:634} INFO - 
[2026-06-03T17:29:55.912+0000] {spark_submit.py:634} INFO - :: loading settings :: url = jar:file:/opt/spark/jars/ivy-2.5.3.jar!/org/apache/ivy/core/settings/ivysettings.xml
[2026-06-03T17:29:56.020+0000] {spark_submit.py:634} INFO - Ivy Default Cache set to: /home/***/.ivy2.5.2/cache
[2026-06-03T17:29:56.021+0000] {spark_submit.py:634} INFO - The jars for the packages stored in: /home/***/.ivy2.5.2/jars
[2026-06-03T17:29:56.030+0000] {spark_submit.py:634} INFO - org.apache.iceberg#iceberg-spark-runtime-4.1_2.13 added as a dependency
[2026-06-03T17:29:56.030+0000] {spark_submit.py:634} INFO - org.apache.iceberg#iceberg-aws-bundle added as a dependency
[2026-06-03T17:29:56.030+0000] {spark_submit.py:634} INFO - software.amazon.awssdk#bundle added as a dependency
[2026-06-03T17:29:56.031+0000] {spark_submit.py:634} INFO - software.amazon.awssdk#url-connection-client added as a dependency
[2026-06-03T17:29:56.031+0000] {spark_submit.py:634} INFO - :: resolving dependencies :: org.apache.spark#spark-submit-parent-42fa6256-26cd-498e-a11c-3c2c4dff4a2d;1.0
[2026-06-03T17:29:56.032+0000] {spark_submit.py:634} INFO - confs: [default]
[2026-06-03T17:29:56.168+0000] {spark_submit.py:634} INFO - found org.apache.iceberg#iceberg-spark-runtime-4.1_2.13;1.11.0 in central
[2026-06-03T17:29:56.193+0000] {spark_submit.py:634} INFO - found org.apache.iceberg#iceberg-aws-bundle;1.11.0 in central
[2026-06-03T17:29:56.238+0000] {spark_submit.py:634} INFO - found software.amazon.awssdk#bundle;2.29.52 in central
[2026-06-03T17:29:56.277+0000] {spark_submit.py:634} INFO - found software.amazon.awssdk#url-connection-client;2.29.52 in central
[2026-06-03T17:29:56.314+0000] {spark_submit.py:634} INFO - found software.amazon.awssdk#utils;2.29.52 in central
[2026-06-03T17:29:56.337+0000] {spark_submit.py:634} INFO - found org.reactivestreams#reactive-streams;1.0.4 in central
[2026-06-03T17:29:56.365+0000] {spark_submit.py:634} INFO - found software.amazon.awssdk#annotations;2.29.52 in central
[2026-06-03T17:29:56.392+0000] {spark_submit.py:634} INFO - found org.slf4j#slf4j-api;1.7.36 in central
[2026-06-03T17:29:56.423+0000] {spark_submit.py:634} INFO - found software.amazon.awssdk#http-client-spi;2.29.52 in central
[2026-06-03T17:29:56.456+0000] {spark_submit.py:634} INFO - found software.amazon.awssdk#metrics-spi;2.29.52 in central
[2026-06-03T17:29:56.512+0000] {spark_submit.py:634} INFO - :: resolution report :: resolve 453ms :: artifacts dl 27ms
[2026-06-03T17:29:56.512+0000] {spark_submit.py:634} INFO - :: modules in use:
[2026-06-03T17:29:56.512+0000] {spark_submit.py:634} INFO - org.apache.iceberg#iceberg-aws-bundle;1.11.0 from central in [default]
[2026-06-03T17:29:56.513+0000] {spark_submit.py:634} INFO - org.apache.iceberg#iceberg-spark-runtime-4.1_2.13;1.11.0 from central in [default]
[2026-06-03T17:29:56.513+0000] {spark_submit.py:634} INFO - org.reactivestreams#reactive-streams;1.0.4 from central in [default]
[2026-06-03T17:29:56.513+0000] {spark_submit.py:634} INFO - org.slf4j#slf4j-api;1.7.36 from central in [default]
[2026-06-03T17:29:56.513+0000] {spark_submit.py:634} INFO - software.amazon.awssdk#annotations;2.29.52 from central in [default]
[2026-06-03T17:29:56.514+0000] {spark_submit.py:634} INFO - software.amazon.awssdk#bundle;2.29.52 from central in [default]
[2026-06-03T17:29:56.514+0000] {spark_submit.py:634} INFO - software.amazon.awssdk#http-client-spi;2.29.52 from central in [default]
[2026-06-03T17:29:56.514+0000] {spark_submit.py:634} INFO - software.amazon.awssdk#metrics-spi;2.29.52 from central in [default]
[2026-06-03T17:29:56.515+0000] {spark_submit.py:634} INFO - software.amazon.awssdk#url-connection-client;2.29.52 from central in [default]
[2026-06-03T17:29:56.515+0000] {spark_submit.py:634} INFO - software.amazon.awssdk#utils;2.29.52 from central in [default]
[2026-06-03T17:29:56.515+0000] {spark_submit.py:634} INFO - ---------------------------------------------------------------------
[2026-06-03T17:29:56.516+0000] {spark_submit.py:634} INFO - |                  |            modules            ||   artifacts   |
[2026-06-03T17:29:56.516+0000] {spark_submit.py:634} INFO - |       conf       | number| search|dwnlded|evicted|| number|dwnlded|
[2026-06-03T17:29:56.516+0000] {spark_submit.py:634} INFO - ---------------------------------------------------------------------
[2026-06-03T17:29:56.517+0000] {spark_submit.py:634} INFO - |      default     |   10  |   0   |   0   |   0   ||   10  |   0   |
[2026-06-03T17:29:56.517+0000] {spark_submit.py:634} INFO - ---------------------------------------------------------------------
[2026-06-03T17:29:56.522+0000] {spark_submit.py:634} INFO - :: retrieving :: org.apache.spark#spark-submit-parent-42fa6256-26cd-498e-a11c-3c2c4dff4a2d
[2026-06-03T17:29:56.523+0000] {spark_submit.py:634} INFO - confs: [default]
[2026-06-03T17:29:56.534+0000] {spark_submit.py:634} INFO - 0 artifacts copied, 10 already retrieved (0kB/12ms)
[2026-06-03T17:29:56.897+0000] {spark_submit.py:634} INFO - 26/06/03 17:29:56 WARN NativeCodeLoader: Unable to load native-hadoop library for your platform... using builtin-java classes where applicable
[2026-06-03T17:29:57.141+0000] {spark_submit.py:634} INFO - Main class:
[2026-06-03T17:29:57.141+0000] {spark_submit.py:634} INFO - org.apache.spark.deploy.PythonRunner
[2026-06-03T17:29:57.141+0000] {spark_submit.py:634} INFO - Arguments:
[2026-06-03T17:29:57.142+0000] {spark_submit.py:634} INFO - file:/workspace/resources/train_model_lakehouse.py
[2026-06-03T17:29:57.142+0000] {spark_submit.py:634} INFO - file:///home/***/.ivy2.5.2/jars/org.apache.iceberg_iceberg-spark-runtime-4.1_2.13-1.11.0.jar,file:///home/***/.ivy2.5.2/jars/org.apache.iceberg_iceberg-aws-bundle-1.11.0.jar,file:///home/***/.ivy2.5.2/jars/software.amazon.awssdk_bundle-2.29.52.jar,file:///home/***/.ivy2.5.2/jars/software.amazon.awssdk_url-connection-client-2.29.52.jar,file:///home/***/.ivy2.5.2/jars/software.amazon.awssdk_utils-2.29.52.jar,file:///home/***/.ivy2.5.2/jars/software.amazon.awssdk_annotations-2.29.52.jar,file:///home/***/.ivy2.5.2/jars/software.amazon.awssdk_http-client-spi-2.29.52.jar,file:///home/***/.ivy2.5.2/jars/org.reactivestreams_reactive-streams-1.0.4.jar,file:///home/***/.ivy2.5.2/jars/org.slf4j_slf4j-api-1.7.36.jar,file:///home/***/.ivy2.5.2/jars/software.amazon.awssdk_metrics-spi-2.29.52.jar
[2026-06-03T17:29:57.142+0000] {spark_submit.py:634} INFO - --model-base
[2026-06-03T17:29:57.142+0000] {spark_submit.py:634} INFO - s3a://warehouse/artifacts/models
[2026-06-03T17:29:57.143+0000] {spark_submit.py:634} INFO - Spark config:
[2026-06-03T17:29:57.143+0000] {spark_submit.py:634} INFO - (spark.app.name,arrow-spark)
[2026-06-03T17:29:57.143+0000] {spark_submit.py:634} INFO - (spark.app.submitTime,1780507797116)
[2026-06-03T17:29:57.143+0000] {spark_submit.py:634} INFO - (spark.default.parallelism,2)
[2026-06-03T17:29:57.144+0000] {spark_submit.py:634} INFO - (spark.driver.memory,1g)
[2026-06-03T17:29:57.144+0000] {spark_submit.py:634} INFO - (spark.executor.cores,1)
[2026-06-03T17:29:57.144+0000] {spark_submit.py:634} INFO - (spark.executor.heartbeatInterval,60s)
[2026-06-03T17:29:57.144+0000] {spark_submit.py:634} INFO - (spark.executor.memory,1g)
[2026-06-03T17:29:57.144+0000] {spark_submit.py:634} INFO - (spark.files,file:///home/***/.ivy2.5.2/jars/org.apache.iceberg_iceberg-spark-runtime-4.1_2.13-1.11.0.jar,file:///home/***/.ivy2.5.2/jars/org.apache.iceberg_iceberg-aws-bundle-1.11.0.jar,file:///home/***/.ivy2.5.2/jars/software.amazon.awssdk_bundle-2.29.52.jar,file:///home/***/.ivy2.5.2/jars/software.amazon.awssdk_url-connection-client-2.29.52.jar,file:///home/***/.ivy2.5.2/jars/software.amazon.awssdk_utils-2.29.52.jar,file:///home/***/.ivy2.5.2/jars/software.amazon.awssdk_annotations-2.29.52.jar,file:///home/***/.ivy2.5.2/jars/software.amazon.awssdk_http-client-spi-2.29.52.jar,file:///home/***/.ivy2.5.2/jars/org.reactivestreams_reactive-streams-1.0.4.jar,file:///home/***/.ivy2.5.2/jars/org.slf4j_slf4j-api-1.7.36.jar,file:///home/***/.ivy2.5.2/jars/software.amazon.awssdk_metrics-spi-2.29.52.jar)
[2026-06-03T17:29:57.144+0000] {spark_submit.py:634} INFO - (spark.jars,file:///home/***/.ivy2.5.2/jars/org.apache.iceberg_iceberg-spark-runtime-4.1_2.13-1.11.0.jar,file:///home/***/.ivy2.5.2/jars/org.apache.iceberg_iceberg-aws-bundle-1.11.0.jar,file:///home/***/.ivy2.5.2/jars/software.amazon.awssdk_bundle-2.29.52.jar,file:///home/***/.ivy2.5.2/jars/software.amazon.awssdk_url-connection-client-2.29.52.jar,file:///home/***/.ivy2.5.2/jars/software.amazon.awssdk_utils-2.29.52.jar,file:///home/***/.ivy2.5.2/jars/software.amazon.awssdk_annotations-2.29.52.jar,file:///home/***/.ivy2.5.2/jars/software.amazon.awssdk_http-client-spi-2.29.52.jar,file:///home/***/.ivy2.5.2/jars/org.reactivestreams_reactive-streams-1.0.4.jar,file:///home/***/.ivy2.5.2/jars/org.slf4j_slf4j-api-1.7.36.jar,file:///home/***/.ivy2.5.2/jars/software.amazon.awssdk_metrics-spi-2.29.52.jar)
[2026-06-03T17:29:57.145+0000] {spark_submit.py:634} INFO - (spark.master,spark://spark-master:7077)
[2026-06-03T17:29:57.145+0000] {spark_submit.py:634} INFO - (spark.network.timeout,600s)
[2026-06-03T17:29:57.145+0000] {spark_submit.py:634} INFO - (spark.repl.local.jars,file:///home/***/.ivy2.5.2/jars/org.apache.iceberg_iceberg-spark-runtime-4.1_2.13-1.11.0.jar,file:///home/***/.ivy2.5.2/jars/org.apache.iceberg_iceberg-aws-bundle-1.11.0.jar,file:///home/***/.ivy2.5.2/jars/software.amazon.awssdk_bundle-2.29.52.jar,file:///home/***/.ivy2.5.2/jars/software.amazon.awssdk_url-connection-client-2.29.52.jar,file:///home/***/.ivy2.5.2/jars/software.amazon.awssdk_utils-2.29.52.jar,file:///home/***/.ivy2.5.2/jars/software.amazon.awssdk_annotations-2.29.52.jar,file:///home/***/.ivy2.5.2/jars/software.amazon.awssdk_http-client-spi-2.29.52.jar,file:///home/***/.ivy2.5.2/jars/org.reactivestreams_reactive-streams-1.0.4.jar,file:///home/***/.ivy2.5.2/jars/org.slf4j_slf4j-api-1.7.36.jar,file:///home/***/.ivy2.5.2/jars/software.amazon.awssdk_metrics-spi-2.29.52.jar)
[2026-06-03T17:29:57.145+0000] {spark_submit.py:634} INFO - (spark.sql.catalog.lakehouse,org.apache.iceberg.spark.SparkCatalog)
[2026-06-03T17:29:57.145+0000] {spark_submit.py:634} INFO - (spark.sql.catalog.lakehouse.client.region,eu-south-2)
[2026-06-03T17:29:57.146+0000] {spark_submit.py:634} INFO - (spark.sql.catalog.lakehouse.io-impl,org.apache.iceberg.aws.s3.S3FileIO)
[2026-06-03T17:29:57.146+0000] {spark_submit.py:634} INFO - (spark.sql.catalog.lakehouse.type,rest)
[2026-06-03T17:29:57.146+0000] {spark_submit.py:634} INFO - (spark.sql.catalog.lakehouse.uri,http://iceberg-rest:8181)
[2026-06-03T17:29:57.146+0000] {spark_submit.py:634} INFO - (spark.sql.catalog.lakehouse.warehouse,s3://warehouse/)
[2026-06-03T17:29:57.146+0000] {spark_submit.py:634} INFO - (spark.sql.defaultCatalog,lakehouse)
[2026-06-03T17:29:57.146+0000] {spark_submit.py:634} INFO - (spark.sql.extensions,org.apache.iceberg.spark.extensions.IcebergSparkSessionExtensions)
[2026-06-03T17:29:57.146+0000] {spark_submit.py:634} INFO - (spark.sql.shuffle.partitions,4)
[2026-06-03T17:29:57.147+0000] {spark_submit.py:634} INFO - (spark.submit.deployMode,client)
[2026-06-03T17:29:57.147+0000] {spark_submit.py:634} INFO - (spark.submit.pyFiles,/home/***/.ivy2.5.2/jars/org.apache.iceberg_iceberg-spark-runtime-4.1_2.13-1.11.0.jar,/home/***/.ivy2.5.2/jars/org.apache.iceberg_iceberg-aws-bundle-1.11.0.jar,/home/***/.ivy2.5.2/jars/software.amazon.awssdk_bundle-2.29.52.jar,/home/***/.ivy2.5.2/jars/software.amazon.awssdk_url-connection-client-2.29.52.jar,/home/***/.ivy2.5.2/jars/software.amazon.awssdk_utils-2.29.52.jar,/home/***/.ivy2.5.2/jars/software.amazon.awssdk_annotations-2.29.52.jar,/home/***/.ivy2.5.2/jars/software.amazon.awssdk_http-client-spi-2.29.52.jar,/home/***/.ivy2.5.2/jars/org.reactivestreams_reactive-streams-1.0.4.jar,/home/***/.ivy2.5.2/jars/org.slf4j_slf4j-api-1.7.36.jar,/home/***/.ivy2.5.2/jars/software.amazon.awssdk_metrics-spi-2.29.52.jar)
[2026-06-03T17:29:57.147+0000] {spark_submit.py:634} INFO - Classpath elements:
[2026-06-03T17:29:57.147+0000] {spark_submit.py:634} INFO - file:///home/***/.ivy2.5.2/jars/org.apache.iceberg_iceberg-spark-runtime-4.1_2.13-1.11.0.jar
[2026-06-03T17:29:57.147+0000] {spark_submit.py:634} INFO - file:///home/***/.ivy2.5.2/jars/org.apache.iceberg_iceberg-aws-bundle-1.11.0.jar
[2026-06-03T17:29:57.148+0000] {spark_submit.py:634} INFO - file:///home/***/.ivy2.5.2/jars/software.amazon.awssdk_bundle-2.29.52.jar
[2026-06-03T17:29:57.148+0000] {spark_submit.py:634} INFO - file:///home/***/.ivy2.5.2/jars/software.amazon.awssdk_url-connection-client-2.29.52.jar
[2026-06-03T17:29:57.148+0000] {spark_submit.py:634} INFO - file:///home/***/.ivy2.5.2/jars/software.amazon.awssdk_utils-2.29.52.jar
[2026-06-03T17:29:57.148+0000] {spark_submit.py:634} INFO - file:///home/***/.ivy2.5.2/jars/software.amazon.awssdk_annotations-2.29.52.jar
[2026-06-03T17:29:57.149+0000] {spark_submit.py:634} INFO - file:///home/***/.ivy2.5.2/jars/software.amazon.awssdk_http-client-spi-2.29.52.jar
[2026-06-03T17:29:57.149+0000] {spark_submit.py:634} INFO - file:///home/***/.ivy2.5.2/jars/org.reactivestreams_reactive-streams-1.0.4.jar
[2026-06-03T17:29:57.149+0000] {spark_submit.py:634} INFO - file:///home/***/.ivy2.5.2/jars/org.slf4j_slf4j-api-1.7.36.jar
[2026-06-03T17:29:57.149+0000] {spark_submit.py:634} INFO - file:///home/***/.ivy2.5.2/jars/software.amazon.awssdk_metrics-spi-2.29.52.jar
[2026-06-03T17:29:57.150+0000] {spark_submit.py:634} INFO - 
[2026-06-03T17:29:57.150+0000] {spark_submit.py:634} INFO - 
[2026-06-03T17:30:14.846+0000] {spark_submit.py:634} INFO - Using Spark's default log4j profile: org/apache/spark/log4j2-defaults.properties
[2026-06-03T17:30:14.852+0000] {spark_submit.py:634} INFO - 26/06/03 17:30:14 INFO SparkContext: Running Spark version 4.1.2
[2026-06-03T17:30:14.854+0000] {spark_submit.py:634} INFO - 26/06/03 17:30:14 INFO SparkContext: OS info Linux, 6.17.0-35-generic, amd64
[2026-06-03T17:30:14.854+0000] {spark_submit.py:634} INFO - 26/06/03 17:30:14 INFO SparkContext: Java version 17.0.19+10-1-deb12u2-Debian
[2026-06-03T17:30:14.888+0000] {spark_submit.py:634} INFO - 26/06/03 17:30:14 INFO ResourceUtils: ==============================================================
[2026-06-03T17:30:14.889+0000] {spark_submit.py:634} INFO - 26/06/03 17:30:14 INFO ResourceUtils: No custom resources configured for spark.driver.
[2026-06-03T17:30:14.889+0000] {spark_submit.py:634} INFO - 26/06/03 17:30:14 INFO ResourceUtils: ==============================================================
[2026-06-03T17:30:14.890+0000] {spark_submit.py:634} INFO - 26/06/03 17:30:14 INFO SparkContext: Submitted application: train_model_lakehouse
[2026-06-03T17:30:14.972+0000] {spark_submit.py:634} INFO - 26/06/03 17:30:14 INFO SecurityManager: Changing view acls to: ***
[2026-06-03T17:30:14.973+0000] {spark_submit.py:634} INFO - 26/06/03 17:30:14 INFO SecurityManager: Changing modify acls to: ***
[2026-06-03T17:30:14.973+0000] {spark_submit.py:634} INFO - 26/06/03 17:30:14 INFO SecurityManager: Changing view acls groups to: ***
[2026-06-03T17:30:14.974+0000] {spark_submit.py:634} INFO - 26/06/03 17:30:14 INFO SecurityManager: Changing modify acls groups to: ***
[2026-06-03T17:30:14.974+0000] {spark_submit.py:634} INFO - 26/06/03 17:30:14 INFO SecurityManager: SecurityManager: authentication disabled; ui acls disabled; users with view permissions: *** groups with view permissions: EMPTY; users with modify permissions: ***; groups with modify permissions: EMPTY; RPC SSL disabled
[2026-06-03T17:30:15.338+0000] {spark_submit.py:634} INFO - 26/06/03 17:30:15 INFO Utils: Successfully started service 'sparkDriver' on port 40649.
[2026-06-03T17:30:15.381+0000] {spark_submit.py:634} INFO - 26/06/03 17:30:15 INFO SparkEnv: Registering MapOutputTracker
[2026-06-03T17:30:15.397+0000] {spark_submit.py:634} INFO - 26/06/03 17:30:15 INFO SparkEnv: Registering BlockManagerMaster
[2026-06-03T17:30:15.422+0000] {spark_submit.py:634} INFO - 26/06/03 17:30:15 INFO BlockManagerMasterEndpoint: Using org.apache.spark.storage.DefaultTopologyMapper for getting topology information
[2026-06-03T17:30:15.422+0000] {spark_submit.py:634} INFO - 26/06/03 17:30:15 INFO BlockManagerMasterEndpoint: BlockManagerMasterEndpoint up
[2026-06-03T17:30:15.426+0000] {spark_submit.py:634} INFO - 26/06/03 17:30:15 INFO SparkEnv: Registering BlockManagerMasterHeartbeat
[2026-06-03T17:30:15.461+0000] {spark_submit.py:634} INFO - 26/06/03 17:30:15 INFO DiskBlockManager: Created local directory at /tmp/blockmgr-81e5a05c-9b77-4940-a1ef-78fb932fd0b3
[2026-06-03T17:30:15.518+0000] {spark_submit.py:634} INFO - 26/06/03 17:30:15 INFO SparkEnv: Registering OutputCommitCoordinator
[2026-06-03T17:30:15.800+0000] {spark_submit.py:634} INFO - 26/06/03 17:30:15 INFO JettyUtils: Start Jetty 0.0.0.0:4040 for SparkUI
[2026-06-03T17:30:15.959+0000] {spark_submit.py:634} INFO - 26/06/03 17:30:15 INFO Utils: Successfully started service 'SparkUI' on port 4040.
[2026-06-03T17:30:16.039+0000] {spark_submit.py:634} INFO - 26/06/03 17:30:16 INFO SparkContext: Added JAR file:///home/***/.ivy2.5.2/jars/org.apache.iceberg_iceberg-spark-runtime-4.1_2.13-1.11.0.jar at spark://c1f40ae5df0c:40649/jars/org.apache.iceberg_iceberg-spark-runtime-4.1_2.13-1.11.0.jar with timestamp 1780507814830
[2026-06-03T17:30:16.040+0000] {spark_submit.py:634} INFO - 26/06/03 17:30:16 INFO SparkContext: Added JAR file:///home/***/.ivy2.5.2/jars/org.apache.iceberg_iceberg-aws-bundle-1.11.0.jar at spark://c1f40ae5df0c:40649/jars/org.apache.iceberg_iceberg-aws-bundle-1.11.0.jar with timestamp 1780507814830
[2026-06-03T17:30:16.040+0000] {spark_submit.py:634} INFO - 26/06/03 17:30:16 INFO SparkContext: Added JAR file:///home/***/.ivy2.5.2/jars/software.amazon.awssdk_bundle-2.29.52.jar at spark://c1f40ae5df0c:40649/jars/software.amazon.awssdk_bundle-2.29.52.jar with timestamp 1780507814830
[2026-06-03T17:30:16.041+0000] {spark_submit.py:634} INFO - 26/06/03 17:30:16 INFO SparkContext: Added JAR file:///home/***/.ivy2.5.2/jars/software.amazon.awssdk_url-connection-client-2.29.52.jar at spark://c1f40ae5df0c:40649/jars/software.amazon.awssdk_url-connection-client-2.29.52.jar with timestamp 1780507814830
[2026-06-03T17:30:16.041+0000] {spark_submit.py:634} INFO - 26/06/03 17:30:16 INFO SparkContext: Added JAR file:///home/***/.ivy2.5.2/jars/software.amazon.awssdk_utils-2.29.52.jar at spark://c1f40ae5df0c:40649/jars/software.amazon.awssdk_utils-2.29.52.jar with timestamp 1780507814830
[2026-06-03T17:30:16.042+0000] {spark_submit.py:634} INFO - 26/06/03 17:30:16 INFO SparkContext: Added JAR file:///home/***/.ivy2.5.2/jars/software.amazon.awssdk_annotations-2.29.52.jar at spark://c1f40ae5df0c:40649/jars/software.amazon.awssdk_annotations-2.29.52.jar with timestamp 1780507814830
[2026-06-03T17:30:16.042+0000] {spark_submit.py:634} INFO - 26/06/03 17:30:16 INFO SparkContext: Added JAR file:///home/***/.ivy2.5.2/jars/software.amazon.awssdk_http-client-spi-2.29.52.jar at spark://c1f40ae5df0c:40649/jars/software.amazon.awssdk_http-client-spi-2.29.52.jar with timestamp 1780507814830
[2026-06-03T17:30:16.042+0000] {spark_submit.py:634} INFO - 26/06/03 17:30:16 INFO SparkContext: Added JAR file:///home/***/.ivy2.5.2/jars/org.reactivestreams_reactive-streams-1.0.4.jar at spark://c1f40ae5df0c:40649/jars/org.reactivestreams_reactive-streams-1.0.4.jar with timestamp 1780507814830
[2026-06-03T17:30:16.043+0000] {spark_submit.py:634} INFO - 26/06/03 17:30:16 INFO SparkContext: Added JAR file:///home/***/.ivy2.5.2/jars/org.slf4j_slf4j-api-1.7.36.jar at spark://c1f40ae5df0c:40649/jars/org.slf4j_slf4j-api-1.7.36.jar with timestamp 1780507814830
[2026-06-03T17:30:16.043+0000] {spark_submit.py:634} INFO - 26/06/03 17:30:16 INFO SparkContext: Added JAR file:///home/***/.ivy2.5.2/jars/software.amazon.awssdk_metrics-spi-2.29.52.jar at spark://c1f40ae5df0c:40649/jars/software.amazon.awssdk_metrics-spi-2.29.52.jar with timestamp 1780507814830
[2026-06-03T17:30:16.050+0000] {spark_submit.py:634} INFO - 26/06/03 17:30:16 INFO SparkContext: Added file file:///home/***/.ivy2.5.2/jars/org.apache.iceberg_iceberg-spark-runtime-4.1_2.13-1.11.0.jar at spark://c1f40ae5df0c:40649/files/org.apache.iceberg_iceberg-spark-runtime-4.1_2.13-1.11.0.jar with timestamp 1780507814830
[2026-06-03T17:30:16.054+0000] {spark_submit.py:634} INFO - 26/06/03 17:30:16 INFO Utils: Copying /home/***/.ivy2.5.2/jars/org.apache.iceberg_iceberg-spark-runtime-4.1_2.13-1.11.0.jar to /tmp/spark-d1f350c6-fb6f-4e18-9bc0-2d0727fb669d/userFiles-88108a60-d648-4ba7-abb8-a826404d7e00/org.apache.iceberg_iceberg-spark-runtime-4.1_2.13-1.11.0.jar
[2026-06-03T17:30:16.343+0000] {spark_submit.py:634} INFO - 26/06/03 17:30:16 INFO SparkContext: Added file file:///home/***/.ivy2.5.2/jars/org.apache.iceberg_iceberg-aws-bundle-1.11.0.jar at spark://c1f40ae5df0c:40649/files/org.apache.iceberg_iceberg-aws-bundle-1.11.0.jar with timestamp 1780507814830
[2026-06-03T17:30:16.345+0000] {spark_submit.py:634} INFO - 26/06/03 17:30:16 INFO Utils: Copying /home/***/.ivy2.5.2/jars/org.apache.iceberg_iceberg-aws-bundle-1.11.0.jar to /tmp/spark-d1f350c6-fb6f-4e18-9bc0-2d0727fb669d/userFiles-88108a60-d648-4ba7-abb8-a826404d7e00/org.apache.iceberg_iceberg-aws-bundle-1.11.0.jar
[2026-06-03T17:30:16.708+0000] {spark_submit.py:634} INFO - 26/06/03 17:30:16 INFO SparkContext: Added file file:///home/***/.ivy2.5.2/jars/software.amazon.awssdk_bundle-2.29.52.jar at spark://c1f40ae5df0c:40649/files/software.amazon.awssdk_bundle-2.29.52.jar with timestamp 1780507814830
[2026-06-03T17:30:16.709+0000] {spark_submit.py:634} INFO - 26/06/03 17:30:16 INFO Utils: Copying /home/***/.ivy2.5.2/jars/software.amazon.awssdk_bundle-2.29.52.jar to /tmp/spark-d1f350c6-fb6f-4e18-9bc0-2d0727fb669d/userFiles-88108a60-d648-4ba7-abb8-a826404d7e00/software.amazon.awssdk_bundle-2.29.52.jar
[2026-06-03T17:30:20.267+0000] {spark_submit.py:634} INFO - 26/06/03 17:30:20 INFO SparkContext: Added file file:///home/***/.ivy2.5.2/jars/software.amazon.awssdk_url-connection-client-2.29.52.jar at spark://c1f40ae5df0c:40649/files/software.amazon.awssdk_url-connection-client-2.29.52.jar with timestamp 1780507814830
[2026-06-03T17:30:20.269+0000] {spark_submit.py:634} INFO - 26/06/03 17:30:20 INFO Utils: Copying /home/***/.ivy2.5.2/jars/software.amazon.awssdk_url-connection-client-2.29.52.jar to /tmp/spark-d1f350c6-fb6f-4e18-9bc0-2d0727fb669d/userFiles-88108a60-d648-4ba7-abb8-a826404d7e00/software.amazon.awssdk_url-connection-client-2.29.52.jar
[2026-06-03T17:30:20.288+0000] {spark_submit.py:634} INFO - 26/06/03 17:30:20 INFO SparkContext: Added file file:///home/***/.ivy2.5.2/jars/software.amazon.awssdk_utils-2.29.52.jar at spark://c1f40ae5df0c:40649/files/software.amazon.awssdk_utils-2.29.52.jar with timestamp 1780507814830
[2026-06-03T17:30:20.289+0000] {spark_submit.py:634} INFO - 26/06/03 17:30:20 INFO Utils: Copying /home/***/.ivy2.5.2/jars/software.amazon.awssdk_utils-2.29.52.jar to /tmp/spark-d1f350c6-fb6f-4e18-9bc0-2d0727fb669d/userFiles-88108a60-d648-4ba7-abb8-a826404d7e00/software.amazon.awssdk_utils-2.29.52.jar
[2026-06-03T17:30:20.312+0000] {spark_submit.py:634} INFO - 26/06/03 17:30:20 INFO SparkContext: Added file file:///home/***/.ivy2.5.2/jars/software.amazon.awssdk_annotations-2.29.52.jar at spark://c1f40ae5df0c:40649/files/software.amazon.awssdk_annotations-2.29.52.jar with timestamp 1780507814830
[2026-06-03T17:30:20.313+0000] {spark_submit.py:634} INFO - 26/06/03 17:30:20 INFO Utils: Copying /home/***/.ivy2.5.2/jars/software.amazon.awssdk_annotations-2.29.52.jar to /tmp/spark-d1f350c6-fb6f-4e18-9bc0-2d0727fb669d/userFiles-88108a60-d648-4ba7-abb8-a826404d7e00/software.amazon.awssdk_annotations-2.29.52.jar
[2026-06-03T17:30:20.332+0000] {spark_submit.py:634} INFO - 26/06/03 17:30:20 INFO SparkContext: Added file file:///home/***/.ivy2.5.2/jars/software.amazon.awssdk_http-client-spi-2.29.52.jar at spark://c1f40ae5df0c:40649/files/software.amazon.awssdk_http-client-spi-2.29.52.jar with timestamp 1780507814830
[2026-06-03T17:30:20.333+0000] {spark_submit.py:634} INFO - 26/06/03 17:30:20 INFO Utils: Copying /home/***/.ivy2.5.2/jars/software.amazon.awssdk_http-client-spi-2.29.52.jar to /tmp/spark-d1f350c6-fb6f-4e18-9bc0-2d0727fb669d/userFiles-88108a60-d648-4ba7-abb8-a826404d7e00/software.amazon.awssdk_http-client-spi-2.29.52.jar
[2026-06-03T17:30:20.351+0000] {spark_submit.py:634} INFO - 26/06/03 17:30:20 INFO SparkContext: Added file file:///home/***/.ivy2.5.2/jars/org.reactivestreams_reactive-streams-1.0.4.jar at spark://c1f40ae5df0c:40649/files/org.reactivestreams_reactive-streams-1.0.4.jar with timestamp 1780507814830
[2026-06-03T17:30:20.352+0000] {spark_submit.py:634} INFO - 26/06/03 17:30:20 INFO Utils: Copying /home/***/.ivy2.5.2/jars/org.reactivestreams_reactive-streams-1.0.4.jar to /tmp/spark-d1f350c6-fb6f-4e18-9bc0-2d0727fb669d/userFiles-88108a60-d648-4ba7-abb8-a826404d7e00/org.reactivestreams_reactive-streams-1.0.4.jar
[2026-06-03T17:30:20.369+0000] {spark_submit.py:634} INFO - 26/06/03 17:30:20 INFO SparkContext: Added file file:///home/***/.ivy2.5.2/jars/org.slf4j_slf4j-api-1.7.36.jar at spark://c1f40ae5df0c:40649/files/org.slf4j_slf4j-api-1.7.36.jar with timestamp 1780507814830
[2026-06-03T17:30:20.370+0000] {spark_submit.py:634} INFO - 26/06/03 17:30:20 INFO Utils: Copying /home/***/.ivy2.5.2/jars/org.slf4j_slf4j-api-1.7.36.jar to /tmp/spark-d1f350c6-fb6f-4e18-9bc0-2d0727fb669d/userFiles-88108a60-d648-4ba7-abb8-a826404d7e00/org.slf4j_slf4j-api-1.7.36.jar
[2026-06-03T17:30:20.390+0000] {spark_submit.py:634} INFO - 26/06/03 17:30:20 INFO SparkContext: Added file file:///home/***/.ivy2.5.2/jars/software.amazon.awssdk_metrics-spi-2.29.52.jar at spark://c1f40ae5df0c:40649/files/software.amazon.awssdk_metrics-spi-2.29.52.jar with timestamp 1780507814830
[2026-06-03T17:30:20.391+0000] {spark_submit.py:634} INFO - 26/06/03 17:30:20 INFO Utils: Copying /home/***/.ivy2.5.2/jars/software.amazon.awssdk_metrics-spi-2.29.52.jar to /tmp/spark-d1f350c6-fb6f-4e18-9bc0-2d0727fb669d/userFiles-88108a60-d648-4ba7-abb8-a826404d7e00/software.amazon.awssdk_metrics-spi-2.29.52.jar
[2026-06-03T17:30:20.544+0000] {spark_submit.py:634} INFO - 26/06/03 17:30:20 INFO ResourceProfile: Default ResourceProfile created, executor resources: Map(cores -> name: cores, amount: 1, script: , vendor: , memory -> name: memory, amount: 1024, script: , vendor: , offHeap -> name: offHeap, amount: 0, script: , vendor: ), task resources: Map(cpus -> name: cpus, amount: 1.0)
[2026-06-03T17:30:20.558+0000] {spark_submit.py:634} INFO - 26/06/03 17:30:20 INFO ResourceProfile: Limiting resource is cpus at 1 tasks per executor
[2026-06-03T17:30:20.563+0000] {spark_submit.py:634} INFO - 26/06/03 17:30:20 INFO ResourceProfileManager: Added ResourceProfile id: 0
[2026-06-03T17:30:20.603+0000] {spark_submit.py:634} INFO - 26/06/03 17:30:20 INFO SecurityManager: Changing view acls to: ***
[2026-06-03T17:30:20.604+0000] {spark_submit.py:634} INFO - 26/06/03 17:30:20 INFO SecurityManager: Changing modify acls to: ***
[2026-06-03T17:30:20.605+0000] {spark_submit.py:634} INFO - 26/06/03 17:30:20 INFO SecurityManager: Changing view acls groups to: ***
[2026-06-03T17:30:20.607+0000] {spark_submit.py:634} INFO - 26/06/03 17:30:20 INFO SecurityManager: Changing modify acls groups to: ***
[2026-06-03T17:30:20.607+0000] {spark_submit.py:634} INFO - 26/06/03 17:30:20 INFO SecurityManager: SecurityManager: authentication disabled; ui acls disabled; users with view permissions: *** groups with view permissions: EMPTY; users with modify permissions: ***; groups with modify permissions: EMPTY; RPC SSL disabled
[2026-06-03T17:30:20.885+0000] {spark_submit.py:634} INFO - 26/06/03 17:30:20 INFO StandaloneAppClient$ClientEndpoint: Connecting to master spark://spark-master:7077...
[2026-06-03T17:30:21.023+0000] {spark_submit.py:634} INFO - 26/06/03 17:30:21 INFO TransportClientFactory: Successfully created connection to spark-master/172.18.0.2:7077 after 72 ms (0 ms spent in bootstraps)
[2026-06-03T17:30:21.615+0000] {spark_submit.py:634} INFO - 26/06/03 17:30:21 INFO StandaloneSchedulerBackend: Connected to Spark cluster with app ID app-20260603173021-0000
[2026-06-03T17:30:21.644+0000] {spark_submit.py:634} INFO - 26/06/03 17:30:21 INFO Utils: Successfully started service 'org.apache.spark.network.netty.NettyBlockTransferService' on port 34579.
[2026-06-03T17:30:21.645+0000] {spark_submit.py:634} INFO - 26/06/03 17:30:21 INFO NettyBlockTransferService: Server created on c1f40ae5df0c:34579
[2026-06-03T17:30:21.652+0000] {spark_submit.py:634} INFO - 26/06/03 17:30:21 INFO BlockManager: Using org.apache.spark.storage.RandomBlockReplicationPolicy for block replication policy
[2026-06-03T17:30:21.711+0000] {spark_submit.py:634} INFO - 26/06/03 17:30:21 INFO BlockManagerMaster: Registering BlockManager BlockManagerId(driver, c1f40ae5df0c, 34579, None)
[2026-06-03T17:30:21.735+0000] {spark_submit.py:634} INFO - 26/06/03 17:30:21 INFO BlockManagerMasterEndpoint: Registering block manager c1f40ae5df0c:34579 with 434.4 MiB RAM, BlockManagerId(driver, c1f40ae5df0c, 34579, None)
[2026-06-03T17:30:21.752+0000] {spark_submit.py:634} INFO - 26/06/03 17:30:21 INFO BlockManagerMaster: Registered BlockManager BlockManagerId(driver, c1f40ae5df0c, 34579, None)
[2026-06-03T17:30:21.755+0000] {spark_submit.py:634} INFO - 26/06/03 17:30:21 INFO StandaloneAppClient$ClientEndpoint: Executor added: app-20260603173021-0000/0 on worker-20260603171640-172.18.0.9-34227 (172.18.0.9:34227) with 1 core(s)
[2026-06-03T17:30:21.760+0000] {spark_submit.py:634} INFO - 26/06/03 17:30:21 INFO BlockManager: Initialized BlockManager: BlockManagerId(driver, c1f40ae5df0c, 34579, None)
[2026-06-03T17:30:21.770+0000] {spark_submit.py:634} INFO - 26/06/03 17:30:21 INFO StandaloneSchedulerBackend: Granted executor ID app-20260603173021-0000/0 on hostPort 172.18.0.9:34227 with 1 core(s), 1024.0 MiB RAM
[2026-06-03T17:30:21.771+0000] {spark_submit.py:634} INFO - 26/06/03 17:30:21 INFO StandaloneAppClient$ClientEndpoint: Executor added: app-20260603173021-0000/1 on worker-20260603171640-172.18.0.9-34227 (172.18.0.9:34227) with 1 core(s)
[2026-06-03T17:30:21.771+0000] {spark_submit.py:634} INFO - 26/06/03 17:30:21 INFO StandaloneSchedulerBackend: Granted executor ID app-20260603173021-0000/1 on hostPort 172.18.0.9:34227 with 1 core(s), 1024.0 MiB RAM
[2026-06-03T17:30:21.775+0000] {spark_submit.py:634} INFO - 26/06/03 17:30:21 INFO StandaloneAppClient$ClientEndpoint: Executor added: app-20260603173021-0000/2 on worker-20260603171640-172.18.0.9-34227 (172.18.0.9:34227) with 1 core(s)
[2026-06-03T17:30:21.775+0000] {spark_submit.py:634} INFO - 26/06/03 17:30:21 INFO StandaloneSchedulerBackend: Granted executor ID app-20260603173021-0000/2 on hostPort 172.18.0.9:34227 with 1 core(s), 1024.0 MiB RAM
[2026-06-03T17:30:21.778+0000] {spark_submit.py:634} INFO - 26/06/03 17:30:21 INFO StandaloneAppClient$ClientEndpoint: Executor added: app-20260603173021-0000/3 on worker-20260603171640-172.18.0.9-34227 (172.18.0.9:34227) with 1 core(s)
[2026-06-03T17:30:21.785+0000] {spark_submit.py:634} INFO - 26/06/03 17:30:21 INFO StandaloneSchedulerBackend: Granted executor ID app-20260603173021-0000/3 on hostPort 172.18.0.9:34227 with 1 core(s), 1024.0 MiB RAM
[2026-06-03T17:30:21.786+0000] {spark_submit.py:634} INFO - 26/06/03 17:30:21 INFO StandaloneAppClient$ClientEndpoint: Executor added: app-20260603173021-0000/4 on worker-20260603171640-172.18.0.9-34227 (172.18.0.9:34227) with 1 core(s)
[2026-06-03T17:30:21.786+0000] {spark_submit.py:634} INFO - 26/06/03 17:30:21 INFO StandaloneSchedulerBackend: Granted executor ID app-20260603173021-0000/4 on hostPort 172.18.0.9:34227 with 1 core(s), 1024.0 MiB RAM
[2026-06-03T17:30:21.787+0000] {spark_submit.py:634} INFO - 26/06/03 17:30:21 INFO StandaloneAppClient$ClientEndpoint: Executor added: app-20260603173021-0000/5 on worker-20260603171640-172.18.0.9-34227 (172.18.0.9:34227) with 1 core(s)
[2026-06-03T17:30:21.787+0000] {spark_submit.py:634} INFO - 26/06/03 17:30:21 INFO StandaloneSchedulerBackend: Granted executor ID app-20260603173021-0000/5 on hostPort 172.18.0.9:34227 with 1 core(s), 1024.0 MiB RAM
[2026-06-03T17:30:21.788+0000] {spark_submit.py:634} INFO - 26/06/03 17:30:21 INFO StandaloneAppClient$ClientEndpoint: Executor added: app-20260603173021-0000/6 on worker-20260603171640-172.18.0.9-34227 (172.18.0.9:34227) with 1 core(s)
[2026-06-03T17:30:21.789+0000] {spark_submit.py:634} INFO - 26/06/03 17:30:21 INFO StandaloneSchedulerBackend: Granted executor ID app-20260603173021-0000/6 on hostPort 172.18.0.9:34227 with 1 core(s), 1024.0 MiB RAM
[2026-06-03T17:30:21.789+0000] {spark_submit.py:634} INFO - 26/06/03 17:30:21 INFO StandaloneAppClient$ClientEndpoint: Executor added: app-20260603173021-0000/7 on worker-20260603171640-172.18.0.9-34227 (172.18.0.9:34227) with 1 core(s)
[2026-06-03T17:30:21.790+0000] {spark_submit.py:634} INFO - 26/06/03 17:30:21 INFO StandaloneSchedulerBackend: Granted executor ID app-20260603173021-0000/7 on hostPort 172.18.0.9:34227 with 1 core(s), 1024.0 MiB RAM
[2026-06-03T17:30:21.790+0000] {spark_submit.py:634} INFO - 26/06/03 17:30:21 INFO StandaloneAppClient$ClientEndpoint: Executor added: app-20260603173021-0000/8 on worker-20260603171640-172.18.0.7-34593 (172.18.0.7:34593) with 1 core(s)
[2026-06-03T17:30:21.791+0000] {spark_submit.py:634} INFO - 26/06/03 17:30:21 INFO StandaloneSchedulerBackend: Granted executor ID app-20260603173021-0000/8 on hostPort 172.18.0.7:34593 with 1 core(s), 1024.0 MiB RAM
[2026-06-03T17:30:21.791+0000] {spark_submit.py:634} INFO - 26/06/03 17:30:21 INFO StandaloneAppClient$ClientEndpoint: Executor added: app-20260603173021-0000/9 on worker-20260603171640-172.18.0.7-34593 (172.18.0.7:34593) with 1 core(s)
[2026-06-03T17:30:21.792+0000] {spark_submit.py:634} INFO - 26/06/03 17:30:21 INFO StandaloneSchedulerBackend: Granted executor ID app-20260603173021-0000/9 on hostPort 172.18.0.7:34593 with 1 core(s), 1024.0 MiB RAM
[2026-06-03T17:30:21.792+0000] {spark_submit.py:634} INFO - 26/06/03 17:30:21 INFO StandaloneAppClient$ClientEndpoint: Executor added: app-20260603173021-0000/10 on worker-20260603171640-172.18.0.7-34593 (172.18.0.7:34593) with 1 core(s)
[2026-06-03T17:30:21.793+0000] {spark_submit.py:634} INFO - 26/06/03 17:30:21 INFO StandaloneSchedulerBackend: Granted executor ID app-20260603173021-0000/10 on hostPort 172.18.0.7:34593 with 1 core(s), 1024.0 MiB RAM
[2026-06-03T17:30:21.793+0000] {spark_submit.py:634} INFO - 26/06/03 17:30:21 INFO StandaloneAppClient$ClientEndpoint: Executor added: app-20260603173021-0000/11 on worker-20260603171640-172.18.0.7-34593 (172.18.0.7:34593) with 1 core(s)
[2026-06-03T17:30:21.793+0000] {spark_submit.py:634} INFO - 26/06/03 17:30:21 INFO StandaloneSchedulerBackend: Granted executor ID app-20260603173021-0000/11 on hostPort 172.18.0.7:34593 with 1 core(s), 1024.0 MiB RAM
[2026-06-03T17:30:21.794+0000] {spark_submit.py:634} INFO - 26/06/03 17:30:21 INFO StandaloneAppClient$ClientEndpoint: Executor added: app-20260603173021-0000/12 on worker-20260603171640-172.18.0.7-34593 (172.18.0.7:34593) with 1 core(s)
[2026-06-03T17:30:21.794+0000] {spark_submit.py:634} INFO - 26/06/03 17:30:21 INFO StandaloneSchedulerBackend: Granted executor ID app-20260603173021-0000/12 on hostPort 172.18.0.7:34593 with 1 core(s), 1024.0 MiB RAM
[2026-06-03T17:30:21.795+0000] {spark_submit.py:634} INFO - 26/06/03 17:30:21 INFO StandaloneAppClient$ClientEndpoint: Executor added: app-20260603173021-0000/13 on worker-20260603171640-172.18.0.7-34593 (172.18.0.7:34593) with 1 core(s)
[2026-06-03T17:30:21.795+0000] {spark_submit.py:634} INFO - 26/06/03 17:30:21 INFO StandaloneSchedulerBackend: Granted executor ID app-20260603173021-0000/13 on hostPort 172.18.0.7:34593 with 1 core(s), 1024.0 MiB RAM
[2026-06-03T17:30:21.795+0000] {spark_submit.py:634} INFO - 26/06/03 17:30:21 INFO StandaloneAppClient$ClientEndpoint: Executor added: app-20260603173021-0000/14 on worker-20260603171640-172.18.0.7-34593 (172.18.0.7:34593) with 1 core(s)
[2026-06-03T17:30:21.796+0000] {spark_submit.py:634} INFO - 26/06/03 17:30:21 INFO StandaloneSchedulerBackend: Granted executor ID app-20260603173021-0000/14 on hostPort 172.18.0.7:34593 with 1 core(s), 1024.0 MiB RAM
[2026-06-03T17:30:21.796+0000] {spark_submit.py:634} INFO - 26/06/03 17:30:21 INFO StandaloneAppClient$ClientEndpoint: Executor added: app-20260603173021-0000/15 on worker-20260603171640-172.18.0.7-34593 (172.18.0.7:34593) with 1 core(s)
[2026-06-03T17:30:21.797+0000] {spark_submit.py:634} INFO - 26/06/03 17:30:21 INFO StandaloneSchedulerBackend: Granted executor ID app-20260603173021-0000/15 on hostPort 172.18.0.7:34593 with 1 core(s), 1024.0 MiB RAM
[2026-06-03T17:30:22.367+0000] {spark_submit.py:634} INFO - 26/06/03 17:30:22 INFO StandaloneAppClient$ClientEndpoint: Executor updated: app-20260603173021-0000/3 is now RUNNING
[2026-06-03T17:30:22.368+0000] {spark_submit.py:634} INFO - 26/06/03 17:30:22 INFO StandaloneAppClient$ClientEndpoint: Executor updated: app-20260603173021-0000/2 is now RUNNING
[2026-06-03T17:30:22.386+0000] {spark_submit.py:634} INFO - 26/06/03 17:30:22 INFO StandaloneAppClient$ClientEndpoint: Executor updated: app-20260603173021-0000/1 is now RUNNING
[2026-06-03T17:30:22.389+0000] {spark_submit.py:634} INFO - 26/06/03 17:30:22 INFO StandaloneAppClient$ClientEndpoint: Executor updated: app-20260603173021-0000/5 is now RUNNING
[2026-06-03T17:30:22.439+0000] {spark_submit.py:634} INFO - 26/06/03 17:30:22 INFO StandaloneAppClient$ClientEndpoint: Executor updated: app-20260603173021-0000/0 is now RUNNING
[2026-06-03T17:30:22.439+0000] {spark_submit.py:634} INFO - 26/06/03 17:30:22 INFO StandaloneAppClient$ClientEndpoint: Executor updated: app-20260603173021-0000/7 is now RUNNING
[2026-06-03T17:30:22.442+0000] {spark_submit.py:634} INFO - 26/06/03 17:30:22 INFO StandaloneAppClient$ClientEndpoint: Executor updated: app-20260603173021-0000/9 is now RUNNING
[2026-06-03T17:30:22.452+0000] {spark_submit.py:634} INFO - 26/06/03 17:30:22 INFO StandaloneAppClient$ClientEndpoint: Executor updated: app-20260603173021-0000/14 is now RUNNING
[2026-06-03T17:30:22.474+0000] {spark_submit.py:634} INFO - 26/06/03 17:30:22 INFO StandaloneAppClient$ClientEndpoint: Executor updated: app-20260603173021-0000/8 is now RUNNING
[2026-06-03T17:30:22.526+0000] {spark_submit.py:634} INFO - 26/06/03 17:30:22 INFO StandaloneSchedulerBackend: SchedulerBackend is ready for scheduling beginning after reached minRegisteredResourcesRatio: 0.0
[2026-06-03T17:30:22.533+0000] {spark_submit.py:634} INFO - 26/06/03 17:30:22 INFO StandaloneAppClient$ClientEndpoint: Executor updated: app-20260603173021-0000/10 is now RUNNING
[2026-06-03T17:30:22.576+0000] {spark_submit.py:634} INFO - 26/06/03 17:30:22 INFO StandaloneAppClient$ClientEndpoint: Executor updated: app-20260603173021-0000/12 is now RUNNING
[2026-06-03T17:30:22.583+0000] {spark_submit.py:634} INFO - 26/06/03 17:30:22 INFO StandaloneAppClient$ClientEndpoint: Executor updated: app-20260603173021-0000/15 is now RUNNING
[2026-06-03T17:30:22.594+0000] {spark_submit.py:634} INFO - 26/06/03 17:30:22 INFO StandaloneAppClient$ClientEndpoint: Executor updated: app-20260603173021-0000/4 is now RUNNING
[2026-06-03T17:30:22.597+0000] {spark_submit.py:634} INFO - 26/06/03 17:30:22 INFO StandaloneAppClient$ClientEndpoint: Executor updated: app-20260603173021-0000/11 is now RUNNING
[2026-06-03T17:30:22.600+0000] {spark_submit.py:634} INFO - 26/06/03 17:30:22 INFO StandaloneAppClient$ClientEndpoint: Executor updated: app-20260603173021-0000/13 is now RUNNING
[2026-06-03T17:30:22.631+0000] {spark_submit.py:634} INFO - 26/06/03 17:30:22 INFO StandaloneAppClient$ClientEndpoint: Executor updated: app-20260603173021-0000/6 is now RUNNING
[2026-06-03T17:53:30.037+0000] {job.py:229} INFO - Heartbeat recovered after 1386.07 seconds
                                                                                                                                                                                                                                      