[2026-06-03T15:08:12.649+0000] {local_task_job_runner.py:123} INFO - ::group::Pre task execution logs
[2026-06-03T15:08:12.672+0000] {taskinstance.py:2613} INFO - Dependencies all met for dep_context=non-requeueable deps ti=<TaskInstance: train_model_lakehouse.train_model manual__2026-06-03T15:08:12.099870+00:00 [queued]>
[2026-06-03T15:08:12.681+0000] {taskinstance.py:2613} INFO - Dependencies all met for dep_context=requeueable deps ti=<TaskInstance: train_model_lakehouse.train_model manual__2026-06-03T15:08:12.099870+00:00 [queued]>
[2026-06-03T15:08:12.681+0000] {taskinstance.py:2866} INFO - Starting attempt 1 of 1
[2026-06-03T15:08:12.695+0000] {taskinstance.py:2889} INFO - Executing <Task(SparkSubmitOperator): train_model> on 2026-06-03 15:08:12.099870+00:00
[2026-06-03T15:08:12.702+0000] {standard_task_runner.py:72} INFO - Started process 182 to run task
[2026-06-03T15:08:12.705+0000] {standard_task_runner.py:104} INFO - Running: ['***', 'tasks', 'run', 'train_model_lakehouse', 'train_model', 'manual__2026-06-03T15:08:12.099870+00:00', '--job-id', '26', '--raw', '--subdir', 'DAGS_FOLDER/train_model_lakehouse_dag.py', '--cfg-path', '/tmp/tmp56kfwzw7']
[2026-06-03T15:08:12.708+0000] {standard_task_runner.py:105} INFO - Job 26: Subtask train_model
[2026-06-03T15:08:12.775+0000] {task_command.py:467} INFO - Running <TaskInstance: train_model_lakehouse.train_model manual__2026-06-03T15:08:12.099870+00:00 [running]> on host d41b5fee0913
[2026-06-03T15:08:12.898+0000] {taskinstance.py:3132} INFO - Exporting env vars: AIRFLOW_CTX_DAG_OWNER='***' AIRFLOW_CTX_DAG_ID='train_model_lakehouse' AIRFLOW_CTX_TASK_ID='train_model' AIRFLOW_CTX_EXECUTION_DATE='2026-06-03T15:08:12.099870+00:00' AIRFLOW_CTX_TRY_NUMBER='1' AIRFLOW_CTX_DAG_RUN_ID='manual__2026-06-03T15:08:12.099870+00:00'
[2026-06-03T15:08:12.898+0000] {taskinstance.py:731} INFO - ::endgroup::
[2026-06-03T15:08:12.970+0000] {base.py:84} INFO - Retrieving connection 'spark_default'
[2026-06-03T15:08:12.973+0000] {spark_submit.py:473} INFO - Spark-Submit cmd: spark-submit --master spark://spark-master:7077 --conf spark.sql.extensions=org.apache.iceberg.spark.extensions.IcebergSparkSessionExtensions --conf spark.sql.catalog.lakehouse=org.apache.iceberg.spark.SparkCatalog --conf spark.sql.catalog.lakehouse.type=rest --conf spark.sql.catalog.lakehouse.uri=http://iceberg-rest:8181 --conf spark.sql.catalog.lakehouse.warehouse=s3://warehouse/ --conf spark.sql.catalog.lakehouse.io-impl=org.apache.iceberg.aws.s3.S3FileIO --conf spark.sql.catalog.lakehouse.client.region=eu-south-2 --conf spark.sql.catalog.lakehouse.s3.endpoint=http://minio:9000 --conf spark.sql.catalog.lakehouse.s3.access-key-id=admin --conf spark.sql.catalog.lakehouse.s3.secret-access-key=****** --conf spark.sql.catalog.lakehouse.s3.path-style-access=true --conf spark.sql.defaultCatalog=lakehouse --conf spark.hadoop.fs.s3a.endpoint=http://minio:9000 --conf spark.hadoop.fs.s3a.access.key=admin --conf spark.hadoop.fs.s3a.secret.key=****** --conf spark.hadoop.fs.s3a.path.style.access=true --conf spark.hadoop.fs.s3a.connection.ssl.enabled=false --name arrow-spark --verbose --deploy-mode client /workspace/resources/train_model_lakehouse.py --model-base s3a://warehouse/artifacts/models
[2026-06-03T15:08:13.336+0000] {spark_submit.py:634} INFO - WARNING: Using incubator modules: jdk.incubator.vector
[2026-06-03T15:08:14.626+0000] {spark_submit.py:634} INFO - Parsed arguments:
[2026-06-03T15:08:14.626+0000] {spark_submit.py:634} INFO - master                  spark://spark-master:7077
[2026-06-03T15:08:14.626+0000] {spark_submit.py:634} INFO - remote                  null
[2026-06-03T15:08:14.627+0000] {spark_submit.py:634} INFO - deployMode              client
[2026-06-03T15:08:14.627+0000] {spark_submit.py:634} INFO - executorMemory          null
[2026-06-03T15:08:14.627+0000] {spark_submit.py:634} INFO - executorCores           null
[2026-06-03T15:08:14.627+0000] {spark_submit.py:634} INFO - totalExecutorCores      null
[2026-06-03T15:08:14.628+0000] {spark_submit.py:634} INFO - propertiesFile          null
[2026-06-03T15:08:14.628+0000] {spark_submit.py:634} INFO - driverMemory            null
[2026-06-03T15:08:14.628+0000] {spark_submit.py:634} INFO - driverCores             null
[2026-06-03T15:08:14.628+0000] {spark_submit.py:634} INFO - driverExtraClassPath    null
[2026-06-03T15:08:14.629+0000] {spark_submit.py:634} INFO - driverExtraLibraryPath  null
[2026-06-03T15:08:14.629+0000] {spark_submit.py:634} INFO - driverExtraJavaOptions  null
[2026-06-03T15:08:14.629+0000] {spark_submit.py:634} INFO - supervise               false
[2026-06-03T15:08:14.629+0000] {spark_submit.py:634} INFO - queue                   null
[2026-06-03T15:08:14.629+0000] {spark_submit.py:634} INFO - numExecutors            null
[2026-06-03T15:08:14.629+0000] {spark_submit.py:634} INFO - files                   null
[2026-06-03T15:08:14.629+0000] {spark_submit.py:634} INFO - pyFiles                 null
[2026-06-03T15:08:14.630+0000] {spark_submit.py:634} INFO - archives                null
[2026-06-03T15:08:14.630+0000] {spark_submit.py:634} INFO - mainClass               null
[2026-06-03T15:08:14.630+0000] {spark_submit.py:634} INFO - primaryResource         file:/workspace/resources/train_model_lakehouse.py
[2026-06-03T15:08:14.630+0000] {spark_submit.py:634} INFO - name                    arrow-spark
[2026-06-03T15:08:14.630+0000] {spark_submit.py:634} INFO - childArgs               [--model-base s3a://warehouse/artifacts/models]
[2026-06-03T15:08:14.630+0000] {spark_submit.py:634} INFO - jars                    null
[2026-06-03T15:08:14.630+0000] {spark_submit.py:634} INFO - packages                null
[2026-06-03T15:08:14.630+0000] {spark_submit.py:634} INFO - packagesExclusions      null
[2026-06-03T15:08:14.631+0000] {spark_submit.py:634} INFO - repositories            null
[2026-06-03T15:08:14.631+0000] {spark_submit.py:634} INFO - verbose                 true
[2026-06-03T15:08:14.631+0000] {spark_submit.py:634} INFO - 
[2026-06-03T15:08:14.631+0000] {spark_submit.py:634} INFO - Spark properties used, including those specified through
[2026-06-03T15:08:14.631+0000] {spark_submit.py:634} INFO - --conf and those from the properties file null:
[2026-06-03T15:08:14.631+0000] {spark_submit.py:634} INFO - (spark.hadoop.fs.s3a.access.key,*********(redacted))
[2026-06-03T15:08:14.632+0000] {spark_submit.py:634} INFO - (spark.hadoop.fs.s3a.connection.ssl.enabled,false)
[2026-06-03T15:08:14.632+0000] {spark_submit.py:634} INFO - (spark.hadoop.fs.s3a.endpoint,http://minio:9000)
[2026-06-03T15:08:14.632+0000] {spark_submit.py:634} INFO - (spark.hadoop.fs.s3a.path.style.access,true)
[2026-06-03T15:08:14.632+0000] {spark_submit.py:634} INFO - (spark.hadoop.fs.s3a.secret.key,*********(redacted))
[2026-06-03T15:08:14.632+0000] {spark_submit.py:634} INFO - (spark.sql.catalog.lakehouse,org.apache.iceberg.spark.SparkCatalog)
[2026-06-03T15:08:14.632+0000] {spark_submit.py:634} INFO - (spark.sql.catalog.lakehouse.client.region,eu-south-2)
[2026-06-03T15:08:14.632+0000] {spark_submit.py:634} INFO - (spark.sql.catalog.lakehouse.io-impl,org.apache.iceberg.aws.s3.S3FileIO)
[2026-06-03T15:08:14.633+0000] {spark_submit.py:634} INFO - (spark.sql.catalog.lakehouse.s3.access-key-id,admin)
[2026-06-03T15:08:14.633+0000] {spark_submit.py:634} INFO - (spark.sql.catalog.lakehouse.s3.endpoint,http://minio:9000)
[2026-06-03T15:08:14.633+0000] {spark_submit.py:634} INFO - (spark.sql.catalog.lakehouse.s3.path-style-access,true)
[2026-06-03T15:08:14.633+0000] {spark_submit.py:634} INFO - (spark.sql.catalog.lakehouse.s3.secret-access-key,*********(redacted))
[2026-06-03T15:08:14.633+0000] {spark_submit.py:634} INFO - (spark.sql.catalog.lakehouse.type,rest)
[2026-06-03T15:08:14.633+0000] {spark_submit.py:634} INFO - (spark.sql.catalog.lakehouse.uri,http://iceberg-rest:8181)
[2026-06-03T15:08:14.633+0000] {spark_submit.py:634} INFO - (spark.sql.catalog.lakehouse.warehouse,s3://warehouse/)
[2026-06-03T15:08:14.633+0000] {spark_submit.py:634} INFO - (spark.sql.defaultCatalog,lakehouse)
[2026-06-03T15:08:14.634+0000] {spark_submit.py:634} INFO - (spark.sql.extensions,org.apache.iceberg.spark.extensions.IcebergSparkSessionExtensions)
[2026-06-03T15:08:14.634+0000] {spark_submit.py:634} INFO - 
[2026-06-03T15:08:14.634+0000] {spark_submit.py:634} INFO - 
[2026-06-03T15:08:14.929+0000] {spark_submit.py:634} INFO - Main class:
[2026-06-03T15:08:14.929+0000] {spark_submit.py:634} INFO - org.apache.spark.deploy.PythonRunner
[2026-06-03T15:08:14.930+0000] {spark_submit.py:634} INFO - Arguments:
[2026-06-03T15:08:14.930+0000] {spark_submit.py:634} INFO - file:/workspace/resources/train_model_lakehouse.py
[2026-06-03T15:08:14.930+0000] {spark_submit.py:634} INFO - null
[2026-06-03T15:08:14.930+0000] {spark_submit.py:634} INFO - --model-base
[2026-06-03T15:08:14.930+0000] {spark_submit.py:634} INFO - s3a://warehouse/artifacts/models
[2026-06-03T15:08:14.931+0000] {spark_submit.py:634} INFO - Spark config:
[2026-06-03T15:08:14.931+0000] {spark_submit.py:634} INFO - (spark.app.name,arrow-spark)
[2026-06-03T15:08:14.931+0000] {spark_submit.py:634} INFO - (spark.app.submitTime,1780499294893)
[2026-06-03T15:08:14.932+0000] {spark_submit.py:634} INFO - (spark.hadoop.fs.s3a.access.key,*********(redacted))
[2026-06-03T15:08:14.932+0000] {spark_submit.py:634} INFO - (spark.hadoop.fs.s3a.connection.ssl.enabled,false)
[2026-06-03T15:08:14.932+0000] {spark_submit.py:634} INFO - (spark.hadoop.fs.s3a.endpoint,http://minio:9000)
[2026-06-03T15:08:14.932+0000] {spark_submit.py:634} INFO - (spark.hadoop.fs.s3a.path.style.access,true)
[2026-06-03T15:08:14.932+0000] {spark_submit.py:634} INFO - (spark.hadoop.fs.s3a.secret.key,*********(redacted))
[2026-06-03T15:08:14.932+0000] {spark_submit.py:634} INFO - (spark.master,spark://spark-master:7077)
[2026-06-03T15:08:14.932+0000] {spark_submit.py:634} INFO - (spark.sql.catalog.lakehouse,org.apache.iceberg.spark.SparkCatalog)
[2026-06-03T15:08:14.933+0000] {spark_submit.py:634} INFO - (spark.sql.catalog.lakehouse.client.region,eu-south-2)
[2026-06-03T15:08:14.933+0000] {spark_submit.py:634} INFO - (spark.sql.catalog.lakehouse.io-impl,org.apache.iceberg.aws.s3.S3FileIO)
[2026-06-03T15:08:14.933+0000] {spark_submit.py:634} INFO - (spark.sql.catalog.lakehouse.s3.access-key-id,admin)
[2026-06-03T15:08:14.933+0000] {spark_submit.py:634} INFO - (spark.sql.catalog.lakehouse.s3.endpoint,http://minio:9000)
[2026-06-03T15:08:14.933+0000] {spark_submit.py:634} INFO - (spark.sql.catalog.lakehouse.s3.path-style-access,true)
[2026-06-03T15:08:14.933+0000] {spark_submit.py:634} INFO - (spark.sql.catalog.lakehouse.s3.secret-access-key,*********(redacted))
[2026-06-03T15:08:14.934+0000] {spark_submit.py:634} INFO - (spark.sql.catalog.lakehouse.type,rest)
[2026-06-03T15:08:14.934+0000] {spark_submit.py:634} INFO - (spark.sql.catalog.lakehouse.uri,http://iceberg-rest:8181)
[2026-06-03T15:08:14.934+0000] {spark_submit.py:634} INFO - (spark.sql.catalog.lakehouse.warehouse,s3://warehouse/)
[2026-06-03T15:08:14.934+0000] {spark_submit.py:634} INFO - (spark.sql.defaultCatalog,lakehouse)
[2026-06-03T15:08:14.934+0000] {spark_submit.py:634} INFO - (spark.sql.extensions,org.apache.iceberg.spark.extensions.IcebergSparkSessionExtensions)
[2026-06-03T15:08:14.934+0000] {spark_submit.py:634} INFO - (spark.submit.deployMode,client)
[2026-06-03T15:08:14.934+0000] {spark_submit.py:634} INFO - (spark.submit.pyFiles,)
[2026-06-03T15:08:14.935+0000] {spark_submit.py:634} INFO - Classpath elements:
[2026-06-03T15:08:14.935+0000] {spark_submit.py:634} INFO - 
[2026-06-03T15:08:14.935+0000] {spark_submit.py:634} INFO - 
[2026-06-03T15:08:14.935+0000] {spark_submit.py:634} INFO - 
[2026-06-03T15:08:20.007+0000] {spark_submit.py:634} INFO - Using Spark's default log4j profile: org/apache/spark/log4j2-defaults.properties
[2026-06-03T15:08:20.017+0000] {spark_submit.py:634} INFO - 26/06/03 15:08:20 INFO SparkContext: Running Spark version 4.1.2
[2026-06-03T15:08:20.021+0000] {spark_submit.py:634} INFO - 26/06/03 15:08:20 INFO SparkContext: OS info Linux, 6.17.0-35-generic, amd64
[2026-06-03T15:08:20.021+0000] {spark_submit.py:634} INFO - 26/06/03 15:08:20 INFO SparkContext: Java version 17.0.19+10-1-deb12u2-Debian
[2026-06-03T15:08:20.146+0000] {spark_submit.py:634} INFO - 26/06/03 15:08:20 WARN NativeCodeLoader: Unable to load native-hadoop library for your platform... using builtin-java classes where applicable
[2026-06-03T15:08:20.217+0000] {spark_submit.py:634} INFO - 26/06/03 15:08:20 INFO ResourceUtils: ==============================================================
[2026-06-03T15:08:20.217+0000] {spark_submit.py:634} INFO - 26/06/03 15:08:20 INFO ResourceUtils: No custom resources configured for spark.driver.
[2026-06-03T15:08:20.218+0000] {spark_submit.py:634} INFO - 26/06/03 15:08:20 INFO ResourceUtils: ==============================================================
[2026-06-03T15:08:20.219+0000] {spark_submit.py:634} INFO - 26/06/03 15:08:20 INFO SparkContext: Submitted application: train_model_lakehouse
[2026-06-03T15:08:20.292+0000] {spark_submit.py:634} INFO - 26/06/03 15:08:20 INFO SecurityManager: Changing view acls to: ***
[2026-06-03T15:08:20.293+0000] {spark_submit.py:634} INFO - 26/06/03 15:08:20 INFO SecurityManager: Changing modify acls to: ***
[2026-06-03T15:08:20.294+0000] {spark_submit.py:634} INFO - 26/06/03 15:08:20 INFO SecurityManager: Changing view acls groups to: ***
[2026-06-03T15:08:20.294+0000] {spark_submit.py:634} INFO - 26/06/03 15:08:20 INFO SecurityManager: Changing modify acls groups to: ***
[2026-06-03T15:08:20.295+0000] {spark_submit.py:634} INFO - 26/06/03 15:08:20 INFO SecurityManager: SecurityManager: authentication disabled; ui acls disabled; users with view permissions: *** groups with view permissions: EMPTY; users with modify permissions: ***; groups with modify permissions: EMPTY; RPC SSL disabled
[2026-06-03T15:08:20.667+0000] {spark_submit.py:634} INFO - 26/06/03 15:08:20 INFO Utils: Successfully started service 'sparkDriver' on port 39521.
[2026-06-03T15:08:20.707+0000] {spark_submit.py:634} INFO - 26/06/03 15:08:20 INFO SparkEnv: Registering MapOutputTracker
[2026-06-03T15:08:20.721+0000] {spark_submit.py:634} INFO - 26/06/03 15:08:20 INFO SparkEnv: Registering BlockManagerMaster
[2026-06-03T15:08:20.741+0000] {spark_submit.py:634} INFO - 26/06/03 15:08:20 INFO BlockManagerMasterEndpoint: Using org.apache.spark.storage.DefaultTopologyMapper for getting topology information
[2026-06-03T15:08:20.742+0000] {spark_submit.py:634} INFO - 26/06/03 15:08:20 INFO BlockManagerMasterEndpoint: BlockManagerMasterEndpoint up
[2026-06-03T15:08:20.746+0000] {spark_submit.py:634} INFO - 26/06/03 15:08:20 INFO SparkEnv: Registering BlockManagerMasterHeartbeat
[2026-06-03T15:08:20.776+0000] {spark_submit.py:634} INFO - 26/06/03 15:08:20 INFO DiskBlockManager: Created local directory at /tmp/blockmgr-5272e3ab-cc5c-40e8-bb05-ccdec37cf59f
[2026-06-03T15:08:20.808+0000] {spark_submit.py:634} INFO - 26/06/03 15:08:20 INFO SparkEnv: Registering OutputCommitCoordinator
[2026-06-03T15:08:20.958+0000] {spark_submit.py:634} INFO - 26/06/03 15:08:20 INFO JettyUtils: Start Jetty 0.0.0.0:4040 for SparkUI
[2026-06-03T15:08:21.049+0000] {spark_submit.py:634} INFO - 26/06/03 15:08:21 INFO Utils: Successfully started service 'SparkUI' on port 4040.
[2026-06-03T15:08:21.117+0000] {spark_submit.py:634} INFO - 26/06/03 15:08:21 INFO ResourceProfile: Default ResourceProfile created, executor resources: Map(memory -> name: memory, amount: 1024, script: , vendor: , offHeap -> name: offHeap, amount: 0, script: , vendor: ), task resources: Map(cpus -> name: cpus, amount: 1.0)
[2026-06-03T15:08:21.119+0000] {spark_submit.py:634} INFO - 26/06/03 15:08:21 INFO ResourceProfile: Limiting resource is cpu
[2026-06-03T15:08:21.120+0000] {spark_submit.py:634} INFO - 26/06/03 15:08:21 INFO ResourceProfileManager: Added ResourceProfile id: 0
[2026-06-03T15:08:21.135+0000] {spark_submit.py:634} INFO - 26/06/03 15:08:21 INFO SecurityManager: Changing view acls to: ***
[2026-06-03T15:08:21.136+0000] {spark_submit.py:634} INFO - 26/06/03 15:08:21 INFO SecurityManager: Changing modify acls to: ***
[2026-06-03T15:08:21.136+0000] {spark_submit.py:634} INFO - 26/06/03 15:08:21 INFO SecurityManager: Changing view acls groups to: ***
[2026-06-03T15:08:21.137+0000] {spark_submit.py:634} INFO - 26/06/03 15:08:21 INFO SecurityManager: Changing modify acls groups to: ***
[2026-06-03T15:08:21.137+0000] {spark_submit.py:634} INFO - 26/06/03 15:08:21 INFO SecurityManager: SecurityManager: authentication disabled; ui acls disabled; users with view permissions: *** groups with view permissions: EMPTY; users with modify permissions: ***; groups with modify permissions: EMPTY; RPC SSL disabled
[2026-06-03T15:08:21.304+0000] {spark_submit.py:634} INFO - 26/06/03 15:08:21 INFO StandaloneAppClient$ClientEndpoint: Connecting to master spark://spark-master:7077...
[2026-06-03T15:08:21.373+0000] {spark_submit.py:634} INFO - 26/06/03 15:08:21 INFO TransportClientFactory: Successfully created connection to spark-master/172.18.0.2:7077 after 35 ms (0 ms spent in bootstraps)
[2026-06-03T15:08:21.538+0000] {spark_submit.py:634} INFO - 26/06/03 15:08:21 INFO StandaloneSchedulerBackend: Connected to Spark cluster with app ID app-20260603150821-0011
[2026-06-03T15:08:21.542+0000] {spark_submit.py:634} INFO - 26/06/03 15:08:21 INFO StandaloneAppClient$ClientEndpoint: Executor added: app-20260603150821-0011/0 on worker-20260603085132-172.18.0.7-35491 (172.18.0.7:35491) with 8 core(s)
[2026-06-03T15:08:21.546+0000] {spark_submit.py:634} INFO - 26/06/03 15:08:21 INFO StandaloneSchedulerBackend: Granted executor ID app-20260603150821-0011/0 on hostPort 172.18.0.7:35491 with 8 core(s), 1024.0 MiB RAM
[2026-06-03T15:08:21.546+0000] {spark_submit.py:634} INFO - 26/06/03 15:08:21 INFO StandaloneAppClient$ClientEndpoint: Executor added: app-20260603150821-0011/1 on worker-20260603085132-172.18.0.6-37647 (172.18.0.6:37647) with 8 core(s)
[2026-06-03T15:08:21.547+0000] {spark_submit.py:634} INFO - 26/06/03 15:08:21 INFO StandaloneSchedulerBackend: Granted executor ID app-20260603150821-0011/1 on hostPort 172.18.0.6:37647 with 8 core(s), 1024.0 MiB RAM
[2026-06-03T15:08:21.550+0000] {spark_submit.py:634} INFO - 26/06/03 15:08:21 INFO Utils: Successfully started service 'org.apache.spark.network.netty.NettyBlockTransferService' on port 34789.
[2026-06-03T15:08:21.552+0000] {spark_submit.py:634} INFO - 26/06/03 15:08:21 INFO NettyBlockTransferService: Server created on d41b5fee0913:34789
[2026-06-03T15:08:21.555+0000] {spark_submit.py:634} INFO - 26/06/03 15:08:21 INFO BlockManager: Using org.apache.spark.storage.RandomBlockReplicationPolicy for block replication policy
[2026-06-03T15:08:21.584+0000] {spark_submit.py:634} INFO - 26/06/03 15:08:21 INFO BlockManagerMaster: Registering BlockManager BlockManagerId(driver, d41b5fee0913, 34789, None)
[2026-06-03T15:08:21.592+0000] {spark_submit.py:634} INFO - 26/06/03 15:08:21 INFO BlockManagerMasterEndpoint: Registering block manager d41b5fee0913:34789 with 434.4 MiB RAM, BlockManagerId(driver, d41b5fee0913, 34789, None)
[2026-06-03T15:08:21.595+0000] {spark_submit.py:634} INFO - 26/06/03 15:08:21 INFO BlockManagerMaster: Registered BlockManager BlockManagerId(driver, d41b5fee0913, 34789, None)
[2026-06-03T15:08:21.597+0000] {spark_submit.py:634} INFO - 26/06/03 15:08:21 INFO BlockManager: Initialized BlockManager: BlockManagerId(driver, d41b5fee0913, 34789, None)
[2026-06-03T15:08:21.621+0000] {spark_submit.py:634} INFO - 26/06/03 15:08:21 INFO StandaloneAppClient$ClientEndpoint: Executor updated: app-20260603150821-0011/0 is now RUNNING
[2026-06-03T15:08:21.719+0000] {spark_submit.py:634} INFO - 26/06/03 15:08:21 INFO StandaloneAppClient$ClientEndpoint: Executor updated: app-20260603150821-0011/1 is now RUNNING
[2026-06-03T15:08:21.917+0000] {spark_submit.py:634} INFO - 26/06/03 15:08:21 INFO StandaloneSchedulerBackend: SchedulerBackend is ready for scheduling beginning after reached minRegisteredResourcesRatio: 0.0
[2026-06-03T15:08:22.249+0000] {spark_submit.py:634} INFO - 26/06/03 15:08:22 WARN SparkSession: Cannot use org.apache.iceberg.spark.extensions.IcebergSparkSessionExtensions to configure session extensions.
[2026-06-03T15:08:22.250+0000] {spark_submit.py:634} INFO - java.lang.ClassNotFoundException: org.apache.iceberg.spark.extensions.IcebergSparkSessionExtensions
[2026-06-03T15:08:22.250+0000] {spark_submit.py:634} INFO - at java.base/java.net.URLClassLoader.findClass(URLClassLoader.java:445)
[2026-06-03T15:08:22.250+0000] {spark_submit.py:634} INFO - at java.base/java.lang.ClassLoader.loadClass(ClassLoader.java:592)
[2026-06-03T15:08:22.251+0000] {spark_submit.py:634} INFO - at java.base/java.lang.ClassLoader.loadClass(ClassLoader.java:525)
[2026-06-03T15:08:22.251+0000] {spark_submit.py:634} INFO - at java.base/java.lang.Class.forName0(Native Method)
[2026-06-03T15:08:22.251+0000] {spark_submit.py:634} INFO - at java.base/java.lang.Class.forName(Class.java:469)
[2026-06-03T15:08:22.252+0000] {spark_submit.py:634} INFO - at org.apache.spark.util.SparkClassUtils.classForName(SparkClassUtils.scala:42)
[2026-06-03T15:08:22.252+0000] {spark_submit.py:634} INFO - at org.apache.spark.util.SparkClassUtils.classForName$(SparkClassUtils.scala:37)
[2026-06-03T15:08:22.252+0000] {spark_submit.py:634} INFO - at org.apache.spark.util.Utils$.classForName(Utils.scala:97)
[2026-06-03T15:08:22.252+0000] {spark_submit.py:634} INFO - at org.apache.spark.sql.classic.SparkSession$.$anonfun$applyExtensions$2(SparkSession.scala:1232)
[2026-06-03T15:08:22.252+0000] {spark_submit.py:634} INFO - at org.apache.spark.sql.classic.SparkSession$.$anonfun$applyExtensions$2$adapted(SparkSession.scala:1230)
[2026-06-03T15:08:22.252+0000] {spark_submit.py:634} INFO - at scala.collection.IterableOnceOps.foreach(IterableOnce.scala:630)
[2026-06-03T15:08:22.253+0000] {spark_submit.py:634} INFO - at scala.collection.IterableOnceOps.foreach$(IterableOnce.scala:628)
[2026-06-03T15:08:22.253+0000] {spark_submit.py:634} INFO - at scala.collection.AbstractIterable.foreach(Iterable.scala:936)
[2026-06-03T15:08:22.253+0000] {spark_submit.py:634} INFO - at org.apache.spark.sql.classic.SparkSession$.org$apache$spark$sql$classic$SparkSession$$applyExtensions(SparkSession.scala:1230)
[2026-06-03T15:08:22.253+0000] {spark_submit.py:634} INFO - at org.apache.spark.sql.classic.SparkSession$.applyAndLoadExtensions(SparkSession.scala:1214)
[2026-06-03T15:08:22.253+0000] {spark_submit.py:634} INFO - at org.apache.spark.sql.classic.SparkSession.<init>(SparkSession.scala:117)
[2026-06-03T15:08:22.253+0000] {spark_submit.py:634} INFO - at java.base/jdk.internal.reflect.NativeConstructorAccessorImpl.newInstance0(Native Method)
[2026-06-03T15:08:22.254+0000] {spark_submit.py:634} INFO - at java.base/jdk.internal.reflect.NativeConstructorAccessorImpl.newInstance(NativeConstructorAccessorImpl.java:77)
[2026-06-03T15:08:22.254+0000] {spark_submit.py:634} INFO - at java.base/jdk.internal.reflect.DelegatingConstructorAccessorImpl.newInstance(DelegatingConstructorAccessorImpl.java:45)
[2026-06-03T15:08:22.254+0000] {spark_submit.py:634} INFO - at java.base/java.lang.reflect.Constructor.newInstanceWithCaller(Constructor.java:500)
[2026-06-03T15:08:22.254+0000] {spark_submit.py:634} INFO - at java.base/java.lang.reflect.Constructor.newInstance(Constructor.java:481)
[2026-06-03T15:08:22.254+0000] {spark_submit.py:634} INFO - at py4j.reflection.MethodInvoker.invoke(MethodInvoker.java:247)
[2026-06-03T15:08:22.255+0000] {spark_submit.py:634} INFO - at py4j.reflection.ReflectionEngine.invoke(ReflectionEngine.java:374)
[2026-06-03T15:08:22.255+0000] {spark_submit.py:634} INFO - at py4j.Gateway.invoke(Gateway.java:238)
[2026-06-03T15:08:22.255+0000] {spark_submit.py:634} INFO - at py4j.commands.ConstructorCommand.invokeConstructor(ConstructorCommand.java:80)
[2026-06-03T15:08:22.255+0000] {spark_submit.py:634} INFO - at py4j.commands.ConstructorCommand.execute(ConstructorCommand.java:69)
[2026-06-03T15:08:22.255+0000] {spark_submit.py:634} INFO - at py4j.ClientServerConnection.waitForCommands(ClientServerConnection.java:184)
[2026-06-03T15:08:22.256+0000] {spark_submit.py:634} INFO - at py4j.ClientServerConnection.run(ClientServerConnection.java:108)
[2026-06-03T15:08:22.256+0000] {spark_submit.py:634} INFO - at java.base/java.lang.Thread.run(Thread.java:840)
[2026-06-03T15:08:26.409+0000] {spark_submit.py:634} INFO - 26/06/03 15:08:26 INFO SharedState: Setting hive.metastore.warehouse.dir ('null') to the value of spark.sql.warehouse.dir.
[2026-06-03T15:08:26.426+0000] {spark_submit.py:634} INFO - 26/06/03 15:08:26 INFO SharedState: Warehouse path is 'file:/opt/***/spark-warehouse'.
[2026-06-03T15:08:26.981+0000] {spark_submit.py:634} INFO - 26/06/03 15:08:26 INFO StandaloneSchedulerBackend$StandaloneDriverEndpoint: Registered executor NettyRpcEndpointRef(spark-client://Executor) (172.18.0.6:48588) with ID 1, ResourceProfileId 0
[2026-06-03T15:08:26.987+0000] {spark_submit.py:634} INFO - 26/06/03 15:08:26 INFO StandaloneSchedulerBackend$StandaloneDriverEndpoint: Registered executor NettyRpcEndpointRef(spark-client://Executor) (172.18.0.7:38766) with ID 0, ResourceProfileId 0
[2026-06-03T15:08:27.085+0000] {spark_submit.py:634} INFO - 2026/06/03 15:08:27 WARNING mlflow.utils.git_utils: Failed to import Git (the Git executable is probably not on your PATH), so Git SHA is not available. Error: Failed to initialize: Bad git executable.
[2026-06-03T15:08:27.085+0000] {spark_submit.py:634} INFO - The git executable must be specified in one of the following ways:
[2026-06-03T15:08:27.086+0000] {spark_submit.py:634} INFO - - be included in your $PATH
[2026-06-03T15:08:27.086+0000] {spark_submit.py:634} INFO - - be set via $GIT_PYTHON_GIT_EXECUTABLE
[2026-06-03T15:08:27.086+0000] {spark_submit.py:634} INFO - - explicitly set via git.refresh(<full-path-to-git-executable>)
[2026-06-03T15:08:27.087+0000] {spark_submit.py:634} INFO - 
[2026-06-03T15:08:27.087+0000] {spark_submit.py:634} INFO - All git commands will error until this is rectified.
[2026-06-03T15:08:27.087+0000] {spark_submit.py:634} INFO - 
[2026-06-03T15:08:27.088+0000] {spark_submit.py:634} INFO - This initial message can be silenced or aggravated in the future by setting the
[2026-06-03T15:08:27.088+0000] {spark_submit.py:634} INFO - $GIT_PYTHON_REFRESH environment variable. Use one of the following values:
[2026-06-03T15:08:27.088+0000] {spark_submit.py:634} INFO - - quiet|q|silence|s|silent|none|n|0: for no message or exception
[2026-06-03T15:08:27.088+0000] {spark_submit.py:634} INFO - - warn|w|warning|log|l|1: for a warning message (logging level CRITICAL, displayed by default)
[2026-06-03T15:08:27.089+0000] {spark_submit.py:634} INFO - - error|e|exception|raise|r|2: for a raised exception
[2026-06-03T15:08:27.089+0000] {spark_submit.py:634} INFO - 
[2026-06-03T15:08:27.089+0000] {spark_submit.py:634} INFO - Example:
[2026-06-03T15:08:27.090+0000] {spark_submit.py:634} INFO - export GIT_PYTHON_REFRESH=quiet
[2026-06-03T15:08:27.090+0000] {spark_submit.py:634} INFO - 
[2026-06-03T15:08:27.198+0000] {spark_submit.py:634} INFO - 26/06/03 15:08:27 INFO BlockManagerMasterEndpoint: Registering block manager 172.18.0.7:44993 with 434.4 MiB RAM, BlockManagerId(0, 172.18.0.7, 44993, None)
[2026-06-03T15:08:27.200+0000] {spark_submit.py:634} INFO - 26/06/03 15:08:27 INFO BlockManagerMasterEndpoint: Registering block manager 172.18.0.6:44801 with 434.4 MiB RAM, BlockManagerId(1, 172.18.0.6, 44801, None)
[2026-06-03T15:08:28.058+0000] {spark_submit.py:634} INFO - 🏃 View run popular-steed-61 at: http://mlflow:5000/#/experiments/1/runs/51edd5b10b7a436c8bfa96e9ba2399a5
[2026-06-03T15:08:28.058+0000] {spark_submit.py:634} INFO - 🧪 View experiment at: http://mlflow:5000/#/experiments/1
[2026-06-03T15:08:28.124+0000] {spark_submit.py:634} INFO - Traceback (most recent call last):
[2026-06-03T15:08:28.125+0000] {spark_submit.py:634} INFO - File "/workspace/resources/train_model_lakehouse.py", line 127, in <module>
[2026-06-03T15:08:28.125+0000] {spark_submit.py:634} INFO - main()
[2026-06-03T15:08:28.125+0000] {spark_submit.py:634} INFO - File "/workspace/resources/train_model_lakehouse.py", line 52, in main
[2026-06-03T15:08:28.125+0000] {spark_submit.py:634} INFO - spark.sql("USE lakehouse.training_data")
[2026-06-03T15:08:28.126+0000] {spark_submit.py:634} INFO - File "/opt/spark/python/lib/pyspark.zip/pyspark/sql/session.py", line 1816, in sql
[2026-06-03T15:08:28.126+0000] {spark_submit.py:634} INFO - File "/opt/spark/python/lib/py4j-0.10.9.9-src.zip/py4j/java_gateway.py", line 1362, in __call__
[2026-06-03T15:08:28.126+0000] {spark_submit.py:634} INFO - File "/opt/spark/python/lib/pyspark.zip/pyspark/errors/exceptions/captured.py", line 263, in deco
[2026-06-03T15:08:28.126+0000] {spark_submit.py:634} INFO - File "/opt/spark/python/lib/py4j-0.10.9.9-src.zip/py4j/protocol.py", line 327, in get_return_value
[2026-06-03T15:08:28.169+0000] {spark_submit.py:634} INFO - py4j.protocol.Py4JJavaError: An error occurred while calling o60.sql.
[2026-06-03T15:08:28.170+0000] {spark_submit.py:634} INFO - : org.apache.spark.SparkException: Cannot find catalog plugin class for catalog 'lakehouse': org.apache.iceberg.spark.SparkCatalog.
[2026-06-03T15:08:28.170+0000] {spark_submit.py:634} INFO - at org.apache.spark.sql.errors.QueryExecutionErrors$.catalogPluginClassNotFoundForCatalogError(QueryExecutionErrors.scala:1887)
[2026-06-03T15:08:28.170+0000] {spark_submit.py:634} INFO - at org.apache.spark.sql.connector.catalog.Catalogs$.load(Catalogs.scala:71)
[2026-06-03T15:08:28.170+0000] {spark_submit.py:634} INFO - at org.apache.spark.sql.connector.catalog.CatalogManager.$anonfun$catalog$1(CatalogManager.scala:56)
[2026-06-03T15:08:28.170+0000] {spark_submit.py:634} INFO - at scala.collection.mutable.HashMap.getOrElseUpdate(HashMap.scala:469)
[2026-06-03T15:08:28.171+0000] {spark_submit.py:634} INFO - at org.apache.spark.sql.connector.catalog.CatalogManager.catalog(CatalogManager.scala:56)
[2026-06-03T15:08:28.171+0000] {spark_submit.py:634} INFO - at org.apache.spark.sql.connector.catalog.LookupCatalog$CatalogAndNamespace$.unapply(LookupCatalog.scala:86)
[2026-06-03T15:08:28.171+0000] {spark_submit.py:634} INFO - at org.apache.spark.sql.catalyst.analysis.ResolveCatalogs$$anonfun$apply$1.applyOrElse(ResolveCatalogs.scala:104)
[2026-06-03T15:08:28.171+0000] {spark_submit.py:634} INFO - at org.apache.spark.sql.catalyst.analysis.ResolveCatalogs$$anonfun$apply$1.applyOrElse(ResolveCatalogs.scala:40)
[2026-06-03T15:08:28.171+0000] {spark_submit.py:634} INFO - at org.apache.spark.sql.catalyst.plans.logical.AnalysisHelper.$anonfun$resolveOperatorsDownWithPruning$2(AnalysisHelper.scala:200)
[2026-06-03T15:08:28.172+0000] {spark_submit.py:634} INFO - at org.apache.spark.sql.catalyst.trees.CurrentOrigin$.withOrigin(origin.scala:107)
[2026-06-03T15:08:28.172+0000] {spark_submit.py:634} INFO - at org.apache.spark.sql.catalyst.plans.logical.AnalysisHelper.$anonfun$resolveOperatorsDownWithPruning$1(AnalysisHelper.scala:200)
[2026-06-03T15:08:28.172+0000] {spark_submit.py:634} INFO - at org.apache.spark.sql.catalyst.plans.logical.AnalysisHelper$.allowInvokingTransformsInAnalyzer(AnalysisHelper.scala:416)
[2026-06-03T15:08:28.172+0000] {spark_submit.py:634} INFO - at org.apache.spark.sql.catalyst.plans.logical.AnalysisHelper.resolveOperatorsDownWithPruning(AnalysisHelper.scala:198)
[2026-06-03T15:08:28.172+0000] {spark_submit.py:634} INFO - at org.apache.spark.sql.catalyst.plans.logical.AnalysisHelper.resolveOperatorsDownWithPruning$(AnalysisHelper.scala:194)
[2026-06-03T15:08:28.172+0000] {spark_submit.py:634} INFO - at org.apache.spark.sql.catalyst.plans.logical.LogicalPlan.resolveOperatorsDownWithPruning(LogicalPlan.scala:37)
[2026-06-03T15:08:28.173+0000] {spark_submit.py:634} INFO - at org.apache.spark.sql.catalyst.plans.logical.AnalysisHelper.$anonfun$resolveOperatorsDownWithPruning$4(AnalysisHelper.scala:205)
[2026-06-03T15:08:28.173+0000] {spark_submit.py:634} INFO - at org.apache.spark.sql.catalyst.trees.UnaryLike.mapChildren(TreeNode.scala:1264)
[2026-06-03T15:08:28.173+0000] {spark_submit.py:634} INFO - at org.apache.spark.sql.catalyst.trees.UnaryLike.mapChildren$(TreeNode.scala:1263)
[2026-06-03T15:08:28.173+0000] {spark_submit.py:634} INFO - at org.apache.spark.sql.catalyst.plans.logical.SetCatalogAndNamespace.mapChildren(v2Commands.scala:1294)
[2026-06-03T15:08:28.173+0000] {spark_submit.py:634} INFO - at org.apache.spark.sql.catalyst.plans.logical.AnalysisHelper.$anonfun$resolveOperatorsDownWithPruning$1(AnalysisHelper.scala:205)
[2026-06-03T15:08:28.173+0000] {spark_submit.py:634} INFO - at org.apache.spark.sql.catalyst.plans.logical.AnalysisHelper$.allowInvokingTransformsInAnalyzer(AnalysisHelper.scala:416)
[2026-06-03T15:08:28.174+0000] {spark_submit.py:634} INFO - at org.apache.spark.sql.catalyst.plans.logical.AnalysisHelper.resolveOperatorsDownWithPruning(AnalysisHelper.scala:198)
[2026-06-03T15:08:28.174+0000] {spark_submit.py:634} INFO - at org.apache.spark.sql.catalyst.plans.logical.AnalysisHelper.resolveOperatorsDownWithPruning$(AnalysisHelper.scala:194)
[2026-06-03T15:08:28.174+0000] {spark_submit.py:634} INFO - at org.apache.spark.sql.catalyst.plans.logical.LogicalPlan.resolveOperatorsDownWithPruning(LogicalPlan.scala:37)
[2026-06-03T15:08:28.174+0000] {spark_submit.py:634} INFO - at org.apache.spark.sql.catalyst.plans.logical.AnalysisHelper.resolveOperatorsDown(AnalysisHelper.scala:190)
[2026-06-03T15:08:28.174+0000] {spark_submit.py:634} INFO - at org.apache.spark.sql.catalyst.plans.logical.AnalysisHelper.resolveOperatorsDown$(AnalysisHelper.scala:189)
[2026-06-03T15:08:28.174+0000] {spark_submit.py:634} INFO - at org.apache.spark.sql.catalyst.plans.logical.LogicalPlan.resolveOperatorsDown(LogicalPlan.scala:37)
[2026-06-03T15:08:28.175+0000] {spark_submit.py:634} INFO - at org.apache.spark.sql.catalyst.analysis.ResolveCatalogs.apply(ResolveCatalogs.scala:40)
[2026-06-03T15:08:28.175+0000] {spark_submit.py:634} INFO - at org.apache.spark.sql.catalyst.analysis.ResolveCatalogs.apply(ResolveCatalogs.scala:37)
[2026-06-03T15:08:28.175+0000] {spark_submit.py:634} INFO - at org.apache.spark.sql.catalyst.rules.RuleExecutor.$anonfun$execute$2(RuleExecutor.scala:248)
[2026-06-03T15:08:28.175+0000] {spark_submit.py:634} INFO - at scala.collection.LinearSeqOps.foldLeft(LinearSeq.scala:183)
[2026-06-03T15:08:28.175+0000] {spark_submit.py:634} INFO - at scala.collection.LinearSeqOps.foldLeft$(LinearSeq.scala:179)
[2026-06-03T15:08:28.175+0000] {spark_submit.py:634} INFO - at scala.collection.immutable.List.foldLeft(List.scala:79)
[2026-06-03T15:08:28.176+0000] {spark_submit.py:634} INFO - at org.apache.spark.sql.catalyst.rules.RuleExecutor.$anonfun$execute$1(RuleExecutor.scala:245)
[2026-06-03T15:08:28.176+0000] {spark_submit.py:634} INFO - at org.apache.spark.sql.catalyst.rules.RuleExecutor.$anonfun$execute$1$adapted(RuleExecutor.scala:237)
[2026-06-03T15:08:28.176+0000] {spark_submit.py:634} INFO - at scala.collection.immutable.List.foreach(List.scala:323)
[2026-06-03T15:08:28.176+0000] {spark_submit.py:634} INFO - at org.apache.spark.sql.catalyst.rules.RuleExecutor.execute(RuleExecutor.scala:237)
[2026-06-03T15:08:28.176+0000] {spark_submit.py:634} INFO - at org.apache.spark.sql.catalyst.analysis.Analyzer.org$apache$spark$sql$catalyst$analysis$Analyzer$$executeSameContext(Analyzer.scala:343)
[2026-06-03T15:08:28.176+0000] {spark_submit.py:634} INFO - at org.apache.spark.sql.catalyst.analysis.Analyzer.$anonfun$execute$1(Analyzer.scala:339)
[2026-06-03T15:08:28.177+0000] {spark_submit.py:634} INFO - at org.apache.spark.sql.catalyst.analysis.AnalysisContext$.withNewAnalysisContext(Analyzer.scala:224)
[2026-06-03T15:08:28.177+0000] {spark_submit.py:634} INFO - at org.apache.spark.sql.catalyst.analysis.Analyzer.execute(Analyzer.scala:339)
[2026-06-03T15:08:28.177+0000] {spark_submit.py:634} INFO - at org.apache.spark.sql.catalyst.analysis.Analyzer.execute(Analyzer.scala:289)
[2026-06-03T15:08:28.177+0000] {spark_submit.py:634} INFO - at org.apache.spark.sql.catalyst.rules.RuleExecutor.$anonfun$executeAndTrack$1(RuleExecutor.scala:207)
[2026-06-03T15:08:28.177+0000] {spark_submit.py:634} INFO - at org.apache.spark.sql.catalyst.QueryPlanningTracker$.withTracker(QueryPlanningTracker.scala:89)
[2026-06-03T15:08:28.177+0000] {spark_submit.py:634} INFO - at org.apache.spark.sql.catalyst.rules.RuleExecutor.executeAndTrack(RuleExecutor.scala:207)
[2026-06-03T15:08:28.178+0000] {spark_submit.py:634} INFO - at org.apache.spark.sql.catalyst.analysis.resolver.HybridAnalyzer.resolveInFixedPoint(HybridAnalyzer.scala:236)
[2026-06-03T15:08:28.178+0000] {spark_submit.py:634} INFO - at org.apache.spark.sql.catalyst.analysis.resolver.HybridAnalyzer.$anonfun$apply$1(HybridAnalyzer.scala:91)
[2026-06-03T15:08:28.178+0000] {spark_submit.py:634} INFO - at org.apache.spark.sql.catalyst.analysis.resolver.HybridAnalyzer.withTrackedAnalyzerBridgeState(HybridAnalyzer.scala:122)
[2026-06-03T15:08:28.178+0000] {spark_submit.py:634} INFO - at org.apache.spark.sql.catalyst.analysis.resolver.HybridAnalyzer.apply(HybridAnalyzer.scala:84)
[2026-06-03T15:08:28.178+0000] {spark_submit.py:634} INFO - at org.apache.spark.sql.catalyst.analysis.Analyzer.$anonfun$executeAndCheck$1(Analyzer.scala:322)
[2026-06-03T15:08:28.178+0000] {spark_submit.py:634} INFO - at org.apache.spark.sql.catalyst.plans.logical.AnalysisHelper$.markInAnalyzer(AnalysisHelper.scala:423)
[2026-06-03T15:08:28.179+0000] {spark_submit.py:634} INFO - at org.apache.spark.sql.catalyst.analysis.Analyzer.executeAndCheck(Analyzer.scala:322)
[2026-06-03T15:08:28.179+0000] {spark_submit.py:634} INFO - at org.apache.spark.sql.execution.QueryExecution.$anonfun$lazyAnalyzed$2(QueryExecution.scala:139)
[2026-06-03T15:08:28.179+0000] {spark_submit.py:634} INFO - at org.apache.spark.sql.catalyst.QueryPlanningTracker.measurePhase(QueryPlanningTracker.scala:148)
[2026-06-03T15:08:28.179+0000] {spark_submit.py:634} INFO - at org.apache.spark.sql.execution.QueryExecution.$anonfun$executePhase$2(QueryExecution.scala:330)
[2026-06-03T15:08:28.179+0000] {spark_submit.py:634} INFO - at org.apache.spark.sql.execution.QueryExecution$.withInternalError(QueryExecution.scala:717)
[2026-06-03T15:08:28.179+0000] {spark_submit.py:634} INFO - at org.apache.spark.sql.execution.QueryExecution.$anonfun$executePhase$1(QueryExecution.scala:330)
[2026-06-03T15:08:28.180+0000] {spark_submit.py:634} INFO - at org.apache.spark.sql.SparkSession.withActive(SparkSession.scala:804)
[2026-06-03T15:08:28.180+0000] {spark_submit.py:634} INFO - at org.apache.spark.sql.execution.QueryExecution.executePhase(QueryExecution.scala:329)
[2026-06-03T15:08:28.180+0000] {spark_submit.py:634} INFO - at org.apache.spark.sql.execution.QueryExecution.$anonfun$lazyAnalyzed$1(QueryExecution.scala:139)
[2026-06-03T15:08:28.180+0000] {spark_submit.py:634} INFO - at scala.util.Try$.apply(Try.scala:217)
[2026-06-03T15:08:28.180+0000] {spark_submit.py:634} INFO - at org.apache.spark.util.Utils$.doTryWithCallerStacktrace(Utils.scala:1392)
[2026-06-03T15:08:28.180+0000] {spark_submit.py:634} INFO - at org.apache.spark.util.Utils$.getTryWithCallerStacktrace(Utils.scala:1453)
[2026-06-03T15:08:28.181+0000] {spark_submit.py:634} INFO - at org.apache.spark.util.LazyTry.get(LazyTry.scala:58)
[2026-06-03T15:08:28.181+0000] {spark_submit.py:634} INFO - at org.apache.spark.sql.execution.QueryExecution.analyzed(QueryExecution.scala:150)
[2026-06-03T15:08:28.181+0000] {spark_submit.py:634} INFO - at org.apache.spark.sql.execution.QueryExecution.assertAnalyzed(QueryExecution.scala:90)
[2026-06-03T15:08:28.181+0000] {spark_submit.py:634} INFO - at org.apache.spark.sql.classic.Dataset$.$anonfun$ofRows$5(Dataset.scala:138)
[2026-06-03T15:08:28.181+0000] {spark_submit.py:634} INFO - at org.apache.spark.sql.SparkSession.withActive(SparkSession.scala:804)
[2026-06-03T15:08:28.181+0000] {spark_submit.py:634} INFO - at org.apache.spark.sql.classic.Dataset$.ofRows(Dataset.scala:135)
[2026-06-03T15:08:28.182+0000] {spark_submit.py:634} INFO - at org.apache.spark.sql.classic.SparkSession.$anonfun$sql$1(SparkSession.scala:532)
[2026-06-03T15:08:28.182+0000] {spark_submit.py:634} INFO - at org.apache.spark.sql.SparkSession.withActive(SparkSession.scala:804)
[2026-06-03T15:08:28.182+0000] {spark_submit.py:634} INFO - at org.apache.spark.sql.classic.SparkSession.sql(SparkSession.scala:502)
[2026-06-03T15:08:28.182+0000] {spark_submit.py:634} INFO - at org.apache.spark.sql.classic.SparkSession.sql(SparkSession.scala:537)
[2026-06-03T15:08:28.182+0000] {spark_submit.py:634} INFO - at java.base/jdk.internal.reflect.NativeMethodAccessorImpl.invoke0(Native Method)
[2026-06-03T15:08:28.182+0000] {spark_submit.py:634} INFO - at java.base/jdk.internal.reflect.NativeMethodAccessorImpl.invoke(NativeMethodAccessorImpl.java:77)
[2026-06-03T15:08:28.183+0000] {spark_submit.py:634} INFO - at java.base/jdk.internal.reflect.DelegatingMethodAccessorImpl.invoke(DelegatingMethodAccessorImpl.java:43)
[2026-06-03T15:08:28.183+0000] {spark_submit.py:634} INFO - at java.base/java.lang.reflect.Method.invoke(Method.java:569)
[2026-06-03T15:08:28.183+0000] {spark_submit.py:634} INFO - at py4j.reflection.MethodInvoker.invoke(MethodInvoker.java:244)
[2026-06-03T15:08:28.183+0000] {spark_submit.py:634} INFO - at py4j.reflection.ReflectionEngine.invoke(ReflectionEngine.java:374)
[2026-06-03T15:08:28.183+0000] {spark_submit.py:634} INFO - at py4j.Gateway.invoke(Gateway.java:282)
[2026-06-03T15:08:28.184+0000] {spark_submit.py:634} INFO - at py4j.commands.AbstractCommand.invokeMethod(AbstractCommand.java:132)
[2026-06-03T15:08:28.184+0000] {spark_submit.py:634} INFO - at py4j.commands.CallCommand.execute(CallCommand.java:79)
[2026-06-03T15:08:28.184+0000] {spark_submit.py:634} INFO - at py4j.ClientServerConnection.waitForCommands(ClientServerConnection.java:184)
[2026-06-03T15:08:28.184+0000] {spark_submit.py:634} INFO - at py4j.ClientServerConnection.run(ClientServerConnection.java:108)
[2026-06-03T15:08:28.184+0000] {spark_submit.py:634} INFO - at java.base/java.lang.Thread.run(Thread.java:840)
[2026-06-03T15:08:28.184+0000] {spark_submit.py:634} INFO - Suppressed: org.apache.spark.util.Utils$OriginalTryStackTraceException: Full stacktrace of original doTryWithCallerStacktrace caller
[2026-06-03T15:08:28.185+0000] {spark_submit.py:634} INFO - at org.apache.spark.sql.errors.QueryExecutionErrors$.catalogPluginClassNotFoundForCatalogError(QueryExecutionErrors.scala:1887)
[2026-06-03T15:08:28.185+0000] {spark_submit.py:634} INFO - at org.apache.spark.sql.connector.catalog.Catalogs$.load(Catalogs.scala:71)
[2026-06-03T15:08:28.185+0000] {spark_submit.py:634} INFO - at org.apache.spark.sql.connector.catalog.CatalogManager.$anonfun$catalog$1(CatalogManager.scala:56)
[2026-06-03T15:08:28.185+0000] {spark_submit.py:634} INFO - at scala.collection.mutable.HashMap.getOrElseUpdate(HashMap.scala:469)
[2026-06-03T15:08:28.185+0000] {spark_submit.py:634} INFO - at org.apache.spark.sql.connector.catalog.CatalogManager.catalog(CatalogManager.scala:56)
[2026-06-03T15:08:28.185+0000] {spark_submit.py:634} INFO - at org.apache.spark.sql.connector.catalog.LookupCatalog$CatalogAndNamespace$.unapply(LookupCatalog.scala:86)
[2026-06-03T15:08:28.186+0000] {spark_submit.py:634} INFO - at org.apache.spark.sql.catalyst.analysis.ResolveCatalogs$$anonfun$apply$1.applyOrElse(ResolveCatalogs.scala:104)
[2026-06-03T15:08:28.186+0000] {spark_submit.py:634} INFO - at org.apache.spark.sql.catalyst.analysis.ResolveCatalogs$$anonfun$apply$1.applyOrElse(ResolveCatalogs.scala:40)
[2026-06-03T15:08:28.186+0000] {spark_submit.py:634} INFO - at org.apache.spark.sql.catalyst.plans.logical.AnalysisHelper.$anonfun$resolveOperatorsDownWithPruning$2(AnalysisHelper.scala:200)
[2026-06-03T15:08:28.186+0000] {spark_submit.py:634} INFO - at org.apache.spark.sql.catalyst.trees.CurrentOrigin$.withOrigin(origin.scala:107)
[2026-06-03T15:08:28.186+0000] {spark_submit.py:634} INFO - at org.apache.spark.sql.catalyst.plans.logical.AnalysisHelper.$anonfun$resolveOperatorsDownWithPruning$1(AnalysisHelper.scala:200)
[2026-06-03T15:08:28.187+0000] {spark_submit.py:634} INFO - at org.apache.spark.sql.catalyst.plans.logical.AnalysisHelper$.allowInvokingTransformsInAnalyzer(AnalysisHelper.scala:416)
[2026-06-03T15:08:28.187+0000] {spark_submit.py:634} INFO - at org.apache.spark.sql.catalyst.plans.logical.AnalysisHelper.resolveOperatorsDownWithPruning(AnalysisHelper.scala:198)
[2026-06-03T15:08:28.187+0000] {spark_submit.py:634} INFO - at org.apache.spark.sql.catalyst.plans.logical.AnalysisHelper.resolveOperatorsDownWithPruning$(AnalysisHelper.scala:194)
[2026-06-03T15:08:28.187+0000] {spark_submit.py:634} INFO - at org.apache.spark.sql.catalyst.plans.logical.LogicalPlan.resolveOperatorsDownWithPruning(LogicalPlan.scala:37)
[2026-06-03T15:08:28.187+0000] {spark_submit.py:634} INFO - at org.apache.spark.sql.catalyst.plans.logical.AnalysisHelper.$anonfun$resolveOperatorsDownWithPruning$4(AnalysisHelper.scala:205)
[2026-06-03T15:08:28.187+0000] {spark_submit.py:634} INFO - at org.apache.spark.sql.catalyst.trees.UnaryLike.mapChildren(TreeNode.scala:1264)
[2026-06-03T15:08:28.188+0000] {spark_submit.py:634} INFO - at org.apache.spark.sql.catalyst.trees.UnaryLike.mapChildren$(TreeNode.scala:1263)
[2026-06-03T15:08:28.188+0000] {spark_submit.py:634} INFO - at org.apache.spark.sql.catalyst.plans.logical.SetCatalogAndNamespace.mapChildren(v2Commands.scala:1294)
[2026-06-03T15:08:28.188+0000] {spark_submit.py:634} INFO - at org.apache.spark.sql.catalyst.plans.logical.AnalysisHelper.$anonfun$resolveOperatorsDownWithPruning$1(AnalysisHelper.scala:205)
[2026-06-03T15:08:28.188+0000] {spark_submit.py:634} INFO - at org.apache.spark.sql.catalyst.plans.logical.AnalysisHelper$.allowInvokingTransformsInAnalyzer(AnalysisHelper.scala:416)
[2026-06-03T15:08:28.188+0000] {spark_submit.py:634} INFO - at org.apache.spark.sql.catalyst.plans.logical.AnalysisHelper.resolveOperatorsDownWithPruning(AnalysisHelper.scala:198)
[2026-06-03T15:08:28.188+0000] {spark_submit.py:634} INFO - at org.apache.spark.sql.catalyst.plans.logical.AnalysisHelper.resolveOperatorsDownWithPruning$(AnalysisHelper.scala:194)
[2026-06-03T15:08:28.189+0000] {spark_submit.py:634} INFO - at org.apache.spark.sql.catalyst.plans.logical.LogicalPlan.resolveOperatorsDownWithPruning(LogicalPlan.scala:37)
[2026-06-03T15:08:28.189+0000] {spark_submit.py:634} INFO - at org.apache.spark.sql.catalyst.plans.logical.AnalysisHelper.resolveOperatorsDown(AnalysisHelper.scala:190)
[2026-06-03T15:08:28.189+0000] {spark_submit.py:634} INFO - at org.apache.spark.sql.catalyst.plans.logical.AnalysisHelper.resolveOperatorsDown$(AnalysisHelper.scala:189)
[2026-06-03T15:08:28.189+0000] {spark_submit.py:634} INFO - at org.apache.spark.sql.catalyst.plans.logical.LogicalPlan.resolveOperatorsDown(LogicalPlan.scala:37)
[2026-06-03T15:08:28.189+0000] {spark_submit.py:634} INFO - at org.apache.spark.sql.catalyst.analysis.ResolveCatalogs.apply(ResolveCatalogs.scala:40)
[2026-06-03T15:08:28.189+0000] {spark_submit.py:634} INFO - at org.apache.spark.sql.catalyst.analysis.ResolveCatalogs.apply(ResolveCatalogs.scala:37)
[2026-06-03T15:08:28.189+0000] {spark_submit.py:634} INFO - at org.apache.spark.sql.catalyst.rules.RuleExecutor.$anonfun$execute$2(RuleExecutor.scala:248)
[2026-06-03T15:08:28.190+0000] {spark_submit.py:634} INFO - at scala.collection.LinearSeqOps.foldLeft(LinearSeq.scala:183)
[2026-06-03T15:08:28.190+0000] {spark_submit.py:634} INFO - at scala.collection.LinearSeqOps.foldLeft$(LinearSeq.scala:179)
[2026-06-03T15:08:28.190+0000] {spark_submit.py:634} INFO - at scala.collection.immutable.List.foldLeft(List.scala:79)
[2026-06-03T15:08:28.190+0000] {spark_submit.py:634} INFO - at org.apache.spark.sql.catalyst.rules.RuleExecutor.$anonfun$execute$1(RuleExecutor.scala:245)
[2026-06-03T15:08:28.190+0000] {spark_submit.py:634} INFO - at org.apache.spark.sql.catalyst.rules.RuleExecutor.$anonfun$execute$1$adapted(RuleExecutor.scala:237)
[2026-06-03T15:08:28.190+0000] {spark_submit.py:634} INFO - at scala.collection.immutable.List.foreach(List.scala:323)
[2026-06-03T15:08:28.191+0000] {spark_submit.py:634} INFO - at org.apache.spark.sql.catalyst.rules.RuleExecutor.execute(RuleExecutor.scala:237)
[2026-06-03T15:08:28.191+0000] {spark_submit.py:634} INFO - at org.apache.spark.sql.catalyst.analysis.Analyzer.org$apache$spark$sql$catalyst$analysis$Analyzer$$executeSameContext(Analyzer.scala:343)
[2026-06-03T15:08:28.191+0000] {spark_submit.py:634} INFO - at org.apache.spark.sql.catalyst.analysis.Analyzer.$anonfun$execute$1(Analyzer.scala:339)
[2026-06-03T15:08:28.191+0000] {spark_submit.py:634} INFO - at org.apache.spark.sql.catalyst.analysis.AnalysisContext$.withNewAnalysisContext(Analyzer.scala:224)
[2026-06-03T15:08:28.191+0000] {spark_submit.py:634} INFO - at org.apache.spark.sql.catalyst.analysis.Analyzer.execute(Analyzer.scala:339)
[2026-06-03T15:08:28.191+0000] {spark_submit.py:634} INFO - at org.apache.spark.sql.catalyst.analysis.Analyzer.execute(Analyzer.scala:289)
[2026-06-03T15:08:28.192+0000] {spark_submit.py:634} INFO - at org.apache.spark.sql.catalyst.rules.RuleExecutor.$anonfun$executeAndTrack$1(RuleExecutor.scala:207)
[2026-06-03T15:08:28.192+0000] {spark_submit.py:634} INFO - at org.apache.spark.sql.catalyst.QueryPlanningTracker$.withTracker(QueryPlanningTracker.scala:89)
[2026-06-03T15:08:28.192+0000] {spark_submit.py:634} INFO - at org.apache.spark.sql.catalyst.rules.RuleExecutor.executeAndTrack(RuleExecutor.scala:207)
[2026-06-03T15:08:28.192+0000] {spark_submit.py:634} INFO - at org.apache.spark.sql.catalyst.analysis.resolver.HybridAnalyzer.resolveInFixedPoint(HybridAnalyzer.scala:236)
[2026-06-03T15:08:28.192+0000] {spark_submit.py:634} INFO - at org.apache.spark.sql.catalyst.analysis.resolver.HybridAnalyzer.$anonfun$apply$1(HybridAnalyzer.scala:91)
[2026-06-03T15:08:28.192+0000] {spark_submit.py:634} INFO - at org.apache.spark.sql.catalyst.analysis.resolver.HybridAnalyzer.withTrackedAnalyzerBridgeState(HybridAnalyzer.scala:122)
[2026-06-03T15:08:28.193+0000] {spark_submit.py:634} INFO - at org.apache.spark.sql.catalyst.analysis.resolver.HybridAnalyzer.apply(HybridAnalyzer.scala:84)
[2026-06-03T15:08:28.193+0000] {spark_submit.py:634} INFO - at org.apache.spark.sql.catalyst.analysis.Analyzer.$anonfun$executeAndCheck$1(Analyzer.scala:322)
[2026-06-03T15:08:28.193+0000] {spark_submit.py:634} INFO - at org.apache.spark.sql.catalyst.plans.logical.AnalysisHelper$.markInAnalyzer(AnalysisHelper.scala:423)
[2026-06-03T15:08:28.193+0000] {spark_submit.py:634} INFO - at org.apache.spark.sql.catalyst.analysis.Analyzer.executeAndCheck(Analyzer.scala:322)
[2026-06-03T15:08:28.193+0000] {spark_submit.py:634} INFO - at org.apache.spark.sql.execution.QueryExecution.$anonfun$lazyAnalyzed$2(QueryExecution.scala:139)
[2026-06-03T15:08:28.193+0000] {spark_submit.py:634} INFO - at org.apache.spark.sql.catalyst.QueryPlanningTracker.measurePhase(QueryPlanningTracker.scala:148)
[2026-06-03T15:08:28.194+0000] {spark_submit.py:634} INFO - at org.apache.spark.sql.execution.QueryExecution.$anonfun$executePhase$2(QueryExecution.scala:330)
[2026-06-03T15:08:28.194+0000] {spark_submit.py:634} INFO - at org.apache.spark.sql.execution.QueryExecution$.withInternalError(QueryExecution.scala:717)
[2026-06-03T15:08:28.194+0000] {spark_submit.py:634} INFO - at org.apache.spark.sql.execution.QueryExecution.$anonfun$executePhase$1(QueryExecution.scala:330)
[2026-06-03T15:08:28.194+0000] {spark_submit.py:634} INFO - at org.apache.spark.sql.SparkSession.withActive(SparkSession.scala:804)
[2026-06-03T15:08:28.194+0000] {spark_submit.py:634} INFO - at org.apache.spark.sql.execution.QueryExecution.executePhase(QueryExecution.scala:329)
[2026-06-03T15:08:28.194+0000] {spark_submit.py:634} INFO - at org.apache.spark.sql.execution.QueryExecution.$anonfun$lazyAnalyzed$1(QueryExecution.scala:139)
[2026-06-03T15:08:28.195+0000] {spark_submit.py:634} INFO - at scala.util.Try$.apply(Try.scala:217)
[2026-06-03T15:08:28.195+0000] {spark_submit.py:634} INFO - at org.apache.spark.util.Utils$.doTryWithCallerStacktrace(Utils.scala:1392)
[2026-06-03T15:08:28.195+0000] {spark_submit.py:634} INFO - at org.apache.spark.util.LazyTry.tryT$lzycompute(LazyTry.scala:46)
[2026-06-03T15:08:28.195+0000] {spark_submit.py:634} INFO - at org.apache.spark.util.LazyTry.tryT(LazyTry.scala:46)
[2026-06-03T15:08:28.195+0000] {spark_submit.py:634} INFO - ... 22 more
[2026-06-03T15:08:28.195+0000] {spark_submit.py:634} INFO - Caused by: java.lang.ClassNotFoundException: org.apache.iceberg.spark.SparkCatalog
[2026-06-03T15:08:28.196+0000] {spark_submit.py:634} INFO - at java.base/java.net.URLClassLoader.findClass(URLClassLoader.java:445)
[2026-06-03T15:08:28.196+0000] {spark_submit.py:634} INFO - at java.base/java.lang.ClassLoader.loadClass(ClassLoader.java:592)
[2026-06-03T15:08:28.196+0000] {spark_submit.py:634} INFO - at java.base/java.lang.ClassLoader.loadClass(ClassLoader.java:525)
[2026-06-03T15:08:28.196+0000] {spark_submit.py:634} INFO - at org.apache.spark.sql.connector.catalog.Catalogs$.load(Catalogs.scala:61)
[2026-06-03T15:08:28.196+0000] {spark_submit.py:634} INFO - at org.apache.spark.sql.connector.catalog.CatalogManager.$anonfun$catalog$1(CatalogManager.scala:56)
[2026-06-03T15:08:28.196+0000] {spark_submit.py:634} INFO - at scala.collection.mutable.HashMap.getOrElseUpdate(HashMap.scala:469)
[2026-06-03T15:08:28.197+0000] {spark_submit.py:634} INFO - at org.apache.spark.sql.connector.catalog.CatalogManager.catalog(CatalogManager.scala:56)
[2026-06-03T15:08:28.197+0000] {spark_submit.py:634} INFO - at org.apache.spark.sql.connector.catalog.LookupCatalog$CatalogAndNamespace$.unapply(LookupCatalog.scala:86)
[2026-06-03T15:08:28.197+0000] {spark_submit.py:634} INFO - at org.apache.spark.sql.catalyst.analysis.ResolveCatalogs$$anonfun$apply$1.applyOrElse(ResolveCatalogs.scala:104)
[2026-06-03T15:08:28.197+0000] {spark_submit.py:634} INFO - at org.apache.spark.sql.catalyst.analysis.ResolveCatalogs$$anonfun$apply$1.applyOrElse(ResolveCatalogs.scala:40)
[2026-06-03T15:08:28.197+0000] {spark_submit.py:634} INFO - at org.apache.spark.sql.catalyst.plans.logical.AnalysisHelper.$anonfun$resolveOperatorsDownWithPruning$2(AnalysisHelper.scala:200)
[2026-06-03T15:08:28.197+0000] {spark_submit.py:634} INFO - at org.apache.spark.sql.catalyst.trees.CurrentOrigin$.withOrigin(origin.scala:107)
[2026-06-03T15:08:28.198+0000] {spark_submit.py:634} INFO - at org.apache.spark.sql.catalyst.plans.logical.AnalysisHelper.$anonfun$resolveOperatorsDownWithPruning$1(AnalysisHelper.scala:200)
[2026-06-03T15:08:28.198+0000] {spark_submit.py:634} INFO - at org.apache.spark.sql.catalyst.plans.logical.AnalysisHelper$.allowInvokingTransformsInAnalyzer(AnalysisHelper.scala:416)
[2026-06-03T15:08:28.198+0000] {spark_submit.py:634} INFO - at org.apache.spark.sql.catalyst.plans.logical.AnalysisHelper.resolveOperatorsDownWithPruning(AnalysisHelper.scala:198)
[2026-06-03T15:08:28.198+0000] {spark_submit.py:634} INFO - at org.apache.spark.sql.catalyst.plans.logical.AnalysisHelper.resolveOperatorsDownWithPruning$(AnalysisHelper.scala:194)
[2026-06-03T15:08:28.198+0000] {spark_submit.py:634} INFO - at org.apache.spark.sql.catalyst.plans.logical.LogicalPlan.resolveOperatorsDownWithPruning(LogicalPlan.scala:37)
[2026-06-03T15:08:28.198+0000] {spark_submit.py:634} INFO - at org.apache.spark.sql.catalyst.plans.logical.AnalysisHelper.$anonfun$resolveOperatorsDownWithPruning$4(AnalysisHelper.scala:205)
[2026-06-03T15:08:28.198+0000] {spark_submit.py:634} INFO - at org.apache.spark.sql.catalyst.trees.UnaryLike.mapChildren(TreeNode.scala:1264)
[2026-06-03T15:08:28.199+0000] {spark_submit.py:634} INFO - at org.apache.spark.sql.catalyst.trees.UnaryLike.mapChildren$(TreeNode.scala:1263)
[2026-06-03T15:08:28.199+0000] {spark_submit.py:634} INFO - at org.apache.spark.sql.catalyst.plans.logical.SetCatalogAndNamespace.mapChildren(v2Commands.scala:1294)
[2026-06-03T15:08:28.199+0000] {spark_submit.py:634} INFO - at org.apache.spark.sql.catalyst.plans.logical.AnalysisHelper.$anonfun$resolveOperatorsDownWithPruning$1(AnalysisHelper.scala:205)
[2026-06-03T15:08:28.199+0000] {spark_submit.py:634} INFO - at org.apache.spark.sql.catalyst.plans.logical.AnalysisHelper$.allowInvokingTransformsInAnalyzer(AnalysisHelper.scala:416)
[2026-06-03T15:08:28.199+0000] {spark_submit.py:634} INFO - at org.apache.spark.sql.catalyst.plans.logical.AnalysisHelper.resolveOperatorsDownWithPruning(AnalysisHelper.scala:198)
[2026-06-03T15:08:28.199+0000] {spark_submit.py:634} INFO - at org.apache.spark.sql.catalyst.plans.logical.AnalysisHelper.resolveOperatorsDownWithPruning$(AnalysisHelper.scala:194)
[2026-06-03T15:08:28.199+0000] {spark_submit.py:634} INFO - at org.apache.spark.sql.catalyst.plans.logical.LogicalPlan.resolveOperatorsDownWithPruning(LogicalPlan.scala:37)
[2026-06-03T15:08:28.200+0000] {spark_submit.py:634} INFO - at org.apache.spark.sql.catalyst.plans.logical.AnalysisHelper.resolveOperatorsDown(AnalysisHelper.scala:190)
[2026-06-03T15:08:28.200+0000] {spark_submit.py:634} INFO - at org.apache.spark.sql.catalyst.plans.logical.AnalysisHelper.resolveOperatorsDown$(AnalysisHelper.scala:189)
[2026-06-03T15:08:28.200+0000] {spark_submit.py:634} INFO - at org.apache.spark.sql.catalyst.plans.logical.LogicalPlan.resolveOperatorsDown(LogicalPlan.scala:37)
[2026-06-03T15:08:28.200+0000] {spark_submit.py:634} INFO - at org.apache.spark.sql.catalyst.analysis.ResolveCatalogs.apply(ResolveCatalogs.scala:40)
[2026-06-03T15:08:28.200+0000] {spark_submit.py:634} INFO - at org.apache.spark.sql.catalyst.analysis.ResolveCatalogs.apply(ResolveCatalogs.scala:37)
[2026-06-03T15:08:28.200+0000] {spark_submit.py:634} INFO - at org.apache.spark.sql.catalyst.rules.RuleExecutor.$anonfun$execute$2(RuleExecutor.scala:248)
[2026-06-03T15:08:28.200+0000] {spark_submit.py:634} INFO - at scala.collection.LinearSeqOps.foldLeft(LinearSeq.scala:183)
[2026-06-03T15:08:28.201+0000] {spark_submit.py:634} INFO - at scala.collection.LinearSeqOps.foldLeft$(LinearSeq.scala:179)
[2026-06-03T15:08:28.201+0000] {spark_submit.py:634} INFO - at scala.collection.immutable.List.foldLeft(List.scala:79)
[2026-06-03T15:08:28.201+0000] {spark_submit.py:634} INFO - at org.apache.spark.sql.catalyst.rules.RuleExecutor.$anonfun$execute$1(RuleExecutor.scala:245)
[2026-06-03T15:08:28.201+0000] {spark_submit.py:634} INFO - at org.apache.spark.sql.catalyst.rules.RuleExecutor.$anonfun$execute$1$adapted(RuleExecutor.scala:237)
[2026-06-03T15:08:28.201+0000] {spark_submit.py:634} INFO - at scala.collection.immutable.List.foreach(List.scala:323)
[2026-06-03T15:08:28.201+0000] {spark_submit.py:634} INFO - at org.apache.spark.sql.catalyst.rules.RuleExecutor.execute(RuleExecutor.scala:237)
[2026-06-03T15:08:28.201+0000] {spark_submit.py:634} INFO - at org.apache.spark.sql.catalyst.analysis.Analyzer.org$apache$spark$sql$catalyst$analysis$Analyzer$$executeSameContext(Analyzer.scala:343)
[2026-06-03T15:08:28.202+0000] {spark_submit.py:634} INFO - at org.apache.spark.sql.catalyst.analysis.Analyzer.$anonfun$execute$1(Analyzer.scala:339)
[2026-06-03T15:08:28.202+0000] {spark_submit.py:634} INFO - at org.apache.spark.sql.catalyst.analysis.AnalysisContext$.withNewAnalysisContext(Analyzer.scala:224)
[2026-06-03T15:08:28.202+0000] {spark_submit.py:634} INFO - at org.apache.spark.sql.catalyst.analysis.Analyzer.execute(Analyzer.scala:339)
[2026-06-03T15:08:28.202+0000] {spark_submit.py:634} INFO - at org.apache.spark.sql.catalyst.analysis.Analyzer.execute(Analyzer.scala:289)
[2026-06-03T15:08:28.202+0000] {spark_submit.py:634} INFO - at org.apache.spark.sql.catalyst.rules.RuleExecutor.$anonfun$executeAndTrack$1(RuleExecutor.scala:207)
[2026-06-03T15:08:28.202+0000] {spark_submit.py:634} INFO - at org.apache.spark.sql.catalyst.QueryPlanningTracker$.withTracker(QueryPlanningTracker.scala:89)
[2026-06-03T15:08:28.202+0000] {spark_submit.py:634} INFO - at org.apache.spark.sql.catalyst.rules.RuleExecutor.executeAndTrack(RuleExecutor.scala:207)
[2026-06-03T15:08:28.202+0000] {spark_submit.py:634} INFO - at org.apache.spark.sql.catalyst.analysis.resolver.HybridAnalyzer.resolveInFixedPoint(HybridAnalyzer.scala:236)
[2026-06-03T15:08:28.203+0000] {spark_submit.py:634} INFO - at org.apache.spark.sql.catalyst.analysis.resolver.HybridAnalyzer.$anonfun$apply$1(HybridAnalyzer.scala:91)
[2026-06-03T15:08:28.203+0000] {spark_submit.py:634} INFO - at org.apache.spark.sql.catalyst.analysis.resolver.HybridAnalyzer.withTrackedAnalyzerBridgeState(HybridAnalyzer.scala:122)
[2026-06-03T15:08:28.203+0000] {spark_submit.py:634} INFO - at org.apache.spark.sql.catalyst.analysis.resolver.HybridAnalyzer.apply(HybridAnalyzer.scala:84)
[2026-06-03T15:08:28.203+0000] {spark_submit.py:634} INFO - at org.apache.spark.sql.catalyst.analysis.Analyzer.$anonfun$executeAndCheck$1(Analyzer.scala:322)
[2026-06-03T15:08:28.203+0000] {spark_submit.py:634} INFO - at org.apache.spark.sql.catalyst.plans.logical.AnalysisHelper$.markInAnalyzer(AnalysisHelper.scala:423)
[2026-06-03T15:08:28.203+0000] {spark_submit.py:634} INFO - at org.apache.spark.sql.catalyst.analysis.Analyzer.executeAndCheck(Analyzer.scala:322)
[2026-06-03T15:08:28.203+0000] {spark_submit.py:634} INFO - at org.apache.spark.sql.execution.QueryExecution.$anonfun$lazyAnalyzed$2(QueryExecution.scala:139)
[2026-06-03T15:08:28.204+0000] {spark_submit.py:634} INFO - at org.apache.spark.sql.catalyst.QueryPlanningTracker.measurePhase(QueryPlanningTracker.scala:148)
[2026-06-03T15:08:28.204+0000] {spark_submit.py:634} INFO - at org.apache.spark.sql.execution.QueryExecution.$anonfun$executePhase$2(QueryExecution.scala:330)
[2026-06-03T15:08:28.204+0000] {spark_submit.py:634} INFO - at org.apache.spark.sql.execution.QueryExecution$.withInternalError(QueryExecution.scala:717)
[2026-06-03T15:08:28.204+0000] {spark_submit.py:634} INFO - at org.apache.spark.sql.execution.QueryExecution.$anonfun$executePhase$1(QueryExecution.scala:330)
[2026-06-03T15:08:28.204+0000] {spark_submit.py:634} INFO - at org.apache.spark.sql.SparkSession.withActive(SparkSession.scala:804)
[2026-06-03T15:08:28.204+0000] {spark_submit.py:634} INFO - at org.apache.spark.sql.execution.QueryExecution.executePhase(QueryExecution.scala:329)
[2026-06-03T15:08:28.204+0000] {spark_submit.py:634} INFO - at org.apache.spark.sql.execution.QueryExecution.$anonfun$lazyAnalyzed$1(QueryExecution.scala:139)
[2026-06-03T15:08:28.205+0000] {spark_submit.py:634} INFO - at scala.util.Try$.apply(Try.scala:217)
[2026-06-03T15:08:28.205+0000] {spark_submit.py:634} INFO - at org.apache.spark.util.Utils$.doTryWithCallerStacktrace(Utils.scala:1392)
[2026-06-03T15:08:28.205+0000] {spark_submit.py:634} INFO - at org.apache.spark.util.LazyTry.tryT$lzycompute(LazyTry.scala:46)
[2026-06-03T15:08:28.205+0000] {spark_submit.py:634} INFO - at org.apache.spark.util.LazyTry.tryT(LazyTry.scala:46)
[2026-06-03T15:08:28.205+0000] {spark_submit.py:634} INFO - ... 22 more
[2026-06-03T15:08:28.205+0000] {spark_submit.py:634} INFO - 
[2026-06-03T15:08:28.511+0000] {spark_submit.py:634} INFO - 26/06/03 15:08:28 INFO SparkContext: Invoking stop() from shutdown hook
[2026-06-03T15:08:28.514+0000] {spark_submit.py:634} INFO - 26/06/03 15:08:28 INFO SparkContext: SparkContext is stopping with exitCode 0 from run at Executors.java:539.
[2026-06-03T15:08:28.551+0000] {spark_submit.py:634} INFO - 26/06/03 15:08:28 INFO SparkUI: Stopped Spark web UI at http://d41b5fee0913:4040
[2026-06-03T15:08:28.555+0000] {spark_submit.py:634} INFO - 26/06/03 15:08:28 INFO StandaloneSchedulerBackend: Shutting down all executors
[2026-06-03T15:08:28.555+0000] {spark_submit.py:634} INFO - 26/06/03 15:08:28 INFO StandaloneSchedulerBackend$StandaloneDriverEndpoint: Asking each executor to shut down
[2026-06-03T15:08:28.590+0000] {spark_submit.py:634} INFO - 26/06/03 15:08:28 INFO MapOutputTrackerMasterEndpoint: MapOutputTrackerMasterEndpoint stopped!
[2026-06-03T15:08:28.626+0000] {spark_submit.py:634} INFO - 26/06/03 15:08:28 INFO MemoryStore: MemoryStore started with capacity 434.4 MiB
[2026-06-03T15:08:28.627+0000] {spark_submit.py:634} INFO - 26/06/03 15:08:28 INFO MemoryStore: MemoryStore cleared
[2026-06-03T15:08:28.628+0000] {spark_submit.py:634} INFO - 26/06/03 15:08:28 INFO BlockManager: BlockManager stopped
[2026-06-03T15:08:28.637+0000] {spark_submit.py:634} INFO - 26/06/03 15:08:28 INFO BlockManagerMaster: BlockManagerMaster stopped
[2026-06-03T15:08:28.640+0000] {spark_submit.py:634} INFO - 26/06/03 15:08:28 INFO OutputCommitCoordinator$OutputCommitCoordinatorEndpoint: OutputCommitCoordinator stopped!
[2026-06-03T15:08:28.653+0000] {spark_submit.py:634} INFO - 26/06/03 15:08:28 INFO SparkContext: Successfully stopped SparkContext (Uptime: 8656 ms)
[2026-06-03T15:08:28.747+0000] {taskinstance.py:3311} ERROR - Task failed with exception
Traceback (most recent call last):
  File "/home/airflow/.local/lib/python3.11/site-packages/airflow/models/taskinstance.py", line 767, in _execute_task
    result = _execute_callable(context=context, **execute_callable_kwargs)
             ^^^^^^^^^^^^^^^^^^^^^^^^^^^^^^^^^^^^^^^^^^^^^^^^^^^^^^^^^^^^^
  File "/home/airflow/.local/lib/python3.11/site-packages/airflow/models/taskinstance.py", line 733, in _execute_callable
    return ExecutionCallableRunner(
           ^^^^^^^^^^^^^^^^^^^^^^^^
  File "/home/airflow/.local/lib/python3.11/site-packages/airflow/utils/operator_helpers.py", line 252, in run
    return self.func(*args, **kwargs)
           ^^^^^^^^^^^^^^^^^^^^^^^^^^
  File "/home/airflow/.local/lib/python3.11/site-packages/airflow/models/baseoperator.py", line 422, in wrapper
    return func(self, *args, **kwargs)
           ^^^^^^^^^^^^^^^^^^^^^^^^^^^
  File "/home/airflow/.local/lib/python3.11/site-packages/airflow/providers/apache/spark/operators/spark_submit.py", line 176, in execute
    self._hook.submit(self.application)
  File "/home/airflow/.local/lib/python3.11/site-packages/airflow/providers/apache/spark/hooks/spark_submit.py", line 560, in submit
    raise AirflowException(
airflow.exceptions.AirflowException: Cannot execute: spark-submit --master spark://spark-master:7077 --conf spark.sql.extensions=org.apache.iceberg.spark.extensions.IcebergSparkSessionExtensions --conf spark.sql.catalog.lakehouse=org.apache.iceberg.spark.SparkCatalog --conf spark.sql.catalog.lakehouse.type=rest --conf spark.sql.catalog.lakehouse.uri=http://iceberg-rest:8181 --conf spark.sql.catalog.lakehouse.warehouse=s3://warehouse/ --conf spark.sql.catalog.lakehouse.io-impl=org.apache.iceberg.aws.s3.S3FileIO --conf spark.sql.catalog.lakehouse.client.region=eu-south-2 --conf spark.sql.catalog.lakehouse.s3.endpoint=http://minio:9000 --conf spark.sql.catalog.lakehouse.s3.access-key-id=admin --conf spark.sql.catalog.lakehouse.s3.secret-access-key=****** --conf spark.sql.catalog.lakehouse.s3.path-style-access=true --conf spark.sql.defaultCatalog=lakehouse --conf spark.hadoop.fs.s3a.endpoint=http://minio:9000 --conf spark.hadoop.fs.s3a.access.key=admin --conf spark.hadoop.fs.s3a.secret.key=****** --conf spark.hadoop.fs.s3a.path.style.access=true --conf spark.hadoop.fs.s3a.connection.ssl.enabled=false --name arrow-spark --verbose --deploy-mode client /workspace/resources/train_model_lakehouse.py --model-base s3a://warehouse/artifacts/models. Error code is: 1.
[2026-06-03T15:08:28.752+0000] {taskinstance.py:1225} INFO - Marking task as FAILED. dag_id=train_model_lakehouse, task_id=train_model, run_id=manual__2026-06-03T15:08:12.099870+00:00, execution_date=20260603T150812, start_date=20260603T150812, end_date=20260603T150828
[2026-06-03T15:08:28.765+0000] {taskinstance.py:340} INFO - ::group::Post task execution logs
[2026-06-03T15:08:28.766+0000] {standard_task_runner.py:124} ERROR - Failed to execute job 26 for task train_model (Cannot execute: spark-submit --master spark://spark-master:7077 --conf spark.sql.extensions=org.apache.iceberg.spark.extensions.IcebergSparkSessionExtensions --conf spark.sql.catalog.lakehouse=org.apache.iceberg.spark.SparkCatalog --conf spark.sql.catalog.lakehouse.type=rest --conf spark.sql.catalog.lakehouse.uri=http://iceberg-rest:8181 --conf spark.sql.catalog.lakehouse.warehouse=s3://warehouse/ --conf spark.sql.catalog.lakehouse.io-impl=org.apache.iceberg.aws.s3.S3FileIO --conf spark.sql.catalog.lakehouse.client.region=eu-south-2 --conf spark.sql.catalog.lakehouse.s3.endpoint=http://minio:9000 --conf spark.sql.catalog.lakehouse.s3.access-key-id=admin --conf spark.sql.catalog.lakehouse.s3.secret-access-key=****** --conf spark.sql.catalog.lakehouse.s3.path-style-access=true --conf spark.sql.defaultCatalog=lakehouse --conf spark.hadoop.fs.s3a.endpoint=http://minio:9000 --conf spark.hadoop.fs.s3a.access.key=admin --conf spark.hadoop.fs.s3a.secret.key=****** --conf spark.hadoop.fs.s3a.path.style.access=true --conf spark.hadoop.fs.s3a.connection.ssl.enabled=false --name arrow-spark --verbose --deploy-mode client /workspace/resources/train_model_lakehouse.py --model-base s3a://warehouse/artifacts/models. Error code is: 1.; 182)
Traceback (most recent call last):
  File "/home/airflow/.local/lib/python3.11/site-packages/airflow/task/task_runner/standard_task_runner.py", line 117, in _start_by_fork
    ret = args.func(args, dag=self.dag)
          ^^^^^^^^^^^^^^^^^^^^^^^^^^^^^
  File "/home/airflow/.local/lib/python3.11/site-packages/airflow/cli/cli_config.py", line 49, in command
    return func(*args, **kwargs)
           ^^^^^^^^^^^^^^^^^^^^^
  File "/home/airflow/.local/lib/python3.11/site-packages/airflow/utils/cli.py", line 116, in wrapper
    return f(*args, **kwargs)
           ^^^^^^^^^^^^^^^^^^
  File "/home/airflow/.local/lib/python3.11/site-packages/airflow/cli/commands/task_command.py", line 483, in task_run
    task_return_code = _run_task_by_selected_method(args, _dag, ti)
                       ^^^^^^^^^^^^^^^^^^^^^^^^^^^^^^^^^^^^^^^^^^^^
  File "/home/airflow/.local/lib/python3.11/site-packages/airflow/cli/commands/task_command.py", line 256, in _run_task_by_selected_method
    return _run_raw_task(args, ti)
           ^^^^^^^^^^^^^^^^^^^^^^^
  File "/home/airflow/.local/lib/python3.11/site-packages/airflow/cli/commands/task_command.py", line 341, in _run_raw_task
    return ti._run_raw_task(
           ^^^^^^^^^^^^^^^^^
  File "/home/airflow/.local/lib/python3.11/site-packages/airflow/utils/session.py", line 97, in wrapper
    return func(*args, session=session, **kwargs)
           ^^^^^^^^^^^^^^^^^^^^^^^^^^^^^^^^^^^^^^
  File "/home/airflow/.local/lib/python3.11/site-packages/airflow/models/taskinstance.py", line 3005, in _run_raw_task
    return _run_raw_task(
           ^^^^^^^^^^^^^^
  File "/home/airflow/.local/lib/python3.11/site-packages/airflow/models/taskinstance.py", line 273, in _run_raw_task
    TaskInstance._execute_task_with_callbacks(
  File "/home/airflow/.local/lib/python3.11/site-packages/airflow/models/taskinstance.py", line 3159, in _execute_task_with_callbacks
    result = self._execute_task(context, task_orig)
             ^^^^^^^^^^^^^^^^^^^^^^^^^^^^^^^^^^^^^^
  File "/home/airflow/.local/lib/python3.11/site-packages/airflow/models/taskinstance.py", line 3183, in _execute_task
    return _execute_task(self, context, task_orig)
           ^^^^^^^^^^^^^^^^^^^^^^^^^^^^^^^^^^^^^^^
  File "/home/airflow/.local/lib/python3.11/site-packages/airflow/models/taskinstance.py", line 767, in _execute_task
    result = _execute_callable(context=context, **execute_callable_kwargs)
             ^^^^^^^^^^^^^^^^^^^^^^^^^^^^^^^^^^^^^^^^^^^^^^^^^^^^^^^^^^^^^
  File "/home/airflow/.local/lib/python3.11/site-packages/airflow/models/taskinstance.py", line 733, in _execute_callable
    return ExecutionCallableRunner(
           ^^^^^^^^^^^^^^^^^^^^^^^^
  File "/home/airflow/.local/lib/python3.11/site-packages/airflow/utils/operator_helpers.py", line 252, in run
    return self.func(*args, **kwargs)
           ^^^^^^^^^^^^^^^^^^^^^^^^^^
  File "/home/airflow/.local/lib/python3.11/site-packages/airflow/models/baseoperator.py", line 422, in wrapper
    return func(self, *args, **kwargs)
           ^^^^^^^^^^^^^^^^^^^^^^^^^^^
  File "/home/airflow/.local/lib/python3.11/site-packages/airflow/providers/apache/spark/operators/spark_submit.py", line 176, in execute
    self._hook.submit(self.application)
  File "/home/airflow/.local/lib/python3.11/site-packages/airflow/providers/apache/spark/hooks/spark_submit.py", line 560, in submit
    raise AirflowException(
airflow.exceptions.AirflowException: Cannot execute: spark-submit --master spark://spark-master:7077 --conf spark.sql.extensions=org.apache.iceberg.spark.extensions.IcebergSparkSessionExtensions --conf spark.sql.catalog.lakehouse=org.apache.iceberg.spark.SparkCatalog --conf spark.sql.catalog.lakehouse.type=rest --conf spark.sql.catalog.lakehouse.uri=http://iceberg-rest:8181 --conf spark.sql.catalog.lakehouse.warehouse=s3://warehouse/ --conf spark.sql.catalog.lakehouse.io-impl=org.apache.iceberg.aws.s3.S3FileIO --conf spark.sql.catalog.lakehouse.client.region=eu-south-2 --conf spark.sql.catalog.lakehouse.s3.endpoint=http://minio:9000 --conf spark.sql.catalog.lakehouse.s3.access-key-id=admin --conf spark.sql.catalog.lakehouse.s3.secret-access-key=****** --conf spark.sql.catalog.lakehouse.s3.path-style-access=true --conf spark.sql.defaultCatalog=lakehouse --conf spark.hadoop.fs.s3a.endpoint=http://minio:9000 --conf spark.hadoop.fs.s3a.access.key=admin --conf spark.hadoop.fs.s3a.secret.key=****** --conf spark.hadoop.fs.s3a.path.style.access=true --conf spark.hadoop.fs.s3a.connection.ssl.enabled=false --name arrow-spark --verbose --deploy-mode client /workspace/resources/train_model_lakehouse.py --model-base s3a://warehouse/artifacts/models. Error code is: 1.
[2026-06-03T15:08:28.805+0000] {local_task_job_runner.py:266} INFO - Task exited with return code 1
[2026-06-03T15:08:28.824+0000] {taskinstance.py:3895} INFO - 0 downstream tasks scheduled from follow-on schedule check
[2026-06-03T15:08:28.850+0000] {local_task_job_runner.py:245} INFO - ::endgroup::
