[2026-06-03T15:25:38.264+0000] {local_task_job_runner.py:123} INFO - ::group::Pre task execution logs
[2026-06-03T15:25:38.290+0000] {taskinstance.py:2613} INFO - Dependencies all met for dep_context=non-requeueable deps ti=<TaskInstance: train_model_lakehouse.train_model manual__2026-06-03T15:25:37.757424+00:00 [queued]>
[2026-06-03T15:25:38.302+0000] {taskinstance.py:2613} INFO - Dependencies all met for dep_context=requeueable deps ti=<TaskInstance: train_model_lakehouse.train_model manual__2026-06-03T15:25:37.757424+00:00 [queued]>
[2026-06-03T15:25:38.302+0000] {taskinstance.py:2866} INFO - Starting attempt 1 of 1
[2026-06-03T15:25:38.318+0000] {taskinstance.py:2889} INFO - Executing <Task(SparkSubmitOperator): train_model> on 2026-06-03 15:25:37.757424+00:00
[2026-06-03T15:25:38.325+0000] {standard_task_runner.py:72} INFO - Started process 182 to run task
[2026-06-03T15:25:38.329+0000] {standard_task_runner.py:104} INFO - Running: ['***', 'tasks', 'run', 'train_model_lakehouse', 'train_model', 'manual__2026-06-03T15:25:37.757424+00:00', '--job-id', '28', '--raw', '--subdir', 'DAGS_FOLDER/train_model_lakehouse_dag.py', '--cfg-path', '/tmp/tmpo9sm4175']
[2026-06-03T15:25:38.331+0000] {standard_task_runner.py:105} INFO - Job 28: Subtask train_model
[2026-06-03T15:25:38.396+0000] {task_command.py:467} INFO - Running <TaskInstance: train_model_lakehouse.train_model manual__2026-06-03T15:25:37.757424+00:00 [running]> on host 70b1be1cb349
[2026-06-03T15:25:38.537+0000] {taskinstance.py:3132} INFO - Exporting env vars: AIRFLOW_CTX_DAG_OWNER='***' AIRFLOW_CTX_DAG_ID='train_model_lakehouse' AIRFLOW_CTX_TASK_ID='train_model' AIRFLOW_CTX_EXECUTION_DATE='2026-06-03T15:25:37.757424+00:00' AIRFLOW_CTX_TRY_NUMBER='1' AIRFLOW_CTX_DAG_RUN_ID='manual__2026-06-03T15:25:37.757424+00:00'
[2026-06-03T15:25:38.537+0000] {taskinstance.py:731} INFO - ::endgroup::
[2026-06-03T15:25:38.608+0000] {base.py:84} INFO - Retrieving connection 'spark_default'
[2026-06-03T15:25:38.611+0000] {spark_submit.py:473} INFO - Spark-Submit cmd: spark-submit --master spark://spark-master:7077 --conf spark.sql.extensions=org.apache.iceberg.spark.extensions.IcebergSparkSessionExtensions --conf spark.sql.catalog.lakehouse=org.apache.iceberg.spark.SparkCatalog --conf spark.sql.catalog.lakehouse.type=rest --conf spark.sql.catalog.lakehouse.uri=http://iceberg-rest:8181 --conf spark.sql.catalog.lakehouse.warehouse=s3://warehouse/ --conf spark.sql.catalog.lakehouse.io-impl=org.apache.iceberg.aws.s3.S3FileIO --conf spark.sql.catalog.lakehouse.client.region=eu-south-2 --conf spark.sql.catalog.lakehouse.s3.endpoint=http://minio:9000 --conf spark.sql.catalog.lakehouse.s3.access-key-id=admin --conf spark.sql.catalog.lakehouse.s3.secret-access-key=****** --conf spark.sql.catalog.lakehouse.s3.path-style-access=true --conf spark.sql.defaultCatalog=lakehouse --conf spark.hadoop.fs.s3a.endpoint=http://minio:9000 --conf spark.hadoop.fs.s3a.access.key=admin --conf spark.hadoop.fs.s3a.secret.key=****** --conf spark.hadoop.fs.s3a.path.style.access=true --conf spark.hadoop.fs.s3a.connection.ssl.enabled=false --name arrow-spark --verbose --deploy-mode client /workspace/resources/train_model_lakehouse.py --model-base s3a://warehouse/artifacts/models
[2026-06-03T15:25:39.569+0000] {spark_submit.py:634} INFO - WARNING: Using incubator modules: jdk.incubator.vector
[2026-06-03T15:25:41.140+0000] {spark_submit.py:634} INFO - Parsed arguments:
[2026-06-03T15:25:41.140+0000] {spark_submit.py:634} INFO - master                  spark://spark-master:7077
[2026-06-03T15:25:41.140+0000] {spark_submit.py:634} INFO - remote                  null
[2026-06-03T15:25:41.140+0000] {spark_submit.py:634} INFO - deployMode              client
[2026-06-03T15:25:41.141+0000] {spark_submit.py:634} INFO - executorMemory          null
[2026-06-03T15:25:41.141+0000] {spark_submit.py:634} INFO - executorCores           null
[2026-06-03T15:25:41.141+0000] {spark_submit.py:634} INFO - totalExecutorCores      null
[2026-06-03T15:25:41.141+0000] {spark_submit.py:634} INFO - propertiesFile          null
[2026-06-03T15:25:41.141+0000] {spark_submit.py:634} INFO - driverMemory            null
[2026-06-03T15:25:41.141+0000] {spark_submit.py:634} INFO - driverCores             null
[2026-06-03T15:25:41.142+0000] {spark_submit.py:634} INFO - driverExtraClassPath    null
[2026-06-03T15:25:41.142+0000] {spark_submit.py:634} INFO - driverExtraLibraryPath  null
[2026-06-03T15:25:41.142+0000] {spark_submit.py:634} INFO - driverExtraJavaOptions  null
[2026-06-03T15:25:41.142+0000] {spark_submit.py:634} INFO - supervise               false
[2026-06-03T15:25:41.142+0000] {spark_submit.py:634} INFO - queue                   null
[2026-06-03T15:25:41.142+0000] {spark_submit.py:634} INFO - numExecutors            null
[2026-06-03T15:25:41.142+0000] {spark_submit.py:634} INFO - files                   null
[2026-06-03T15:25:41.143+0000] {spark_submit.py:634} INFO - pyFiles                 null
[2026-06-03T15:25:41.143+0000] {spark_submit.py:634} INFO - archives                null
[2026-06-03T15:25:41.143+0000] {spark_submit.py:634} INFO - mainClass               null
[2026-06-03T15:25:41.143+0000] {spark_submit.py:634} INFO - primaryResource         file:/workspace/resources/train_model_lakehouse.py
[2026-06-03T15:25:41.144+0000] {spark_submit.py:634} INFO - name                    arrow-spark
[2026-06-03T15:25:41.144+0000] {spark_submit.py:634} INFO - childArgs               [--model-base s3a://warehouse/artifacts/models]
[2026-06-03T15:25:41.144+0000] {spark_submit.py:634} INFO - jars                    null
[2026-06-03T15:25:41.144+0000] {spark_submit.py:634} INFO - packages                null
[2026-06-03T15:25:41.144+0000] {spark_submit.py:634} INFO - packagesExclusions      null
[2026-06-03T15:25:41.144+0000] {spark_submit.py:634} INFO - repositories            null
[2026-06-03T15:25:41.144+0000] {spark_submit.py:634} INFO - verbose                 true
[2026-06-03T15:25:41.145+0000] {spark_submit.py:634} INFO - 
[2026-06-03T15:25:41.145+0000] {spark_submit.py:634} INFO - Spark properties used, including those specified through
[2026-06-03T15:25:41.145+0000] {spark_submit.py:634} INFO - --conf and those from the properties file null:
[2026-06-03T15:25:41.145+0000] {spark_submit.py:634} INFO - (spark.hadoop.fs.s3a.access.key,*********(redacted))
[2026-06-03T15:25:41.145+0000] {spark_submit.py:634} INFO - (spark.hadoop.fs.s3a.connection.ssl.enabled,false)
[2026-06-03T15:25:41.146+0000] {spark_submit.py:634} INFO - (spark.hadoop.fs.s3a.endpoint,http://minio:9000)
[2026-06-03T15:25:41.146+0000] {spark_submit.py:634} INFO - (spark.hadoop.fs.s3a.path.style.access,true)
[2026-06-03T15:25:41.146+0000] {spark_submit.py:634} INFO - (spark.hadoop.fs.s3a.secret.key,*********(redacted))
[2026-06-03T15:25:41.146+0000] {spark_submit.py:634} INFO - (spark.sql.catalog.lakehouse,org.apache.iceberg.spark.SparkCatalog)
[2026-06-03T15:25:41.146+0000] {spark_submit.py:634} INFO - (spark.sql.catalog.lakehouse.client.region,eu-south-2)
[2026-06-03T15:25:41.146+0000] {spark_submit.py:634} INFO - (spark.sql.catalog.lakehouse.io-impl,org.apache.iceberg.aws.s3.S3FileIO)
[2026-06-03T15:25:41.147+0000] {spark_submit.py:634} INFO - (spark.sql.catalog.lakehouse.s3.access-key-id,admin)
[2026-06-03T15:25:41.147+0000] {spark_submit.py:634} INFO - (spark.sql.catalog.lakehouse.s3.endpoint,http://minio:9000)
[2026-06-03T15:25:41.147+0000] {spark_submit.py:634} INFO - (spark.sql.catalog.lakehouse.s3.path-style-access,true)
[2026-06-03T15:25:41.147+0000] {spark_submit.py:634} INFO - (spark.sql.catalog.lakehouse.s3.secret-access-key,*********(redacted))
[2026-06-03T15:25:41.147+0000] {spark_submit.py:634} INFO - (spark.sql.catalog.lakehouse.type,rest)
[2026-06-03T15:25:41.147+0000] {spark_submit.py:634} INFO - (spark.sql.catalog.lakehouse.uri,http://iceberg-rest:8181)
[2026-06-03T15:25:41.147+0000] {spark_submit.py:634} INFO - (spark.sql.catalog.lakehouse.warehouse,s3://warehouse/)
[2026-06-03T15:25:41.148+0000] {spark_submit.py:634} INFO - (spark.sql.defaultCatalog,lakehouse)
[2026-06-03T15:25:41.148+0000] {spark_submit.py:634} INFO - (spark.sql.extensions,org.apache.iceberg.spark.extensions.IcebergSparkSessionExtensions)
[2026-06-03T15:25:41.148+0000] {spark_submit.py:634} INFO - 
[2026-06-03T15:25:41.148+0000] {spark_submit.py:634} INFO - 
[2026-06-03T15:25:41.477+0000] {spark_submit.py:634} INFO - Main class:
[2026-06-03T15:25:41.477+0000] {spark_submit.py:634} INFO - org.apache.spark.deploy.PythonRunner
[2026-06-03T15:25:41.478+0000] {spark_submit.py:634} INFO - Arguments:
[2026-06-03T15:25:41.478+0000] {spark_submit.py:634} INFO - file:/workspace/resources/train_model_lakehouse.py
[2026-06-03T15:25:41.478+0000] {spark_submit.py:634} INFO - null
[2026-06-03T15:25:41.479+0000] {spark_submit.py:634} INFO - --model-base
[2026-06-03T15:25:41.479+0000] {spark_submit.py:634} INFO - s3a://warehouse/artifacts/models
[2026-06-03T15:25:41.479+0000] {spark_submit.py:634} INFO - Spark config:
[2026-06-03T15:25:41.479+0000] {spark_submit.py:634} INFO - (spark.app.name,arrow-spark)
[2026-06-03T15:25:41.480+0000] {spark_submit.py:634} INFO - (spark.app.submitTime,1780500341451)
[2026-06-03T15:25:41.480+0000] {spark_submit.py:634} INFO - (spark.hadoop.fs.s3a.access.key,*********(redacted))
[2026-06-03T15:25:41.480+0000] {spark_submit.py:634} INFO - (spark.hadoop.fs.s3a.connection.ssl.enabled,false)
[2026-06-03T15:25:41.480+0000] {spark_submit.py:634} INFO - (spark.hadoop.fs.s3a.endpoint,http://minio:9000)
[2026-06-03T15:25:41.481+0000] {spark_submit.py:634} INFO - (spark.hadoop.fs.s3a.path.style.access,true)
[2026-06-03T15:25:41.481+0000] {spark_submit.py:634} INFO - (spark.hadoop.fs.s3a.secret.key,*********(redacted))
[2026-06-03T15:25:41.481+0000] {spark_submit.py:634} INFO - (spark.master,spark://spark-master:7077)
[2026-06-03T15:25:41.481+0000] {spark_submit.py:634} INFO - (spark.sql.catalog.lakehouse,org.apache.iceberg.spark.SparkCatalog)
[2026-06-03T15:25:41.482+0000] {spark_submit.py:634} INFO - (spark.sql.catalog.lakehouse.client.region,eu-south-2)
[2026-06-03T15:25:41.482+0000] {spark_submit.py:634} INFO - (spark.sql.catalog.lakehouse.io-impl,org.apache.iceberg.aws.s3.S3FileIO)
[2026-06-03T15:25:41.482+0000] {spark_submit.py:634} INFO - (spark.sql.catalog.lakehouse.s3.access-key-id,admin)
[2026-06-03T15:25:41.482+0000] {spark_submit.py:634} INFO - (spark.sql.catalog.lakehouse.s3.endpoint,http://minio:9000)
[2026-06-03T15:25:41.483+0000] {spark_submit.py:634} INFO - (spark.sql.catalog.lakehouse.s3.path-style-access,true)
[2026-06-03T15:25:41.483+0000] {spark_submit.py:634} INFO - (spark.sql.catalog.lakehouse.s3.secret-access-key,*********(redacted))
[2026-06-03T15:25:41.483+0000] {spark_submit.py:634} INFO - (spark.sql.catalog.lakehouse.type,rest)
[2026-06-03T15:25:41.484+0000] {spark_submit.py:634} INFO - (spark.sql.catalog.lakehouse.uri,http://iceberg-rest:8181)
[2026-06-03T15:25:41.484+0000] {spark_submit.py:634} INFO - (spark.sql.catalog.lakehouse.warehouse,s3://warehouse/)
[2026-06-03T15:25:41.484+0000] {spark_submit.py:634} INFO - (spark.sql.defaultCatalog,lakehouse)
[2026-06-03T15:25:41.484+0000] {spark_submit.py:634} INFO - (spark.sql.extensions,org.apache.iceberg.spark.extensions.IcebergSparkSessionExtensions)
[2026-06-03T15:25:41.485+0000] {spark_submit.py:634} INFO - (spark.submit.deployMode,client)
[2026-06-03T15:25:41.485+0000] {spark_submit.py:634} INFO - (spark.submit.pyFiles,)
[2026-06-03T15:25:41.485+0000] {spark_submit.py:634} INFO - Classpath elements:
[2026-06-03T15:25:41.485+0000] {spark_submit.py:634} INFO - 
[2026-06-03T15:25:41.486+0000] {spark_submit.py:634} INFO - 
[2026-06-03T15:25:41.486+0000] {spark_submit.py:634} INFO - 
[2026-06-03T15:25:46.659+0000] {spark_submit.py:634} INFO - Using Spark's default log4j profile: org/apache/spark/log4j2-defaults.properties
[2026-06-03T15:25:46.670+0000] {spark_submit.py:634} INFO - 26/06/03 15:25:46 INFO SparkContext: Running Spark version 4.1.2
[2026-06-03T15:25:46.674+0000] {spark_submit.py:634} INFO - 26/06/03 15:25:46 INFO SparkContext: OS info Linux, 6.17.0-35-generic, amd64
[2026-06-03T15:25:46.674+0000] {spark_submit.py:634} INFO - 26/06/03 15:25:46 INFO SparkContext: Java version 17.0.19+10-1-deb12u2-Debian
[2026-06-03T15:25:46.807+0000] {spark_submit.py:634} INFO - 26/06/03 15:25:46 WARN NativeCodeLoader: Unable to load native-hadoop library for your platform... using builtin-java classes where applicable
[2026-06-03T15:25:46.875+0000] {spark_submit.py:634} INFO - 26/06/03 15:25:46 INFO ResourceUtils: ==============================================================
[2026-06-03T15:25:46.876+0000] {spark_submit.py:634} INFO - 26/06/03 15:25:46 INFO ResourceUtils: No custom resources configured for spark.driver.
[2026-06-03T15:25:46.876+0000] {spark_submit.py:634} INFO - 26/06/03 15:25:46 INFO ResourceUtils: ==============================================================
[2026-06-03T15:25:46.877+0000] {spark_submit.py:634} INFO - 26/06/03 15:25:46 INFO SparkContext: Submitted application: train_model_lakehouse
[2026-06-03T15:25:46.949+0000] {spark_submit.py:634} INFO - 26/06/03 15:25:46 INFO SecurityManager: Changing view acls to: ***
[2026-06-03T15:25:46.950+0000] {spark_submit.py:634} INFO - 26/06/03 15:25:46 INFO SecurityManager: Changing modify acls to: ***
[2026-06-03T15:25:46.950+0000] {spark_submit.py:634} INFO - 26/06/03 15:25:46 INFO SecurityManager: Changing view acls groups to: ***
[2026-06-03T15:25:46.951+0000] {spark_submit.py:634} INFO - 26/06/03 15:25:46 INFO SecurityManager: Changing modify acls groups to: ***
[2026-06-03T15:25:46.951+0000] {spark_submit.py:634} INFO - 26/06/03 15:25:46 INFO SecurityManager: SecurityManager: authentication disabled; ui acls disabled; users with view permissions: *** groups with view permissions: EMPTY; users with modify permissions: ***; groups with modify permissions: EMPTY; RPC SSL disabled
[2026-06-03T15:25:47.298+0000] {spark_submit.py:634} INFO - 26/06/03 15:25:47 INFO Utils: Successfully started service 'sparkDriver' on port 38375.
[2026-06-03T15:25:47.348+0000] {spark_submit.py:634} INFO - 26/06/03 15:25:47 INFO SparkEnv: Registering MapOutputTracker
[2026-06-03T15:25:47.370+0000] {spark_submit.py:634} INFO - 26/06/03 15:25:47 INFO SparkEnv: Registering BlockManagerMaster
[2026-06-03T15:25:47.398+0000] {spark_submit.py:634} INFO - 26/06/03 15:25:47 INFO BlockManagerMasterEndpoint: Using org.apache.spark.storage.DefaultTopologyMapper for getting topology information
[2026-06-03T15:25:47.399+0000] {spark_submit.py:634} INFO - 26/06/03 15:25:47 INFO BlockManagerMasterEndpoint: BlockManagerMasterEndpoint up
[2026-06-03T15:25:47.402+0000] {spark_submit.py:634} INFO - 26/06/03 15:25:47 INFO SparkEnv: Registering BlockManagerMasterHeartbeat
[2026-06-03T15:25:47.443+0000] {spark_submit.py:634} INFO - 26/06/03 15:25:47 INFO DiskBlockManager: Created local directory at /tmp/blockmgr-29be68bf-3a14-4c82-b4a7-2378c802a7ae
[2026-06-03T15:25:47.473+0000] {spark_submit.py:634} INFO - 26/06/03 15:25:47 INFO SparkEnv: Registering OutputCommitCoordinator
[2026-06-03T15:25:47.664+0000] {spark_submit.py:634} INFO - 26/06/03 15:25:47 INFO JettyUtils: Start Jetty 0.0.0.0:4040 for SparkUI
[2026-06-03T15:25:47.777+0000] {spark_submit.py:634} INFO - 26/06/03 15:25:47 INFO Utils: Successfully started service 'SparkUI' on port 4040.
[2026-06-03T15:25:47.846+0000] {spark_submit.py:634} INFO - 26/06/03 15:25:47 INFO ResourceProfile: Default ResourceProfile created, executor resources: Map(memory -> name: memory, amount: 1024, script: , vendor: , offHeap -> name: offHeap, amount: 0, script: , vendor: ), task resources: Map(cpus -> name: cpus, amount: 1.0)
[2026-06-03T15:25:47.848+0000] {spark_submit.py:634} INFO - 26/06/03 15:25:47 INFO ResourceProfile: Limiting resource is cpu
[2026-06-03T15:25:47.849+0000] {spark_submit.py:634} INFO - 26/06/03 15:25:47 INFO ResourceProfileManager: Added ResourceProfile id: 0
[2026-06-03T15:25:47.868+0000] {spark_submit.py:634} INFO - 26/06/03 15:25:47 INFO SecurityManager: Changing view acls to: ***
[2026-06-03T15:25:47.869+0000] {spark_submit.py:634} INFO - 26/06/03 15:25:47 INFO SecurityManager: Changing modify acls to: ***
[2026-06-03T15:25:47.869+0000] {spark_submit.py:634} INFO - 26/06/03 15:25:47 INFO SecurityManager: Changing view acls groups to: ***
[2026-06-03T15:25:47.869+0000] {spark_submit.py:634} INFO - 26/06/03 15:25:47 INFO SecurityManager: Changing modify acls groups to: ***
[2026-06-03T15:25:47.870+0000] {spark_submit.py:634} INFO - 26/06/03 15:25:47 INFO SecurityManager: SecurityManager: authentication disabled; ui acls disabled; users with view permissions: *** groups with view permissions: EMPTY; users with modify permissions: ***; groups with modify permissions: EMPTY; RPC SSL disabled
[2026-06-03T15:25:48.051+0000] {spark_submit.py:634} INFO - 26/06/03 15:25:48 INFO StandaloneAppClient$ClientEndpoint: Connecting to master spark://spark-master:7077...
[2026-06-03T15:25:48.115+0000] {spark_submit.py:634} INFO - 26/06/03 15:25:48 INFO TransportClientFactory: Successfully created connection to spark-master/172.18.0.2:7077 after 33 ms (0 ms spent in bootstraps)
[2026-06-03T15:25:48.266+0000] {spark_submit.py:634} INFO - 26/06/03 15:25:48 INFO StandaloneSchedulerBackend: Connected to Spark cluster with app ID app-20260603152548-0012
[2026-06-03T15:25:48.271+0000] {spark_submit.py:634} INFO - 26/06/03 15:25:48 INFO StandaloneAppClient$ClientEndpoint: Executor added: app-20260603152548-0012/0 on worker-20260603085132-172.18.0.7-35491 (172.18.0.7:35491) with 8 core(s)
[2026-06-03T15:25:48.275+0000] {spark_submit.py:634} INFO - 26/06/03 15:25:48 INFO StandaloneSchedulerBackend: Granted executor ID app-20260603152548-0012/0 on hostPort 172.18.0.7:35491 with 8 core(s), 1024.0 MiB RAM
[2026-06-03T15:25:48.275+0000] {spark_submit.py:634} INFO - 26/06/03 15:25:48 INFO StandaloneAppClient$ClientEndpoint: Executor added: app-20260603152548-0012/1 on worker-20260603085132-172.18.0.6-37647 (172.18.0.6:37647) with 8 core(s)
[2026-06-03T15:25:48.276+0000] {spark_submit.py:634} INFO - 26/06/03 15:25:48 INFO StandaloneSchedulerBackend: Granted executor ID app-20260603152548-0012/1 on hostPort 172.18.0.6:37647 with 8 core(s), 1024.0 MiB RAM
[2026-06-03T15:25:48.281+0000] {spark_submit.py:634} INFO - 26/06/03 15:25:48 INFO Utils: Successfully started service 'org.apache.spark.network.netty.NettyBlockTransferService' on port 42789.
[2026-06-03T15:25:48.281+0000] {spark_submit.py:634} INFO - 26/06/03 15:25:48 INFO NettyBlockTransferService: Server created on 70b1be1cb349:42789
[2026-06-03T15:25:48.285+0000] {spark_submit.py:634} INFO - 26/06/03 15:25:48 INFO BlockManager: Using org.apache.spark.storage.RandomBlockReplicationPolicy for block replication policy
[2026-06-03T15:25:48.307+0000] {spark_submit.py:634} INFO - 26/06/03 15:25:48 INFO BlockManagerMaster: Registering BlockManager BlockManagerId(driver, 70b1be1cb349, 42789, None)
[2026-06-03T15:25:48.316+0000] {spark_submit.py:634} INFO - 26/06/03 15:25:48 INFO BlockManagerMasterEndpoint: Registering block manager 70b1be1cb349:42789 with 434.4 MiB RAM, BlockManagerId(driver, 70b1be1cb349, 42789, None)
[2026-06-03T15:25:48.320+0000] {spark_submit.py:634} INFO - 26/06/03 15:25:48 INFO BlockManagerMaster: Registered BlockManager BlockManagerId(driver, 70b1be1cb349, 42789, None)
[2026-06-03T15:25:48.323+0000] {spark_submit.py:634} INFO - 26/06/03 15:25:48 INFO BlockManager: Initialized BlockManager: BlockManagerId(driver, 70b1be1cb349, 42789, None)
[2026-06-03T15:25:48.328+0000] {spark_submit.py:634} INFO - 26/06/03 15:25:48 INFO StandaloneAppClient$ClientEndpoint: Executor updated: app-20260603152548-0012/1 is now RUNNING
[2026-06-03T15:25:48.332+0000] {spark_submit.py:634} INFO - 26/06/03 15:25:48 INFO StandaloneAppClient$ClientEndpoint: Executor updated: app-20260603152548-0012/0 is now RUNNING
[2026-06-03T15:25:48.556+0000] {spark_submit.py:634} INFO - 26/06/03 15:25:48 INFO StandaloneSchedulerBackend: SchedulerBackend is ready for scheduling beginning after reached minRegisteredResourcesRatio: 0.0
[2026-06-03T15:25:53.354+0000] {spark_submit.py:634} INFO - 26/06/03 15:25:53 INFO SharedState: Setting hive.metastore.warehouse.dir ('null') to the value of spark.sql.warehouse.dir.
[2026-06-03T15:25:53.373+0000] {spark_submit.py:634} INFO - 26/06/03 15:25:53 INFO SharedState: Warehouse path is 'file:/opt/***/spark-warehouse'.
[2026-06-03T15:25:53.984+0000] {spark_submit.py:634} INFO - 26/06/03 15:25:53 INFO StandaloneSchedulerBackend$StandaloneDriverEndpoint: Registered executor NettyRpcEndpointRef(spark-client://Executor) (172.18.0.7:50990) with ID 0, ResourceProfileId 0
[2026-06-03T15:25:53.986+0000] {spark_submit.py:634} INFO - 26/06/03 15:25:53 INFO StandaloneSchedulerBackend$StandaloneDriverEndpoint: Registered executor NettyRpcEndpointRef(spark-client://Executor) (172.18.0.6:33674) with ID 1, ResourceProfileId 0
[2026-06-03T15:25:54.104+0000] {spark_submit.py:634} INFO - 2026/06/03 15:25:54 WARNING mlflow.utils.git_utils: Failed to import Git (the Git executable is probably not on your PATH), so Git SHA is not available. Error: Failed to initialize: Bad git executable.
[2026-06-03T15:25:54.105+0000] {spark_submit.py:634} INFO - The git executable must be specified in one of the following ways:
[2026-06-03T15:25:54.105+0000] {spark_submit.py:634} INFO - - be included in your $PATH
[2026-06-03T15:25:54.106+0000] {spark_submit.py:634} INFO - - be set via $GIT_PYTHON_GIT_EXECUTABLE
[2026-06-03T15:25:54.106+0000] {spark_submit.py:634} INFO - - explicitly set via git.refresh(<full-path-to-git-executable>)
[2026-06-03T15:25:54.106+0000] {spark_submit.py:634} INFO - 
[2026-06-03T15:25:54.106+0000] {spark_submit.py:634} INFO - All git commands will error until this is rectified.
[2026-06-03T15:25:54.107+0000] {spark_submit.py:634} INFO - 
[2026-06-03T15:25:54.107+0000] {spark_submit.py:634} INFO - This initial message can be silenced or aggravated in the future by setting the
[2026-06-03T15:25:54.107+0000] {spark_submit.py:634} INFO - $GIT_PYTHON_REFRESH environment variable. Use one of the following values:
[2026-06-03T15:25:54.108+0000] {spark_submit.py:634} INFO - - quiet|q|silence|s|silent|none|n|0: for no message or exception
[2026-06-03T15:25:54.108+0000] {spark_submit.py:634} INFO - - warn|w|warning|log|l|1: for a warning message (logging level CRITICAL, displayed by default)
[2026-06-03T15:25:54.108+0000] {spark_submit.py:634} INFO - - error|e|exception|raise|r|2: for a raised exception
[2026-06-03T15:25:54.108+0000] {spark_submit.py:634} INFO - 
[2026-06-03T15:25:54.109+0000] {spark_submit.py:634} INFO - Example:
[2026-06-03T15:25:54.109+0000] {spark_submit.py:634} INFO - export GIT_PYTHON_REFRESH=quiet
[2026-06-03T15:25:54.109+0000] {spark_submit.py:634} INFO - 
[2026-06-03T15:25:54.190+0000] {spark_submit.py:634} INFO - 26/06/03 15:25:54 INFO BlockManagerMasterEndpoint: Registering block manager 172.18.0.6:35041 with 434.4 MiB RAM, BlockManagerId(1, 172.18.0.6, 35041, None)
[2026-06-03T15:25:54.192+0000] {spark_submit.py:634} INFO - 26/06/03 15:25:54 INFO BlockManagerMasterEndpoint: Registering block manager 172.18.0.7:46207 with 434.4 MiB RAM, BlockManagerId(0, 172.18.0.7, 46207, None)
[2026-06-03T15:25:54.835+0000] {spark_submit.py:634} INFO - 26/06/03 15:25:54 INFO AuthManagers: Loading AuthManager implementation: org.apache.iceberg.rest.auth.NoopAuthManager
[2026-06-03T15:25:55.507+0000] {spark_submit.py:634} INFO - 26/06/03 15:25:55 INFO CatalogUtil: Loading custom FileIO implementation: org.apache.iceberg.aws.s3.S3FileIO
[2026-06-03T15:25:55.683+0000] {spark_submit.py:634} INFO - 🏃 View run gaudy-lynx-16 at: http://mlflow:5000/#/experiments/1/runs/541dfa64d0784737b969739ccb920ba7
[2026-06-03T15:25:55.684+0000] {spark_submit.py:634} INFO - 🧪 View experiment at: http://mlflow:5000/#/experiments/1
[2026-06-03T15:25:55.740+0000] {spark_submit.py:634} INFO - Traceback (most recent call last):
[2026-06-03T15:25:55.741+0000] {spark_submit.py:634} INFO - File "/workspace/resources/train_model_lakehouse.py", line 127, in <module>
[2026-06-03T15:25:55.741+0000] {spark_submit.py:634} INFO - main()
[2026-06-03T15:25:55.742+0000] {spark_submit.py:634} INFO - File "/workspace/resources/train_model_lakehouse.py", line 52, in main
[2026-06-03T15:25:55.742+0000] {spark_submit.py:634} INFO - spark.sql("USE lakehouse.training_data")
[2026-06-03T15:25:55.743+0000] {spark_submit.py:634} INFO - File "/opt/spark/python/lib/pyspark.zip/pyspark/sql/session.py", line 1816, in sql
[2026-06-03T15:25:55.743+0000] {spark_submit.py:634} INFO - File "/opt/spark/python/lib/py4j-0.10.9.9-src.zip/py4j/java_gateway.py", line 1362, in __call__
[2026-06-03T15:25:55.744+0000] {spark_submit.py:634} INFO - File "/opt/spark/python/lib/pyspark.zip/pyspark/errors/exceptions/captured.py", line 269, in deco
[2026-06-03T15:25:55.745+0000] {spark_submit.py:634} INFO - pyspark.errors.exceptions.captured.IllegalArgumentException: Cannot initialize FileIO implementation org.apache.iceberg.aws.s3.S3FileIO: Cannot find constructor for interface org.apache.iceberg.io.FileIO
[2026-06-03T15:25:55.745+0000] {spark_submit.py:634} INFO - Missing org.apache.iceberg.aws.s3.S3FileIO [java.lang.NoClassDefFoundError: software/amazon/awssdk/services/s3/model/S3Exception]
[2026-06-03T15:25:56.057+0000] {spark_submit.py:634} INFO - 26/06/03 15:25:56 INFO SparkContext: Invoking stop() from shutdown hook
[2026-06-03T15:25:56.059+0000] {spark_submit.py:634} INFO - 26/06/03 15:25:56 INFO SparkContext: SparkContext is stopping with exitCode 0 from run at Executors.java:539.
[2026-06-03T15:25:56.090+0000] {spark_submit.py:634} INFO - 26/06/03 15:25:56 INFO SparkUI: Stopped Spark web UI at http://70b1be1cb349:4040
[2026-06-03T15:25:56.093+0000] {spark_submit.py:634} INFO - 26/06/03 15:25:56 INFO StandaloneSchedulerBackend: Shutting down all executors
[2026-06-03T15:25:56.093+0000] {spark_submit.py:634} INFO - 26/06/03 15:25:56 INFO StandaloneSchedulerBackend$StandaloneDriverEndpoint: Asking each executor to shut down
[2026-06-03T15:25:56.120+0000] {spark_submit.py:634} INFO - 26/06/03 15:25:56 INFO MapOutputTrackerMasterEndpoint: MapOutputTrackerMasterEndpoint stopped!
[2026-06-03T15:25:56.151+0000] {spark_submit.py:634} INFO - 26/06/03 15:25:56 INFO MemoryStore: MemoryStore started with capacity 434.4 MiB
[2026-06-03T15:25:56.153+0000] {spark_submit.py:634} INFO - 26/06/03 15:25:56 INFO MemoryStore: MemoryStore cleared
[2026-06-03T15:25:56.153+0000] {spark_submit.py:634} INFO - 26/06/03 15:25:56 INFO BlockManager: BlockManager stopped
[2026-06-03T15:25:56.160+0000] {spark_submit.py:634} INFO - 26/06/03 15:25:56 INFO BlockManagerMaster: BlockManagerMaster stopped
[2026-06-03T15:25:56.163+0000] {spark_submit.py:634} INFO - 26/06/03 15:25:56 INFO OutputCommitCoordinator$OutputCommitCoordinatorEndpoint: OutputCommitCoordinator stopped!
[2026-06-03T15:25:56.175+0000] {spark_submit.py:634} INFO - 26/06/03 15:25:56 INFO SparkContext: Successfully stopped SparkContext (Uptime: 9525 ms)
[2026-06-03T15:25:56.251+0000] {taskinstance.py:3311} ERROR - Task failed with exception
Traceback (most recent call last):
  File "/home/airflow/.local/lib/python3.11/site-packages/airflow/models/taskinstance.py", line 767, in _execute_task
    result = _execute_callable(context=context, **execute_callable_kwargs)
             ^^^^^^^^^^^^^^^^^^^^^^^^^^^^^^^^^^^^^^^^^^^^^^^^^^^^^^^^^^^^^
  File "/home/airflow/.local/lib/python3.11/site-packages/airflow/models/taskinstance.py", line 733, in _execute_callable
    return ExecutionCallableRunner(
           ^^^^^^^^^^^^^^^^^^^^^^^^
  File "/home/airflow/.local/lib/python3.11/site-packages/airflow/utils/operator_helpers.py", line 252, in run
    return self.func(*args, **kwargs)
           ^^^^^^^^^^^^^^^^^^^^^^^^^^
  File "/home/airflow/.local/lib/python3.11/site-packages/airflow/models/baseoperator.py", line 422, in wrapper
    return func(self, *args, **kwargs)
           ^^^^^^^^^^^^^^^^^^^^^^^^^^^
  File "/home/airflow/.local/lib/python3.11/site-packages/airflow/providers/apache/spark/operators/spark_submit.py", line 176, in execute
    self._hook.submit(self.application)
  File "/home/airflow/.local/lib/python3.11/site-packages/airflow/providers/apache/spark/hooks/spark_submit.py", line 560, in submit
    raise AirflowException(
airflow.exceptions.AirflowException: Cannot execute: spark-submit --master spark://spark-master:7077 --conf spark.sql.extensions=org.apache.iceberg.spark.extensions.IcebergSparkSessionExtensions --conf spark.sql.catalog.lakehouse=org.apache.iceberg.spark.SparkCatalog --conf spark.sql.catalog.lakehouse.type=rest --conf spark.sql.catalog.lakehouse.uri=http://iceberg-rest:8181 --conf spark.sql.catalog.lakehouse.warehouse=s3://warehouse/ --conf spark.sql.catalog.lakehouse.io-impl=org.apache.iceberg.aws.s3.S3FileIO --conf spark.sql.catalog.lakehouse.client.region=eu-south-2 --conf spark.sql.catalog.lakehouse.s3.endpoint=http://minio:9000 --conf spark.sql.catalog.lakehouse.s3.access-key-id=admin --conf spark.sql.catalog.lakehouse.s3.secret-access-key=****** --conf spark.sql.catalog.lakehouse.s3.path-style-access=true --conf spark.sql.defaultCatalog=lakehouse --conf spark.hadoop.fs.s3a.endpoint=http://minio:9000 --conf spark.hadoop.fs.s3a.access.key=admin --conf spark.hadoop.fs.s3a.secret.key=****** --conf spark.hadoop.fs.s3a.path.style.access=true --conf spark.hadoop.fs.s3a.connection.ssl.enabled=false --name arrow-spark --verbose --deploy-mode client /workspace/resources/train_model_lakehouse.py --model-base s3a://warehouse/artifacts/models. Error code is: 1.
[2026-06-03T15:25:56.258+0000] {taskinstance.py:1225} INFO - Marking task as FAILED. dag_id=train_model_lakehouse, task_id=train_model, run_id=manual__2026-06-03T15:25:37.757424+00:00, execution_date=20260603T152537, start_date=20260603T152538, end_date=20260603T152556
[2026-06-03T15:25:56.270+0000] {taskinstance.py:340} INFO - ::group::Post task execution logs
[2026-06-03T15:25:56.271+0000] {standard_task_runner.py:124} ERROR - Failed to execute job 28 for task train_model (Cannot execute: spark-submit --master spark://spark-master:7077 --conf spark.sql.extensions=org.apache.iceberg.spark.extensions.IcebergSparkSessionExtensions --conf spark.sql.catalog.lakehouse=org.apache.iceberg.spark.SparkCatalog --conf spark.sql.catalog.lakehouse.type=rest --conf spark.sql.catalog.lakehouse.uri=http://iceberg-rest:8181 --conf spark.sql.catalog.lakehouse.warehouse=s3://warehouse/ --conf spark.sql.catalog.lakehouse.io-impl=org.apache.iceberg.aws.s3.S3FileIO --conf spark.sql.catalog.lakehouse.client.region=eu-south-2 --conf spark.sql.catalog.lakehouse.s3.endpoint=http://minio:9000 --conf spark.sql.catalog.lakehouse.s3.access-key-id=admin --conf spark.sql.catalog.lakehouse.s3.secret-access-key=****** --conf spark.sql.catalog.lakehouse.s3.path-style-access=true --conf spark.sql.defaultCatalog=lakehouse --conf spark.hadoop.fs.s3a.endpoint=http://minio:9000 --conf spark.hadoop.fs.s3a.access.key=admin --conf spark.hadoop.fs.s3a.secret.key=****** --conf spark.hadoop.fs.s3a.path.style.access=true --conf spark.hadoop.fs.s3a.connection.ssl.enabled=false --name arrow-spark --verbose --deploy-mode client /workspace/resources/train_model_lakehouse.py --model-base s3a://warehouse/artifacts/models. Error code is: 1.; 182)
Traceback (most recent call last):
  File "/home/airflow/.local/lib/python3.11/site-packages/airflow/task/task_runner/standard_task_runner.py", line 117, in _start_by_fork
    ret = args.func(args, dag=self.dag)
          ^^^^^^^^^^^^^^^^^^^^^^^^^^^^^
  File "/home/airflow/.local/lib/python3.11/site-packages/airflow/cli/cli_config.py", line 49, in command
    return func(*args, **kwargs)
           ^^^^^^^^^^^^^^^^^^^^^
  File "/home/airflow/.local/lib/python3.11/site-packages/airflow/utils/cli.py", line 116, in wrapper
    return f(*args, **kwargs)
           ^^^^^^^^^^^^^^^^^^
  File "/home/airflow/.local/lib/python3.11/site-packages/airflow/cli/commands/task_command.py", line 483, in task_run
    task_return_code = _run_task_by_selected_method(args, _dag, ti)
                       ^^^^^^^^^^^^^^^^^^^^^^^^^^^^^^^^^^^^^^^^^^^^
  File "/home/airflow/.local/lib/python3.11/site-packages/airflow/cli/commands/task_command.py", line 256, in _run_task_by_selected_method
    return _run_raw_task(args, ti)
           ^^^^^^^^^^^^^^^^^^^^^^^
  File "/home/airflow/.local/lib/python3.11/site-packages/airflow/cli/commands/task_command.py", line 341, in _run_raw_task
    return ti._run_raw_task(
           ^^^^^^^^^^^^^^^^^
  File "/home/airflow/.local/lib/python3.11/site-packages/airflow/utils/session.py", line 97, in wrapper
    return func(*args, session=session, **kwargs)
           ^^^^^^^^^^^^^^^^^^^^^^^^^^^^^^^^^^^^^^
  File "/home/airflow/.local/lib/python3.11/site-packages/airflow/models/taskinstance.py", line 3005, in _run_raw_task
    return _run_raw_task(
           ^^^^^^^^^^^^^^
  File "/home/airflow/.local/lib/python3.11/site-packages/airflow/models/taskinstance.py", line 273, in _run_raw_task
    TaskInstance._execute_task_with_callbacks(
  File "/home/airflow/.local/lib/python3.11/site-packages/airflow/models/taskinstance.py", line 3159, in _execute_task_with_callbacks
    result = self._execute_task(context, task_orig)
             ^^^^^^^^^^^^^^^^^^^^^^^^^^^^^^^^^^^^^^
  File "/home/airflow/.local/lib/python3.11/site-packages/airflow/models/taskinstance.py", line 3183, in _execute_task
    return _execute_task(self, context, task_orig)
           ^^^^^^^^^^^^^^^^^^^^^^^^^^^^^^^^^^^^^^^
  File "/home/airflow/.local/lib/python3.11/site-packages/airflow/models/taskinstance.py", line 767, in _execute_task
    result = _execute_callable(context=context, **execute_callable_kwargs)
             ^^^^^^^^^^^^^^^^^^^^^^^^^^^^^^^^^^^^^^^^^^^^^^^^^^^^^^^^^^^^^
  File "/home/airflow/.local/lib/python3.11/site-packages/airflow/models/taskinstance.py", line 733, in _execute_callable
    return ExecutionCallableRunner(
           ^^^^^^^^^^^^^^^^^^^^^^^^
  File "/home/airflow/.local/lib/python3.11/site-packages/airflow/utils/operator_helpers.py", line 252, in run
    return self.func(*args, **kwargs)
           ^^^^^^^^^^^^^^^^^^^^^^^^^^
  File "/home/airflow/.local/lib/python3.11/site-packages/airflow/models/baseoperator.py", line 422, in wrapper
    return func(self, *args, **kwargs)
           ^^^^^^^^^^^^^^^^^^^^^^^^^^^
  File "/home/airflow/.local/lib/python3.11/site-packages/airflow/providers/apache/spark/operators/spark_submit.py", line 176, in execute
    self._hook.submit(self.application)
  File "/home/airflow/.local/lib/python3.11/site-packages/airflow/providers/apache/spark/hooks/spark_submit.py", line 560, in submit
    raise AirflowException(
airflow.exceptions.AirflowException: Cannot execute: spark-submit --master spark://spark-master:7077 --conf spark.sql.extensions=org.apache.iceberg.spark.extensions.IcebergSparkSessionExtensions --conf spark.sql.catalog.lakehouse=org.apache.iceberg.spark.SparkCatalog --conf spark.sql.catalog.lakehouse.type=rest --conf spark.sql.catalog.lakehouse.uri=http://iceberg-rest:8181 --conf spark.sql.catalog.lakehouse.warehouse=s3://warehouse/ --conf spark.sql.catalog.lakehouse.io-impl=org.apache.iceberg.aws.s3.S3FileIO --conf spark.sql.catalog.lakehouse.client.region=eu-south-2 --conf spark.sql.catalog.lakehouse.s3.endpoint=http://minio:9000 --conf spark.sql.catalog.lakehouse.s3.access-key-id=admin --conf spark.sql.catalog.lakehouse.s3.secret-access-key=****** --conf spark.sql.catalog.lakehouse.s3.path-style-access=true --conf spark.sql.defaultCatalog=lakehouse --conf spark.hadoop.fs.s3a.endpoint=http://minio:9000 --conf spark.hadoop.fs.s3a.access.key=admin --conf spark.hadoop.fs.s3a.secret.key=****** --conf spark.hadoop.fs.s3a.path.style.access=true --conf spark.hadoop.fs.s3a.connection.ssl.enabled=false --name arrow-spark --verbose --deploy-mode client /workspace/resources/train_model_lakehouse.py --model-base s3a://warehouse/artifacts/models. Error code is: 1.
[2026-06-03T15:25:56.305+0000] {local_task_job_runner.py:266} INFO - Task exited with return code 1
[2026-06-03T15:25:56.328+0000] {taskinstance.py:3895} INFO - 0 downstream tasks scheduled from follow-on schedule check
[2026-06-03T15:25:56.336+0000] {local_task_job_runner.py:245} INFO - ::endgroup::
