[2026-06-03T17:06:20.026+0000] {local_task_job_runner.py:123} INFO - ::group::Pre task execution logs
[2026-06-03T17:06:20.049+0000] {taskinstance.py:2613} INFO - Dependencies all met for dep_context=non-requeueable deps ti=<TaskInstance: train_model_lakehouse.train_model manual__2026-06-03T17:06:19.250435+00:00 [queued]>
[2026-06-03T17:06:20.057+0000] {taskinstance.py:2613} INFO - Dependencies all met for dep_context=requeueable deps ti=<TaskInstance: train_model_lakehouse.train_model manual__2026-06-03T17:06:19.250435+00:00 [queued]>
[2026-06-03T17:06:20.057+0000] {taskinstance.py:2866} INFO - Starting attempt 1 of 1
[2026-06-03T17:06:20.072+0000] {taskinstance.py:2889} INFO - Executing <Task(SparkSubmitOperator): train_model> on 2026-06-03 17:06:19.250435+00:00
[2026-06-03T17:06:20.079+0000] {standard_task_runner.py:72} INFO - Started process 765 to run task
[2026-06-03T17:06:20.082+0000] {standard_task_runner.py:104} INFO - Running: ['***', 'tasks', 'run', 'train_model_lakehouse', 'train_model', 'manual__2026-06-03T17:06:19.250435+00:00', '--job-id', '6', '--raw', '--subdir', 'DAGS_FOLDER/train_model_lakehouse_dag.py', '--cfg-path', '/tmp/tmpo4xcu3gn']
[2026-06-03T17:06:20.085+0000] {standard_task_runner.py:105} INFO - Job 6: Subtask train_model
[2026-06-03T17:06:20.148+0000] {task_command.py:467} INFO - Running <TaskInstance: train_model_lakehouse.train_model manual__2026-06-03T17:06:19.250435+00:00 [running]> on host c1f40ae5df0c
[2026-06-03T17:06:20.271+0000] {taskinstance.py:3132} INFO - Exporting env vars: AIRFLOW_CTX_DAG_OWNER='***' AIRFLOW_CTX_DAG_ID='train_model_lakehouse' AIRFLOW_CTX_TASK_ID='train_model' AIRFLOW_CTX_EXECUTION_DATE='2026-06-03T17:06:19.250435+00:00' AIRFLOW_CTX_TRY_NUMBER='1' AIRFLOW_CTX_DAG_RUN_ID='manual__2026-06-03T17:06:19.250435+00:00'
[2026-06-03T17:06:20.272+0000] {taskinstance.py:731} INFO - ::endgroup::
[2026-06-03T17:06:20.312+0000] {base.py:84} INFO - Retrieving connection 'spark_default'
[2026-06-03T17:06:20.315+0000] {spark_submit.py:473} INFO - Spark-Submit cmd: spark-submit --master spark://spark-master:7077 --conf spark.sql.extensions=org.apache.iceberg.spark.extensions.IcebergSparkSessionExtensions --conf spark.sql.catalog.lakehouse=org.apache.iceberg.spark.SparkCatalog --conf spark.sql.catalog.lakehouse.type=rest --conf spark.sql.catalog.lakehouse.uri=http://iceberg-rest:8181 --conf spark.sql.catalog.lakehouse.warehouse=s3://warehouse/ --conf spark.sql.catalog.lakehouse.io-impl=org.apache.iceberg.aws.s3.S3FileIO --conf spark.sql.catalog.lakehouse.client.region=eu-south-2 --conf spark.sql.defaultCatalog=lakehouse --conf spark.driver.memory=1g --conf spark.executor.memory=1g --conf spark.executor.cores=1 --conf spark.default.parallelism=2 --conf spark.sql.shuffle.partitions=4 --conf spark.network.timeout=600s --conf spark.executor.heartbeatInterval=60s --packages org.apache.iceberg:iceberg-spark-runtime-4.1_2.13:1.11.0,org.apache.iceberg:iceberg-aws-bundle:1.11.0,software.amazon.awssdk:bundle:2.29.52,software.amazon.awssdk:url-connection-client:2.29.52 --name arrow-spark --verbose --deploy-mode client /workspace/resources/train_model_lakehouse.py --model-base s3a://warehouse/artifacts/models
[2026-06-03T17:06:20.710+0000] {spark_submit.py:634} INFO - WARNING: Using incubator modules: jdk.incubator.vector
[2026-06-03T17:06:22.052+0000] {spark_submit.py:634} INFO - Parsed arguments:
[2026-06-03T17:06:22.052+0000] {spark_submit.py:634} INFO - master                  spark://spark-master:7077
[2026-06-03T17:06:22.053+0000] {spark_submit.py:634} INFO - remote                  null
[2026-06-03T17:06:22.053+0000] {spark_submit.py:634} INFO - deployMode              client
[2026-06-03T17:06:22.053+0000] {spark_submit.py:634} INFO - executorMemory          1g
[2026-06-03T17:06:22.053+0000] {spark_submit.py:634} INFO - executorCores           1
[2026-06-03T17:06:22.053+0000] {spark_submit.py:634} INFO - totalExecutorCores      null
[2026-06-03T17:06:22.053+0000] {spark_submit.py:634} INFO - propertiesFile          null
[2026-06-03T17:06:22.054+0000] {spark_submit.py:634} INFO - driverMemory            1g
[2026-06-03T17:06:22.054+0000] {spark_submit.py:634} INFO - driverCores             null
[2026-06-03T17:06:22.054+0000] {spark_submit.py:634} INFO - driverExtraClassPath    null
[2026-06-03T17:06:22.054+0000] {spark_submit.py:634} INFO - driverExtraLibraryPath  null
[2026-06-03T17:06:22.054+0000] {spark_submit.py:634} INFO - driverExtraJavaOptions  null
[2026-06-03T17:06:22.054+0000] {spark_submit.py:634} INFO - supervise               false
[2026-06-03T17:06:22.055+0000] {spark_submit.py:634} INFO - queue                   null
[2026-06-03T17:06:22.055+0000] {spark_submit.py:634} INFO - numExecutors            null
[2026-06-03T17:06:22.055+0000] {spark_submit.py:634} INFO - files                   null
[2026-06-03T17:06:22.055+0000] {spark_submit.py:634} INFO - pyFiles                 null
[2026-06-03T17:06:22.055+0000] {spark_submit.py:634} INFO - archives                null
[2026-06-03T17:06:22.055+0000] {spark_submit.py:634} INFO - mainClass               null
[2026-06-03T17:06:22.055+0000] {spark_submit.py:634} INFO - primaryResource         file:/workspace/resources/train_model_lakehouse.py
[2026-06-03T17:06:22.056+0000] {spark_submit.py:634} INFO - name                    arrow-spark
[2026-06-03T17:06:22.056+0000] {spark_submit.py:634} INFO - childArgs               [--model-base s3a://warehouse/artifacts/models]
[2026-06-03T17:06:22.056+0000] {spark_submit.py:634} INFO - jars                    null
[2026-06-03T17:06:22.056+0000] {spark_submit.py:634} INFO - packages                org.apache.iceberg:iceberg-spark-runtime-4.1_2.13:1.11.0,org.apache.iceberg:iceberg-aws-bundle:1.11.0,software.amazon.awssdk:bundle:2.29.52,software.amazon.awssdk:url-connection-client:2.29.52
[2026-06-03T17:06:22.056+0000] {spark_submit.py:634} INFO - packagesExclusions      null
[2026-06-03T17:06:22.056+0000] {spark_submit.py:634} INFO - repositories            null
[2026-06-03T17:06:22.056+0000] {spark_submit.py:634} INFO - verbose                 true
[2026-06-03T17:06:22.057+0000] {spark_submit.py:634} INFO - 
[2026-06-03T17:06:22.057+0000] {spark_submit.py:634} INFO - Spark properties used, including those specified through
[2026-06-03T17:06:22.057+0000] {spark_submit.py:634} INFO - --conf and those from the properties file null:
[2026-06-03T17:06:22.057+0000] {spark_submit.py:634} INFO - (spark.default.parallelism,2)
[2026-06-03T17:06:22.057+0000] {spark_submit.py:634} INFO - (spark.driver.memory,1g)
[2026-06-03T17:06:22.057+0000] {spark_submit.py:634} INFO - (spark.executor.cores,1)
[2026-06-03T17:06:22.057+0000] {spark_submit.py:634} INFO - (spark.executor.heartbeatInterval,60s)
[2026-06-03T17:06:22.057+0000] {spark_submit.py:634} INFO - (spark.executor.memory,1g)
[2026-06-03T17:06:22.058+0000] {spark_submit.py:634} INFO - (spark.network.timeout,600s)
[2026-06-03T17:06:22.058+0000] {spark_submit.py:634} INFO - (spark.sql.catalog.lakehouse,org.apache.iceberg.spark.SparkCatalog)
[2026-06-03T17:06:22.058+0000] {spark_submit.py:634} INFO - (spark.sql.catalog.lakehouse.client.region,eu-south-2)
[2026-06-03T17:06:22.058+0000] {spark_submit.py:634} INFO - (spark.sql.catalog.lakehouse.io-impl,org.apache.iceberg.aws.s3.S3FileIO)
[2026-06-03T17:06:22.058+0000] {spark_submit.py:634} INFO - (spark.sql.catalog.lakehouse.type,rest)
[2026-06-03T17:06:22.058+0000] {spark_submit.py:634} INFO - (spark.sql.catalog.lakehouse.uri,http://iceberg-rest:8181)
[2026-06-03T17:06:22.059+0000] {spark_submit.py:634} INFO - (spark.sql.catalog.lakehouse.warehouse,s3://warehouse/)
[2026-06-03T17:06:22.059+0000] {spark_submit.py:634} INFO - (spark.sql.defaultCatalog,lakehouse)
[2026-06-03T17:06:22.059+0000] {spark_submit.py:634} INFO - (spark.sql.extensions,org.apache.iceberg.spark.extensions.IcebergSparkSessionExtensions)
[2026-06-03T17:06:22.059+0000] {spark_submit.py:634} INFO - (spark.sql.shuffle.partitions,4)
[2026-06-03T17:06:22.059+0000] {spark_submit.py:634} INFO - 
[2026-06-03T17:06:22.059+0000] {spark_submit.py:634} INFO - 
[2026-06-03T17:06:22.183+0000] {spark_submit.py:634} INFO - :: loading settings :: url = jar:file:/opt/spark/jars/ivy-2.5.3.jar!/org/apache/ivy/core/settings/ivysettings.xml
[2026-06-03T17:06:22.326+0000] {spark_submit.py:634} INFO - Ivy Default Cache set to: /home/***/.ivy2.5.2/cache
[2026-06-03T17:06:22.326+0000] {spark_submit.py:634} INFO - The jars for the packages stored in: /home/***/.ivy2.5.2/jars
[2026-06-03T17:06:22.334+0000] {spark_submit.py:634} INFO - org.apache.iceberg#iceberg-spark-runtime-4.1_2.13 added as a dependency
[2026-06-03T17:06:22.334+0000] {spark_submit.py:634} INFO - org.apache.iceberg#iceberg-aws-bundle added as a dependency
[2026-06-03T17:06:22.334+0000] {spark_submit.py:634} INFO - software.amazon.awssdk#bundle added as a dependency
[2026-06-03T17:06:22.335+0000] {spark_submit.py:634} INFO - software.amazon.awssdk#url-connection-client added as a dependency
[2026-06-03T17:06:22.336+0000] {spark_submit.py:634} INFO - :: resolving dependencies :: org.apache.spark#spark-submit-parent-0ebe7a89-0423-4b79-a1ca-ff7be6ee9616;1.0
[2026-06-03T17:06:22.336+0000] {spark_submit.py:634} INFO - confs: [default]
[2026-06-03T17:06:22.550+0000] {spark_submit.py:634} INFO - found org.apache.iceberg#iceberg-spark-runtime-4.1_2.13;1.11.0 in central
[2026-06-03T17:06:22.580+0000] {spark_submit.py:634} INFO - found org.apache.iceberg#iceberg-aws-bundle;1.11.0 in central
[2026-06-03T17:06:22.649+0000] {spark_submit.py:634} INFO - found software.amazon.awssdk#bundle;2.29.52 in central
[2026-06-03T17:06:22.709+0000] {spark_submit.py:634} INFO - found software.amazon.awssdk#url-connection-client;2.29.52 in central
[2026-06-03T17:06:22.750+0000] {spark_submit.py:634} INFO - found software.amazon.awssdk#utils;2.29.52 in central
[2026-06-03T17:06:22.777+0000] {spark_submit.py:634} INFO - found org.reactivestreams#reactive-streams;1.0.4 in central
[2026-06-03T17:06:22.804+0000] {spark_submit.py:634} INFO - found software.amazon.awssdk#annotations;2.29.52 in central
[2026-06-03T17:06:22.827+0000] {spark_submit.py:634} INFO - found org.slf4j#slf4j-api;1.7.36 in central
[2026-06-03T17:06:22.857+0000] {spark_submit.py:634} INFO - found software.amazon.awssdk#http-client-spi;2.29.52 in central
[2026-06-03T17:06:22.893+0000] {spark_submit.py:634} INFO - found software.amazon.awssdk#metrics-spi;2.29.52 in central
[2026-06-03T17:06:22.940+0000] {spark_submit.py:634} INFO - :: resolution report :: resolve 582ms :: artifacts dl 23ms
[2026-06-03T17:06:22.940+0000] {spark_submit.py:634} INFO - :: modules in use:
[2026-06-03T17:06:22.940+0000] {spark_submit.py:634} INFO - org.apache.iceberg#iceberg-aws-bundle;1.11.0 from central in [default]
[2026-06-03T17:06:22.941+0000] {spark_submit.py:634} INFO - org.apache.iceberg#iceberg-spark-runtime-4.1_2.13;1.11.0 from central in [default]
[2026-06-03T17:06:22.941+0000] {spark_submit.py:634} INFO - org.reactivestreams#reactive-streams;1.0.4 from central in [default]
[2026-06-03T17:06:22.941+0000] {spark_submit.py:634} INFO - org.slf4j#slf4j-api;1.7.36 from central in [default]
[2026-06-03T17:06:22.942+0000] {spark_submit.py:634} INFO - software.amazon.awssdk#annotations;2.29.52 from central in [default]
[2026-06-03T17:06:22.942+0000] {spark_submit.py:634} INFO - software.amazon.awssdk#bundle;2.29.52 from central in [default]
[2026-06-03T17:06:22.942+0000] {spark_submit.py:634} INFO - software.amazon.awssdk#http-client-spi;2.29.52 from central in [default]
[2026-06-03T17:06:22.942+0000] {spark_submit.py:634} INFO - software.amazon.awssdk#metrics-spi;2.29.52 from central in [default]
[2026-06-03T17:06:22.942+0000] {spark_submit.py:634} INFO - software.amazon.awssdk#url-connection-client;2.29.52 from central in [default]
[2026-06-03T17:06:22.942+0000] {spark_submit.py:634} INFO - software.amazon.awssdk#utils;2.29.52 from central in [default]
[2026-06-03T17:06:22.943+0000] {spark_submit.py:634} INFO - ---------------------------------------------------------------------
[2026-06-03T17:06:22.943+0000] {spark_submit.py:634} INFO - |                  |            modules            ||   artifacts   |
[2026-06-03T17:06:22.943+0000] {spark_submit.py:634} INFO - |       conf       | number| search|dwnlded|evicted|| number|dwnlded|
[2026-06-03T17:06:22.943+0000] {spark_submit.py:634} INFO - ---------------------------------------------------------------------
[2026-06-03T17:06:22.943+0000] {spark_submit.py:634} INFO - |      default     |   10  |   0   |   0   |   0   ||   10  |   0   |
[2026-06-03T17:06:22.943+0000] {spark_submit.py:634} INFO - ---------------------------------------------------------------------
[2026-06-03T17:06:22.949+0000] {spark_submit.py:634} INFO - :: retrieving :: org.apache.spark#spark-submit-parent-0ebe7a89-0423-4b79-a1ca-ff7be6ee9616
[2026-06-03T17:06:22.949+0000] {spark_submit.py:634} INFO - confs: [default]
[2026-06-03T17:06:22.958+0000] {spark_submit.py:634} INFO - 0 artifacts copied, 10 already retrieved (0kB/9ms)
[2026-06-03T17:06:23.310+0000] {spark_submit.py:634} INFO - 26/06/03 17:06:23 WARN NativeCodeLoader: Unable to load native-hadoop library for your platform... using builtin-java classes where applicable
[2026-06-03T17:06:23.565+0000] {spark_submit.py:634} INFO - Main class:
[2026-06-03T17:06:23.566+0000] {spark_submit.py:634} INFO - org.apache.spark.deploy.PythonRunner
[2026-06-03T17:06:23.566+0000] {spark_submit.py:634} INFO - Arguments:
[2026-06-03T17:06:23.566+0000] {spark_submit.py:634} INFO - file:/workspace/resources/train_model_lakehouse.py
[2026-06-03T17:06:23.566+0000] {spark_submit.py:634} INFO - file:///home/***/.ivy2.5.2/jars/org.apache.iceberg_iceberg-spark-runtime-4.1_2.13-1.11.0.jar,file:///home/***/.ivy2.5.2/jars/org.apache.iceberg_iceberg-aws-bundle-1.11.0.jar,file:///home/***/.ivy2.5.2/jars/software.amazon.awssdk_bundle-2.29.52.jar,file:///home/***/.ivy2.5.2/jars/software.amazon.awssdk_url-connection-client-2.29.52.jar,file:///home/***/.ivy2.5.2/jars/software.amazon.awssdk_utils-2.29.52.jar,file:///home/***/.ivy2.5.2/jars/software.amazon.awssdk_annotations-2.29.52.jar,file:///home/***/.ivy2.5.2/jars/software.amazon.awssdk_http-client-spi-2.29.52.jar,file:///home/***/.ivy2.5.2/jars/org.reactivestreams_reactive-streams-1.0.4.jar,file:///home/***/.ivy2.5.2/jars/org.slf4j_slf4j-api-1.7.36.jar,file:///home/***/.ivy2.5.2/jars/software.amazon.awssdk_metrics-spi-2.29.52.jar
[2026-06-03T17:06:23.567+0000] {spark_submit.py:634} INFO - --model-base
[2026-06-03T17:06:23.567+0000] {spark_submit.py:634} INFO - s3a://warehouse/artifacts/models
[2026-06-03T17:06:23.568+0000] {spark_submit.py:634} INFO - Spark config:
[2026-06-03T17:06:23.568+0000] {spark_submit.py:634} INFO - (spark.app.name,arrow-spark)
[2026-06-03T17:06:23.569+0000] {spark_submit.py:634} INFO - (spark.app.submitTime,1780506383535)
[2026-06-03T17:06:23.569+0000] {spark_submit.py:634} INFO - (spark.default.parallelism,2)
[2026-06-03T17:06:23.569+0000] {spark_submit.py:634} INFO - (spark.driver.memory,1g)
[2026-06-03T17:06:23.569+0000] {spark_submit.py:634} INFO - (spark.executor.cores,1)
[2026-06-03T17:06:23.569+0000] {spark_submit.py:634} INFO - (spark.executor.heartbeatInterval,60s)
[2026-06-03T17:06:23.569+0000] {spark_submit.py:634} INFO - (spark.executor.memory,1g)
[2026-06-03T17:06:23.569+0000] {spark_submit.py:634} INFO - (spark.files,file:///home/***/.ivy2.5.2/jars/org.apache.iceberg_iceberg-spark-runtime-4.1_2.13-1.11.0.jar,file:///home/***/.ivy2.5.2/jars/org.apache.iceberg_iceberg-aws-bundle-1.11.0.jar,file:///home/***/.ivy2.5.2/jars/software.amazon.awssdk_bundle-2.29.52.jar,file:///home/***/.ivy2.5.2/jars/software.amazon.awssdk_url-connection-client-2.29.52.jar,file:///home/***/.ivy2.5.2/jars/software.amazon.awssdk_utils-2.29.52.jar,file:///home/***/.ivy2.5.2/jars/software.amazon.awssdk_annotations-2.29.52.jar,file:///home/***/.ivy2.5.2/jars/software.amazon.awssdk_http-client-spi-2.29.52.jar,file:///home/***/.ivy2.5.2/jars/org.reactivestreams_reactive-streams-1.0.4.jar,file:///home/***/.ivy2.5.2/jars/org.slf4j_slf4j-api-1.7.36.jar,file:///home/***/.ivy2.5.2/jars/software.amazon.awssdk_metrics-spi-2.29.52.jar)
[2026-06-03T17:06:23.570+0000] {spark_submit.py:634} INFO - (spark.jars,file:///home/***/.ivy2.5.2/jars/org.apache.iceberg_iceberg-spark-runtime-4.1_2.13-1.11.0.jar,file:///home/***/.ivy2.5.2/jars/org.apache.iceberg_iceberg-aws-bundle-1.11.0.jar,file:///home/***/.ivy2.5.2/jars/software.amazon.awssdk_bundle-2.29.52.jar,file:///home/***/.ivy2.5.2/jars/software.amazon.awssdk_url-connection-client-2.29.52.jar,file:///home/***/.ivy2.5.2/jars/software.amazon.awssdk_utils-2.29.52.jar,file:///home/***/.ivy2.5.2/jars/software.amazon.awssdk_annotations-2.29.52.jar,file:///home/***/.ivy2.5.2/jars/software.amazon.awssdk_http-client-spi-2.29.52.jar,file:///home/***/.ivy2.5.2/jars/org.reactivestreams_reactive-streams-1.0.4.jar,file:///home/***/.ivy2.5.2/jars/org.slf4j_slf4j-api-1.7.36.jar,file:///home/***/.ivy2.5.2/jars/software.amazon.awssdk_metrics-spi-2.29.52.jar)
[2026-06-03T17:06:23.570+0000] {spark_submit.py:634} INFO - (spark.master,spark://spark-master:7077)
[2026-06-03T17:06:23.570+0000] {spark_submit.py:634} INFO - (spark.network.timeout,600s)
[2026-06-03T17:06:23.570+0000] {spark_submit.py:634} INFO - (spark.repl.local.jars,file:///home/***/.ivy2.5.2/jars/org.apache.iceberg_iceberg-spark-runtime-4.1_2.13-1.11.0.jar,file:///home/***/.ivy2.5.2/jars/org.apache.iceberg_iceberg-aws-bundle-1.11.0.jar,file:///home/***/.ivy2.5.2/jars/software.amazon.awssdk_bundle-2.29.52.jar,file:///home/***/.ivy2.5.2/jars/software.amazon.awssdk_url-connection-client-2.29.52.jar,file:///home/***/.ivy2.5.2/jars/software.amazon.awssdk_utils-2.29.52.jar,file:///home/***/.ivy2.5.2/jars/software.amazon.awssdk_annotations-2.29.52.jar,file:///home/***/.ivy2.5.2/jars/software.amazon.awssdk_http-client-spi-2.29.52.jar,file:///home/***/.ivy2.5.2/jars/org.reactivestreams_reactive-streams-1.0.4.jar,file:///home/***/.ivy2.5.2/jars/org.slf4j_slf4j-api-1.7.36.jar,file:///home/***/.ivy2.5.2/jars/software.amazon.awssdk_metrics-spi-2.29.52.jar)
[2026-06-03T17:06:23.571+0000] {spark_submit.py:634} INFO - (spark.sql.catalog.lakehouse,org.apache.iceberg.spark.SparkCatalog)
[2026-06-03T17:06:23.571+0000] {spark_submit.py:634} INFO - (spark.sql.catalog.lakehouse.client.region,eu-south-2)
[2026-06-03T17:06:23.571+0000] {spark_submit.py:634} INFO - (spark.sql.catalog.lakehouse.io-impl,org.apache.iceberg.aws.s3.S3FileIO)
[2026-06-03T17:06:23.571+0000] {spark_submit.py:634} INFO - (spark.sql.catalog.lakehouse.type,rest)
[2026-06-03T17:06:23.571+0000] {spark_submit.py:634} INFO - (spark.sql.catalog.lakehouse.uri,http://iceberg-rest:8181)
[2026-06-03T17:06:23.571+0000] {spark_submit.py:634} INFO - (spark.sql.catalog.lakehouse.warehouse,s3://warehouse/)
[2026-06-03T17:06:23.572+0000] {spark_submit.py:634} INFO - (spark.sql.defaultCatalog,lakehouse)
[2026-06-03T17:06:23.572+0000] {spark_submit.py:634} INFO - (spark.sql.extensions,org.apache.iceberg.spark.extensions.IcebergSparkSessionExtensions)
[2026-06-03T17:06:23.572+0000] {spark_submit.py:634} INFO - (spark.sql.shuffle.partitions,4)
[2026-06-03T17:06:23.572+0000] {spark_submit.py:634} INFO - (spark.submit.deployMode,client)
[2026-06-03T17:06:23.572+0000] {spark_submit.py:634} INFO - (spark.submit.pyFiles,/home/***/.ivy2.5.2/jars/org.apache.iceberg_iceberg-spark-runtime-4.1_2.13-1.11.0.jar,/home/***/.ivy2.5.2/jars/org.apache.iceberg_iceberg-aws-bundle-1.11.0.jar,/home/***/.ivy2.5.2/jars/software.amazon.awssdk_bundle-2.29.52.jar,/home/***/.ivy2.5.2/jars/software.amazon.awssdk_url-connection-client-2.29.52.jar,/home/***/.ivy2.5.2/jars/software.amazon.awssdk_utils-2.29.52.jar,/home/***/.ivy2.5.2/jars/software.amazon.awssdk_annotations-2.29.52.jar,/home/***/.ivy2.5.2/jars/software.amazon.awssdk_http-client-spi-2.29.52.jar,/home/***/.ivy2.5.2/jars/org.reactivestreams_reactive-streams-1.0.4.jar,/home/***/.ivy2.5.2/jars/org.slf4j_slf4j-api-1.7.36.jar,/home/***/.ivy2.5.2/jars/software.amazon.awssdk_metrics-spi-2.29.52.jar)
[2026-06-03T17:06:23.572+0000] {spark_submit.py:634} INFO - Classpath elements:
[2026-06-03T17:06:23.573+0000] {spark_submit.py:634} INFO - file:///home/***/.ivy2.5.2/jars/org.apache.iceberg_iceberg-spark-runtime-4.1_2.13-1.11.0.jar
[2026-06-03T17:06:23.573+0000] {spark_submit.py:634} INFO - file:///home/***/.ivy2.5.2/jars/org.apache.iceberg_iceberg-aws-bundle-1.11.0.jar
[2026-06-03T17:06:23.573+0000] {spark_submit.py:634} INFO - file:///home/***/.ivy2.5.2/jars/software.amazon.awssdk_bundle-2.29.52.jar
[2026-06-03T17:06:23.573+0000] {spark_submit.py:634} INFO - file:///home/***/.ivy2.5.2/jars/software.amazon.awssdk_url-connection-client-2.29.52.jar
[2026-06-03T17:06:23.573+0000] {spark_submit.py:634} INFO - file:///home/***/.ivy2.5.2/jars/software.amazon.awssdk_utils-2.29.52.jar
[2026-06-03T17:06:23.573+0000] {spark_submit.py:634} INFO - file:///home/***/.ivy2.5.2/jars/software.amazon.awssdk_annotations-2.29.52.jar
[2026-06-03T17:06:23.574+0000] {spark_submit.py:634} INFO - file:///home/***/.ivy2.5.2/jars/software.amazon.awssdk_http-client-spi-2.29.52.jar
[2026-06-03T17:06:23.574+0000] {spark_submit.py:634} INFO - file:///home/***/.ivy2.5.2/jars/org.reactivestreams_reactive-streams-1.0.4.jar
[2026-06-03T17:06:23.574+0000] {spark_submit.py:634} INFO - file:///home/***/.ivy2.5.2/jars/org.slf4j_slf4j-api-1.7.36.jar
[2026-06-03T17:06:23.574+0000] {spark_submit.py:634} INFO - file:///home/***/.ivy2.5.2/jars/software.amazon.awssdk_metrics-spi-2.29.52.jar
[2026-06-03T17:06:23.574+0000] {spark_submit.py:634} INFO - 
[2026-06-03T17:06:23.575+0000] {spark_submit.py:634} INFO - 
[2026-06-03T17:06:42.092+0000] {spark_submit.py:634} INFO - Using Spark's default log4j profile: org/apache/spark/log4j2-defaults.properties
[2026-06-03T17:06:42.099+0000] {spark_submit.py:634} INFO - 26/06/03 17:06:42 INFO SparkContext: Running Spark version 4.1.2
[2026-06-03T17:06:42.101+0000] {spark_submit.py:634} INFO - 26/06/03 17:06:42 INFO SparkContext: OS info Linux, 6.17.0-35-generic, amd64
[2026-06-03T17:06:42.101+0000] {spark_submit.py:634} INFO - 26/06/03 17:06:42 INFO SparkContext: Java version 17.0.19+10-1-deb12u2-Debian
[2026-06-03T17:06:42.138+0000] {spark_submit.py:634} INFO - 26/06/03 17:06:42 INFO ResourceUtils: ==============================================================
[2026-06-03T17:06:42.138+0000] {spark_submit.py:634} INFO - 26/06/03 17:06:42 INFO ResourceUtils: No custom resources configured for spark.driver.
[2026-06-03T17:06:42.139+0000] {spark_submit.py:634} INFO - 26/06/03 17:06:42 INFO ResourceUtils: ==============================================================
[2026-06-03T17:06:42.139+0000] {spark_submit.py:634} INFO - 26/06/03 17:06:42 INFO SparkContext: Submitted application: train_model_lakehouse
[2026-06-03T17:06:42.226+0000] {spark_submit.py:634} INFO - 26/06/03 17:06:42 INFO SecurityManager: Changing view acls to: ***
[2026-06-03T17:06:42.227+0000] {spark_submit.py:634} INFO - 26/06/03 17:06:42 INFO SecurityManager: Changing modify acls to: ***
[2026-06-03T17:06:42.227+0000] {spark_submit.py:634} INFO - 26/06/03 17:06:42 INFO SecurityManager: Changing view acls groups to: ***
[2026-06-03T17:06:42.228+0000] {spark_submit.py:634} INFO - 26/06/03 17:06:42 INFO SecurityManager: Changing modify acls groups to: ***
[2026-06-03T17:06:42.229+0000] {spark_submit.py:634} INFO - 26/06/03 17:06:42 INFO SecurityManager: SecurityManager: authentication disabled; ui acls disabled; users with view permissions: *** groups with view permissions: EMPTY; users with modify permissions: ***; groups with modify permissions: EMPTY; RPC SSL disabled
[2026-06-03T17:06:42.565+0000] {spark_submit.py:634} INFO - 26/06/03 17:06:42 INFO Utils: Successfully started service 'sparkDriver' on port 35043.
[2026-06-03T17:06:42.614+0000] {spark_submit.py:634} INFO - 26/06/03 17:06:42 INFO SparkEnv: Registering MapOutputTracker
[2026-06-03T17:06:42.633+0000] {spark_submit.py:634} INFO - 26/06/03 17:06:42 INFO SparkEnv: Registering BlockManagerMaster
[2026-06-03T17:06:42.668+0000] {spark_submit.py:634} INFO - 26/06/03 17:06:42 INFO BlockManagerMasterEndpoint: Using org.apache.spark.storage.DefaultTopologyMapper for getting topology information
[2026-06-03T17:06:42.669+0000] {spark_submit.py:634} INFO - 26/06/03 17:06:42 INFO BlockManagerMasterEndpoint: BlockManagerMasterEndpoint up
[2026-06-03T17:06:42.675+0000] {spark_submit.py:634} INFO - 26/06/03 17:06:42 INFO SparkEnv: Registering BlockManagerMasterHeartbeat
[2026-06-03T17:06:42.730+0000] {spark_submit.py:634} INFO - 26/06/03 17:06:42 INFO DiskBlockManager: Created local directory at /tmp/blockmgr-2281a7c1-ffa1-4be1-9e81-095cdf0b3cdd
[2026-06-03T17:06:42.768+0000] {spark_submit.py:634} INFO - 26/06/03 17:06:42 INFO SparkEnv: Registering OutputCommitCoordinator
[2026-06-03T17:06:42.945+0000] {spark_submit.py:634} INFO - 26/06/03 17:06:42 INFO JettyUtils: Start Jetty 0.0.0.0:4040 for SparkUI
[2026-06-03T17:06:43.042+0000] {spark_submit.py:634} INFO - 26/06/03 17:06:43 INFO Utils: Successfully started service 'SparkUI' on port 4040.
[2026-06-03T17:06:43.093+0000] {spark_submit.py:634} INFO - 26/06/03 17:06:43 INFO SparkContext: Added JAR file:///home/***/.ivy2.5.2/jars/org.apache.iceberg_iceberg-spark-runtime-4.1_2.13-1.11.0.jar at spark://c1f40ae5df0c:35043/jars/org.apache.iceberg_iceberg-spark-runtime-4.1_2.13-1.11.0.jar with timestamp 1780506402081
[2026-06-03T17:06:43.094+0000] {spark_submit.py:634} INFO - 26/06/03 17:06:43 INFO SparkContext: Added JAR file:///home/***/.ivy2.5.2/jars/org.apache.iceberg_iceberg-aws-bundle-1.11.0.jar at spark://c1f40ae5df0c:35043/jars/org.apache.iceberg_iceberg-aws-bundle-1.11.0.jar with timestamp 1780506402081
[2026-06-03T17:06:43.094+0000] {spark_submit.py:634} INFO - 26/06/03 17:06:43 INFO SparkContext: Added JAR file:///home/***/.ivy2.5.2/jars/software.amazon.awssdk_bundle-2.29.52.jar at spark://c1f40ae5df0c:35043/jars/software.amazon.awssdk_bundle-2.29.52.jar with timestamp 1780506402081
[2026-06-03T17:06:43.094+0000] {spark_submit.py:634} INFO - 26/06/03 17:06:43 INFO SparkContext: Added JAR file:///home/***/.ivy2.5.2/jars/software.amazon.awssdk_url-connection-client-2.29.52.jar at spark://c1f40ae5df0c:35043/jars/software.amazon.awssdk_url-connection-client-2.29.52.jar with timestamp 1780506402081
[2026-06-03T17:06:43.095+0000] {spark_submit.py:634} INFO - 26/06/03 17:06:43 INFO SparkContext: Added JAR file:///home/***/.ivy2.5.2/jars/software.amazon.awssdk_utils-2.29.52.jar at spark://c1f40ae5df0c:35043/jars/software.amazon.awssdk_utils-2.29.52.jar with timestamp 1780506402081
[2026-06-03T17:06:43.095+0000] {spark_submit.py:634} INFO - 26/06/03 17:06:43 INFO SparkContext: Added JAR file:///home/***/.ivy2.5.2/jars/software.amazon.awssdk_annotations-2.29.52.jar at spark://c1f40ae5df0c:35043/jars/software.amazon.awssdk_annotations-2.29.52.jar with timestamp 1780506402081
[2026-06-03T17:06:43.095+0000] {spark_submit.py:634} INFO - 26/06/03 17:06:43 INFO SparkContext: Added JAR file:///home/***/.ivy2.5.2/jars/software.amazon.awssdk_http-client-spi-2.29.52.jar at spark://c1f40ae5df0c:35043/jars/software.amazon.awssdk_http-client-spi-2.29.52.jar with timestamp 1780506402081
[2026-06-03T17:06:43.095+0000] {spark_submit.py:634} INFO - 26/06/03 17:06:43 INFO SparkContext: Added JAR file:///home/***/.ivy2.5.2/jars/org.reactivestreams_reactive-streams-1.0.4.jar at spark://c1f40ae5df0c:35043/jars/org.reactivestreams_reactive-streams-1.0.4.jar with timestamp 1780506402081
[2026-06-03T17:06:43.096+0000] {spark_submit.py:634} INFO - 26/06/03 17:06:43 INFO SparkContext: Added JAR file:///home/***/.ivy2.5.2/jars/org.slf4j_slf4j-api-1.7.36.jar at spark://c1f40ae5df0c:35043/jars/org.slf4j_slf4j-api-1.7.36.jar with timestamp 1780506402081
[2026-06-03T17:06:43.096+0000] {spark_submit.py:634} INFO - 26/06/03 17:06:43 INFO SparkContext: Added JAR file:///home/***/.ivy2.5.2/jars/software.amazon.awssdk_metrics-spi-2.29.52.jar at spark://c1f40ae5df0c:35043/jars/software.amazon.awssdk_metrics-spi-2.29.52.jar with timestamp 1780506402081
[2026-06-03T17:06:43.100+0000] {spark_submit.py:634} INFO - 26/06/03 17:06:43 INFO SparkContext: Added file file:///home/***/.ivy2.5.2/jars/org.apache.iceberg_iceberg-spark-runtime-4.1_2.13-1.11.0.jar at spark://c1f40ae5df0c:35043/files/org.apache.iceberg_iceberg-spark-runtime-4.1_2.13-1.11.0.jar with timestamp 1780506402081
[2026-06-03T17:06:43.101+0000] {spark_submit.py:634} INFO - 26/06/03 17:06:43 INFO Utils: Copying /home/***/.ivy2.5.2/jars/org.apache.iceberg_iceberg-spark-runtime-4.1_2.13-1.11.0.jar to /tmp/spark-04a4347f-f896-44df-8961-10c392a1ac50/userFiles-9fe8154a-742c-4779-aaea-1de07e62081a/org.apache.iceberg_iceberg-spark-runtime-4.1_2.13-1.11.0.jar
[2026-06-03T17:06:43.245+0000] {spark_submit.py:634} INFO - 26/06/03 17:06:43 INFO SparkContext: Added file file:///home/***/.ivy2.5.2/jars/org.apache.iceberg_iceberg-aws-bundle-1.11.0.jar at spark://c1f40ae5df0c:35043/files/org.apache.iceberg_iceberg-aws-bundle-1.11.0.jar with timestamp 1780506402081
[2026-06-03T17:06:43.245+0000] {spark_submit.py:634} INFO - 26/06/03 17:06:43 INFO Utils: Copying /home/***/.ivy2.5.2/jars/org.apache.iceberg_iceberg-aws-bundle-1.11.0.jar to /tmp/spark-04a4347f-f896-44df-8961-10c392a1ac50/userFiles-9fe8154a-742c-4779-aaea-1de07e62081a/org.apache.iceberg_iceberg-aws-bundle-1.11.0.jar
[2026-06-03T17:06:43.456+0000] {spark_submit.py:634} INFO - 26/06/03 17:06:43 INFO SparkContext: Added file file:///home/***/.ivy2.5.2/jars/software.amazon.awssdk_bundle-2.29.52.jar at spark://c1f40ae5df0c:35043/files/software.amazon.awssdk_bundle-2.29.52.jar with timestamp 1780506402081
[2026-06-03T17:06:43.457+0000] {spark_submit.py:634} INFO - 26/06/03 17:06:43 INFO Utils: Copying /home/***/.ivy2.5.2/jars/software.amazon.awssdk_bundle-2.29.52.jar to /tmp/spark-04a4347f-f896-44df-8961-10c392a1ac50/userFiles-9fe8154a-742c-4779-aaea-1de07e62081a/software.amazon.awssdk_bundle-2.29.52.jar
[2026-06-03T17:06:46.630+0000] {spark_submit.py:634} INFO - 26/06/03 17:06:46 INFO SparkContext: Added file file:///home/***/.ivy2.5.2/jars/software.amazon.awssdk_url-connection-client-2.29.52.jar at spark://c1f40ae5df0c:35043/files/software.amazon.awssdk_url-connection-client-2.29.52.jar with timestamp 1780506402081
[2026-06-03T17:06:46.631+0000] {spark_submit.py:634} INFO - 26/06/03 17:06:46 INFO Utils: Copying /home/***/.ivy2.5.2/jars/software.amazon.awssdk_url-connection-client-2.29.52.jar to /tmp/spark-04a4347f-f896-44df-8961-10c392a1ac50/userFiles-9fe8154a-742c-4779-aaea-1de07e62081a/software.amazon.awssdk_url-connection-client-2.29.52.jar
[2026-06-03T17:06:46.641+0000] {spark_submit.py:634} INFO - 26/06/03 17:06:46 INFO SparkContext: Added file file:///home/***/.ivy2.5.2/jars/software.amazon.awssdk_utils-2.29.52.jar at spark://c1f40ae5df0c:35043/files/software.amazon.awssdk_utils-2.29.52.jar with timestamp 1780506402081
[2026-06-03T17:06:46.641+0000] {spark_submit.py:634} INFO - 26/06/03 17:06:46 INFO Utils: Copying /home/***/.ivy2.5.2/jars/software.amazon.awssdk_utils-2.29.52.jar to /tmp/spark-04a4347f-f896-44df-8961-10c392a1ac50/userFiles-9fe8154a-742c-4779-aaea-1de07e62081a/software.amazon.awssdk_utils-2.29.52.jar
[2026-06-03T17:06:46.651+0000] {spark_submit.py:634} INFO - 26/06/03 17:06:46 INFO SparkContext: Added file file:///home/***/.ivy2.5.2/jars/software.amazon.awssdk_annotations-2.29.52.jar at spark://c1f40ae5df0c:35043/files/software.amazon.awssdk_annotations-2.29.52.jar with timestamp 1780506402081
[2026-06-03T17:06:46.652+0000] {spark_submit.py:634} INFO - 26/06/03 17:06:46 INFO Utils: Copying /home/***/.ivy2.5.2/jars/software.amazon.awssdk_annotations-2.29.52.jar to /tmp/spark-04a4347f-f896-44df-8961-10c392a1ac50/userFiles-9fe8154a-742c-4779-aaea-1de07e62081a/software.amazon.awssdk_annotations-2.29.52.jar
[2026-06-03T17:06:46.659+0000] {spark_submit.py:634} INFO - 26/06/03 17:06:46 INFO SparkContext: Added file file:///home/***/.ivy2.5.2/jars/software.amazon.awssdk_http-client-spi-2.29.52.jar at spark://c1f40ae5df0c:35043/files/software.amazon.awssdk_http-client-spi-2.29.52.jar with timestamp 1780506402081
[2026-06-03T17:06:46.659+0000] {spark_submit.py:634} INFO - 26/06/03 17:06:46 INFO Utils: Copying /home/***/.ivy2.5.2/jars/software.amazon.awssdk_http-client-spi-2.29.52.jar to /tmp/spark-04a4347f-f896-44df-8961-10c392a1ac50/userFiles-9fe8154a-742c-4779-aaea-1de07e62081a/software.amazon.awssdk_http-client-spi-2.29.52.jar
[2026-06-03T17:06:46.667+0000] {spark_submit.py:634} INFO - 26/06/03 17:06:46 INFO SparkContext: Added file file:///home/***/.ivy2.5.2/jars/org.reactivestreams_reactive-streams-1.0.4.jar at spark://c1f40ae5df0c:35043/files/org.reactivestreams_reactive-streams-1.0.4.jar with timestamp 1780506402081
[2026-06-03T17:06:46.667+0000] {spark_submit.py:634} INFO - 26/06/03 17:06:46 INFO Utils: Copying /home/***/.ivy2.5.2/jars/org.reactivestreams_reactive-streams-1.0.4.jar to /tmp/spark-04a4347f-f896-44df-8961-10c392a1ac50/userFiles-9fe8154a-742c-4779-aaea-1de07e62081a/org.reactivestreams_reactive-streams-1.0.4.jar
[2026-06-03T17:06:46.674+0000] {spark_submit.py:634} INFO - 26/06/03 17:06:46 INFO SparkContext: Added file file:///home/***/.ivy2.5.2/jars/org.slf4j_slf4j-api-1.7.36.jar at spark://c1f40ae5df0c:35043/files/org.slf4j_slf4j-api-1.7.36.jar with timestamp 1780506402081
[2026-06-03T17:06:46.674+0000] {spark_submit.py:634} INFO - 26/06/03 17:06:46 INFO Utils: Copying /home/***/.ivy2.5.2/jars/org.slf4j_slf4j-api-1.7.36.jar to /tmp/spark-04a4347f-f896-44df-8961-10c392a1ac50/userFiles-9fe8154a-742c-4779-aaea-1de07e62081a/org.slf4j_slf4j-api-1.7.36.jar
[2026-06-03T17:06:46.681+0000] {spark_submit.py:634} INFO - 26/06/03 17:06:46 INFO SparkContext: Added file file:///home/***/.ivy2.5.2/jars/software.amazon.awssdk_metrics-spi-2.29.52.jar at spark://c1f40ae5df0c:35043/files/software.amazon.awssdk_metrics-spi-2.29.52.jar with timestamp 1780506402081
[2026-06-03T17:06:46.682+0000] {spark_submit.py:634} INFO - 26/06/03 17:06:46 INFO Utils: Copying /home/***/.ivy2.5.2/jars/software.amazon.awssdk_metrics-spi-2.29.52.jar to /tmp/spark-04a4347f-f896-44df-8961-10c392a1ac50/userFiles-9fe8154a-742c-4779-aaea-1de07e62081a/software.amazon.awssdk_metrics-spi-2.29.52.jar
[2026-06-03T17:06:46.721+0000] {spark_submit.py:634} INFO - 26/06/03 17:06:46 INFO ResourceProfile: Default ResourceProfile created, executor resources: Map(cores -> name: cores, amount: 1, script: , vendor: , memory -> name: memory, amount: 1024, script: , vendor: , offHeap -> name: offHeap, amount: 0, script: , vendor: ), task resources: Map(cpus -> name: cpus, amount: 1.0)
[2026-06-03T17:06:46.724+0000] {spark_submit.py:634} INFO - 26/06/03 17:06:46 INFO ResourceProfile: Limiting resource is cpus at 1 tasks per executor
[2026-06-03T17:06:46.726+0000] {spark_submit.py:634} INFO - 26/06/03 17:06:46 INFO ResourceProfileManager: Added ResourceProfile id: 0
[2026-06-03T17:06:46.741+0000] {spark_submit.py:634} INFO - 26/06/03 17:06:46 INFO SecurityManager: Changing view acls to: ***
[2026-06-03T17:06:46.741+0000] {spark_submit.py:634} INFO - 26/06/03 17:06:46 INFO SecurityManager: Changing modify acls to: ***
[2026-06-03T17:06:46.741+0000] {spark_submit.py:634} INFO - 26/06/03 17:06:46 INFO SecurityManager: Changing view acls groups to: ***
[2026-06-03T17:06:46.741+0000] {spark_submit.py:634} INFO - 26/06/03 17:06:46 INFO SecurityManager: Changing modify acls groups to: ***
[2026-06-03T17:06:46.742+0000] {spark_submit.py:634} INFO - 26/06/03 17:06:46 INFO SecurityManager: SecurityManager: authentication disabled; ui acls disabled; users with view permissions: *** groups with view permissions: EMPTY; users with modify permissions: ***; groups with modify permissions: EMPTY; RPC SSL disabled
[2026-06-03T17:06:46.935+0000] {spark_submit.py:634} INFO - 26/06/03 17:06:46 INFO StandaloneAppClient$ClientEndpoint: Connecting to master spark://spark-master:7077...
[2026-06-03T17:06:47.014+0000] {spark_submit.py:634} INFO - 26/06/03 17:06:47 INFO TransportClientFactory: Successfully created connection to spark-master/172.18.0.2:7077 after 45 ms (0 ms spent in bootstraps)
[2026-06-03T17:06:47.184+0000] {spark_submit.py:634} INFO - 26/06/03 17:06:47 INFO StandaloneSchedulerBackend: Connected to Spark cluster with app ID app-20260603170647-0004
[2026-06-03T17:06:47.194+0000] {spark_submit.py:634} INFO - 26/06/03 17:06:47 INFO Utils: Successfully started service 'org.apache.spark.network.netty.NettyBlockTransferService' on port 44061.
[2026-06-03T17:06:47.195+0000] {spark_submit.py:634} INFO - 26/06/03 17:06:47 INFO NettyBlockTransferService: Server created on c1f40ae5df0c:44061
[2026-06-03T17:06:47.199+0000] {spark_submit.py:634} INFO - 26/06/03 17:06:47 INFO BlockManager: Using org.apache.spark.storage.RandomBlockReplicationPolicy for block replication policy
[2026-06-03T17:06:47.220+0000] {spark_submit.py:634} INFO - 26/06/03 17:06:47 INFO BlockManagerMaster: Registering BlockManager BlockManagerId(driver, c1f40ae5df0c, 44061, None)
[2026-06-03T17:06:47.228+0000] {spark_submit.py:634} INFO - 26/06/03 17:06:47 INFO BlockManagerMasterEndpoint: Registering block manager c1f40ae5df0c:44061 with 434.4 MiB RAM, BlockManagerId(driver, c1f40ae5df0c, 44061, None)
[2026-06-03T17:06:47.231+0000] {spark_submit.py:634} INFO - 26/06/03 17:06:47 INFO BlockManagerMaster: Registered BlockManager BlockManagerId(driver, c1f40ae5df0c, 44061, None)
[2026-06-03T17:06:47.233+0000] {spark_submit.py:634} INFO - 26/06/03 17:06:47 INFO BlockManager: Initialized BlockManager: BlockManagerId(driver, c1f40ae5df0c, 44061, None)
[2026-06-03T17:06:47.411+0000] {spark_submit.py:634} INFO - 26/06/03 17:06:47 INFO StandaloneSchedulerBackend: SchedulerBackend is ready for scheduling beginning after reached minRegisteredResourcesRatio: 0.0
[2026-06-03T17:06:56.721+0000] {spark_submit.py:634} INFO - 26/06/03 17:06:56 INFO SharedState: Setting hive.metastore.warehouse.dir ('null') to the value of spark.sql.warehouse.dir.
[2026-06-03T17:06:56.725+0000] {spark_submit.py:634} INFO - 26/06/03 17:06:56 INFO SharedState: Warehouse path is 'file:/opt/***/spark-warehouse'.
[2026-06-03T17:06:57.226+0000] {spark_submit.py:634} INFO - 2026/06/03 17:06:57 WARNING mlflow.utils.git_utils: Failed to import Git (the Git executable is probably not on your PATH), so Git SHA is not available. Error: Failed to initialize: Bad git executable.
[2026-06-03T17:06:57.227+0000] {spark_submit.py:634} INFO - The git executable must be specified in one of the following ways:
[2026-06-03T17:06:57.227+0000] {spark_submit.py:634} INFO - - be included in your $PATH
[2026-06-03T17:06:57.227+0000] {spark_submit.py:634} INFO - - be set via $GIT_PYTHON_GIT_EXECUTABLE
[2026-06-03T17:06:57.227+0000] {spark_submit.py:634} INFO - - explicitly set via git.refresh(<full-path-to-git-executable>)
[2026-06-03T17:06:57.227+0000] {spark_submit.py:634} INFO - 
[2026-06-03T17:06:57.228+0000] {spark_submit.py:634} INFO - All git commands will error until this is rectified.
[2026-06-03T17:06:57.228+0000] {spark_submit.py:634} INFO - 
[2026-06-03T17:06:57.228+0000] {spark_submit.py:634} INFO - This initial message can be silenced or aggravated in the future by setting the
[2026-06-03T17:06:57.228+0000] {spark_submit.py:634} INFO - $GIT_PYTHON_REFRESH environment variable. Use one of the following values:
[2026-06-03T17:06:57.228+0000] {spark_submit.py:634} INFO - - quiet|q|silence|s|silent|none|n|0: for no message or exception
[2026-06-03T17:06:57.228+0000] {spark_submit.py:634} INFO - - warn|w|warning|log|l|1: for a warning message (logging level CRITICAL, displayed by default)
[2026-06-03T17:06:57.228+0000] {spark_submit.py:634} INFO - - error|e|exception|raise|r|2: for a raised exception
[2026-06-03T17:06:57.229+0000] {spark_submit.py:634} INFO - 
[2026-06-03T17:06:57.229+0000] {spark_submit.py:634} INFO - Example:
[2026-06-03T17:06:57.229+0000] {spark_submit.py:634} INFO - export GIT_PYTHON_REFRESH=quiet
[2026-06-03T17:06:57.229+0000] {spark_submit.py:634} INFO - 
[2026-06-03T17:06:58.047+0000] {spark_submit.py:634} INFO - 26/06/03 17:06:58 INFO AuthManagers: Loading AuthManager implementation: org.apache.iceberg.rest.auth.NoopAuthManager
[2026-06-03T17:06:58.808+0000] {spark_submit.py:634} INFO - 26/06/03 17:06:58 INFO CatalogUtil: Loading custom FileIO implementation: org.apache.iceberg.aws.s3.S3FileIO
[2026-06-03T17:06:59.003+0000] {spark_submit.py:634} INFO - 🏃 View run receptive-lynx-257 at: http://mlflow:5000/#/experiments/1/runs/d35e9369983d4176a8230fdd5dc18a5d
[2026-06-03T17:06:59.004+0000] {spark_submit.py:634} INFO - 🧪 View experiment at: http://mlflow:5000/#/experiments/1
[2026-06-03T17:06:59.067+0000] {spark_submit.py:634} INFO - Traceback (most recent call last):
[2026-06-03T17:06:59.068+0000] {spark_submit.py:634} INFO - File "/workspace/resources/train_model_lakehouse.py", line 127, in <module>
[2026-06-03T17:06:59.068+0000] {spark_submit.py:634} INFO - main()
[2026-06-03T17:06:59.069+0000] {spark_submit.py:634} INFO - File "/workspace/resources/train_model_lakehouse.py", line 52, in main
[2026-06-03T17:06:59.069+0000] {spark_submit.py:634} INFO - spark.sql("USE lakehouse.training_data")
[2026-06-03T17:06:59.069+0000] {spark_submit.py:634} INFO - File "/opt/spark/python/lib/pyspark.zip/pyspark/sql/session.py", line 1816, in sql
[2026-06-03T17:06:59.070+0000] {spark_submit.py:634} INFO - File "/opt/spark/python/lib/py4j-0.10.9.9-src.zip/py4j/java_gateway.py", line 1362, in __call__
[2026-06-03T17:06:59.070+0000] {spark_submit.py:634} INFO - File "/opt/spark/python/lib/pyspark.zip/pyspark/errors/exceptions/captured.py", line 269, in deco
[2026-06-03T17:06:59.073+0000] {spark_submit.py:634} INFO - pyspark.errors.exceptions.captured.IllegalArgumentException: Cannot initialize FileIO implementation org.apache.iceberg.aws.s3.S3FileIO: Cannot find constructor for interface org.apache.iceberg.io.FileIO
[2026-06-03T17:06:59.073+0000] {spark_submit.py:634} INFO - Missing org.apache.iceberg.aws.s3.S3FileIO [java.lang.NoClassDefFoundError: software/amazon/awssdk/services/s3/model/S3Exception]
[2026-06-03T17:07:01.842+0000] {spark_submit.py:634} INFO - 26/06/03 17:07:01 INFO SparkContext: Invoking stop() from shutdown hook
[2026-06-03T17:07:01.845+0000] {spark_submit.py:634} INFO - 26/06/03 17:07:01 INFO SparkContext: SparkContext is stopping with exitCode 0 from run at Executors.java:539.
[2026-06-03T17:07:01.884+0000] {spark_submit.py:634} INFO - 26/06/03 17:07:01 INFO SparkUI: Stopped Spark web UI at http://c1f40ae5df0c:4040
[2026-06-03T17:07:01.887+0000] {spark_submit.py:634} INFO - 26/06/03 17:07:01 INFO StandaloneSchedulerBackend: Shutting down all executors
[2026-06-03T17:07:01.893+0000] {spark_submit.py:634} INFO - 26/06/03 17:07:01 INFO StandaloneSchedulerBackend$StandaloneDriverEndpoint: Asking each executor to shut down
[2026-06-03T17:07:01.917+0000] {spark_submit.py:634} INFO - 26/06/03 17:07:01 INFO MapOutputTrackerMasterEndpoint: MapOutputTrackerMasterEndpoint stopped!
[2026-06-03T17:07:01.950+0000] {spark_submit.py:634} INFO - 26/06/03 17:07:01 INFO MemoryStore: MemoryStore started with capacity 434.4 MiB
[2026-06-03T17:07:01.951+0000] {spark_submit.py:634} INFO - 26/06/03 17:07:01 INFO MemoryStore: MemoryStore cleared
[2026-06-03T17:07:01.952+0000] {spark_submit.py:634} INFO - 26/06/03 17:07:01 INFO BlockManager: BlockManager stopped
[2026-06-03T17:07:01.965+0000] {spark_submit.py:634} INFO - 26/06/03 17:07:01 INFO BlockManagerMaster: BlockManagerMaster stopped
[2026-06-03T17:07:01.968+0000] {spark_submit.py:634} INFO - 26/06/03 17:07:01 INFO OutputCommitCoordinator$OutputCommitCoordinatorEndpoint: OutputCommitCoordinator stopped!
[2026-06-03T17:07:01.995+0000] {spark_submit.py:634} INFO - 26/06/03 17:07:01 INFO SparkContext: Successfully stopped SparkContext (Uptime: 19914 ms)
[2026-06-03T17:07:02.127+0000] {taskinstance.py:3311} ERROR - Task failed with exception
Traceback (most recent call last):
  File "/home/airflow/.local/lib/python3.11/site-packages/airflow/models/taskinstance.py", line 767, in _execute_task
    result = _execute_callable(context=context, **execute_callable_kwargs)
             ^^^^^^^^^^^^^^^^^^^^^^^^^^^^^^^^^^^^^^^^^^^^^^^^^^^^^^^^^^^^^
  File "/home/airflow/.local/lib/python3.11/site-packages/airflow/models/taskinstance.py", line 733, in _execute_callable
    return ExecutionCallableRunner(
           ^^^^^^^^^^^^^^^^^^^^^^^^
  File "/home/airflow/.local/lib/python3.11/site-packages/airflow/utils/operator_helpers.py", line 252, in run
    return self.func(*args, **kwargs)
           ^^^^^^^^^^^^^^^^^^^^^^^^^^
  File "/home/airflow/.local/lib/python3.11/site-packages/airflow/models/baseoperator.py", line 422, in wrapper
    return func(self, *args, **kwargs)
           ^^^^^^^^^^^^^^^^^^^^^^^^^^^
  File "/home/airflow/.local/lib/python3.11/site-packages/airflow/providers/apache/spark/operators/spark_submit.py", line 176, in execute
    self._hook.submit(self.application)
  File "/home/airflow/.local/lib/python3.11/site-packages/airflow/providers/apache/spark/hooks/spark_submit.py", line 560, in submit
    raise AirflowException(
airflow.exceptions.AirflowException: Cannot execute: spark-submit --master spark://spark-master:7077 --conf spark.sql.extensions=org.apache.iceberg.spark.extensions.IcebergSparkSessionExtensions --conf spark.sql.catalog.lakehouse=org.apache.iceberg.spark.SparkCatalog --conf spark.sql.catalog.lakehouse.type=rest --conf spark.sql.catalog.lakehouse.uri=http://iceberg-rest:8181 --conf spark.sql.catalog.lakehouse.warehouse=s3://warehouse/ --conf spark.sql.catalog.lakehouse.io-impl=org.apache.iceberg.aws.s3.S3FileIO --conf spark.sql.catalog.lakehouse.client.region=eu-south-2 --conf spark.sql.defaultCatalog=lakehouse --conf spark.driver.memory=1g --conf spark.executor.memory=1g --conf spark.executor.cores=1 --conf spark.default.parallelism=2 --conf spark.sql.shuffle.partitions=4 --conf spark.network.timeout=600s --conf spark.executor.heartbeatInterval=60s --packages org.apache.iceberg:iceberg-spark-runtime-4.1_2.13:1.11.0,org.apache.iceberg:iceberg-aws-bundle:1.11.0,software.amazon.awssdk:bundle:2.29.52,software.amazon.awssdk:url-connection-client:2.29.52 --name arrow-spark --verbose --deploy-mode client /workspace/resources/train_model_lakehouse.py --model-base s3a://warehouse/artifacts/models. Error code is: 1.
[2026-06-03T17:07:02.138+0000] {taskinstance.py:1225} INFO - Marking task as FAILED. dag_id=train_model_lakehouse, task_id=train_model, run_id=manual__2026-06-03T17:06:19.250435+00:00, execution_date=20260603T170619, start_date=20260603T170620, end_date=20260603T170702
[2026-06-03T17:07:02.156+0000] {taskinstance.py:340} INFO - ::group::Post task execution logs
[2026-06-03T17:07:02.157+0000] {standard_task_runner.py:124} ERROR - Failed to execute job 6 for task train_model (Cannot execute: spark-submit --master spark://spark-master:7077 --conf spark.sql.extensions=org.apache.iceberg.spark.extensions.IcebergSparkSessionExtensions --conf spark.sql.catalog.lakehouse=org.apache.iceberg.spark.SparkCatalog --conf spark.sql.catalog.lakehouse.type=rest --conf spark.sql.catalog.lakehouse.uri=http://iceberg-rest:8181 --conf spark.sql.catalog.lakehouse.warehouse=s3://warehouse/ --conf spark.sql.catalog.lakehouse.io-impl=org.apache.iceberg.aws.s3.S3FileIO --conf spark.sql.catalog.lakehouse.client.region=eu-south-2 --conf spark.sql.defaultCatalog=lakehouse --conf spark.driver.memory=1g --conf spark.executor.memory=1g --conf spark.executor.cores=1 --conf spark.default.parallelism=2 --conf spark.sql.shuffle.partitions=4 --conf spark.network.timeout=600s --conf spark.executor.heartbeatInterval=60s --packages org.apache.iceberg:iceberg-spark-runtime-4.1_2.13:1.11.0,org.apache.iceberg:iceberg-aws-bundle:1.11.0,software.amazon.awssdk:bundle:2.29.52,software.amazon.awssdk:url-connection-client:2.29.52 --name arrow-spark --verbose --deploy-mode client /workspace/resources/train_model_lakehouse.py --model-base s3a://warehouse/artifacts/models. Error code is: 1.; 765)
Traceback (most recent call last):
  File "/home/airflow/.local/lib/python3.11/site-packages/airflow/task/task_runner/standard_task_runner.py", line 117, in _start_by_fork
    ret = args.func(args, dag=self.dag)
          ^^^^^^^^^^^^^^^^^^^^^^^^^^^^^
  File "/home/airflow/.local/lib/python3.11/site-packages/airflow/cli/cli_config.py", line 49, in command
    return func(*args, **kwargs)
           ^^^^^^^^^^^^^^^^^^^^^
  File "/home/airflow/.local/lib/python3.11/site-packages/airflow/utils/cli.py", line 116, in wrapper
    return f(*args, **kwargs)
           ^^^^^^^^^^^^^^^^^^
  File "/home/airflow/.local/lib/python3.11/site-packages/airflow/cli/commands/task_command.py", line 483, in task_run
    task_return_code = _run_task_by_selected_method(args, _dag, ti)
                       ^^^^^^^^^^^^^^^^^^^^^^^^^^^^^^^^^^^^^^^^^^^^
  File "/home/airflow/.local/lib/python3.11/site-packages/airflow/cli/commands/task_command.py", line 256, in _run_task_by_selected_method
    return _run_raw_task(args, ti)
           ^^^^^^^^^^^^^^^^^^^^^^^
  File "/home/airflow/.local/lib/python3.11/site-packages/airflow/cli/commands/task_command.py", line 341, in _run_raw_task
    return ti._run_raw_task(
           ^^^^^^^^^^^^^^^^^
  File "/home/airflow/.local/lib/python3.11/site-packages/airflow/utils/session.py", line 97, in wrapper
    return func(*args, session=session, **kwargs)
           ^^^^^^^^^^^^^^^^^^^^^^^^^^^^^^^^^^^^^^
  File "/home/airflow/.local/lib/python3.11/site-packages/airflow/models/taskinstance.py", line 3005, in _run_raw_task
    return _run_raw_task(
           ^^^^^^^^^^^^^^
  File "/home/airflow/.local/lib/python3.11/site-packages/airflow/models/taskinstance.py", line 273, in _run_raw_task
    TaskInstance._execute_task_with_callbacks(
  File "/home/airflow/.local/lib/python3.11/site-packages/airflow/models/taskinstance.py", line 3159, in _execute_task_with_callbacks
    result = self._execute_task(context, task_orig)
             ^^^^^^^^^^^^^^^^^^^^^^^^^^^^^^^^^^^^^^
  File "/home/airflow/.local/lib/python3.11/site-packages/airflow/models/taskinstance.py", line 3183, in _execute_task
    return _execute_task(self, context, task_orig)
           ^^^^^^^^^^^^^^^^^^^^^^^^^^^^^^^^^^^^^^^
  File "/home/airflow/.local/lib/python3.11/site-packages/airflow/models/taskinstance.py", line 767, in _execute_task
    result = _execute_callable(context=context, **execute_callable_kwargs)
             ^^^^^^^^^^^^^^^^^^^^^^^^^^^^^^^^^^^^^^^^^^^^^^^^^^^^^^^^^^^^^
  File "/home/airflow/.local/lib/python3.11/site-packages/airflow/models/taskinstance.py", line 733, in _execute_callable
    return ExecutionCallableRunner(
           ^^^^^^^^^^^^^^^^^^^^^^^^
  File "/home/airflow/.local/lib/python3.11/site-packages/airflow/utils/operator_helpers.py", line 252, in run
    return self.func(*args, **kwargs)
           ^^^^^^^^^^^^^^^^^^^^^^^^^^
  File "/home/airflow/.local/lib/python3.11/site-packages/airflow/models/baseoperator.py", line 422, in wrapper
    return func(self, *args, **kwargs)
           ^^^^^^^^^^^^^^^^^^^^^^^^^^^
  File "/home/airflow/.local/lib/python3.11/site-packages/airflow/providers/apache/spark/operators/spark_submit.py", line 176, in execute
    self._hook.submit(self.application)
  File "/home/airflow/.local/lib/python3.11/site-packages/airflow/providers/apache/spark/hooks/spark_submit.py", line 560, in submit
    raise AirflowException(
airflow.exceptions.AirflowException: Cannot execute: spark-submit --master spark://spark-master:7077 --conf spark.sql.extensions=org.apache.iceberg.spark.extensions.IcebergSparkSessionExtensions --conf spark.sql.catalog.lakehouse=org.apache.iceberg.spark.SparkCatalog --conf spark.sql.catalog.lakehouse.type=rest --conf spark.sql.catalog.lakehouse.uri=http://iceberg-rest:8181 --conf spark.sql.catalog.lakehouse.warehouse=s3://warehouse/ --conf spark.sql.catalog.lakehouse.io-impl=org.apache.iceberg.aws.s3.S3FileIO --conf spark.sql.catalog.lakehouse.client.region=eu-south-2 --conf spark.sql.defaultCatalog=lakehouse --conf spark.driver.memory=1g --conf spark.executor.memory=1g --conf spark.executor.cores=1 --conf spark.default.parallelism=2 --conf spark.sql.shuffle.partitions=4 --conf spark.network.timeout=600s --conf spark.executor.heartbeatInterval=60s --packages org.apache.iceberg:iceberg-spark-runtime-4.1_2.13:1.11.0,org.apache.iceberg:iceberg-aws-bundle:1.11.0,software.amazon.awssdk:bundle:2.29.52,software.amazon.awssdk:url-connection-client:2.29.52 --name arrow-spark --verbose --deploy-mode client /workspace/resources/train_model_lakehouse.py --model-base s3a://warehouse/artifacts/models. Error code is: 1.
[2026-06-03T17:07:02.175+0000] {local_task_job_runner.py:266} INFO - Task exited with return code 1
[2026-06-03T17:07:02.201+0000] {taskinstance.py:3895} INFO - 0 downstream tasks scheduled from follow-on schedule check
[2026-06-03T17:07:02.203+0000] {local_task_job_runner.py:245} INFO - ::endgroup::
