[2026-06-03T15:52:51.619+0000] {local_task_job_runner.py:123} INFO - ::group::Pre task execution logs
[2026-06-03T15:52:51.642+0000] {taskinstance.py:2613} INFO - Dependencies all met for dep_context=non-requeueable deps ti=<TaskInstance: train_model_lakehouse.train_model manual__2026-06-03T15:52:50.307423+00:00 [queued]>
[2026-06-03T15:52:51.650+0000] {taskinstance.py:2613} INFO - Dependencies all met for dep_context=requeueable deps ti=<TaskInstance: train_model_lakehouse.train_model manual__2026-06-03T15:52:50.307423+00:00 [queued]>
[2026-06-03T15:52:51.650+0000] {taskinstance.py:2866} INFO - Starting attempt 1 of 1
[2026-06-03T15:52:51.663+0000] {taskinstance.py:2889} INFO - Executing <Task(SparkSubmitOperator): train_model> on 2026-06-03 15:52:50.307423+00:00
[2026-06-03T15:52:51.670+0000] {standard_task_runner.py:72} INFO - Started process 1065 to run task
[2026-06-03T15:52:51.673+0000] {standard_task_runner.py:104} INFO - Running: ['***', 'tasks', 'run', 'train_model_lakehouse', 'train_model', 'manual__2026-06-03T15:52:50.307423+00:00', '--job-id', '31', '--raw', '--subdir', 'DAGS_FOLDER/train_model_lakehouse_dag.py', '--cfg-path', '/tmp/tmpnxviobha']
[2026-06-03T15:52:51.676+0000] {standard_task_runner.py:105} INFO - Job 31: Subtask train_model
[2026-06-03T15:52:51.740+0000] {task_command.py:467} INFO - Running <TaskInstance: train_model_lakehouse.train_model manual__2026-06-03T15:52:50.307423+00:00 [running]> on host 70b1be1cb349
[2026-06-03T15:52:51.853+0000] {taskinstance.py:3132} INFO - Exporting env vars: AIRFLOW_CTX_DAG_OWNER='***' AIRFLOW_CTX_DAG_ID='train_model_lakehouse' AIRFLOW_CTX_TASK_ID='train_model' AIRFLOW_CTX_EXECUTION_DATE='2026-06-03T15:52:50.307423+00:00' AIRFLOW_CTX_TRY_NUMBER='1' AIRFLOW_CTX_DAG_RUN_ID='manual__2026-06-03T15:52:50.307423+00:00'
[2026-06-03T15:52:51.853+0000] {taskinstance.py:731} INFO - ::endgroup::
[2026-06-03T15:52:51.923+0000] {base.py:84} INFO - Retrieving connection 'spark_default'
[2026-06-03T15:52:51.926+0000] {spark_submit.py:473} INFO - Spark-Submit cmd: spark-submit --master spark://spark-master:7077 --conf spark.sql.extensions=org.apache.iceberg.spark.extensions.IcebergSparkSessionExtensions --conf spark.sql.catalog.lakehouse=org.apache.iceberg.spark.SparkCatalog --conf spark.sql.catalog.lakehouse.type=rest --conf spark.sql.catalog.lakehouse.uri=http://iceberg-rest:8181 --conf spark.sql.catalog.lakehouse.warehouse=s3://warehouse/ --conf spark.sql.catalog.lakehouse.io-impl=org.apache.iceberg.aws.s3.S3FileIO --conf spark.sql.catalog.lakehouse.client.region=eu-south-2 --conf spark.sql.defaultCatalog=lakehouse --packages org.apache.iceberg:iceberg-spark-runtime-4.1_2.13:1.11.0,org.apache.iceberg:iceberg-aws-bundle:1.11.0,software.amazon.awssdk:bundle:2.29.52,software.amazon.awssdk:url-connection-client:2.29.52 --name arrow-spark --verbose --deploy-mode client /workspace/resources/train_model_lakehouse.py --model-base s3a://warehouse/artifacts/models
[2026-06-03T15:52:52.672+0000] {spark_submit.py:634} INFO - WARNING: Using incubator modules: jdk.incubator.vector
[2026-06-03T15:52:54.334+0000] {spark_submit.py:634} INFO - Parsed arguments:
[2026-06-03T15:52:54.334+0000] {spark_submit.py:634} INFO - master                  spark://spark-master:7077
[2026-06-03T15:52:54.335+0000] {spark_submit.py:634} INFO - remote                  null
[2026-06-03T15:52:54.335+0000] {spark_submit.py:634} INFO - deployMode              client
[2026-06-03T15:52:54.335+0000] {spark_submit.py:634} INFO - executorMemory          null
[2026-06-03T15:52:54.335+0000] {spark_submit.py:634} INFO - executorCores           null
[2026-06-03T15:52:54.336+0000] {spark_submit.py:634} INFO - totalExecutorCores      null
[2026-06-03T15:52:54.336+0000] {spark_submit.py:634} INFO - propertiesFile          null
[2026-06-03T15:52:54.336+0000] {spark_submit.py:634} INFO - driverMemory            null
[2026-06-03T15:52:54.337+0000] {spark_submit.py:634} INFO - driverCores             null
[2026-06-03T15:52:54.337+0000] {spark_submit.py:634} INFO - driverExtraClassPath    null
[2026-06-03T15:52:54.337+0000] {spark_submit.py:634} INFO - driverExtraLibraryPath  null
[2026-06-03T15:52:54.337+0000] {spark_submit.py:634} INFO - driverExtraJavaOptions  null
[2026-06-03T15:52:54.338+0000] {spark_submit.py:634} INFO - supervise               false
[2026-06-03T15:52:54.338+0000] {spark_submit.py:634} INFO - queue                   null
[2026-06-03T15:52:54.338+0000] {spark_submit.py:634} INFO - numExecutors            null
[2026-06-03T15:52:54.339+0000] {spark_submit.py:634} INFO - files                   null
[2026-06-03T15:52:54.339+0000] {spark_submit.py:634} INFO - pyFiles                 null
[2026-06-03T15:52:54.339+0000] {spark_submit.py:634} INFO - archives                null
[2026-06-03T15:52:54.340+0000] {spark_submit.py:634} INFO - mainClass               null
[2026-06-03T15:52:54.340+0000] {spark_submit.py:634} INFO - primaryResource         file:/workspace/resources/train_model_lakehouse.py
[2026-06-03T15:52:54.340+0000] {spark_submit.py:634} INFO - name                    arrow-spark
[2026-06-03T15:52:54.341+0000] {spark_submit.py:634} INFO - childArgs               [--model-base s3a://warehouse/artifacts/models]
[2026-06-03T15:52:54.341+0000] {spark_submit.py:634} INFO - jars                    null
[2026-06-03T15:52:54.341+0000] {spark_submit.py:634} INFO - packages                org.apache.iceberg:iceberg-spark-runtime-4.1_2.13:1.11.0,org.apache.iceberg:iceberg-aws-bundle:1.11.0,software.amazon.awssdk:bundle:2.29.52,software.amazon.awssdk:url-connection-client:2.29.52
[2026-06-03T15:52:54.341+0000] {spark_submit.py:634} INFO - packagesExclusions      null
[2026-06-03T15:52:54.342+0000] {spark_submit.py:634} INFO - repositories            null
[2026-06-03T15:52:54.342+0000] {spark_submit.py:634} INFO - verbose                 true
[2026-06-03T15:52:54.342+0000] {spark_submit.py:634} INFO - 
[2026-06-03T15:52:54.343+0000] {spark_submit.py:634} INFO - Spark properties used, including those specified through
[2026-06-03T15:52:54.343+0000] {spark_submit.py:634} INFO - --conf and those from the properties file null:
[2026-06-03T15:52:54.343+0000] {spark_submit.py:634} INFO - (spark.sql.catalog.lakehouse,org.apache.iceberg.spark.SparkCatalog)
[2026-06-03T15:52:54.343+0000] {spark_submit.py:634} INFO - (spark.sql.catalog.lakehouse.client.region,eu-south-2)
[2026-06-03T15:52:54.344+0000] {spark_submit.py:634} INFO - (spark.sql.catalog.lakehouse.io-impl,org.apache.iceberg.aws.s3.S3FileIO)
[2026-06-03T15:52:54.344+0000] {spark_submit.py:634} INFO - (spark.sql.catalog.lakehouse.type,rest)
[2026-06-03T15:52:54.344+0000] {spark_submit.py:634} INFO - (spark.sql.catalog.lakehouse.uri,http://iceberg-rest:8181)
[2026-06-03T15:52:54.345+0000] {spark_submit.py:634} INFO - (spark.sql.catalog.lakehouse.warehouse,s3://warehouse/)
[2026-06-03T15:52:54.345+0000] {spark_submit.py:634} INFO - (spark.sql.defaultCatalog,lakehouse)
[2026-06-03T15:52:54.345+0000] {spark_submit.py:634} INFO - (spark.sql.extensions,org.apache.iceberg.spark.extensions.IcebergSparkSessionExtensions)
[2026-06-03T15:52:54.346+0000] {spark_submit.py:634} INFO - 
[2026-06-03T15:52:54.346+0000] {spark_submit.py:634} INFO - 
[2026-06-03T15:52:54.453+0000] {spark_submit.py:634} INFO - :: loading settings :: url = jar:file:/opt/spark/jars/ivy-2.5.3.jar!/org/apache/ivy/core/settings/ivysettings.xml
[2026-06-03T15:52:54.555+0000] {spark_submit.py:634} INFO - Ivy Default Cache set to: /home/***/.ivy2.5.2/cache
[2026-06-03T15:52:54.556+0000] {spark_submit.py:634} INFO - The jars for the packages stored in: /home/***/.ivy2.5.2/jars
[2026-06-03T15:52:54.560+0000] {spark_submit.py:634} INFO - org.apache.iceberg#iceberg-spark-runtime-4.1_2.13 added as a dependency
[2026-06-03T15:52:54.561+0000] {spark_submit.py:634} INFO - org.apache.iceberg#iceberg-aws-bundle added as a dependency
[2026-06-03T15:52:54.561+0000] {spark_submit.py:634} INFO - software.amazon.awssdk#bundle added as a dependency
[2026-06-03T15:52:54.561+0000] {spark_submit.py:634} INFO - software.amazon.awssdk#url-connection-client added as a dependency
[2026-06-03T15:52:54.561+0000] {spark_submit.py:634} INFO - :: resolving dependencies :: org.apache.spark#spark-submit-parent-0ecf96cc-6750-434a-89d6-88a0be0a3ddf;1.0
[2026-06-03T15:52:54.562+0000] {spark_submit.py:634} INFO - confs: [default]
[2026-06-03T15:52:54.706+0000] {spark_submit.py:634} INFO - found org.apache.iceberg#iceberg-spark-runtime-4.1_2.13;1.11.0 in central
[2026-06-03T15:52:54.739+0000] {spark_submit.py:634} INFO - found org.apache.iceberg#iceberg-aws-bundle;1.11.0 in central
[2026-06-03T15:52:54.784+0000] {spark_submit.py:634} INFO - found software.amazon.awssdk#bundle;2.29.52 in central
[2026-06-03T15:52:54.840+0000] {spark_submit.py:634} INFO - found software.amazon.awssdk#url-connection-client;2.29.52 in central
[2026-06-03T15:52:54.880+0000] {spark_submit.py:634} INFO - found software.amazon.awssdk#utils;2.29.52 in central
[2026-06-03T15:52:54.911+0000] {spark_submit.py:634} INFO - found org.reactivestreams#reactive-streams;1.0.4 in central
[2026-06-03T15:52:54.946+0000] {spark_submit.py:634} INFO - found software.amazon.awssdk#annotations;2.29.52 in central
[2026-06-03T15:52:54.969+0000] {spark_submit.py:634} INFO - found org.slf4j#slf4j-api;1.7.36 in central
[2026-06-03T15:52:54.995+0000] {spark_submit.py:634} INFO - found software.amazon.awssdk#http-client-spi;2.29.52 in central
[2026-06-03T15:52:55.028+0000] {spark_submit.py:634} INFO - found software.amazon.awssdk#metrics-spi;2.29.52 in central
[2026-06-03T15:52:55.083+0000] {spark_submit.py:634} INFO - :: resolution report :: resolve 495ms :: artifacts dl 27ms
[2026-06-03T15:52:55.083+0000] {spark_submit.py:634} INFO - :: modules in use:
[2026-06-03T15:52:55.084+0000] {spark_submit.py:634} INFO - org.apache.iceberg#iceberg-aws-bundle;1.11.0 from central in [default]
[2026-06-03T15:52:55.084+0000] {spark_submit.py:634} INFO - org.apache.iceberg#iceberg-spark-runtime-4.1_2.13;1.11.0 from central in [default]
[2026-06-03T15:52:55.084+0000] {spark_submit.py:634} INFO - org.reactivestreams#reactive-streams;1.0.4 from central in [default]
[2026-06-03T15:52:55.084+0000] {spark_submit.py:634} INFO - org.slf4j#slf4j-api;1.7.36 from central in [default]
[2026-06-03T15:52:55.085+0000] {spark_submit.py:634} INFO - software.amazon.awssdk#annotations;2.29.52 from central in [default]
[2026-06-03T15:52:55.085+0000] {spark_submit.py:634} INFO - software.amazon.awssdk#bundle;2.29.52 from central in [default]
[2026-06-03T15:52:55.085+0000] {spark_submit.py:634} INFO - software.amazon.awssdk#http-client-spi;2.29.52 from central in [default]
[2026-06-03T15:52:55.086+0000] {spark_submit.py:634} INFO - software.amazon.awssdk#metrics-spi;2.29.52 from central in [default]
[2026-06-03T15:52:55.086+0000] {spark_submit.py:634} INFO - software.amazon.awssdk#url-connection-client;2.29.52 from central in [default]
[2026-06-03T15:52:55.086+0000] {spark_submit.py:634} INFO - software.amazon.awssdk#utils;2.29.52 from central in [default]
[2026-06-03T15:52:55.086+0000] {spark_submit.py:634} INFO - ---------------------------------------------------------------------
[2026-06-03T15:52:55.086+0000] {spark_submit.py:634} INFO - |                  |            modules            ||   artifacts   |
[2026-06-03T15:52:55.087+0000] {spark_submit.py:634} INFO - |       conf       | number| search|dwnlded|evicted|| number|dwnlded|
[2026-06-03T15:52:55.087+0000] {spark_submit.py:634} INFO - ---------------------------------------------------------------------
[2026-06-03T15:52:55.087+0000] {spark_submit.py:634} INFO - |      default     |   10  |   0   |   0   |   0   ||   10  |   0   |
[2026-06-03T15:52:55.087+0000] {spark_submit.py:634} INFO - ---------------------------------------------------------------------
[2026-06-03T15:52:55.094+0000] {spark_submit.py:634} INFO - :: retrieving :: org.apache.spark#spark-submit-parent-0ecf96cc-6750-434a-89d6-88a0be0a3ddf
[2026-06-03T15:52:55.094+0000] {spark_submit.py:634} INFO - confs: [default]
[2026-06-03T15:52:55.107+0000] {spark_submit.py:634} INFO - 0 artifacts copied, 10 already retrieved (0kB/14ms)
[2026-06-03T15:52:55.441+0000] {spark_submit.py:634} INFO - 26/06/03 15:52:55 WARN NativeCodeLoader: Unable to load native-hadoop library for your platform... using builtin-java classes where applicable
[2026-06-03T15:52:55.654+0000] {spark_submit.py:634} INFO - Main class:
[2026-06-03T15:52:55.654+0000] {spark_submit.py:634} INFO - org.apache.spark.deploy.PythonRunner
[2026-06-03T15:52:55.655+0000] {spark_submit.py:634} INFO - Arguments:
[2026-06-03T15:52:55.655+0000] {spark_submit.py:634} INFO - file:/workspace/resources/train_model_lakehouse.py
[2026-06-03T15:52:55.655+0000] {spark_submit.py:634} INFO - file:///home/***/.ivy2.5.2/jars/org.apache.iceberg_iceberg-spark-runtime-4.1_2.13-1.11.0.jar,file:///home/***/.ivy2.5.2/jars/org.apache.iceberg_iceberg-aws-bundle-1.11.0.jar,file:///home/***/.ivy2.5.2/jars/software.amazon.awssdk_bundle-2.29.52.jar,file:///home/***/.ivy2.5.2/jars/software.amazon.awssdk_url-connection-client-2.29.52.jar,file:///home/***/.ivy2.5.2/jars/software.amazon.awssdk_utils-2.29.52.jar,file:///home/***/.ivy2.5.2/jars/software.amazon.awssdk_annotations-2.29.52.jar,file:///home/***/.ivy2.5.2/jars/software.amazon.awssdk_http-client-spi-2.29.52.jar,file:///home/***/.ivy2.5.2/jars/org.reactivestreams_reactive-streams-1.0.4.jar,file:///home/***/.ivy2.5.2/jars/org.slf4j_slf4j-api-1.7.36.jar,file:///home/***/.ivy2.5.2/jars/software.amazon.awssdk_metrics-spi-2.29.52.jar
[2026-06-03T15:52:55.655+0000] {spark_submit.py:634} INFO - --model-base
[2026-06-03T15:52:55.655+0000] {spark_submit.py:634} INFO - s3a://warehouse/artifacts/models
[2026-06-03T15:52:55.657+0000] {spark_submit.py:634} INFO - Spark config:
[2026-06-03T15:52:55.657+0000] {spark_submit.py:634} INFO - (spark.app.name,arrow-spark)
[2026-06-03T15:52:55.657+0000] {spark_submit.py:634} INFO - (spark.app.submitTime,1780501975629)
[2026-06-03T15:52:55.657+0000] {spark_submit.py:634} INFO - (spark.files,file:///home/***/.ivy2.5.2/jars/org.apache.iceberg_iceberg-spark-runtime-4.1_2.13-1.11.0.jar,file:///home/***/.ivy2.5.2/jars/org.apache.iceberg_iceberg-aws-bundle-1.11.0.jar,file:///home/***/.ivy2.5.2/jars/software.amazon.awssdk_bundle-2.29.52.jar,file:///home/***/.ivy2.5.2/jars/software.amazon.awssdk_url-connection-client-2.29.52.jar,file:///home/***/.ivy2.5.2/jars/software.amazon.awssdk_utils-2.29.52.jar,file:///home/***/.ivy2.5.2/jars/software.amazon.awssdk_annotations-2.29.52.jar,file:///home/***/.ivy2.5.2/jars/software.amazon.awssdk_http-client-spi-2.29.52.jar,file:///home/***/.ivy2.5.2/jars/org.reactivestreams_reactive-streams-1.0.4.jar,file:///home/***/.ivy2.5.2/jars/org.slf4j_slf4j-api-1.7.36.jar,file:///home/***/.ivy2.5.2/jars/software.amazon.awssdk_metrics-spi-2.29.52.jar)
[2026-06-03T15:52:55.658+0000] {spark_submit.py:634} INFO - (spark.jars,file:///home/***/.ivy2.5.2/jars/org.apache.iceberg_iceberg-spark-runtime-4.1_2.13-1.11.0.jar,file:///home/***/.ivy2.5.2/jars/org.apache.iceberg_iceberg-aws-bundle-1.11.0.jar,file:///home/***/.ivy2.5.2/jars/software.amazon.awssdk_bundle-2.29.52.jar,file:///home/***/.ivy2.5.2/jars/software.amazon.awssdk_url-connection-client-2.29.52.jar,file:///home/***/.ivy2.5.2/jars/software.amazon.awssdk_utils-2.29.52.jar,file:///home/***/.ivy2.5.2/jars/software.amazon.awssdk_annotations-2.29.52.jar,file:///home/***/.ivy2.5.2/jars/software.amazon.awssdk_http-client-spi-2.29.52.jar,file:///home/***/.ivy2.5.2/jars/org.reactivestreams_reactive-streams-1.0.4.jar,file:///home/***/.ivy2.5.2/jars/org.slf4j_slf4j-api-1.7.36.jar,file:///home/***/.ivy2.5.2/jars/software.amazon.awssdk_metrics-spi-2.29.52.jar)
[2026-06-03T15:52:55.658+0000] {spark_submit.py:634} INFO - (spark.master,spark://spark-master:7077)
[2026-06-03T15:52:55.659+0000] {spark_submit.py:634} INFO - (spark.repl.local.jars,file:///home/***/.ivy2.5.2/jars/org.apache.iceberg_iceberg-spark-runtime-4.1_2.13-1.11.0.jar,file:///home/***/.ivy2.5.2/jars/org.apache.iceberg_iceberg-aws-bundle-1.11.0.jar,file:///home/***/.ivy2.5.2/jars/software.amazon.awssdk_bundle-2.29.52.jar,file:///home/***/.ivy2.5.2/jars/software.amazon.awssdk_url-connection-client-2.29.52.jar,file:///home/***/.ivy2.5.2/jars/software.amazon.awssdk_utils-2.29.52.jar,file:///home/***/.ivy2.5.2/jars/software.amazon.awssdk_annotations-2.29.52.jar,file:///home/***/.ivy2.5.2/jars/software.amazon.awssdk_http-client-spi-2.29.52.jar,file:///home/***/.ivy2.5.2/jars/org.reactivestreams_reactive-streams-1.0.4.jar,file:///home/***/.ivy2.5.2/jars/org.slf4j_slf4j-api-1.7.36.jar,file:///home/***/.ivy2.5.2/jars/software.amazon.awssdk_metrics-spi-2.29.52.jar)
[2026-06-03T15:52:55.659+0000] {spark_submit.py:634} INFO - (spark.sql.catalog.lakehouse,org.apache.iceberg.spark.SparkCatalog)
[2026-06-03T15:52:55.659+0000] {spark_submit.py:634} INFO - (spark.sql.catalog.lakehouse.client.region,eu-south-2)
[2026-06-03T15:52:55.660+0000] {spark_submit.py:634} INFO - (spark.sql.catalog.lakehouse.io-impl,org.apache.iceberg.aws.s3.S3FileIO)
[2026-06-03T15:52:55.660+0000] {spark_submit.py:634} INFO - (spark.sql.catalog.lakehouse.type,rest)
[2026-06-03T15:52:55.660+0000] {spark_submit.py:634} INFO - (spark.sql.catalog.lakehouse.uri,http://iceberg-rest:8181)
[2026-06-03T15:52:55.660+0000] {spark_submit.py:634} INFO - (spark.sql.catalog.lakehouse.warehouse,s3://warehouse/)
[2026-06-03T15:52:55.661+0000] {spark_submit.py:634} INFO - (spark.sql.defaultCatalog,lakehouse)
[2026-06-03T15:52:55.661+0000] {spark_submit.py:634} INFO - (spark.sql.extensions,org.apache.iceberg.spark.extensions.IcebergSparkSessionExtensions)
[2026-06-03T15:52:55.661+0000] {spark_submit.py:634} INFO - (spark.submit.deployMode,client)
[2026-06-03T15:52:55.661+0000] {spark_submit.py:634} INFO - (spark.submit.pyFiles,/home/***/.ivy2.5.2/jars/org.apache.iceberg_iceberg-spark-runtime-4.1_2.13-1.11.0.jar,/home/***/.ivy2.5.2/jars/org.apache.iceberg_iceberg-aws-bundle-1.11.0.jar,/home/***/.ivy2.5.2/jars/software.amazon.awssdk_bundle-2.29.52.jar,/home/***/.ivy2.5.2/jars/software.amazon.awssdk_url-connection-client-2.29.52.jar,/home/***/.ivy2.5.2/jars/software.amazon.awssdk_utils-2.29.52.jar,/home/***/.ivy2.5.2/jars/software.amazon.awssdk_annotations-2.29.52.jar,/home/***/.ivy2.5.2/jars/software.amazon.awssdk_http-client-spi-2.29.52.jar,/home/***/.ivy2.5.2/jars/org.reactivestreams_reactive-streams-1.0.4.jar,/home/***/.ivy2.5.2/jars/org.slf4j_slf4j-api-1.7.36.jar,/home/***/.ivy2.5.2/jars/software.amazon.awssdk_metrics-spi-2.29.52.jar)
[2026-06-03T15:52:55.662+0000] {spark_submit.py:634} INFO - Classpath elements:
[2026-06-03T15:52:55.662+0000] {spark_submit.py:634} INFO - file:///home/***/.ivy2.5.2/jars/org.apache.iceberg_iceberg-spark-runtime-4.1_2.13-1.11.0.jar
[2026-06-03T15:52:55.662+0000] {spark_submit.py:634} INFO - file:///home/***/.ivy2.5.2/jars/org.apache.iceberg_iceberg-aws-bundle-1.11.0.jar
[2026-06-03T15:52:55.663+0000] {spark_submit.py:634} INFO - file:///home/***/.ivy2.5.2/jars/software.amazon.awssdk_bundle-2.29.52.jar
[2026-06-03T15:52:55.663+0000] {spark_submit.py:634} INFO - file:///home/***/.ivy2.5.2/jars/software.amazon.awssdk_url-connection-client-2.29.52.jar
[2026-06-03T15:52:55.663+0000] {spark_submit.py:634} INFO - file:///home/***/.ivy2.5.2/jars/software.amazon.awssdk_utils-2.29.52.jar
[2026-06-03T15:52:55.663+0000] {spark_submit.py:634} INFO - file:///home/***/.ivy2.5.2/jars/software.amazon.awssdk_annotations-2.29.52.jar
[2026-06-03T15:52:55.664+0000] {spark_submit.py:634} INFO - file:///home/***/.ivy2.5.2/jars/software.amazon.awssdk_http-client-spi-2.29.52.jar
[2026-06-03T15:52:55.664+0000] {spark_submit.py:634} INFO - file:///home/***/.ivy2.5.2/jars/org.reactivestreams_reactive-streams-1.0.4.jar
[2026-06-03T15:52:55.664+0000] {spark_submit.py:634} INFO - file:///home/***/.ivy2.5.2/jars/org.slf4j_slf4j-api-1.7.36.jar
[2026-06-03T15:52:55.665+0000] {spark_submit.py:634} INFO - file:///home/***/.ivy2.5.2/jars/software.amazon.awssdk_metrics-spi-2.29.52.jar
[2026-06-03T15:52:55.665+0000] {spark_submit.py:634} INFO - 
[2026-06-03T15:52:55.666+0000] {spark_submit.py:634} INFO - 
[2026-06-03T15:53:12.449+0000] {spark_submit.py:634} INFO - Using Spark's default log4j profile: org/apache/spark/log4j2-defaults.properties
[2026-06-03T15:53:12.454+0000] {spark_submit.py:634} INFO - 26/06/03 15:53:12 INFO SparkContext: Running Spark version 4.1.2
[2026-06-03T15:53:12.455+0000] {spark_submit.py:634} INFO - 26/06/03 15:53:12 INFO SparkContext: OS info Linux, 6.17.0-35-generic, amd64
[2026-06-03T15:53:12.455+0000] {spark_submit.py:634} INFO - 26/06/03 15:53:12 INFO SparkContext: Java version 17.0.19+10-1-deb12u2-Debian
[2026-06-03T15:53:12.487+0000] {spark_submit.py:634} INFO - 26/06/03 15:53:12 INFO ResourceUtils: ==============================================================
[2026-06-03T15:53:12.488+0000] {spark_submit.py:634} INFO - 26/06/03 15:53:12 INFO ResourceUtils: No custom resources configured for spark.driver.
[2026-06-03T15:53:12.488+0000] {spark_submit.py:634} INFO - 26/06/03 15:53:12 INFO ResourceUtils: ==============================================================
[2026-06-03T15:53:12.488+0000] {spark_submit.py:634} INFO - 26/06/03 15:53:12 INFO SparkContext: Submitted application: train_model_lakehouse
[2026-06-03T15:53:12.573+0000] {spark_submit.py:634} INFO - 26/06/03 15:53:12 INFO SecurityManager: Changing view acls to: ***
[2026-06-03T15:53:12.574+0000] {spark_submit.py:634} INFO - 26/06/03 15:53:12 INFO SecurityManager: Changing modify acls to: ***
[2026-06-03T15:53:12.574+0000] {spark_submit.py:634} INFO - 26/06/03 15:53:12 INFO SecurityManager: Changing view acls groups to: ***
[2026-06-03T15:53:12.575+0000] {spark_submit.py:634} INFO - 26/06/03 15:53:12 INFO SecurityManager: Changing modify acls groups to: ***
[2026-06-03T15:53:12.576+0000] {spark_submit.py:634} INFO - 26/06/03 15:53:12 INFO SecurityManager: SecurityManager: authentication disabled; ui acls disabled; users with view permissions: *** groups with view permissions: EMPTY; users with modify permissions: ***; groups with modify permissions: EMPTY; RPC SSL disabled
[2026-06-03T15:53:12.903+0000] {spark_submit.py:634} INFO - 26/06/03 15:53:12 INFO Utils: Successfully started service 'sparkDriver' on port 35593.
[2026-06-03T15:53:12.960+0000] {spark_submit.py:634} INFO - 26/06/03 15:53:12 INFO SparkEnv: Registering MapOutputTracker
[2026-06-03T15:53:12.980+0000] {spark_submit.py:634} INFO - 26/06/03 15:53:12 INFO SparkEnv: Registering BlockManagerMaster
[2026-06-03T15:53:13.016+0000] {spark_submit.py:634} INFO - 26/06/03 15:53:13 INFO BlockManagerMasterEndpoint: Using org.apache.spark.storage.DefaultTopologyMapper for getting topology information
[2026-06-03T15:53:13.017+0000] {spark_submit.py:634} INFO - 26/06/03 15:53:13 INFO BlockManagerMasterEndpoint: BlockManagerMasterEndpoint up
[2026-06-03T15:53:13.023+0000] {spark_submit.py:634} INFO - 26/06/03 15:53:13 INFO SparkEnv: Registering BlockManagerMasterHeartbeat
[2026-06-03T15:53:13.059+0000] {spark_submit.py:634} INFO - 26/06/03 15:53:13 INFO DiskBlockManager: Created local directory at /tmp/blockmgr-5dd05c98-55a9-463b-a147-8fcd504d101b
[2026-06-03T15:53:13.090+0000] {spark_submit.py:634} INFO - 26/06/03 15:53:13 INFO SparkEnv: Registering OutputCommitCoordinator
[2026-06-03T15:53:13.263+0000] {spark_submit.py:634} INFO - 26/06/03 15:53:13 INFO JettyUtils: Start Jetty 0.0.0.0:4040 for SparkUI
[2026-06-03T15:53:13.352+0000] {spark_submit.py:634} INFO - 26/06/03 15:53:13 INFO Utils: Successfully started service 'SparkUI' on port 4040.
[2026-06-03T15:53:13.397+0000] {spark_submit.py:634} INFO - 26/06/03 15:53:13 INFO SparkContext: Added JAR file:///home/***/.ivy2.5.2/jars/org.apache.iceberg_iceberg-spark-runtime-4.1_2.13-1.11.0.jar at spark://70b1be1cb349:35593/jars/org.apache.iceberg_iceberg-spark-runtime-4.1_2.13-1.11.0.jar with timestamp 1780501992439
[2026-06-03T15:53:13.397+0000] {spark_submit.py:634} INFO - 26/06/03 15:53:13 INFO SparkContext: Added JAR file:///home/***/.ivy2.5.2/jars/org.apache.iceberg_iceberg-aws-bundle-1.11.0.jar at spark://70b1be1cb349:35593/jars/org.apache.iceberg_iceberg-aws-bundle-1.11.0.jar with timestamp 1780501992439
[2026-06-03T15:53:13.398+0000] {spark_submit.py:634} INFO - 26/06/03 15:53:13 INFO SparkContext: Added JAR file:///home/***/.ivy2.5.2/jars/software.amazon.awssdk_bundle-2.29.52.jar at spark://70b1be1cb349:35593/jars/software.amazon.awssdk_bundle-2.29.52.jar with timestamp 1780501992439
[2026-06-03T15:53:13.398+0000] {spark_submit.py:634} INFO - 26/06/03 15:53:13 INFO SparkContext: Added JAR file:///home/***/.ivy2.5.2/jars/software.amazon.awssdk_url-connection-client-2.29.52.jar at spark://70b1be1cb349:35593/jars/software.amazon.awssdk_url-connection-client-2.29.52.jar with timestamp 1780501992439
[2026-06-03T15:53:13.399+0000] {spark_submit.py:634} INFO - 26/06/03 15:53:13 INFO SparkContext: Added JAR file:///home/***/.ivy2.5.2/jars/software.amazon.awssdk_utils-2.29.52.jar at spark://70b1be1cb349:35593/jars/software.amazon.awssdk_utils-2.29.52.jar with timestamp 1780501992439
[2026-06-03T15:53:13.399+0000] {spark_submit.py:634} INFO - 26/06/03 15:53:13 INFO SparkContext: Added JAR file:///home/***/.ivy2.5.2/jars/software.amazon.awssdk_annotations-2.29.52.jar at spark://70b1be1cb349:35593/jars/software.amazon.awssdk_annotations-2.29.52.jar with timestamp 1780501992439
[2026-06-03T15:53:13.400+0000] {spark_submit.py:634} INFO - 26/06/03 15:53:13 INFO SparkContext: Added JAR file:///home/***/.ivy2.5.2/jars/software.amazon.awssdk_http-client-spi-2.29.52.jar at spark://70b1be1cb349:35593/jars/software.amazon.awssdk_http-client-spi-2.29.52.jar with timestamp 1780501992439
[2026-06-03T15:53:13.400+0000] {spark_submit.py:634} INFO - 26/06/03 15:53:13 INFO SparkContext: Added JAR file:///home/***/.ivy2.5.2/jars/org.reactivestreams_reactive-streams-1.0.4.jar at spark://70b1be1cb349:35593/jars/org.reactivestreams_reactive-streams-1.0.4.jar with timestamp 1780501992439
[2026-06-03T15:53:13.400+0000] {spark_submit.py:634} INFO - 26/06/03 15:53:13 INFO SparkContext: Added JAR file:///home/***/.ivy2.5.2/jars/org.slf4j_slf4j-api-1.7.36.jar at spark://70b1be1cb349:35593/jars/org.slf4j_slf4j-api-1.7.36.jar with timestamp 1780501992439
[2026-06-03T15:53:13.400+0000] {spark_submit.py:634} INFO - 26/06/03 15:53:13 INFO SparkContext: Added JAR file:///home/***/.ivy2.5.2/jars/software.amazon.awssdk_metrics-spi-2.29.52.jar at spark://70b1be1cb349:35593/jars/software.amazon.awssdk_metrics-spi-2.29.52.jar with timestamp 1780501992439
[2026-06-03T15:53:13.403+0000] {spark_submit.py:634} INFO - 26/06/03 15:53:13 INFO SparkContext: Added file file:///home/***/.ivy2.5.2/jars/org.apache.iceberg_iceberg-spark-runtime-4.1_2.13-1.11.0.jar at spark://70b1be1cb349:35593/files/org.apache.iceberg_iceberg-spark-runtime-4.1_2.13-1.11.0.jar with timestamp 1780501992439
[2026-06-03T15:53:13.405+0000] {spark_submit.py:634} INFO - 26/06/03 15:53:13 INFO Utils: Copying /home/***/.ivy2.5.2/jars/org.apache.iceberg_iceberg-spark-runtime-4.1_2.13-1.11.0.jar to /tmp/spark-46ba40c3-6063-43e4-90d8-bd1dd39782e1/userFiles-d38ed1f8-1ff8-460b-900f-eba510cdf017/org.apache.iceberg_iceberg-spark-runtime-4.1_2.13-1.11.0.jar
[2026-06-03T15:53:13.568+0000] {spark_submit.py:634} INFO - 26/06/03 15:53:13 INFO SparkContext: Added file file:///home/***/.ivy2.5.2/jars/org.apache.iceberg_iceberg-aws-bundle-1.11.0.jar at spark://70b1be1cb349:35593/files/org.apache.iceberg_iceberg-aws-bundle-1.11.0.jar with timestamp 1780501992439
[2026-06-03T15:53:13.568+0000] {spark_submit.py:634} INFO - 26/06/03 15:53:13 INFO Utils: Copying /home/***/.ivy2.5.2/jars/org.apache.iceberg_iceberg-aws-bundle-1.11.0.jar to /tmp/spark-46ba40c3-6063-43e4-90d8-bd1dd39782e1/userFiles-d38ed1f8-1ff8-460b-900f-eba510cdf017/org.apache.iceberg_iceberg-aws-bundle-1.11.0.jar
[2026-06-03T15:53:13.737+0000] {spark_submit.py:634} INFO - 26/06/03 15:53:13 INFO SparkContext: Added file file:///home/***/.ivy2.5.2/jars/software.amazon.awssdk_bundle-2.29.52.jar at spark://70b1be1cb349:35593/files/software.amazon.awssdk_bundle-2.29.52.jar with timestamp 1780501992439
[2026-06-03T15:53:13.737+0000] {spark_submit.py:634} INFO - 26/06/03 15:53:13 INFO Utils: Copying /home/***/.ivy2.5.2/jars/software.amazon.awssdk_bundle-2.29.52.jar to /tmp/spark-46ba40c3-6063-43e4-90d8-bd1dd39782e1/userFiles-d38ed1f8-1ff8-460b-900f-eba510cdf017/software.amazon.awssdk_bundle-2.29.52.jar
[2026-06-03T15:53:16.879+0000] {spark_submit.py:634} INFO - 26/06/03 15:53:16 INFO SparkContext: Added file file:///home/***/.ivy2.5.2/jars/software.amazon.awssdk_url-connection-client-2.29.52.jar at spark://70b1be1cb349:35593/files/software.amazon.awssdk_url-connection-client-2.29.52.jar with timestamp 1780501992439
[2026-06-03T15:53:16.881+0000] {spark_submit.py:634} INFO - 26/06/03 15:53:16 INFO Utils: Copying /home/***/.ivy2.5.2/jars/software.amazon.awssdk_url-connection-client-2.29.52.jar to /tmp/spark-46ba40c3-6063-43e4-90d8-bd1dd39782e1/userFiles-d38ed1f8-1ff8-460b-900f-eba510cdf017/software.amazon.awssdk_url-connection-client-2.29.52.jar
[2026-06-03T15:53:16.894+0000] {spark_submit.py:634} INFO - 26/06/03 15:53:16 INFO SparkContext: Added file file:///home/***/.ivy2.5.2/jars/software.amazon.awssdk_utils-2.29.52.jar at spark://70b1be1cb349:35593/files/software.amazon.awssdk_utils-2.29.52.jar with timestamp 1780501992439
[2026-06-03T15:53:16.895+0000] {spark_submit.py:634} INFO - 26/06/03 15:53:16 INFO Utils: Copying /home/***/.ivy2.5.2/jars/software.amazon.awssdk_utils-2.29.52.jar to /tmp/spark-46ba40c3-6063-43e4-90d8-bd1dd39782e1/userFiles-d38ed1f8-1ff8-460b-900f-eba510cdf017/software.amazon.awssdk_utils-2.29.52.jar
[2026-06-03T15:53:16.904+0000] {spark_submit.py:634} INFO - 26/06/03 15:53:16 INFO SparkContext: Added file file:///home/***/.ivy2.5.2/jars/software.amazon.awssdk_annotations-2.29.52.jar at spark://70b1be1cb349:35593/files/software.amazon.awssdk_annotations-2.29.52.jar with timestamp 1780501992439
[2026-06-03T15:53:16.904+0000] {spark_submit.py:634} INFO - 26/06/03 15:53:16 INFO Utils: Copying /home/***/.ivy2.5.2/jars/software.amazon.awssdk_annotations-2.29.52.jar to /tmp/spark-46ba40c3-6063-43e4-90d8-bd1dd39782e1/userFiles-d38ed1f8-1ff8-460b-900f-eba510cdf017/software.amazon.awssdk_annotations-2.29.52.jar
[2026-06-03T15:53:16.912+0000] {spark_submit.py:634} INFO - 26/06/03 15:53:16 INFO SparkContext: Added file file:///home/***/.ivy2.5.2/jars/software.amazon.awssdk_http-client-spi-2.29.52.jar at spark://70b1be1cb349:35593/files/software.amazon.awssdk_http-client-spi-2.29.52.jar with timestamp 1780501992439
[2026-06-03T15:53:16.912+0000] {spark_submit.py:634} INFO - 26/06/03 15:53:16 INFO Utils: Copying /home/***/.ivy2.5.2/jars/software.amazon.awssdk_http-client-spi-2.29.52.jar to /tmp/spark-46ba40c3-6063-43e4-90d8-bd1dd39782e1/userFiles-d38ed1f8-1ff8-460b-900f-eba510cdf017/software.amazon.awssdk_http-client-spi-2.29.52.jar
[2026-06-03T15:53:16.919+0000] {spark_submit.py:634} INFO - 26/06/03 15:53:16 INFO SparkContext: Added file file:///home/***/.ivy2.5.2/jars/org.reactivestreams_reactive-streams-1.0.4.jar at spark://70b1be1cb349:35593/files/org.reactivestreams_reactive-streams-1.0.4.jar with timestamp 1780501992439
[2026-06-03T15:53:16.920+0000] {spark_submit.py:634} INFO - 26/06/03 15:53:16 INFO Utils: Copying /home/***/.ivy2.5.2/jars/org.reactivestreams_reactive-streams-1.0.4.jar to /tmp/spark-46ba40c3-6063-43e4-90d8-bd1dd39782e1/userFiles-d38ed1f8-1ff8-460b-900f-eba510cdf017/org.reactivestreams_reactive-streams-1.0.4.jar
[2026-06-03T15:53:16.926+0000] {spark_submit.py:634} INFO - 26/06/03 15:53:16 INFO SparkContext: Added file file:///home/***/.ivy2.5.2/jars/org.slf4j_slf4j-api-1.7.36.jar at spark://70b1be1cb349:35593/files/org.slf4j_slf4j-api-1.7.36.jar with timestamp 1780501992439
[2026-06-03T15:53:16.927+0000] {spark_submit.py:634} INFO - 26/06/03 15:53:16 INFO Utils: Copying /home/***/.ivy2.5.2/jars/org.slf4j_slf4j-api-1.7.36.jar to /tmp/spark-46ba40c3-6063-43e4-90d8-bd1dd39782e1/userFiles-d38ed1f8-1ff8-460b-900f-eba510cdf017/org.slf4j_slf4j-api-1.7.36.jar
[2026-06-03T15:53:16.934+0000] {spark_submit.py:634} INFO - 26/06/03 15:53:16 INFO SparkContext: Added file file:///home/***/.ivy2.5.2/jars/software.amazon.awssdk_metrics-spi-2.29.52.jar at spark://70b1be1cb349:35593/files/software.amazon.awssdk_metrics-spi-2.29.52.jar with timestamp 1780501992439
[2026-06-03T15:53:16.934+0000] {spark_submit.py:634} INFO - 26/06/03 15:53:16 INFO Utils: Copying /home/***/.ivy2.5.2/jars/software.amazon.awssdk_metrics-spi-2.29.52.jar to /tmp/spark-46ba40c3-6063-43e4-90d8-bd1dd39782e1/userFiles-d38ed1f8-1ff8-460b-900f-eba510cdf017/software.amazon.awssdk_metrics-spi-2.29.52.jar
[2026-06-03T15:53:16.984+0000] {spark_submit.py:634} INFO - 26/06/03 15:53:16 INFO ResourceProfile: Default ResourceProfile created, executor resources: Map(memory -> name: memory, amount: 1024, script: , vendor: , offHeap -> name: offHeap, amount: 0, script: , vendor: ), task resources: Map(cpus -> name: cpus, amount: 1.0)
[2026-06-03T15:53:16.986+0000] {spark_submit.py:634} INFO - 26/06/03 15:53:16 INFO ResourceProfile: Limiting resource is cpu
[2026-06-03T15:53:16.987+0000] {spark_submit.py:634} INFO - 26/06/03 15:53:16 INFO ResourceProfileManager: Added ResourceProfile id: 0
[2026-06-03T15:53:17.003+0000] {spark_submit.py:634} INFO - 26/06/03 15:53:17 INFO SecurityManager: Changing view acls to: ***
[2026-06-03T15:53:17.003+0000] {spark_submit.py:634} INFO - 26/06/03 15:53:17 INFO SecurityManager: Changing modify acls to: ***
[2026-06-03T15:53:17.003+0000] {spark_submit.py:634} INFO - 26/06/03 15:53:17 INFO SecurityManager: Changing view acls groups to: ***
[2026-06-03T15:53:17.003+0000] {spark_submit.py:634} INFO - 26/06/03 15:53:17 INFO SecurityManager: Changing modify acls groups to: ***
[2026-06-03T15:53:17.003+0000] {spark_submit.py:634} INFO - 26/06/03 15:53:17 INFO SecurityManager: SecurityManager: authentication disabled; ui acls disabled; users with view permissions: *** groups with view permissions: EMPTY; users with modify permissions: ***; groups with modify permissions: EMPTY; RPC SSL disabled
[2026-06-03T15:53:17.189+0000] {spark_submit.py:634} INFO - 26/06/03 15:53:17 INFO StandaloneAppClient$ClientEndpoint: Connecting to master spark://spark-master:7077...
[2026-06-03T15:53:17.262+0000] {spark_submit.py:634} INFO - 26/06/03 15:53:17 INFO TransportClientFactory: Successfully created connection to spark-master/172.18.0.2:7077 after 41 ms (0 ms spent in bootstraps)
[2026-06-03T15:53:17.454+0000] {spark_submit.py:634} INFO - 26/06/03 15:53:17 INFO StandaloneSchedulerBackend: Connected to Spark cluster with app ID app-20260603155317-0015
[2026-06-03T15:53:17.458+0000] {spark_submit.py:634} INFO - 26/06/03 15:53:17 INFO StandaloneAppClient$ClientEndpoint: Executor added: app-20260603155317-0015/0 on worker-20260603085132-172.18.0.7-35491 (172.18.0.7:35491) with 8 core(s)
[2026-06-03T15:53:17.462+0000] {spark_submit.py:634} INFO - 26/06/03 15:53:17 INFO StandaloneSchedulerBackend: Granted executor ID app-20260603155317-0015/0 on hostPort 172.18.0.7:35491 with 8 core(s), 1024.0 MiB RAM
[2026-06-03T15:53:17.462+0000] {spark_submit.py:634} INFO - 26/06/03 15:53:17 INFO StandaloneAppClient$ClientEndpoint: Executor added: app-20260603155317-0015/1 on worker-20260603085132-172.18.0.6-37647 (172.18.0.6:37647) with 8 core(s)
[2026-06-03T15:53:17.463+0000] {spark_submit.py:634} INFO - 26/06/03 15:53:17 INFO StandaloneSchedulerBackend: Granted executor ID app-20260603155317-0015/1 on hostPort 172.18.0.6:37647 with 8 core(s), 1024.0 MiB RAM
[2026-06-03T15:53:17.466+0000] {spark_submit.py:634} INFO - 26/06/03 15:53:17 INFO Utils: Successfully started service 'org.apache.spark.network.netty.NettyBlockTransferService' on port 39863.
[2026-06-03T15:53:17.467+0000] {spark_submit.py:634} INFO - 26/06/03 15:53:17 INFO NettyBlockTransferService: Server created on 70b1be1cb349:39863
[2026-06-03T15:53:17.470+0000] {spark_submit.py:634} INFO - 26/06/03 15:53:17 INFO BlockManager: Using org.apache.spark.storage.RandomBlockReplicationPolicy for block replication policy
[2026-06-03T15:53:17.498+0000] {spark_submit.py:634} INFO - 26/06/03 15:53:17 INFO BlockManagerMaster: Registering BlockManager BlockManagerId(driver, 70b1be1cb349, 39863, None)
[2026-06-03T15:53:17.507+0000] {spark_submit.py:634} INFO - 26/06/03 15:53:17 INFO BlockManagerMasterEndpoint: Registering block manager 70b1be1cb349:39863 with 434.4 MiB RAM, BlockManagerId(driver, 70b1be1cb349, 39863, None)
[2026-06-03T15:53:17.510+0000] {spark_submit.py:634} INFO - 26/06/03 15:53:17 INFO BlockManagerMaster: Registered BlockManager BlockManagerId(driver, 70b1be1cb349, 39863, None)
[2026-06-03T15:53:17.513+0000] {spark_submit.py:634} INFO - 26/06/03 15:53:17 INFO BlockManager: Initialized BlockManager: BlockManagerId(driver, 70b1be1cb349, 39863, None)
[2026-06-03T15:53:17.521+0000] {spark_submit.py:634} INFO - 26/06/03 15:53:17 INFO StandaloneAppClient$ClientEndpoint: Executor updated: app-20260603155317-0015/0 is now RUNNING
[2026-06-03T15:53:17.667+0000] {spark_submit.py:634} INFO - 26/06/03 15:53:17 INFO StandaloneAppClient$ClientEndpoint: Executor updated: app-20260603155317-0015/1 is now RUNNING
[2026-06-03T15:53:17.817+0000] {spark_submit.py:634} INFO - 26/06/03 15:53:17 INFO StandaloneSchedulerBackend: SchedulerBackend is ready for scheduling beginning after reached minRegisteredResourcesRatio: 0.0
[2026-06-03T15:53:23.459+0000] {spark_submit.py:634} INFO - 26/06/03 15:53:23 INFO StandaloneSchedulerBackend$StandaloneDriverEndpoint: Registered executor NettyRpcEndpointRef(spark-client://Executor) (172.18.0.6:59264) with ID 1, ResourceProfileId 0
[2026-06-03T15:53:23.461+0000] {spark_submit.py:634} INFO - 26/06/03 15:53:23 INFO StandaloneSchedulerBackend$StandaloneDriverEndpoint: Registered executor NettyRpcEndpointRef(spark-client://Executor) (172.18.0.7:47888) with ID 0, ResourceProfileId 0
[2026-06-03T15:53:23.724+0000] {spark_submit.py:634} INFO - 26/06/03 15:53:23 INFO BlockManagerMasterEndpoint: Registering block manager 172.18.0.6:34785 with 434.4 MiB RAM, BlockManagerId(1, 172.18.0.6, 34785, None)
[2026-06-03T15:53:23.726+0000] {spark_submit.py:634} INFO - 26/06/03 15:53:23 INFO BlockManagerMasterEndpoint: Registering block manager 172.18.0.7:38763 with 434.4 MiB RAM, BlockManagerId(0, 172.18.0.7, 38763, None)
[2026-06-03T15:53:42.907+0000] {spark_submit.py:634} INFO - 26/06/03 15:53:42 INFO SharedState: Setting hive.metastore.warehouse.dir ('null') to the value of spark.sql.warehouse.dir.
[2026-06-03T15:53:42.918+0000] {spark_submit.py:634} INFO - 26/06/03 15:53:42 INFO SharedState: Warehouse path is 'file:/opt/***/spark-warehouse'.
[2026-06-03T15:53:58.668+0000] {spark_submit.py:634} INFO - 2026/06/03 15:53:58 WARNING mlflow.utils.git_utils: Failed to import Git (the Git executable is probably not on your PATH), so Git SHA is not available. Error: Failed to initialize: Bad git executable.
[2026-06-03T15:53:58.671+0000] {spark_submit.py:634} INFO - The git executable must be specified in one of the following ways:
[2026-06-03T15:53:58.672+0000] {spark_submit.py:634} INFO - - be included in your $PATH
[2026-06-03T15:53:58.672+0000] {spark_submit.py:634} INFO - - be set via $GIT_PYTHON_GIT_EXECUTABLE
[2026-06-03T15:53:58.673+0000] {spark_submit.py:634} INFO - - explicitly set via git.refresh(<full-path-to-git-executable>)
[2026-06-03T15:53:58.674+0000] {spark_submit.py:634} INFO - 
[2026-06-03T15:53:58.674+0000] {spark_submit.py:634} INFO - All git commands will error until this is rectified.
[2026-06-03T15:53:58.675+0000] {spark_submit.py:634} INFO - 
[2026-06-03T15:53:58.675+0000] {spark_submit.py:634} INFO - This initial message can be silenced or aggravated in the future by setting the
[2026-06-03T15:53:58.676+0000] {spark_submit.py:634} INFO - $GIT_PYTHON_REFRESH environment variable. Use one of the following values:
[2026-06-03T15:53:58.676+0000] {spark_submit.py:634} INFO - - quiet|q|silence|s|silent|none|n|0: for no message or exception
[2026-06-03T15:53:58.677+0000] {spark_submit.py:634} INFO - - warn|w|warning|log|l|1: for a warning message (logging level CRITICAL, displayed by default)
[2026-06-03T15:53:58.677+0000] {spark_submit.py:634} INFO - - error|e|exception|raise|r|2: for a raised exception
[2026-06-03T15:53:58.677+0000] {spark_submit.py:634} INFO - 
[2026-06-03T15:53:58.678+0000] {spark_submit.py:634} INFO - Example:
[2026-06-03T15:53:58.678+0000] {spark_submit.py:634} INFO - export GIT_PYTHON_REFRESH=quiet
[2026-06-03T15:53:58.678+0000] {spark_submit.py:634} INFO - 
[2026-06-03T15:54:16.494+0000] {spark_submit.py:634} INFO - 26/06/03 15:54:16 INFO AuthManagers: Loading AuthManager implementation: org.apache.iceberg.rest.auth.NoopAuthManager
[2026-06-03T15:54:33.605+0000] {spark_submit.py:634} INFO - 26/06/03 15:54:33 INFO CatalogUtil: Loading custom FileIO implementation: org.apache.iceberg.aws.s3.S3FileIO
[2026-06-03T15:54:35.086+0000] {spark_submit.py:634} INFO - 🏃 View run fearless-donkey-392 at: http://mlflow:5000/#/experiments/1/runs/a0c5690564834c67b58ac1402703c6e2
[2026-06-03T15:54:35.086+0000] {spark_submit.py:634} INFO - 🧪 View experiment at: http://mlflow:5000/#/experiments/1
[2026-06-03T15:54:41.993+0000] {spark_submit.py:634} INFO - Traceback (most recent call last):
[2026-06-03T15:54:42.085+0000] {spark_submit.py:634} INFO - File "/workspace/resources/train_model_lakehouse.py", line 127, in <module>
[2026-06-03T15:54:42.086+0000] {spark_submit.py:634} INFO - main()
[2026-06-03T15:54:42.086+0000] {spark_submit.py:634} INFO - File "/workspace/resources/train_model_lakehouse.py", line 52, in main
[2026-06-03T15:54:42.088+0000] {spark_submit.py:634} INFO - spark.sql("USE lakehouse.training_data")
[2026-06-03T15:54:42.089+0000] {spark_submit.py:634} INFO - File "/opt/spark/python/lib/pyspark.zip/pyspark/sql/session.py", line 1816, in sql
[2026-06-03T15:54:42.090+0000] {spark_submit.py:634} INFO - File "/opt/spark/python/lib/py4j-0.10.9.9-src.zip/py4j/java_gateway.py", line 1362, in __call__
[2026-06-03T15:54:42.090+0000] {spark_submit.py:634} INFO - File "/opt/spark/python/lib/pyspark.zip/pyspark/errors/exceptions/captured.py", line 269, in deco
[2026-06-03T15:54:42.094+0000] {spark_submit.py:634} INFO - pyspark.errors.exceptions.captured.IllegalArgumentException: Cannot initialize FileIO implementation org.apache.iceberg.aws.s3.S3FileIO: Cannot find constructor for interface org.apache.iceberg.io.FileIO
[2026-06-03T15:54:42.095+0000] {spark_submit.py:634} INFO - Missing org.apache.iceberg.aws.s3.S3FileIO [java.lang.NoClassDefFoundError: software/amazon/awssdk/core/exception/SdkException]
[2026-06-03T15:54:50.443+0000] {spark_submit.py:634} INFO - 26/06/03 15:54:50 INFO SparkContext: Invoking stop() from shutdown hook
[2026-06-03T15:54:50.450+0000] {spark_submit.py:634} INFO - 26/06/03 15:54:50 INFO SparkContext: SparkContext is stopping with exitCode 0 from run at Executors.java:539.
[2026-06-03T15:54:50.496+0000] {spark_submit.py:634} INFO - 26/06/03 15:54:50 INFO SparkUI: Stopped Spark web UI at http://70b1be1cb349:4040
[2026-06-03T15:54:50.509+0000] {spark_submit.py:634} INFO - 26/06/03 15:54:50 INFO StandaloneSchedulerBackend: Shutting down all executors
[2026-06-03T15:54:50.510+0000] {spark_submit.py:634} INFO - 26/06/03 15:54:50 INFO StandaloneSchedulerBackend$StandaloneDriverEndpoint: Asking each executor to shut down
[2026-06-03T15:54:50.608+0000] {spark_submit.py:634} INFO - 26/06/03 15:54:50 INFO MapOutputTrackerMasterEndpoint: MapOutputTrackerMasterEndpoint stopped!
[2026-06-03T15:54:53.721+0000] {spark_submit.py:634} INFO - 26/06/03 15:54:53 INFO MemoryStore: MemoryStore started with capacity 434.4 MiB
[2026-06-03T15:54:53.996+0000] {spark_submit.py:634} INFO - 26/06/03 15:54:53 INFO MemoryStore: MemoryStore cleared
[2026-06-03T15:54:53.997+0000] {spark_submit.py:634} INFO - 26/06/03 15:54:53 INFO BlockManager: BlockManager stopped
[2026-06-03T15:54:53.997+0000] {spark_submit.py:634} INFO - 26/06/03 15:54:53 INFO BlockManagerMaster: BlockManagerMaster stopped
[2026-06-03T15:54:53.998+0000] {spark_submit.py:634} INFO - 26/06/03 15:54:53 INFO OutputCommitCoordinator$OutputCommitCoordinatorEndpoint: OutputCommitCoordinator stopped!
[2026-06-03T15:54:53.999+0000] {spark_submit.py:634} INFO - 26/06/03 15:54:53 ERROR TransportRequestHandler: Error sending result StreamResponse[streamId=/jars/software.amazon.awssdk_bundle-2.29.52.jar,byteCount=641534749,body=FileSegmentManagedBuffer[file=/home/***/.ivy2.5.2/jars/software.amazon.awssdk_bundle-2.29.52.jar,offset=0,length=641534749]] to /172.18.0.6:59276; closing connection
[2026-06-03T15:54:54.085+0000] {spark_submit.py:634} INFO - io.netty.channel.StacklessClosedChannelException
[2026-06-03T15:54:54.086+0000] {spark_submit.py:634} INFO - at io.netty.channel.AbstractChannel.close(ChannelPromise)(Unknown Source)
[2026-06-03T15:54:54.104+0000] {spark_submit.py:634} INFO - 26/06/03 15:54:54 INFO SparkContext: Successfully stopped SparkContext (Uptime: 101665 ms)
[2026-06-03T15:54:54.276+0000] {taskinstance.py:3311} ERROR - Task failed with exception
Traceback (most recent call last):
  File "/home/airflow/.local/lib/python3.11/site-packages/airflow/models/taskinstance.py", line 767, in _execute_task
    result = _execute_callable(context=context, **execute_callable_kwargs)
             ^^^^^^^^^^^^^^^^^^^^^^^^^^^^^^^^^^^^^^^^^^^^^^^^^^^^^^^^^^^^^
  File "/home/airflow/.local/lib/python3.11/site-packages/airflow/models/taskinstance.py", line 733, in _execute_callable
    return ExecutionCallableRunner(
           ^^^^^^^^^^^^^^^^^^^^^^^^
  File "/home/airflow/.local/lib/python3.11/site-packages/airflow/utils/operator_helpers.py", line 252, in run
    return self.func(*args, **kwargs)
           ^^^^^^^^^^^^^^^^^^^^^^^^^^
  File "/home/airflow/.local/lib/python3.11/site-packages/airflow/models/baseoperator.py", line 422, in wrapper
    return func(self, *args, **kwargs)
           ^^^^^^^^^^^^^^^^^^^^^^^^^^^
  File "/home/airflow/.local/lib/python3.11/site-packages/airflow/providers/apache/spark/operators/spark_submit.py", line 176, in execute
    self._hook.submit(self.application)
  File "/home/airflow/.local/lib/python3.11/site-packages/airflow/providers/apache/spark/hooks/spark_submit.py", line 560, in submit
    raise AirflowException(
airflow.exceptions.AirflowException: Cannot execute: spark-submit --master spark://spark-master:7077 --conf spark.sql.extensions=org.apache.iceberg.spark.extensions.IcebergSparkSessionExtensions --conf spark.sql.catalog.lakehouse=org.apache.iceberg.spark.SparkCatalog --conf spark.sql.catalog.lakehouse.type=rest --conf spark.sql.catalog.lakehouse.uri=http://iceberg-rest:8181 --conf spark.sql.catalog.lakehouse.warehouse=s3://warehouse/ --conf spark.sql.catalog.lakehouse.io-impl=org.apache.iceberg.aws.s3.S3FileIO --conf spark.sql.catalog.lakehouse.client.region=eu-south-2 --conf spark.sql.defaultCatalog=lakehouse --packages org.apache.iceberg:iceberg-spark-runtime-4.1_2.13:1.11.0,org.apache.iceberg:iceberg-aws-bundle:1.11.0,software.amazon.awssdk:bundle:2.29.52,software.amazon.awssdk:url-connection-client:2.29.52 --name arrow-spark --verbose --deploy-mode client /workspace/resources/train_model_lakehouse.py --model-base s3a://warehouse/artifacts/models. Error code is: 1.
[2026-06-03T15:54:55.038+0000] {taskinstance.py:1225} INFO - Marking task as FAILED. dag_id=train_model_lakehouse, task_id=train_model, run_id=manual__2026-06-03T15:52:50.307423+00:00, execution_date=20260603T155250, start_date=20260603T155251, end_date=20260603T155455
[2026-06-03T15:54:56.107+0000] {taskinstance.py:340} INFO - ::group::Post task execution logs
[2026-06-03T15:54:56.109+0000] {standard_task_runner.py:124} ERROR - Failed to execute job 31 for task train_model (Cannot execute: spark-submit --master spark://spark-master:7077 --conf spark.sql.extensions=org.apache.iceberg.spark.extensions.IcebergSparkSessionExtensions --conf spark.sql.catalog.lakehouse=org.apache.iceberg.spark.SparkCatalog --conf spark.sql.catalog.lakehouse.type=rest --conf spark.sql.catalog.lakehouse.uri=http://iceberg-rest:8181 --conf spark.sql.catalog.lakehouse.warehouse=s3://warehouse/ --conf spark.sql.catalog.lakehouse.io-impl=org.apache.iceberg.aws.s3.S3FileIO --conf spark.sql.catalog.lakehouse.client.region=eu-south-2 --conf spark.sql.defaultCatalog=lakehouse --packages org.apache.iceberg:iceberg-spark-runtime-4.1_2.13:1.11.0,org.apache.iceberg:iceberg-aws-bundle:1.11.0,software.amazon.awssdk:bundle:2.29.52,software.amazon.awssdk:url-connection-client:2.29.52 --name arrow-spark --verbose --deploy-mode client /workspace/resources/train_model_lakehouse.py --model-base s3a://warehouse/artifacts/models. Error code is: 1.; 1065)
Traceback (most recent call last):
  File "/home/airflow/.local/lib/python3.11/site-packages/airflow/task/task_runner/standard_task_runner.py", line 117, in _start_by_fork
    ret = args.func(args, dag=self.dag)
          ^^^^^^^^^^^^^^^^^^^^^^^^^^^^^
  File "/home/airflow/.local/lib/python3.11/site-packages/airflow/cli/cli_config.py", line 49, in command
    return func(*args, **kwargs)
           ^^^^^^^^^^^^^^^^^^^^^
  File "/home/airflow/.local/lib/python3.11/site-packages/airflow/utils/cli.py", line 116, in wrapper
    return f(*args, **kwargs)
           ^^^^^^^^^^^^^^^^^^
  File "/home/airflow/.local/lib/python3.11/site-packages/airflow/cli/commands/task_command.py", line 483, in task_run
    task_return_code = _run_task_by_selected_method(args, _dag, ti)
                       ^^^^^^^^^^^^^^^^^^^^^^^^^^^^^^^^^^^^^^^^^^^^
  File "/home/airflow/.local/lib/python3.11/site-packages/airflow/cli/commands/task_command.py", line 256, in _run_task_by_selected_method
    return _run_raw_task(args, ti)
           ^^^^^^^^^^^^^^^^^^^^^^^
  File "/home/airflow/.local/lib/python3.11/site-packages/airflow/cli/commands/task_command.py", line 341, in _run_raw_task
    return ti._run_raw_task(
           ^^^^^^^^^^^^^^^^^
  File "/home/airflow/.local/lib/python3.11/site-packages/airflow/utils/session.py", line 97, in wrapper
    return func(*args, session=session, **kwargs)
           ^^^^^^^^^^^^^^^^^^^^^^^^^^^^^^^^^^^^^^
  File "/home/airflow/.local/lib/python3.11/site-packages/airflow/models/taskinstance.py", line 3005, in _run_raw_task
    return _run_raw_task(
           ^^^^^^^^^^^^^^
  File "/home/airflow/.local/lib/python3.11/site-packages/airflow/models/taskinstance.py", line 273, in _run_raw_task
    TaskInstance._execute_task_with_callbacks(
  File "/home/airflow/.local/lib/python3.11/site-packages/airflow/models/taskinstance.py", line 3159, in _execute_task_with_callbacks
    result = self._execute_task(context, task_orig)
             ^^^^^^^^^^^^^^^^^^^^^^^^^^^^^^^^^^^^^^
  File "/home/airflow/.local/lib/python3.11/site-packages/airflow/models/taskinstance.py", line 3183, in _execute_task
    return _execute_task(self, context, task_orig)
           ^^^^^^^^^^^^^^^^^^^^^^^^^^^^^^^^^^^^^^^
  File "/home/airflow/.local/lib/python3.11/site-packages/airflow/models/taskinstance.py", line 767, in _execute_task
    result = _execute_callable(context=context, **execute_callable_kwargs)
             ^^^^^^^^^^^^^^^^^^^^^^^^^^^^^^^^^^^^^^^^^^^^^^^^^^^^^^^^^^^^^
  File "/home/airflow/.local/lib/python3.11/site-packages/airflow/models/taskinstance.py", line 733, in _execute_callable
    return ExecutionCallableRunner(
           ^^^^^^^^^^^^^^^^^^^^^^^^
  File "/home/airflow/.local/lib/python3.11/site-packages/airflow/utils/operator_helpers.py", line 252, in run
    return self.func(*args, **kwargs)
           ^^^^^^^^^^^^^^^^^^^^^^^^^^
  File "/home/airflow/.local/lib/python3.11/site-packages/airflow/models/baseoperator.py", line 422, in wrapper
    return func(self, *args, **kwargs)
           ^^^^^^^^^^^^^^^^^^^^^^^^^^^
  File "/home/airflow/.local/lib/python3.11/site-packages/airflow/providers/apache/spark/operators/spark_submit.py", line 176, in execute
    self._hook.submit(self.application)
  File "/home/airflow/.local/lib/python3.11/site-packages/airflow/providers/apache/spark/hooks/spark_submit.py", line 560, in submit
    raise AirflowException(
airflow.exceptions.AirflowException: Cannot execute: spark-submit --master spark://spark-master:7077 --conf spark.sql.extensions=org.apache.iceberg.spark.extensions.IcebergSparkSessionExtensions --conf spark.sql.catalog.lakehouse=org.apache.iceberg.spark.SparkCatalog --conf spark.sql.catalog.lakehouse.type=rest --conf spark.sql.catalog.lakehouse.uri=http://iceberg-rest:8181 --conf spark.sql.catalog.lakehouse.warehouse=s3://warehouse/ --conf spark.sql.catalog.lakehouse.io-impl=org.apache.iceberg.aws.s3.S3FileIO --conf spark.sql.catalog.lakehouse.client.region=eu-south-2 --conf spark.sql.defaultCatalog=lakehouse --packages org.apache.iceberg:iceberg-spark-runtime-4.1_2.13:1.11.0,org.apache.iceberg:iceberg-aws-bundle:1.11.0,software.amazon.awssdk:bundle:2.29.52,software.amazon.awssdk:url-connection-client:2.29.52 --name arrow-spark --verbose --deploy-mode client /workspace/resources/train_model_lakehouse.py --model-base s3a://warehouse/artifacts/models. Error code is: 1.
[2026-06-03T15:54:56.726+0000] {local_task_job_runner.py:266} INFO - Task exited with return code 1
[2026-06-03T15:54:56.832+0000] {taskinstance.py:3895} INFO - 0 downstream tasks scheduled from follow-on schedule check
[2026-06-03T15:54:57.034+0000] {local_task_job_runner.py:245} INFO - ::endgroup::
