[2026-06-03T13:15:55.005+0000] {local_task_job_runner.py:123} INFO - ::group::Pre task execution logs
[2026-06-03T13:15:55.046+0000] {taskinstance.py:2613} INFO - Dependencies all met for dep_context=non-requeueable deps ti=<TaskInstance: train_model_lakehouse.train_model manual__2026-06-03T13:15:54.151011+00:00 [queued]>
[2026-06-03T13:15:55.061+0000] {taskinstance.py:2613} INFO - Dependencies all met for dep_context=requeueable deps ti=<TaskInstance: train_model_lakehouse.train_model manual__2026-06-03T13:15:54.151011+00:00 [queued]>
[2026-06-03T13:15:55.062+0000] {taskinstance.py:2866} INFO - Starting attempt 1 of 1
[2026-06-03T13:15:55.110+0000] {taskinstance.py:2889} INFO - Executing <Task(SparkSubmitOperator): train_model> on 2026-06-03 13:15:54.151011+00:00
[2026-06-03T13:15:55.120+0000] {standard_task_runner.py:72} INFO - Started process 177 to run task
[2026-06-03T13:15:55.126+0000] {standard_task_runner.py:104} INFO - Running: ['***', 'tasks', 'run', 'train_model_lakehouse', 'train_model', 'manual__2026-06-03T13:15:54.151011+00:00', '--job-id', '15', '--raw', '--subdir', 'DAGS_FOLDER/train_model_lakehouse_dag.py', '--cfg-path', '/tmp/tmp7ts39x1d']
[2026-06-03T13:15:55.130+0000] {standard_task_runner.py:105} INFO - Job 15: Subtask train_model
[2026-06-03T13:15:55.233+0000] {task_command.py:467} INFO - Running <TaskInstance: train_model_lakehouse.train_model manual__2026-06-03T13:15:54.151011+00:00 [running]> on host 3d02a3e234f1
[2026-06-03T13:15:55.603+0000] {taskinstance.py:3132} INFO - Exporting env vars: AIRFLOW_CTX_DAG_OWNER='***' AIRFLOW_CTX_DAG_ID='train_model_lakehouse' AIRFLOW_CTX_TASK_ID='train_model' AIRFLOW_CTX_EXECUTION_DATE='2026-06-03T13:15:54.151011+00:00' AIRFLOW_CTX_TRY_NUMBER='1' AIRFLOW_CTX_DAG_RUN_ID='manual__2026-06-03T13:15:54.151011+00:00'
[2026-06-03T13:15:55.605+0000] {taskinstance.py:731} INFO - ::endgroup::
[2026-06-03T13:15:55.813+0000] {spark_submit.py:304} INFO - Could not load connection string spark_default, defaulting to yarn
[2026-06-03T13:15:55.827+0000] {spark_submit.py:473} INFO - Spark-Submit cmd: spark-submit --master yarn --conf spark.sql.extensions=org.apache.iceberg.spark.extensions.IcebergSparkSessionExtensions --conf spark.sql.catalog.lakehouse=org.apache.iceberg.spark.SparkCatalog --conf spark.sql.catalog.lakehouse.type=rest --conf spark.sql.catalog.lakehouse.uri=http://iceberg-rest:8181 --conf spark.sql.catalog.lakehouse.warehouse=s3://warehouse/ --conf spark.sql.catalog.lakehouse.io-impl=org.apache.iceberg.aws.s3.S3FileIO --conf spark.sql.catalog.lakehouse.client.region=eu-south-2 --conf spark.sql.catalog.lakehouse.s3.endpoint=http://minio:9000 --conf spark.sql.catalog.lakehouse.s3.access-key-id=admin --conf spark.sql.catalog.lakehouse.s3.secret-access-key=****** --conf spark.sql.catalog.lakehouse.s3.path-style-access=true --conf spark.sql.defaultCatalog=lakehouse --conf spark.hadoop.fs.s3a.endpoint=http://minio:9000 --conf spark.hadoop.fs.s3a.access.key=admin --conf spark.hadoop.fs.s3a.secret.key=****** --conf spark.hadoop.fs.s3a.path.style.access=true --conf spark.hadoop.fs.s3a.connection.ssl.enabled=false --name arrow-spark --verbose /workspace/resources/train_model_lakehouse.py --model-base s3a://warehouse/artifacts/models
[2026-06-03T13:15:58.220+0000] {spark_submit.py:634} INFO - Using properties file: null
[2026-06-03T13:15:58.381+0000] {spark_submit.py:634} INFO - Exception in thread "main" org.apache.spark.SparkException: When running with master 'yarn' either HADOOP_CONF_DIR or YARN_CONF_DIR must be set in the environment.
[2026-06-03T13:15:58.381+0000] {spark_submit.py:634} INFO - at org.apache.spark.deploy.SparkSubmitArguments.error(SparkSubmitArguments.scala:650)
[2026-06-03T13:15:58.382+0000] {spark_submit.py:634} INFO - at org.apache.spark.deploy.SparkSubmitArguments.validateSubmitArguments(SparkSubmitArguments.scala:281)
[2026-06-03T13:15:58.382+0000] {spark_submit.py:634} INFO - at org.apache.spark.deploy.SparkSubmitArguments.validateArguments(SparkSubmitArguments.scala:237)
[2026-06-03T13:15:58.382+0000] {spark_submit.py:634} INFO - at org.apache.spark.deploy.SparkSubmitArguments.<init>(SparkSubmitArguments.scala:122)
[2026-06-03T13:15:58.383+0000] {spark_submit.py:634} INFO - at org.apache.spark.deploy.SparkSubmit$$anon$2$$anon$3.<init>(SparkSubmit.scala:1103)
[2026-06-03T13:15:58.383+0000] {spark_submit.py:634} INFO - at org.apache.spark.deploy.SparkSubmit$$anon$2.parseArguments(SparkSubmit.scala:1103)
[2026-06-03T13:15:58.383+0000] {spark_submit.py:634} INFO - at org.apache.spark.deploy.SparkSubmit.doSubmit(SparkSubmit.scala:86)
[2026-06-03T13:15:58.384+0000] {spark_submit.py:634} INFO - at org.apache.spark.deploy.SparkSubmit$$anon$2.doSubmit(SparkSubmit.scala:1120)
[2026-06-03T13:15:58.384+0000] {spark_submit.py:634} INFO - at org.apache.spark.deploy.SparkSubmit$.main(SparkSubmit.scala:1129)
[2026-06-03T13:15:58.384+0000] {spark_submit.py:634} INFO - at org.apache.spark.deploy.SparkSubmit.main(SparkSubmit.scala)
[2026-06-03T13:15:58.497+0000] {taskinstance.py:3311} ERROR - Task failed with exception
Traceback (most recent call last):
  File "/home/airflow/.local/lib/python3.11/site-packages/airflow/models/taskinstance.py", line 767, in _execute_task
    result = _execute_callable(context=context, **execute_callable_kwargs)
             ^^^^^^^^^^^^^^^^^^^^^^^^^^^^^^^^^^^^^^^^^^^^^^^^^^^^^^^^^^^^^
  File "/home/airflow/.local/lib/python3.11/site-packages/airflow/models/taskinstance.py", line 733, in _execute_callable
    return ExecutionCallableRunner(
           ^^^^^^^^^^^^^^^^^^^^^^^^
  File "/home/airflow/.local/lib/python3.11/site-packages/airflow/utils/operator_helpers.py", line 252, in run
    return self.func(*args, **kwargs)
           ^^^^^^^^^^^^^^^^^^^^^^^^^^
  File "/home/airflow/.local/lib/python3.11/site-packages/airflow/models/baseoperator.py", line 422, in wrapper
    return func(self, *args, **kwargs)
           ^^^^^^^^^^^^^^^^^^^^^^^^^^^
  File "/home/airflow/.local/lib/python3.11/site-packages/airflow/providers/apache/spark/operators/spark_submit.py", line 176, in execute
    self._hook.submit(self.application)
  File "/home/airflow/.local/lib/python3.11/site-packages/airflow/providers/apache/spark/hooks/spark_submit.py", line 560, in submit
    raise AirflowException(
airflow.exceptions.AirflowException: Cannot execute: spark-submit --master yarn --conf spark.sql.extensions=org.apache.iceberg.spark.extensions.IcebergSparkSessionExtensions --conf spark.sql.catalog.lakehouse=org.apache.iceberg.spark.SparkCatalog --conf spark.sql.catalog.lakehouse.type=rest --conf spark.sql.catalog.lakehouse.uri=http://iceberg-rest:8181 --conf spark.sql.catalog.lakehouse.warehouse=s3://warehouse/ --conf spark.sql.catalog.lakehouse.io-impl=org.apache.iceberg.aws.s3.S3FileIO --conf spark.sql.catalog.lakehouse.client.region=eu-south-2 --conf spark.sql.catalog.lakehouse.s3.endpoint=http://minio:9000 --conf spark.sql.catalog.lakehouse.s3.access-key-id=admin --conf spark.sql.catalog.lakehouse.s3.secret-access-key=****** --conf spark.sql.catalog.lakehouse.s3.path-style-access=true --conf spark.sql.defaultCatalog=lakehouse --conf spark.hadoop.fs.s3a.endpoint=http://minio:9000 --conf spark.hadoop.fs.s3a.access.key=admin --conf spark.hadoop.fs.s3a.secret.key=****** --conf spark.hadoop.fs.s3a.path.style.access=true --conf spark.hadoop.fs.s3a.connection.ssl.enabled=false --name arrow-spark --verbose /workspace/resources/train_model_lakehouse.py --model-base s3a://warehouse/artifacts/models. Error code is: 1.
[2026-06-03T13:15:58.511+0000] {taskinstance.py:1225} INFO - Marking task as FAILED. dag_id=train_model_lakehouse, task_id=train_model, run_id=manual__2026-06-03T13:15:54.151011+00:00, execution_date=20260603T131554, start_date=20260603T131555, end_date=20260603T131558
[2026-06-03T13:15:58.544+0000] {taskinstance.py:340} INFO - ::group::Post task execution logs
[2026-06-03T13:15:58.545+0000] {standard_task_runner.py:124} ERROR - Failed to execute job 15 for task train_model (Cannot execute: spark-submit --master yarn --conf spark.sql.extensions=org.apache.iceberg.spark.extensions.IcebergSparkSessionExtensions --conf spark.sql.catalog.lakehouse=org.apache.iceberg.spark.SparkCatalog --conf spark.sql.catalog.lakehouse.type=rest --conf spark.sql.catalog.lakehouse.uri=http://iceberg-rest:8181 --conf spark.sql.catalog.lakehouse.warehouse=s3://warehouse/ --conf spark.sql.catalog.lakehouse.io-impl=org.apache.iceberg.aws.s3.S3FileIO --conf spark.sql.catalog.lakehouse.client.region=eu-south-2 --conf spark.sql.catalog.lakehouse.s3.endpoint=http://minio:9000 --conf spark.sql.catalog.lakehouse.s3.access-key-id=admin --conf spark.sql.catalog.lakehouse.s3.secret-access-key=****** --conf spark.sql.catalog.lakehouse.s3.path-style-access=true --conf spark.sql.defaultCatalog=lakehouse --conf spark.hadoop.fs.s3a.endpoint=http://minio:9000 --conf spark.hadoop.fs.s3a.access.key=admin --conf spark.hadoop.fs.s3a.secret.key=****** --conf spark.hadoop.fs.s3a.path.style.access=true --conf spark.hadoop.fs.s3a.connection.ssl.enabled=false --name arrow-spark --verbose /workspace/resources/train_model_lakehouse.py --model-base s3a://warehouse/artifacts/models. Error code is: 1.; 177)
Traceback (most recent call last):
  File "/home/airflow/.local/lib/python3.11/site-packages/airflow/task/task_runner/standard_task_runner.py", line 117, in _start_by_fork
    ret = args.func(args, dag=self.dag)
          ^^^^^^^^^^^^^^^^^^^^^^^^^^^^^
  File "/home/airflow/.local/lib/python3.11/site-packages/airflow/cli/cli_config.py", line 49, in command
    return func(*args, **kwargs)
           ^^^^^^^^^^^^^^^^^^^^^
  File "/home/airflow/.local/lib/python3.11/site-packages/airflow/utils/cli.py", line 116, in wrapper
    return f(*args, **kwargs)
           ^^^^^^^^^^^^^^^^^^
  File "/home/airflow/.local/lib/python3.11/site-packages/airflow/cli/commands/task_command.py", line 483, in task_run
    task_return_code = _run_task_by_selected_method(args, _dag, ti)
                       ^^^^^^^^^^^^^^^^^^^^^^^^^^^^^^^^^^^^^^^^^^^^
  File "/home/airflow/.local/lib/python3.11/site-packages/airflow/cli/commands/task_command.py", line 256, in _run_task_by_selected_method
    return _run_raw_task(args, ti)
           ^^^^^^^^^^^^^^^^^^^^^^^
  File "/home/airflow/.local/lib/python3.11/site-packages/airflow/cli/commands/task_command.py", line 341, in _run_raw_task
    return ti._run_raw_task(
           ^^^^^^^^^^^^^^^^^
  File "/home/airflow/.local/lib/python3.11/site-packages/airflow/utils/session.py", line 97, in wrapper
    return func(*args, session=session, **kwargs)
           ^^^^^^^^^^^^^^^^^^^^^^^^^^^^^^^^^^^^^^
  File "/home/airflow/.local/lib/python3.11/site-packages/airflow/models/taskinstance.py", line 3005, in _run_raw_task
    return _run_raw_task(
           ^^^^^^^^^^^^^^
  File "/home/airflow/.local/lib/python3.11/site-packages/airflow/models/taskinstance.py", line 273, in _run_raw_task
    TaskInstance._execute_task_with_callbacks(
  File "/home/airflow/.local/lib/python3.11/site-packages/airflow/models/taskinstance.py", line 3159, in _execute_task_with_callbacks
    result = self._execute_task(context, task_orig)
             ^^^^^^^^^^^^^^^^^^^^^^^^^^^^^^^^^^^^^^
  File "/home/airflow/.local/lib/python3.11/site-packages/airflow/models/taskinstance.py", line 3183, in _execute_task
    return _execute_task(self, context, task_orig)
           ^^^^^^^^^^^^^^^^^^^^^^^^^^^^^^^^^^^^^^^
  File "/home/airflow/.local/lib/python3.11/site-packages/airflow/models/taskinstance.py", line 767, in _execute_task
    result = _execute_callable(context=context, **execute_callable_kwargs)
             ^^^^^^^^^^^^^^^^^^^^^^^^^^^^^^^^^^^^^^^^^^^^^^^^^^^^^^^^^^^^^
  File "/home/airflow/.local/lib/python3.11/site-packages/airflow/models/taskinstance.py", line 733, in _execute_callable
    return ExecutionCallableRunner(
           ^^^^^^^^^^^^^^^^^^^^^^^^
  File "/home/airflow/.local/lib/python3.11/site-packages/airflow/utils/operator_helpers.py", line 252, in run
    return self.func(*args, **kwargs)
           ^^^^^^^^^^^^^^^^^^^^^^^^^^
  File "/home/airflow/.local/lib/python3.11/site-packages/airflow/models/baseoperator.py", line 422, in wrapper
    return func(self, *args, **kwargs)
           ^^^^^^^^^^^^^^^^^^^^^^^^^^^
  File "/home/airflow/.local/lib/python3.11/site-packages/airflow/providers/apache/spark/operators/spark_submit.py", line 176, in execute
    self._hook.submit(self.application)
  File "/home/airflow/.local/lib/python3.11/site-packages/airflow/providers/apache/spark/hooks/spark_submit.py", line 560, in submit
    raise AirflowException(
airflow.exceptions.AirflowException: Cannot execute: spark-submit --master yarn --conf spark.sql.extensions=org.apache.iceberg.spark.extensions.IcebergSparkSessionExtensions --conf spark.sql.catalog.lakehouse=org.apache.iceberg.spark.SparkCatalog --conf spark.sql.catalog.lakehouse.type=rest --conf spark.sql.catalog.lakehouse.uri=http://iceberg-rest:8181 --conf spark.sql.catalog.lakehouse.warehouse=s3://warehouse/ --conf spark.sql.catalog.lakehouse.io-impl=org.apache.iceberg.aws.s3.S3FileIO --conf spark.sql.catalog.lakehouse.client.region=eu-south-2 --conf spark.sql.catalog.lakehouse.s3.endpoint=http://minio:9000 --conf spark.sql.catalog.lakehouse.s3.access-key-id=admin --conf spark.sql.catalog.lakehouse.s3.secret-access-key=****** --conf spark.sql.catalog.lakehouse.s3.path-style-access=true --conf spark.sql.defaultCatalog=lakehouse --conf spark.hadoop.fs.s3a.endpoint=http://minio:9000 --conf spark.hadoop.fs.s3a.access.key=admin --conf spark.hadoop.fs.s3a.secret.key=****** --conf spark.hadoop.fs.s3a.path.style.access=true --conf spark.hadoop.fs.s3a.connection.ssl.enabled=false --name arrow-spark --verbose /workspace/resources/train_model_lakehouse.py --model-base s3a://warehouse/artifacts/models. Error code is: 1.
[2026-06-03T13:15:58.589+0000] {local_task_job_runner.py:266} INFO - Task exited with return code 1
[2026-06-03T13:15:58.659+0000] {taskinstance.py:3895} INFO - 0 downstream tasks scheduled from follow-on schedule check
[2026-06-03T13:15:58.691+0000] {local_task_job_runner.py:245} INFO - ::endgroup::
