[2026-06-03T13:34:08.044+0000] {local_task_job_runner.py:123} INFO - ::group::Pre task execution logs
[2026-06-03T13:34:08.087+0000] {taskinstance.py:2613} INFO - Dependencies all met for dep_context=non-requeueable deps ti=<TaskInstance: train_model_lakehouse.train_model manual__2026-06-03T13:34:06.377001+00:00 [queued]>
[2026-06-03T13:34:08.105+0000] {taskinstance.py:2613} INFO - Dependencies all met for dep_context=requeueable deps ti=<TaskInstance: train_model_lakehouse.train_model manual__2026-06-03T13:34:06.377001+00:00 [queued]>
[2026-06-03T13:34:08.106+0000] {taskinstance.py:2866} INFO - Starting attempt 1 of 1
[2026-06-03T13:34:08.154+0000] {taskinstance.py:2889} INFO - Executing <Task(SparkSubmitOperator): train_model> on 2026-06-03 13:34:06.377001+00:00
[2026-06-03T13:34:08.167+0000] {standard_task_runner.py:72} INFO - Started process 177 to run task
[2026-06-03T13:34:08.174+0000] {standard_task_runner.py:104} INFO - Running: ['***', 'tasks', 'run', 'train_model_lakehouse', 'train_model', 'manual__2026-06-03T13:34:06.377001+00:00', '--job-id', '19', '--raw', '--subdir', 'DAGS_FOLDER/train_model_lakehouse_dag.py', '--cfg-path', '/tmp/tmp8b3eu0bh']
[2026-06-03T13:34:08.180+0000] {standard_task_runner.py:105} INFO - Job 19: Subtask train_model
[2026-06-03T13:34:08.309+0000] {task_command.py:467} INFO - Running <TaskInstance: train_model_lakehouse.train_model manual__2026-06-03T13:34:06.377001+00:00 [running]> on host 195f259f8b67
[2026-06-03T13:34:08.563+0000] {taskinstance.py:3132} INFO - Exporting env vars: AIRFLOW_CTX_DAG_OWNER='***' AIRFLOW_CTX_DAG_ID='train_model_lakehouse' AIRFLOW_CTX_TASK_ID='train_model' AIRFLOW_CTX_EXECUTION_DATE='2026-06-03T13:34:06.377001+00:00' AIRFLOW_CTX_TRY_NUMBER='1' AIRFLOW_CTX_DAG_RUN_ID='manual__2026-06-03T13:34:06.377001+00:00'
[2026-06-03T13:34:08.564+0000] {taskinstance.py:731} INFO - ::endgroup::
[2026-06-03T13:34:08.651+0000] {base.py:84} INFO - Retrieving connection 'spark_default'
[2026-06-03T13:34:08.654+0000] {spark_submit.py:473} INFO - Spark-Submit cmd: spark-submit --master spark-master:7077 --conf spark.sql.extensions=org.apache.iceberg.spark.extensions.IcebergSparkSessionExtensions --conf spark.sql.catalog.lakehouse=org.apache.iceberg.spark.SparkCatalog --conf spark.sql.catalog.lakehouse.type=rest --conf spark.sql.catalog.lakehouse.uri=http://iceberg-rest:8181 --conf spark.sql.catalog.lakehouse.warehouse=s3://warehouse/ --conf spark.sql.catalog.lakehouse.io-impl=org.apache.iceberg.aws.s3.S3FileIO --conf spark.sql.catalog.lakehouse.client.region=eu-south-2 --conf spark.sql.catalog.lakehouse.s3.endpoint=http://minio:9000 --conf spark.sql.catalog.lakehouse.s3.access-key-id=admin --conf spark.sql.catalog.lakehouse.s3.secret-access-key=****** --conf spark.sql.catalog.lakehouse.s3.path-style-access=true --conf spark.sql.defaultCatalog=lakehouse --conf spark.hadoop.fs.s3a.endpoint=http://minio:9000 --conf spark.hadoop.fs.s3a.access.key=admin --conf spark.hadoop.fs.s3a.secret.key=****** --conf spark.hadoop.fs.s3a.path.style.access=true --conf spark.hadoop.fs.s3a.connection.ssl.enabled=false --name arrow-spark --verbose --deploy-mode client /workspace/resources/train_model_lakehouse.py --model-base s3a://warehouse/artifacts/models
[2026-06-03T13:34:11.357+0000] {spark_submit.py:634} INFO - Using properties file: null
[2026-06-03T13:34:11.577+0000] {spark_submit.py:634} INFO - Parsed arguments:
[2026-06-03T13:34:11.578+0000] {spark_submit.py:634} INFO - master                  spark-master:7077
[2026-06-03T13:34:11.578+0000] {spark_submit.py:634} INFO - remote                  null
[2026-06-03T13:34:11.579+0000] {spark_submit.py:634} INFO - deployMode              client
[2026-06-03T13:34:11.579+0000] {spark_submit.py:634} INFO - executorMemory          null
[2026-06-03T13:34:11.580+0000] {spark_submit.py:634} INFO - executorCores           null
[2026-06-03T13:34:11.580+0000] {spark_submit.py:634} INFO - totalExecutorCores      null
[2026-06-03T13:34:11.580+0000] {spark_submit.py:634} INFO - propertiesFile          null
[2026-06-03T13:34:11.580+0000] {spark_submit.py:634} INFO - driverMemory            null
[2026-06-03T13:34:11.581+0000] {spark_submit.py:634} INFO - driverCores             null
[2026-06-03T13:34:11.581+0000] {spark_submit.py:634} INFO - driverExtraClassPath    null
[2026-06-03T13:34:11.581+0000] {spark_submit.py:634} INFO - driverExtraLibraryPath  null
[2026-06-03T13:34:11.581+0000] {spark_submit.py:634} INFO - driverExtraJavaOptions  null
[2026-06-03T13:34:11.582+0000] {spark_submit.py:634} INFO - supervise               false
[2026-06-03T13:34:11.582+0000] {spark_submit.py:634} INFO - queue                   null
[2026-06-03T13:34:11.582+0000] {spark_submit.py:634} INFO - numExecutors            null
[2026-06-03T13:34:11.582+0000] {spark_submit.py:634} INFO - files                   null
[2026-06-03T13:34:11.582+0000] {spark_submit.py:634} INFO - pyFiles                 null
[2026-06-03T13:34:11.583+0000] {spark_submit.py:634} INFO - archives                null
[2026-06-03T13:34:11.583+0000] {spark_submit.py:634} INFO - mainClass               null
[2026-06-03T13:34:11.583+0000] {spark_submit.py:634} INFO - primaryResource         file:/workspace/resources/train_model_lakehouse.py
[2026-06-03T13:34:11.583+0000] {spark_submit.py:634} INFO - name                    arrow-spark
[2026-06-03T13:34:11.583+0000] {spark_submit.py:634} INFO - childArgs               [--model-base s3a://warehouse/artifacts/models]
[2026-06-03T13:34:11.584+0000] {spark_submit.py:634} INFO - jars                    null
[2026-06-03T13:34:11.584+0000] {spark_submit.py:634} INFO - packages                null
[2026-06-03T13:34:11.584+0000] {spark_submit.py:634} INFO - packagesExclusions      null
[2026-06-03T13:34:11.585+0000] {spark_submit.py:634} INFO - repositories            null
[2026-06-03T13:34:11.585+0000] {spark_submit.py:634} INFO - verbose                 true
[2026-06-03T13:34:11.585+0000] {spark_submit.py:634} INFO - 
[2026-06-03T13:34:11.585+0000] {spark_submit.py:634} INFO - Spark properties used, including those specified through
[2026-06-03T13:34:11.585+0000] {spark_submit.py:634} INFO - --conf and those from the properties file null:
[2026-06-03T13:34:11.586+0000] {spark_submit.py:634} INFO - (spark.hadoop.fs.s3a.access.key,*********(redacted))
[2026-06-03T13:34:11.586+0000] {spark_submit.py:634} INFO - (spark.hadoop.fs.s3a.connection.ssl.enabled,false)
[2026-06-03T13:34:11.586+0000] {spark_submit.py:634} INFO - (spark.hadoop.fs.s3a.endpoint,http://minio:9000)
[2026-06-03T13:34:11.586+0000] {spark_submit.py:634} INFO - (spark.hadoop.fs.s3a.path.style.access,true)
[2026-06-03T13:34:11.587+0000] {spark_submit.py:634} INFO - (spark.hadoop.fs.s3a.secret.key,*********(redacted))
[2026-06-03T13:34:11.587+0000] {spark_submit.py:634} INFO - (spark.sql.catalog.lakehouse,org.apache.iceberg.spark.SparkCatalog)
[2026-06-03T13:34:11.587+0000] {spark_submit.py:634} INFO - (spark.sql.catalog.lakehouse.client.region,eu-south-2)
[2026-06-03T13:34:11.587+0000] {spark_submit.py:634} INFO - (spark.sql.catalog.lakehouse.io-impl,org.apache.iceberg.aws.s3.S3FileIO)
[2026-06-03T13:34:11.587+0000] {spark_submit.py:634} INFO - (spark.sql.catalog.lakehouse.s3.access-key-id,admin)
[2026-06-03T13:34:11.588+0000] {spark_submit.py:634} INFO - (spark.sql.catalog.lakehouse.s3.endpoint,http://minio:9000)
[2026-06-03T13:34:11.588+0000] {spark_submit.py:634} INFO - (spark.sql.catalog.lakehouse.s3.path-style-access,true)
[2026-06-03T13:34:11.588+0000] {spark_submit.py:634} INFO - (spark.sql.catalog.lakehouse.s3.secret-access-key,*********(redacted))
[2026-06-03T13:34:11.588+0000] {spark_submit.py:634} INFO - (spark.sql.catalog.lakehouse.type,rest)
[2026-06-03T13:34:11.588+0000] {spark_submit.py:634} INFO - (spark.sql.catalog.lakehouse.uri,http://iceberg-rest:8181)
[2026-06-03T13:34:11.589+0000] {spark_submit.py:634} INFO - (spark.sql.catalog.lakehouse.warehouse,s3://warehouse/)
[2026-06-03T13:34:11.589+0000] {spark_submit.py:634} INFO - (spark.sql.defaultCatalog,lakehouse)
[2026-06-03T13:34:11.589+0000] {spark_submit.py:634} INFO - (spark.sql.extensions,org.apache.iceberg.spark.extensions.IcebergSparkSessionExtensions)
[2026-06-03T13:34:11.589+0000] {spark_submit.py:634} INFO - 
[2026-06-03T13:34:11.590+0000] {spark_submit.py:634} INFO - 
[2026-06-03T13:34:12.281+0000] {spark_submit.py:634} INFO - Main class:
[2026-06-03T13:34:12.281+0000] {spark_submit.py:634} INFO - org.apache.spark.deploy.PythonRunner
[2026-06-03T13:34:12.282+0000] {spark_submit.py:634} INFO - Arguments:
[2026-06-03T13:34:12.282+0000] {spark_submit.py:634} INFO - file:/workspace/resources/train_model_lakehouse.py
[2026-06-03T13:34:12.282+0000] {spark_submit.py:634} INFO - null
[2026-06-03T13:34:12.282+0000] {spark_submit.py:634} INFO - --model-base
[2026-06-03T13:34:12.282+0000] {spark_submit.py:634} INFO - s3a://warehouse/artifacts/models
[2026-06-03T13:34:12.286+0000] {spark_submit.py:634} INFO - Spark config:
[2026-06-03T13:34:12.286+0000] {spark_submit.py:634} INFO - (spark.app.name,arrow-spark)
[2026-06-03T13:34:12.286+0000] {spark_submit.py:634} INFO - (spark.app.submitTime,1780493652259)
[2026-06-03T13:34:12.286+0000] {spark_submit.py:634} INFO - (spark.hadoop.fs.s3a.access.key,*********(redacted))
[2026-06-03T13:34:12.287+0000] {spark_submit.py:634} INFO - (spark.hadoop.fs.s3a.connection.ssl.enabled,false)
[2026-06-03T13:34:12.287+0000] {spark_submit.py:634} INFO - (spark.hadoop.fs.s3a.endpoint,http://minio:9000)
[2026-06-03T13:34:12.287+0000] {spark_submit.py:634} INFO - (spark.hadoop.fs.s3a.path.style.access,true)
[2026-06-03T13:34:12.287+0000] {spark_submit.py:634} INFO - (spark.hadoop.fs.s3a.secret.key,*********(redacted))
[2026-06-03T13:34:12.288+0000] {spark_submit.py:634} INFO - (spark.master,spark-master:7077)
[2026-06-03T13:34:12.288+0000] {spark_submit.py:634} INFO - (spark.sql.catalog.lakehouse,org.apache.iceberg.spark.SparkCatalog)
[2026-06-03T13:34:12.288+0000] {spark_submit.py:634} INFO - (spark.sql.catalog.lakehouse.client.region,eu-south-2)
[2026-06-03T13:34:12.288+0000] {spark_submit.py:634} INFO - (spark.sql.catalog.lakehouse.io-impl,org.apache.iceberg.aws.s3.S3FileIO)
[2026-06-03T13:34:12.288+0000] {spark_submit.py:634} INFO - (spark.sql.catalog.lakehouse.s3.access-key-id,admin)
[2026-06-03T13:34:12.288+0000] {spark_submit.py:634} INFO - (spark.sql.catalog.lakehouse.s3.endpoint,http://minio:9000)
[2026-06-03T13:34:12.289+0000] {spark_submit.py:634} INFO - (spark.sql.catalog.lakehouse.s3.path-style-access,true)
[2026-06-03T13:34:12.289+0000] {spark_submit.py:634} INFO - (spark.sql.catalog.lakehouse.s3.secret-access-key,*********(redacted))
[2026-06-03T13:34:12.289+0000] {spark_submit.py:634} INFO - (spark.sql.catalog.lakehouse.type,rest)
[2026-06-03T13:34:12.289+0000] {spark_submit.py:634} INFO - (spark.sql.catalog.lakehouse.uri,http://iceberg-rest:8181)
[2026-06-03T13:34:12.289+0000] {spark_submit.py:634} INFO - (spark.sql.catalog.lakehouse.warehouse,s3://warehouse/)
[2026-06-03T13:34:12.290+0000] {spark_submit.py:634} INFO - (spark.sql.defaultCatalog,lakehouse)
[2026-06-03T13:34:12.290+0000] {spark_submit.py:634} INFO - (spark.sql.extensions,org.apache.iceberg.spark.extensions.IcebergSparkSessionExtensions)
[2026-06-03T13:34:12.290+0000] {spark_submit.py:634} INFO - (spark.submit.deployMode,client)
[2026-06-03T13:34:12.290+0000] {spark_submit.py:634} INFO - (spark.submit.pyFiles,)
[2026-06-03T13:34:12.290+0000] {spark_submit.py:634} INFO - Classpath elements:
[2026-06-03T13:34:12.291+0000] {spark_submit.py:634} INFO - 
[2026-06-03T13:34:12.291+0000] {spark_submit.py:634} INFO - 
[2026-06-03T13:34:12.291+0000] {spark_submit.py:634} INFO - 
[2026-06-03T13:34:19.584+0000] {spark_submit.py:634} INFO - 26/06/03 13:34:19 INFO SparkContext: Running Spark version 3.5.3
[2026-06-03T13:34:19.586+0000] {spark_submit.py:634} INFO - 26/06/03 13:34:19 INFO SparkContext: OS info Linux, 6.17.0-35-generic, amd64
[2026-06-03T13:34:19.587+0000] {spark_submit.py:634} INFO - 26/06/03 13:34:19 INFO SparkContext: Java version 17.0.19
[2026-06-03T13:34:19.686+0000] {spark_submit.py:634} INFO - 26/06/03 13:34:19 WARN NativeCodeLoader: Unable to load native-hadoop library for your platform... using builtin-java classes where applicable
[2026-06-03T13:34:19.839+0000] {spark_submit.py:634} INFO - 26/06/03 13:34:19 INFO ResourceUtils: ==============================================================
[2026-06-03T13:34:19.840+0000] {spark_submit.py:634} INFO - 26/06/03 13:34:19 INFO ResourceUtils: No custom resources configured for spark.driver.
[2026-06-03T13:34:19.841+0000] {spark_submit.py:634} INFO - 26/06/03 13:34:19 INFO ResourceUtils: ==============================================================
[2026-06-03T13:34:19.841+0000] {spark_submit.py:634} INFO - 26/06/03 13:34:19 INFO SparkContext: Submitted application: train_model_lakehouse
[2026-06-03T13:34:19.882+0000] {spark_submit.py:634} INFO - 26/06/03 13:34:19 INFO ResourceProfile: Default ResourceProfile created, executor resources: Map(cores -> name: cores, amount: 1, script: , vendor: , memory -> name: memory, amount: 1024, script: , vendor: , offHeap -> name: offHeap, amount: 0, script: , vendor: ), task resources: Map(cpus -> name: cpus, amount: 1.0)
[2026-06-03T13:34:19.900+0000] {spark_submit.py:634} INFO - 26/06/03 13:34:19 INFO ResourceProfile: Limiting resource is cpu
[2026-06-03T13:34:19.901+0000] {spark_submit.py:634} INFO - 26/06/03 13:34:19 INFO ResourceProfileManager: Added ResourceProfile id: 0
[2026-06-03T13:34:19.993+0000] {spark_submit.py:634} INFO - 26/06/03 13:34:19 INFO SecurityManager: Changing view acls to: ***
[2026-06-03T13:34:19.994+0000] {spark_submit.py:634} INFO - 26/06/03 13:34:19 INFO SecurityManager: Changing modify acls to: ***
[2026-06-03T13:34:19.995+0000] {spark_submit.py:634} INFO - 26/06/03 13:34:19 INFO SecurityManager: Changing view acls groups to:
[2026-06-03T13:34:19.996+0000] {spark_submit.py:634} INFO - 26/06/03 13:34:19 INFO SecurityManager: Changing modify acls groups to:
[2026-06-03T13:34:19.996+0000] {spark_submit.py:634} INFO - 26/06/03 13:34:19 INFO SecurityManager: SecurityManager: authentication disabled; ui acls disabled; users with view permissions: ***; groups with view permissions: EMPTY; users with modify permissions: ***; groups with modify permissions: EMPTY
[2026-06-03T13:34:20.418+0000] {spark_submit.py:634} INFO - 26/06/03 13:34:20 INFO Utils: Successfully started service 'sparkDriver' on port 35967.
[2026-06-03T13:34:20.478+0000] {spark_submit.py:634} INFO - 26/06/03 13:34:20 INFO SparkEnv: Registering MapOutputTracker
[2026-06-03T13:34:20.547+0000] {spark_submit.py:634} INFO - 26/06/03 13:34:20 INFO SparkEnv: Registering BlockManagerMaster
[2026-06-03T13:34:20.577+0000] {spark_submit.py:634} INFO - 26/06/03 13:34:20 INFO BlockManagerMasterEndpoint: Using org.apache.spark.storage.DefaultTopologyMapper for getting topology information
[2026-06-03T13:34:20.578+0000] {spark_submit.py:634} INFO - 26/06/03 13:34:20 INFO BlockManagerMasterEndpoint: BlockManagerMasterEndpoint up
[2026-06-03T13:34:20.583+0000] {spark_submit.py:634} INFO - 26/06/03 13:34:20 INFO SparkEnv: Registering BlockManagerMasterHeartbeat
[2026-06-03T13:34:20.618+0000] {spark_submit.py:634} INFO - 26/06/03 13:34:20 INFO DiskBlockManager: Created local directory at /tmp/blockmgr-3a21f2e1-fc4d-465d-81cb-8efe78573d46
[2026-06-03T13:34:20.641+0000] {spark_submit.py:634} INFO - 26/06/03 13:34:20 INFO MemoryStore: MemoryStore started with capacity 434.4 MiB
[2026-06-03T13:34:20.664+0000] {spark_submit.py:634} INFO - 26/06/03 13:34:20 INFO SparkEnv: Registering OutputCommitCoordinator
[2026-06-03T13:34:20.895+0000] {spark_submit.py:634} INFO - 26/06/03 13:34:20 INFO JettyUtils: Start Jetty 0.0.0.0:4040 for SparkUI
[2026-06-03T13:34:21.002+0000] {spark_submit.py:634} INFO - 26/06/03 13:34:21 INFO Utils: Successfully started service 'SparkUI' on port 4040.
[2026-06-03T13:34:21.078+0000] {spark_submit.py:634} INFO - 26/06/03 13:34:21 ERROR SparkContext: Error initializing SparkContext.
[2026-06-03T13:34:21.078+0000] {spark_submit.py:634} INFO - org.apache.spark.SparkException: Could not parse Master URL: 'spark-master:7077'
[2026-06-03T13:34:21.079+0000] {spark_submit.py:634} INFO - at org.apache.spark.SparkContext$.org$apache$spark$SparkContext$$createTaskScheduler(SparkContext.scala:3194)
[2026-06-03T13:34:21.079+0000] {spark_submit.py:634} INFO - at org.apache.spark.SparkContext.<init>(SparkContext.scala:577)
[2026-06-03T13:34:21.079+0000] {spark_submit.py:634} INFO - at org.apache.spark.api.java.JavaSparkContext.<init>(JavaSparkContext.scala:58)
[2026-06-03T13:34:21.080+0000] {spark_submit.py:634} INFO - at java.base/jdk.internal.reflect.NativeConstructorAccessorImpl.newInstance0(Native Method)
[2026-06-03T13:34:21.080+0000] {spark_submit.py:634} INFO - at java.base/jdk.internal.reflect.NativeConstructorAccessorImpl.newInstance(NativeConstructorAccessorImpl.java:77)
[2026-06-03T13:34:21.080+0000] {spark_submit.py:634} INFO - at java.base/jdk.internal.reflect.DelegatingConstructorAccessorImpl.newInstance(DelegatingConstructorAccessorImpl.java:45)
[2026-06-03T13:34:21.080+0000] {spark_submit.py:634} INFO - at java.base/java.lang.reflect.Constructor.newInstanceWithCaller(Constructor.java:500)
[2026-06-03T13:34:21.081+0000] {spark_submit.py:634} INFO - at java.base/java.lang.reflect.Constructor.newInstance(Constructor.java:481)
[2026-06-03T13:34:21.081+0000] {spark_submit.py:634} INFO - at py4j.reflection.MethodInvoker.invoke(MethodInvoker.java:247)
[2026-06-03T13:34:21.081+0000] {spark_submit.py:634} INFO - at py4j.reflection.ReflectionEngine.invoke(ReflectionEngine.java:374)
[2026-06-03T13:34:21.081+0000] {spark_submit.py:634} INFO - at py4j.Gateway.invoke(Gateway.java:238)
[2026-06-03T13:34:21.081+0000] {spark_submit.py:634} INFO - at py4j.commands.ConstructorCommand.invokeConstructor(ConstructorCommand.java:80)
[2026-06-03T13:34:21.082+0000] {spark_submit.py:634} INFO - at py4j.commands.ConstructorCommand.execute(ConstructorCommand.java:69)
[2026-06-03T13:34:21.082+0000] {spark_submit.py:634} INFO - at py4j.ClientServerConnection.waitForCommands(ClientServerConnection.java:182)
[2026-06-03T13:34:21.082+0000] {spark_submit.py:634} INFO - at py4j.ClientServerConnection.run(ClientServerConnection.java:106)
[2026-06-03T13:34:21.082+0000] {spark_submit.py:634} INFO - at java.base/java.lang.Thread.run(Thread.java:840)
[2026-06-03T13:34:21.083+0000] {spark_submit.py:634} INFO - 26/06/03 13:34:21 INFO SparkContext: SparkContext is stopping with exitCode 0.
[2026-06-03T13:34:21.094+0000] {spark_submit.py:634} INFO - 26/06/03 13:34:21 INFO SparkUI: Stopped Spark web UI at http://195f259f8b67:4040
[2026-06-03T13:34:21.127+0000] {spark_submit.py:634} INFO - 26/06/03 13:34:21 INFO MapOutputTrackerMasterEndpoint: MapOutputTrackerMasterEndpoint stopped!
[2026-06-03T13:34:21.150+0000] {spark_submit.py:634} INFO - 26/06/03 13:34:21 INFO MemoryStore: MemoryStore cleared
[2026-06-03T13:34:21.151+0000] {spark_submit.py:634} INFO - 26/06/03 13:34:21 INFO BlockManager: BlockManager stopped
[2026-06-03T13:34:21.162+0000] {spark_submit.py:634} INFO - 26/06/03 13:34:21 INFO BlockManagerMaster: BlockManagerMaster stopped
[2026-06-03T13:34:21.163+0000] {spark_submit.py:634} INFO - 26/06/03 13:34:21 WARN MetricsSystem: Stopping a MetricsSystem that is not running
[2026-06-03T13:34:21.167+0000] {spark_submit.py:634} INFO - 26/06/03 13:34:21 INFO OutputCommitCoordinator$OutputCommitCoordinatorEndpoint: OutputCommitCoordinator stopped!
[2026-06-03T13:34:21.180+0000] {spark_submit.py:634} INFO - 26/06/03 13:34:21 INFO SparkContext: Successfully stopped SparkContext
[2026-06-03T13:34:21.181+0000] {spark_submit.py:634} INFO - Traceback (most recent call last):
[2026-06-03T13:34:21.181+0000] {spark_submit.py:634} INFO - File "/workspace/resources/train_model_lakehouse.py", line 127, in <module>
[2026-06-03T13:34:21.182+0000] {spark_submit.py:634} INFO - main()
[2026-06-03T13:34:21.182+0000] {spark_submit.py:634} INFO - File "/workspace/resources/train_model_lakehouse.py", line 40, in main
[2026-06-03T13:34:21.182+0000] {spark_submit.py:634} INFO - spark = build_spark()
[2026-06-03T13:34:21.183+0000] {spark_submit.py:634} INFO - ^^^^^^^^^^^^^
[2026-06-03T13:34:21.183+0000] {spark_submit.py:634} INFO - File "/workspace/resources/train_model_lakehouse.py", line 32, in build_spark
[2026-06-03T13:34:21.183+0000] {spark_submit.py:634} INFO - .getOrCreate()
[2026-06-03T13:34:21.183+0000] {spark_submit.py:634} INFO - ^^^^^^^^^^^^^
[2026-06-03T13:34:21.183+0000] {spark_submit.py:634} INFO - File "/home/***/.local/lib/python3.11/site-packages/pyspark/python/lib/pyspark.zip/pyspark/sql/session.py", line 497, in getOrCreate
[2026-06-03T13:34:21.184+0000] {spark_submit.py:634} INFO - File "/home/***/.local/lib/python3.11/site-packages/pyspark/python/lib/pyspark.zip/pyspark/context.py", line 515, in getOrCreate
[2026-06-03T13:34:21.184+0000] {spark_submit.py:634} INFO - File "/home/***/.local/lib/python3.11/site-packages/pyspark/python/lib/pyspark.zip/pyspark/context.py", line 203, in __init__
[2026-06-03T13:34:21.184+0000] {spark_submit.py:634} INFO - File "/home/***/.local/lib/python3.11/site-packages/pyspark/python/lib/pyspark.zip/pyspark/context.py", line 296, in _do_init
[2026-06-03T13:34:21.185+0000] {spark_submit.py:634} INFO - File "/home/***/.local/lib/python3.11/site-packages/pyspark/python/lib/pyspark.zip/pyspark/context.py", line 421, in _initialize_context
[2026-06-03T13:34:21.185+0000] {spark_submit.py:634} INFO - File "/home/***/.local/lib/python3.11/site-packages/pyspark/python/lib/py4j-0.10.9.7-src.zip/py4j/java_gateway.py", line 1587, in __call__
[2026-06-03T13:34:21.186+0000] {spark_submit.py:634} INFO - File "/home/***/.local/lib/python3.11/site-packages/pyspark/python/lib/py4j-0.10.9.7-src.zip/py4j/protocol.py", line 326, in get_return_value
[2026-06-03T13:34:21.186+0000] {spark_submit.py:634} INFO - py4j.protocol.Py4JJavaError: An error occurred while calling None.org.apache.spark.api.java.JavaSparkContext.
[2026-06-03T13:34:21.187+0000] {spark_submit.py:634} INFO - : org.apache.spark.SparkException: Could not parse Master URL: 'spark-master:7077'
[2026-06-03T13:34:21.187+0000] {spark_submit.py:634} INFO - at org.apache.spark.SparkContext$.org$apache$spark$SparkContext$$createTaskScheduler(SparkContext.scala:3194)
[2026-06-03T13:34:21.187+0000] {spark_submit.py:634} INFO - at org.apache.spark.SparkContext.<init>(SparkContext.scala:577)
[2026-06-03T13:34:21.187+0000] {spark_submit.py:634} INFO - at org.apache.spark.api.java.JavaSparkContext.<init>(JavaSparkContext.scala:58)
[2026-06-03T13:34:21.188+0000] {spark_submit.py:634} INFO - at java.base/jdk.internal.reflect.NativeConstructorAccessorImpl.newInstance0(Native Method)
[2026-06-03T13:34:21.188+0000] {spark_submit.py:634} INFO - at java.base/jdk.internal.reflect.NativeConstructorAccessorImpl.newInstance(NativeConstructorAccessorImpl.java:77)
[2026-06-03T13:34:21.188+0000] {spark_submit.py:634} INFO - at java.base/jdk.internal.reflect.DelegatingConstructorAccessorImpl.newInstance(DelegatingConstructorAccessorImpl.java:45)
[2026-06-03T13:34:21.188+0000] {spark_submit.py:634} INFO - at java.base/java.lang.reflect.Constructor.newInstanceWithCaller(Constructor.java:500)
[2026-06-03T13:34:21.189+0000] {spark_submit.py:634} INFO - at java.base/java.lang.reflect.Constructor.newInstance(Constructor.java:481)
[2026-06-03T13:34:21.189+0000] {spark_submit.py:634} INFO - at py4j.reflection.MethodInvoker.invoke(MethodInvoker.java:247)
[2026-06-03T13:34:21.189+0000] {spark_submit.py:634} INFO - at py4j.reflection.ReflectionEngine.invoke(ReflectionEngine.java:374)
[2026-06-03T13:34:21.189+0000] {spark_submit.py:634} INFO - at py4j.Gateway.invoke(Gateway.java:238)
[2026-06-03T13:34:21.189+0000] {spark_submit.py:634} INFO - at py4j.commands.ConstructorCommand.invokeConstructor(ConstructorCommand.java:80)
[2026-06-03T13:34:21.190+0000] {spark_submit.py:634} INFO - at py4j.commands.ConstructorCommand.execute(ConstructorCommand.java:69)
[2026-06-03T13:34:21.190+0000] {spark_submit.py:634} INFO - at py4j.ClientServerConnection.waitForCommands(ClientServerConnection.java:182)
[2026-06-03T13:34:21.190+0000] {spark_submit.py:634} INFO - at py4j.ClientServerConnection.run(ClientServerConnection.java:106)
[2026-06-03T13:34:21.190+0000] {spark_submit.py:634} INFO - at java.base/java.lang.Thread.run(Thread.java:840)
[2026-06-03T13:34:21.190+0000] {spark_submit.py:634} INFO - 
[2026-06-03T13:34:21.608+0000] {spark_submit.py:634} INFO - 26/06/03 13:34:21 INFO ShutdownHookManager: Shutdown hook called
[2026-06-03T13:34:21.609+0000] {spark_submit.py:634} INFO - 26/06/03 13:34:21 INFO ShutdownHookManager: Deleting directory /tmp/spark-afcbff37-d1ca-427a-b420-3500fe6d645d
[2026-06-03T13:34:21.617+0000] {spark_submit.py:634} INFO - 26/06/03 13:34:21 INFO ShutdownHookManager: Deleting directory /tmp/spark-c95c3b0f-c4b2-49b6-bfa9-2b09a683b494
[2026-06-03T13:34:21.712+0000] {taskinstance.py:3311} ERROR - Task failed with exception
Traceback (most recent call last):
  File "/home/airflow/.local/lib/python3.11/site-packages/airflow/models/taskinstance.py", line 767, in _execute_task
    result = _execute_callable(context=context, **execute_callable_kwargs)
             ^^^^^^^^^^^^^^^^^^^^^^^^^^^^^^^^^^^^^^^^^^^^^^^^^^^^^^^^^^^^^
  File "/home/airflow/.local/lib/python3.11/site-packages/airflow/models/taskinstance.py", line 733, in _execute_callable
    return ExecutionCallableRunner(
           ^^^^^^^^^^^^^^^^^^^^^^^^
  File "/home/airflow/.local/lib/python3.11/site-packages/airflow/utils/operator_helpers.py", line 252, in run
    return self.func(*args, **kwargs)
           ^^^^^^^^^^^^^^^^^^^^^^^^^^
  File "/home/airflow/.local/lib/python3.11/site-packages/airflow/models/baseoperator.py", line 422, in wrapper
    return func(self, *args, **kwargs)
           ^^^^^^^^^^^^^^^^^^^^^^^^^^^
  File "/home/airflow/.local/lib/python3.11/site-packages/airflow/providers/apache/spark/operators/spark_submit.py", line 176, in execute
    self._hook.submit(self.application)
  File "/home/airflow/.local/lib/python3.11/site-packages/airflow/providers/apache/spark/hooks/spark_submit.py", line 560, in submit
    raise AirflowException(
airflow.exceptions.AirflowException: Cannot execute: spark-submit --master spark-master:7077 --conf spark.sql.extensions=org.apache.iceberg.spark.extensions.IcebergSparkSessionExtensions --conf spark.sql.catalog.lakehouse=org.apache.iceberg.spark.SparkCatalog --conf spark.sql.catalog.lakehouse.type=rest --conf spark.sql.catalog.lakehouse.uri=http://iceberg-rest:8181 --conf spark.sql.catalog.lakehouse.warehouse=s3://warehouse/ --conf spark.sql.catalog.lakehouse.io-impl=org.apache.iceberg.aws.s3.S3FileIO --conf spark.sql.catalog.lakehouse.client.region=eu-south-2 --conf spark.sql.catalog.lakehouse.s3.endpoint=http://minio:9000 --conf spark.sql.catalog.lakehouse.s3.access-key-id=admin --conf spark.sql.catalog.lakehouse.s3.secret-access-key=****** --conf spark.sql.catalog.lakehouse.s3.path-style-access=true --conf spark.sql.defaultCatalog=lakehouse --conf spark.hadoop.fs.s3a.endpoint=http://minio:9000 --conf spark.hadoop.fs.s3a.access.key=admin --conf spark.hadoop.fs.s3a.secret.key=****** --conf spark.hadoop.fs.s3a.path.style.access=true --conf spark.hadoop.fs.s3a.connection.ssl.enabled=false --name arrow-spark --verbose --deploy-mode client /workspace/resources/train_model_lakehouse.py --model-base s3a://warehouse/artifacts/models. Error code is: 1.
[2026-06-03T13:34:21.721+0000] {taskinstance.py:1225} INFO - Marking task as FAILED. dag_id=train_model_lakehouse, task_id=train_model, run_id=manual__2026-06-03T13:34:06.377001+00:00, execution_date=20260603T133406, start_date=20260603T133408, end_date=20260603T133421
[2026-06-03T13:34:21.740+0000] {taskinstance.py:340} INFO - ::group::Post task execution logs
[2026-06-03T13:34:21.740+0000] {standard_task_runner.py:124} ERROR - Failed to execute job 19 for task train_model (Cannot execute: spark-submit --master spark-master:7077 --conf spark.sql.extensions=org.apache.iceberg.spark.extensions.IcebergSparkSessionExtensions --conf spark.sql.catalog.lakehouse=org.apache.iceberg.spark.SparkCatalog --conf spark.sql.catalog.lakehouse.type=rest --conf spark.sql.catalog.lakehouse.uri=http://iceberg-rest:8181 --conf spark.sql.catalog.lakehouse.warehouse=s3://warehouse/ --conf spark.sql.catalog.lakehouse.io-impl=org.apache.iceberg.aws.s3.S3FileIO --conf spark.sql.catalog.lakehouse.client.region=eu-south-2 --conf spark.sql.catalog.lakehouse.s3.endpoint=http://minio:9000 --conf spark.sql.catalog.lakehouse.s3.access-key-id=admin --conf spark.sql.catalog.lakehouse.s3.secret-access-key=****** --conf spark.sql.catalog.lakehouse.s3.path-style-access=true --conf spark.sql.defaultCatalog=lakehouse --conf spark.hadoop.fs.s3a.endpoint=http://minio:9000 --conf spark.hadoop.fs.s3a.access.key=admin --conf spark.hadoop.fs.s3a.secret.key=****** --conf spark.hadoop.fs.s3a.path.style.access=true --conf spark.hadoop.fs.s3a.connection.ssl.enabled=false --name arrow-spark --verbose --deploy-mode client /workspace/resources/train_model_lakehouse.py --model-base s3a://warehouse/artifacts/models. Error code is: 1.; 177)
Traceback (most recent call last):
  File "/home/airflow/.local/lib/python3.11/site-packages/airflow/task/task_runner/standard_task_runner.py", line 117, in _start_by_fork
    ret = args.func(args, dag=self.dag)
          ^^^^^^^^^^^^^^^^^^^^^^^^^^^^^
  File "/home/airflow/.local/lib/python3.11/site-packages/airflow/cli/cli_config.py", line 49, in command
    return func(*args, **kwargs)
           ^^^^^^^^^^^^^^^^^^^^^
  File "/home/airflow/.local/lib/python3.11/site-packages/airflow/utils/cli.py", line 116, in wrapper
    return f(*args, **kwargs)
           ^^^^^^^^^^^^^^^^^^
  File "/home/airflow/.local/lib/python3.11/site-packages/airflow/cli/commands/task_command.py", line 483, in task_run
    task_return_code = _run_task_by_selected_method(args, _dag, ti)
                       ^^^^^^^^^^^^^^^^^^^^^^^^^^^^^^^^^^^^^^^^^^^^
  File "/home/airflow/.local/lib/python3.11/site-packages/airflow/cli/commands/task_command.py", line 256, in _run_task_by_selected_method
    return _run_raw_task(args, ti)
           ^^^^^^^^^^^^^^^^^^^^^^^
  File "/home/airflow/.local/lib/python3.11/site-packages/airflow/cli/commands/task_command.py", line 341, in _run_raw_task
    return ti._run_raw_task(
           ^^^^^^^^^^^^^^^^^
  File "/home/airflow/.local/lib/python3.11/site-packages/airflow/utils/session.py", line 97, in wrapper
    return func(*args, session=session, **kwargs)
           ^^^^^^^^^^^^^^^^^^^^^^^^^^^^^^^^^^^^^^
  File "/home/airflow/.local/lib/python3.11/site-packages/airflow/models/taskinstance.py", line 3005, in _run_raw_task
    return _run_raw_task(
           ^^^^^^^^^^^^^^
  File "/home/airflow/.local/lib/python3.11/site-packages/airflow/models/taskinstance.py", line 273, in _run_raw_task
    TaskInstance._execute_task_with_callbacks(
  File "/home/airflow/.local/lib/python3.11/site-packages/airflow/models/taskinstance.py", line 3159, in _execute_task_with_callbacks
    result = self._execute_task(context, task_orig)
             ^^^^^^^^^^^^^^^^^^^^^^^^^^^^^^^^^^^^^^
  File "/home/airflow/.local/lib/python3.11/site-packages/airflow/models/taskinstance.py", line 3183, in _execute_task
    return _execute_task(self, context, task_orig)
           ^^^^^^^^^^^^^^^^^^^^^^^^^^^^^^^^^^^^^^^
  File "/home/airflow/.local/lib/python3.11/site-packages/airflow/models/taskinstance.py", line 767, in _execute_task
    result = _execute_callable(context=context, **execute_callable_kwargs)
             ^^^^^^^^^^^^^^^^^^^^^^^^^^^^^^^^^^^^^^^^^^^^^^^^^^^^^^^^^^^^^
  File "/home/airflow/.local/lib/python3.11/site-packages/airflow/models/taskinstance.py", line 733, in _execute_callable
    return ExecutionCallableRunner(
           ^^^^^^^^^^^^^^^^^^^^^^^^
  File "/home/airflow/.local/lib/python3.11/site-packages/airflow/utils/operator_helpers.py", line 252, in run
    return self.func(*args, **kwargs)
           ^^^^^^^^^^^^^^^^^^^^^^^^^^
  File "/home/airflow/.local/lib/python3.11/site-packages/airflow/models/baseoperator.py", line 422, in wrapper
    return func(self, *args, **kwargs)
           ^^^^^^^^^^^^^^^^^^^^^^^^^^^
  File "/home/airflow/.local/lib/python3.11/site-packages/airflow/providers/apache/spark/operators/spark_submit.py", line 176, in execute
    self._hook.submit(self.application)
  File "/home/airflow/.local/lib/python3.11/site-packages/airflow/providers/apache/spark/hooks/spark_submit.py", line 560, in submit
    raise AirflowException(
airflow.exceptions.AirflowException: Cannot execute: spark-submit --master spark-master:7077 --conf spark.sql.extensions=org.apache.iceberg.spark.extensions.IcebergSparkSessionExtensions --conf spark.sql.catalog.lakehouse=org.apache.iceberg.spark.SparkCatalog --conf spark.sql.catalog.lakehouse.type=rest --conf spark.sql.catalog.lakehouse.uri=http://iceberg-rest:8181 --conf spark.sql.catalog.lakehouse.warehouse=s3://warehouse/ --conf spark.sql.catalog.lakehouse.io-impl=org.apache.iceberg.aws.s3.S3FileIO --conf spark.sql.catalog.lakehouse.client.region=eu-south-2 --conf spark.sql.catalog.lakehouse.s3.endpoint=http://minio:9000 --conf spark.sql.catalog.lakehouse.s3.access-key-id=admin --conf spark.sql.catalog.lakehouse.s3.secret-access-key=****** --conf spark.sql.catalog.lakehouse.s3.path-style-access=true --conf spark.sql.defaultCatalog=lakehouse --conf spark.hadoop.fs.s3a.endpoint=http://minio:9000 --conf spark.hadoop.fs.s3a.access.key=admin --conf spark.hadoop.fs.s3a.secret.key=****** --conf spark.hadoop.fs.s3a.path.style.access=true --conf spark.hadoop.fs.s3a.connection.ssl.enabled=false --name arrow-spark --verbose --deploy-mode client /workspace/resources/train_model_lakehouse.py --model-base s3a://warehouse/artifacts/models. Error code is: 1.
[2026-06-03T13:34:21.775+0000] {local_task_job_runner.py:266} INFO - Task exited with return code 1
[2026-06-03T13:34:21.807+0000] {taskinstance.py:3895} INFO - 0 downstream tasks scheduled from follow-on schedule check
[2026-06-03T13:34:21.809+0000] {local_task_job_runner.py:245} INFO - ::endgroup::
