[2026-06-03T17:01:55.492+0000] {local_task_job_runner.py:123} INFO - ::group::Pre task execution logs
[2026-06-03T17:01:55.517+0000] {taskinstance.py:2613} INFO - Dependencies all met for dep_context=non-requeueable deps ti=<TaskInstance: train_model_lakehouse.train_model manual__2026-06-03T17:01:54.421859+00:00 [queued]>
[2026-06-03T17:01:55.525+0000] {taskinstance.py:2613} INFO - Dependencies all met for dep_context=requeueable deps ti=<TaskInstance: train_model_lakehouse.train_model manual__2026-06-03T17:01:54.421859+00:00 [queued]>
[2026-06-03T17:01:55.526+0000] {taskinstance.py:2866} INFO - Starting attempt 1 of 1
[2026-06-03T17:01:55.539+0000] {taskinstance.py:2889} INFO - Executing <Task(SparkSubmitOperator): train_model> on 2026-06-03 17:01:54.421859+00:00
[2026-06-03T17:01:55.545+0000] {standard_task_runner.py:72} INFO - Started process 606 to run task
[2026-06-03T17:01:55.548+0000] {standard_task_runner.py:104} INFO - Running: ['***', 'tasks', 'run', 'train_model_lakehouse', 'train_model', 'manual__2026-06-03T17:01:54.421859+00:00', '--job-id', '4', '--raw', '--subdir', 'DAGS_FOLDER/train_model_lakehouse_dag.py', '--cfg-path', '/tmp/tmp0559cft1']
[2026-06-03T17:01:55.551+0000] {standard_task_runner.py:105} INFO - Job 4: Subtask train_model
[2026-06-03T17:01:55.615+0000] {task_command.py:467} INFO - Running <TaskInstance: train_model_lakehouse.train_model manual__2026-06-03T17:01:54.421859+00:00 [running]> on host c1f40ae5df0c
[2026-06-03T17:01:55.731+0000] {taskinstance.py:3132} INFO - Exporting env vars: AIRFLOW_CTX_DAG_OWNER='***' AIRFLOW_CTX_DAG_ID='train_model_lakehouse' AIRFLOW_CTX_TASK_ID='train_model' AIRFLOW_CTX_EXECUTION_DATE='2026-06-03T17:01:54.421859+00:00' AIRFLOW_CTX_TRY_NUMBER='1' AIRFLOW_CTX_DAG_RUN_ID='manual__2026-06-03T17:01:54.421859+00:00'
[2026-06-03T17:01:55.732+0000] {taskinstance.py:731} INFO - ::endgroup::
[2026-06-03T17:01:55.786+0000] {base.py:84} INFO - Retrieving connection 'spark_default'
[2026-06-03T17:01:55.790+0000] {spark_submit.py:473} INFO - Spark-Submit cmd: spark-submit --master spark://spark-master:7077 --conf spark.sql.extensions=org.apache.iceberg.spark.extensions.IcebergSparkSessionExtensions --conf spark.sql.catalog.lakehouse=org.apache.iceberg.spark.SparkCatalog --conf spark.sql.catalog.lakehouse.type=rest --conf spark.sql.catalog.lakehouse.uri=http://iceberg-rest:8181 --conf spark.sql.catalog.lakehouse.warehouse=s3://warehouse/ --conf spark.sql.catalog.lakehouse.io-impl=org.apache.iceberg.aws.s3.S3FileIO --conf spark.sql.catalog.lakehouse.client.region=eu-south-2 --conf spark.sql.defaultCatalog=lakehouse --conf spark.driver.memory=1g --conf spark.executor.memory=1g --conf spark.executor.cores=1 --conf spark.default.parallelism=2 --conf spark.sql.shuffle.partitions=4 --conf spark.network.timeout=600s --conf spark.executor.heartbeatInterval=60s --packages org.apache.iceberg:iceberg-spark-runtime-4.1_2.13:1.11.0,org.apache.iceberg:iceberg-aws-bundle:1.11.0,software.amazon.awssdk:bundle:2.29.52,software.amazon.awssdk:url-connection-client:2.29.52 --name arrow-spark --verbose --deploy-mode cluster /workspace/resources/train_model_lakehouse.py --model-base s3a://warehouse/artifacts/models
[2026-06-03T17:01:56.634+0000] {spark_submit.py:634} INFO - WARNING: Using incubator modules: jdk.incubator.vector
[2026-06-03T17:01:58.275+0000] {spark_submit.py:634} INFO - Parsed arguments:
[2026-06-03T17:01:58.276+0000] {spark_submit.py:634} INFO - master                  spark://spark-master:7077
[2026-06-03T17:01:58.276+0000] {spark_submit.py:634} INFO - remote                  null
[2026-06-03T17:01:58.276+0000] {spark_submit.py:634} INFO - deployMode              cluster
[2026-06-03T17:01:58.277+0000] {spark_submit.py:634} INFO - executorMemory          1g
[2026-06-03T17:01:58.277+0000] {spark_submit.py:634} INFO - executorCores           1
[2026-06-03T17:01:58.277+0000] {spark_submit.py:634} INFO - totalExecutorCores      null
[2026-06-03T17:01:58.277+0000] {spark_submit.py:634} INFO - propertiesFile          null
[2026-06-03T17:01:58.278+0000] {spark_submit.py:634} INFO - driverMemory            1g
[2026-06-03T17:01:58.278+0000] {spark_submit.py:634} INFO - driverCores             null
[2026-06-03T17:01:58.278+0000] {spark_submit.py:634} INFO - driverExtraClassPath    null
[2026-06-03T17:01:58.279+0000] {spark_submit.py:634} INFO - driverExtraLibraryPath  null
[2026-06-03T17:01:58.279+0000] {spark_submit.py:634} INFO - driverExtraJavaOptions  null
[2026-06-03T17:01:58.279+0000] {spark_submit.py:634} INFO - supervise               false
[2026-06-03T17:01:58.279+0000] {spark_submit.py:634} INFO - queue                   null
[2026-06-03T17:01:58.280+0000] {spark_submit.py:634} INFO - numExecutors            null
[2026-06-03T17:01:58.280+0000] {spark_submit.py:634} INFO - files                   null
[2026-06-03T17:01:58.280+0000] {spark_submit.py:634} INFO - pyFiles                 null
[2026-06-03T17:01:58.280+0000] {spark_submit.py:634} INFO - archives                null
[2026-06-03T17:01:58.281+0000] {spark_submit.py:634} INFO - mainClass               null
[2026-06-03T17:01:58.281+0000] {spark_submit.py:634} INFO - primaryResource         file:/workspace/resources/train_model_lakehouse.py
[2026-06-03T17:01:58.281+0000] {spark_submit.py:634} INFO - name                    arrow-spark
[2026-06-03T17:01:58.281+0000] {spark_submit.py:634} INFO - childArgs               [--model-base s3a://warehouse/artifacts/models]
[2026-06-03T17:01:58.281+0000] {spark_submit.py:634} INFO - jars                    null
[2026-06-03T17:01:58.282+0000] {spark_submit.py:634} INFO - packages                org.apache.iceberg:iceberg-spark-runtime-4.1_2.13:1.11.0,org.apache.iceberg:iceberg-aws-bundle:1.11.0,software.amazon.awssdk:bundle:2.29.52,software.amazon.awssdk:url-connection-client:2.29.52
[2026-06-03T17:01:58.282+0000] {spark_submit.py:634} INFO - packagesExclusions      null
[2026-06-03T17:01:58.282+0000] {spark_submit.py:634} INFO - repositories            null
[2026-06-03T17:01:58.282+0000] {spark_submit.py:634} INFO - verbose                 true
[2026-06-03T17:01:58.282+0000] {spark_submit.py:634} INFO - 
[2026-06-03T17:01:58.283+0000] {spark_submit.py:634} INFO - Spark properties used, including those specified through
[2026-06-03T17:01:58.283+0000] {spark_submit.py:634} INFO - --conf and those from the properties file null:
[2026-06-03T17:01:58.283+0000] {spark_submit.py:634} INFO - (spark.default.parallelism,2)
[2026-06-03T17:01:58.283+0000] {spark_submit.py:634} INFO - (spark.driver.memory,1g)
[2026-06-03T17:01:58.283+0000] {spark_submit.py:634} INFO - (spark.executor.cores,1)
[2026-06-03T17:01:58.283+0000] {spark_submit.py:634} INFO - (spark.executor.heartbeatInterval,60s)
[2026-06-03T17:01:58.284+0000] {spark_submit.py:634} INFO - (spark.executor.memory,1g)
[2026-06-03T17:01:58.284+0000] {spark_submit.py:634} INFO - (spark.network.timeout,600s)
[2026-06-03T17:01:58.284+0000] {spark_submit.py:634} INFO - (spark.sql.catalog.lakehouse,org.apache.iceberg.spark.SparkCatalog)
[2026-06-03T17:01:58.284+0000] {spark_submit.py:634} INFO - (spark.sql.catalog.lakehouse.client.region,eu-south-2)
[2026-06-03T17:01:58.284+0000] {spark_submit.py:634} INFO - (spark.sql.catalog.lakehouse.io-impl,org.apache.iceberg.aws.s3.S3FileIO)
[2026-06-03T17:01:58.284+0000] {spark_submit.py:634} INFO - (spark.sql.catalog.lakehouse.type,rest)
[2026-06-03T17:01:58.284+0000] {spark_submit.py:634} INFO - (spark.sql.catalog.lakehouse.uri,http://iceberg-rest:8181)
[2026-06-03T17:01:58.285+0000] {spark_submit.py:634} INFO - (spark.sql.catalog.lakehouse.warehouse,s3://warehouse/)
[2026-06-03T17:01:58.285+0000] {spark_submit.py:634} INFO - (spark.sql.defaultCatalog,lakehouse)
[2026-06-03T17:01:58.285+0000] {spark_submit.py:634} INFO - (spark.sql.extensions,org.apache.iceberg.spark.extensions.IcebergSparkSessionExtensions)
[2026-06-03T17:01:58.285+0000] {spark_submit.py:634} INFO - (spark.sql.shuffle.partitions,4)
[2026-06-03T17:01:58.285+0000] {spark_submit.py:634} INFO - 
[2026-06-03T17:01:58.285+0000] {spark_submit.py:634} INFO - 
[2026-06-03T17:01:58.285+0000] {spark_submit.py:634} INFO - Exception in thread "main" org.apache.spark.SparkException: Cluster deploy mode is currently not supported for python applications on standalone clusters.
[2026-06-03T17:01:58.286+0000] {spark_submit.py:634} INFO - at org.apache.spark.deploy.SparkSubmit.error(SparkSubmit.scala:1065)
[2026-06-03T17:01:58.286+0000] {spark_submit.py:634} INFO - at org.apache.spark.deploy.SparkSubmit.prepareSubmitEnvironment(SparkSubmit.scala:300)
[2026-06-03T17:01:58.286+0000] {spark_submit.py:634} INFO - at org.apache.spark.deploy.SparkSubmit.org$apache$spark$deploy$SparkSubmit$$runMain(SparkSubmit.scala:962)
[2026-06-03T17:01:58.286+0000] {spark_submit.py:634} INFO - at org.apache.spark.deploy.SparkSubmit.doRunMain$1(SparkSubmit.scala:203)
[2026-06-03T17:01:58.286+0000] {spark_submit.py:634} INFO - at org.apache.spark.deploy.SparkSubmit.submit(SparkSubmit.scala:226)
[2026-06-03T17:01:58.286+0000] {spark_submit.py:634} INFO - at org.apache.spark.deploy.SparkSubmit.doSubmit(SparkSubmit.scala:95)
[2026-06-03T17:01:58.286+0000] {spark_submit.py:634} INFO - at org.apache.spark.deploy.SparkSubmit$$anon$2.doSubmit(SparkSubmit.scala:1168)
[2026-06-03T17:01:58.286+0000] {spark_submit.py:634} INFO - at org.apache.spark.deploy.SparkSubmit$.main(SparkSubmit.scala:1177)
[2026-06-03T17:01:58.287+0000] {spark_submit.py:634} INFO - at org.apache.spark.deploy.SparkSubmit.main(SparkSubmit.scala)
[2026-06-03T17:01:58.323+0000] {taskinstance.py:3311} ERROR - Task failed with exception
Traceback (most recent call last):
  File "/home/airflow/.local/lib/python3.11/site-packages/airflow/models/taskinstance.py", line 767, in _execute_task
    result = _execute_callable(context=context, **execute_callable_kwargs)
             ^^^^^^^^^^^^^^^^^^^^^^^^^^^^^^^^^^^^^^^^^^^^^^^^^^^^^^^^^^^^^
  File "/home/airflow/.local/lib/python3.11/site-packages/airflow/models/taskinstance.py", line 733, in _execute_callable
    return ExecutionCallableRunner(
           ^^^^^^^^^^^^^^^^^^^^^^^^
  File "/home/airflow/.local/lib/python3.11/site-packages/airflow/utils/operator_helpers.py", line 252, in run
    return self.func(*args, **kwargs)
           ^^^^^^^^^^^^^^^^^^^^^^^^^^
  File "/home/airflow/.local/lib/python3.11/site-packages/airflow/models/baseoperator.py", line 422, in wrapper
    return func(self, *args, **kwargs)
           ^^^^^^^^^^^^^^^^^^^^^^^^^^^
  File "/home/airflow/.local/lib/python3.11/site-packages/airflow/providers/apache/spark/operators/spark_submit.py", line 176, in execute
    self._hook.submit(self.application)
  File "/home/airflow/.local/lib/python3.11/site-packages/airflow/providers/apache/spark/hooks/spark_submit.py", line 560, in submit
    raise AirflowException(
airflow.exceptions.AirflowException: Cannot execute: spark-submit --master spark://spark-master:7077 --conf spark.sql.extensions=org.apache.iceberg.spark.extensions.IcebergSparkSessionExtensions --conf spark.sql.catalog.lakehouse=org.apache.iceberg.spark.SparkCatalog --conf spark.sql.catalog.lakehouse.type=rest --conf spark.sql.catalog.lakehouse.uri=http://iceberg-rest:8181 --conf spark.sql.catalog.lakehouse.warehouse=s3://warehouse/ --conf spark.sql.catalog.lakehouse.io-impl=org.apache.iceberg.aws.s3.S3FileIO --conf spark.sql.catalog.lakehouse.client.region=eu-south-2 --conf spark.sql.defaultCatalog=lakehouse --conf spark.driver.memory=1g --conf spark.executor.memory=1g --conf spark.executor.cores=1 --conf spark.default.parallelism=2 --conf spark.sql.shuffle.partitions=4 --conf spark.network.timeout=600s --conf spark.executor.heartbeatInterval=60s --packages org.apache.iceberg:iceberg-spark-runtime-4.1_2.13:1.11.0,org.apache.iceberg:iceberg-aws-bundle:1.11.0,software.amazon.awssdk:bundle:2.29.52,software.amazon.awssdk:url-connection-client:2.29.52 --name arrow-spark --verbose --deploy-mode cluster /workspace/resources/train_model_lakehouse.py --model-base s3a://warehouse/artifacts/models. Error code is: 1.
[2026-06-03T17:01:58.329+0000] {taskinstance.py:1225} INFO - Marking task as FAILED. dag_id=train_model_lakehouse, task_id=train_model, run_id=manual__2026-06-03T17:01:54.421859+00:00, execution_date=20260603T170154, start_date=20260603T170155, end_date=20260603T170158
[2026-06-03T17:01:58.339+0000] {taskinstance.py:340} INFO - ::group::Post task execution logs
[2026-06-03T17:01:58.340+0000] {standard_task_runner.py:124} ERROR - Failed to execute job 4 for task train_model (Cannot execute: spark-submit --master spark://spark-master:7077 --conf spark.sql.extensions=org.apache.iceberg.spark.extensions.IcebergSparkSessionExtensions --conf spark.sql.catalog.lakehouse=org.apache.iceberg.spark.SparkCatalog --conf spark.sql.catalog.lakehouse.type=rest --conf spark.sql.catalog.lakehouse.uri=http://iceberg-rest:8181 --conf spark.sql.catalog.lakehouse.warehouse=s3://warehouse/ --conf spark.sql.catalog.lakehouse.io-impl=org.apache.iceberg.aws.s3.S3FileIO --conf spark.sql.catalog.lakehouse.client.region=eu-south-2 --conf spark.sql.defaultCatalog=lakehouse --conf spark.driver.memory=1g --conf spark.executor.memory=1g --conf spark.executor.cores=1 --conf spark.default.parallelism=2 --conf spark.sql.shuffle.partitions=4 --conf spark.network.timeout=600s --conf spark.executor.heartbeatInterval=60s --packages org.apache.iceberg:iceberg-spark-runtime-4.1_2.13:1.11.0,org.apache.iceberg:iceberg-aws-bundle:1.11.0,software.amazon.awssdk:bundle:2.29.52,software.amazon.awssdk:url-connection-client:2.29.52 --name arrow-spark --verbose --deploy-mode cluster /workspace/resources/train_model_lakehouse.py --model-base s3a://warehouse/artifacts/models. Error code is: 1.; 606)
Traceback (most recent call last):
  File "/home/airflow/.local/lib/python3.11/site-packages/airflow/task/task_runner/standard_task_runner.py", line 117, in _start_by_fork
    ret = args.func(args, dag=self.dag)
          ^^^^^^^^^^^^^^^^^^^^^^^^^^^^^
  File "/home/airflow/.local/lib/python3.11/site-packages/airflow/cli/cli_config.py", line 49, in command
    return func(*args, **kwargs)
           ^^^^^^^^^^^^^^^^^^^^^
  File "/home/airflow/.local/lib/python3.11/site-packages/airflow/utils/cli.py", line 116, in wrapper
    return f(*args, **kwargs)
           ^^^^^^^^^^^^^^^^^^
  File "/home/airflow/.local/lib/python3.11/site-packages/airflow/cli/commands/task_command.py", line 483, in task_run
    task_return_code = _run_task_by_selected_method(args, _dag, ti)
                       ^^^^^^^^^^^^^^^^^^^^^^^^^^^^^^^^^^^^^^^^^^^^
  File "/home/airflow/.local/lib/python3.11/site-packages/airflow/cli/commands/task_command.py", line 256, in _run_task_by_selected_method
    return _run_raw_task(args, ti)
           ^^^^^^^^^^^^^^^^^^^^^^^
  File "/home/airflow/.local/lib/python3.11/site-packages/airflow/cli/commands/task_command.py", line 341, in _run_raw_task
    return ti._run_raw_task(
           ^^^^^^^^^^^^^^^^^
  File "/home/airflow/.local/lib/python3.11/site-packages/airflow/utils/session.py", line 97, in wrapper
    return func(*args, session=session, **kwargs)
           ^^^^^^^^^^^^^^^^^^^^^^^^^^^^^^^^^^^^^^
  File "/home/airflow/.local/lib/python3.11/site-packages/airflow/models/taskinstance.py", line 3005, in _run_raw_task
    return _run_raw_task(
           ^^^^^^^^^^^^^^
  File "/home/airflow/.local/lib/python3.11/site-packages/airflow/models/taskinstance.py", line 273, in _run_raw_task
    TaskInstance._execute_task_with_callbacks(
  File "/home/airflow/.local/lib/python3.11/site-packages/airflow/models/taskinstance.py", line 3159, in _execute_task_with_callbacks
    result = self._execute_task(context, task_orig)
             ^^^^^^^^^^^^^^^^^^^^^^^^^^^^^^^^^^^^^^
  File "/home/airflow/.local/lib/python3.11/site-packages/airflow/models/taskinstance.py", line 3183, in _execute_task
    return _execute_task(self, context, task_orig)
           ^^^^^^^^^^^^^^^^^^^^^^^^^^^^^^^^^^^^^^^
  File "/home/airflow/.local/lib/python3.11/site-packages/airflow/models/taskinstance.py", line 767, in _execute_task
    result = _execute_callable(context=context, **execute_callable_kwargs)
             ^^^^^^^^^^^^^^^^^^^^^^^^^^^^^^^^^^^^^^^^^^^^^^^^^^^^^^^^^^^^^
  File "/home/airflow/.local/lib/python3.11/site-packages/airflow/models/taskinstance.py", line 733, in _execute_callable
    return ExecutionCallableRunner(
           ^^^^^^^^^^^^^^^^^^^^^^^^
  File "/home/airflow/.local/lib/python3.11/site-packages/airflow/utils/operator_helpers.py", line 252, in run
    return self.func(*args, **kwargs)
           ^^^^^^^^^^^^^^^^^^^^^^^^^^
  File "/home/airflow/.local/lib/python3.11/site-packages/airflow/models/baseoperator.py", line 422, in wrapper
    return func(self, *args, **kwargs)
           ^^^^^^^^^^^^^^^^^^^^^^^^^^^
  File "/home/airflow/.local/lib/python3.11/site-packages/airflow/providers/apache/spark/operators/spark_submit.py", line 176, in execute
    self._hook.submit(self.application)
  File "/home/airflow/.local/lib/python3.11/site-packages/airflow/providers/apache/spark/hooks/spark_submit.py", line 560, in submit
    raise AirflowException(
airflow.exceptions.AirflowException: Cannot execute: spark-submit --master spark://spark-master:7077 --conf spark.sql.extensions=org.apache.iceberg.spark.extensions.IcebergSparkSessionExtensions --conf spark.sql.catalog.lakehouse=org.apache.iceberg.spark.SparkCatalog --conf spark.sql.catalog.lakehouse.type=rest --conf spark.sql.catalog.lakehouse.uri=http://iceberg-rest:8181 --conf spark.sql.catalog.lakehouse.warehouse=s3://warehouse/ --conf spark.sql.catalog.lakehouse.io-impl=org.apache.iceberg.aws.s3.S3FileIO --conf spark.sql.catalog.lakehouse.client.region=eu-south-2 --conf spark.sql.defaultCatalog=lakehouse --conf spark.driver.memory=1g --conf spark.executor.memory=1g --conf spark.executor.cores=1 --conf spark.default.parallelism=2 --conf spark.sql.shuffle.partitions=4 --conf spark.network.timeout=600s --conf spark.executor.heartbeatInterval=60s --packages org.apache.iceberg:iceberg-spark-runtime-4.1_2.13:1.11.0,org.apache.iceberg:iceberg-aws-bundle:1.11.0,software.amazon.awssdk:bundle:2.29.52,software.amazon.awssdk:url-connection-client:2.29.52 --name arrow-spark --verbose --deploy-mode cluster /workspace/resources/train_model_lakehouse.py --model-base s3a://warehouse/artifacts/models. Error code is: 1.
[2026-06-03T17:01:58.369+0000] {local_task_job_runner.py:266} INFO - Task exited with return code 1
[2026-06-03T17:01:58.391+0000] {taskinstance.py:3895} INFO - 0 downstream tasks scheduled from follow-on schedule check
[2026-06-03T17:01:58.393+0000] {local_task_job_runner.py:245} INFO - ::endgroup::
