[2026-06-05T02:24:55.081+0000] {local_task_job_runner.py:123} INFO - ::group::Pre task execution logs
[2026-06-05T02:24:55.103+0000] {taskinstance.py:2613} INFO - Dependencies all met for dep_context=non-requeueable deps ti=<TaskInstance: train_model_lakehouse.train_model manual__2026-06-05T02:24:53.819094+00:00 [queued]>
[2026-06-05T02:24:55.112+0000] {taskinstance.py:2613} INFO - Dependencies all met for dep_context=requeueable deps ti=<TaskInstance: train_model_lakehouse.train_model manual__2026-06-05T02:24:53.819094+00:00 [queued]>
[2026-06-05T02:24:55.112+0000] {taskinstance.py:2866} INFO - Starting attempt 1 of 1
[2026-06-05T02:24:55.138+0000] {taskinstance.py:2889} INFO - Executing <Task(BashOperator): train_model> on 2026-06-05 02:24:53.819094+00:00
[2026-06-05T02:24:55.144+0000] {standard_task_runner.py:72} INFO - Started process 715 to run task
[2026-06-05T02:24:55.148+0000] {standard_task_runner.py:104} INFO - Running: ['***', 'tasks', 'run', 'train_model_lakehouse', 'train_model', 'manual__2026-06-05T02:24:53.819094+00:00', '--job-id', '8', '--raw', '--subdir', 'DAGS_FOLDER/train_model_lakehouse_dag.py', '--cfg-path', '/tmp/tmpo96pxj97']
[2026-06-05T02:24:55.150+0000] {standard_task_runner.py:105} INFO - Job 8: Subtask train_model
[2026-06-05T02:24:55.214+0000] {task_command.py:467} INFO - Running <TaskInstance: train_model_lakehouse.train_model manual__2026-06-05T02:24:53.819094+00:00 [running]> on host b3eb2d3b7c7f
[2026-06-05T02:24:55.321+0000] {taskinstance.py:3132} INFO - Exporting env vars: AIRFLOW_CTX_DAG_OWNER='***' AIRFLOW_CTX_DAG_ID='train_model_lakehouse' AIRFLOW_CTX_TASK_ID='train_model' AIRFLOW_CTX_EXECUTION_DATE='2026-06-05T02:24:53.819094+00:00' AIRFLOW_CTX_TRY_NUMBER='1' AIRFLOW_CTX_DAG_RUN_ID='manual__2026-06-05T02:24:53.819094+00:00'
[2026-06-05T02:24:55.322+0000] {taskinstance.py:731} INFO - ::endgroup::
[2026-06-05T02:24:55.343+0000] {subprocess.py:78} INFO - Tmp dir root location: /tmp
[2026-06-05T02:24:55.344+0000] {subprocess.py:88} INFO - Running command: ['/usr/bin/bash', '-c', '\n        set -e\n        spark-submit           --master spark://spark-master:7077           --deploy-mode client           --packages org.apache.iceberg:iceberg-spark-runtime-4.1_2.13:1.11.0,org.apache.iceberg:iceberg-aws-bundle:1.11.0,software.amazon.awssdk:bundle:2.29.52,software.amazon.awssdk:url-connection-client:2.29.52           --conf spark.sql.extensions=org.apache.iceberg.spark.extensions.IcebergSparkSessionExtensions           --conf spark.sql.catalog.lakehouse=org.apache.iceberg.spark.SparkCatalog           --conf spark.sql.catalog.lakehouse.type=rest           --conf spark.sql.catalog.lakehouse.uri=http://iceberg-rest:8181           --conf spark.sql.catalog.lakehouse.warehouse=s3://warehouse/           --conf spark.sql.catalog.lakehouse.io-impl=org.apache.iceberg.aws.s3.S3FileIO           --conf spark.sql.catalog.lakehouse.client.region=eu-south-2           --conf spark.sql.defaultCatalog=lakehouse           --conf spark.driver.memory=2g           --conf spark.executor.memory=2g           --conf spark.executor.cores=1           --conf spark.default.parallelism=2           --conf spark.sql.shuffle.partitions=4           --conf spark.network.timeout=600s           --conf spark.executor.heartbeatInterval=60s           /workspace/resources/train_model_lakehouse.py           --model-base s3a://warehouse/artifacts/models\n        ']
[2026-06-05T02:24:55.358+0000] {subprocess.py:99} INFO - Output:
[2026-06-05T02:24:56.042+0000] {subprocess.py:106} INFO - WARNING: Using incubator modules: jdk.incubator.vector
[2026-06-05T02:24:57.733+0000] {subprocess.py:106} INFO - :: loading settings :: url = jar:file:/opt/spark/jars/ivy-2.5.3.jar!/org/apache/ivy/core/settings/ivysettings.xml
[2026-06-05T02:24:57.828+0000] {subprocess.py:106} INFO - Ivy Default Cache set to: /home/***/.ivy2.5.2/cache
[2026-06-05T02:24:57.828+0000] {subprocess.py:106} INFO - The jars for the packages stored in: /home/***/.ivy2.5.2/jars
[2026-06-05T02:24:57.832+0000] {subprocess.py:106} INFO - org.apache.iceberg#iceberg-spark-runtime-4.1_2.13 added as a dependency
[2026-06-05T02:24:57.833+0000] {subprocess.py:106} INFO - org.apache.iceberg#iceberg-aws-bundle added as a dependency
[2026-06-05T02:24:57.833+0000] {subprocess.py:106} INFO - software.amazon.awssdk#bundle added as a dependency
[2026-06-05T02:24:57.833+0000] {subprocess.py:106} INFO - software.amazon.awssdk#url-connection-client added as a dependency
[2026-06-05T02:24:57.833+0000] {subprocess.py:106} INFO - :: resolving dependencies :: org.apache.spark#spark-submit-parent-35e88bb1-21a7-423d-a97e-27b2b9238460;1.0
[2026-06-05T02:24:57.834+0000] {subprocess.py:106} INFO - 	confs: [default]
[2026-06-05T02:24:58.439+0000] {subprocess.py:106} INFO - 	found org.apache.iceberg#iceberg-spark-runtime-4.1_2.13;1.11.0 in central
[2026-06-05T02:24:58.516+0000] {subprocess.py:106} INFO - 	found org.apache.iceberg#iceberg-aws-bundle;1.11.0 in central
[2026-06-05T02:25:00.234+0000] {subprocess.py:106} INFO - 	found software.amazon.awssdk#bundle;2.29.52 in central
[2026-06-05T02:25:01.212+0000] {subprocess.py:106} INFO - 	found software.amazon.awssdk#url-connection-client;2.29.52 in central
[2026-06-05T02:25:01.292+0000] {subprocess.py:106} INFO - 	found software.amazon.awssdk#utils;2.29.52 in central
[2026-06-05T02:25:01.352+0000] {subprocess.py:106} INFO - 	found org.reactivestreams#reactive-streams;1.0.4 in central
[2026-06-05T02:25:02.312+0000] {subprocess.py:106} INFO - 	found software.amazon.awssdk#annotations;2.29.52 in central
[2026-06-05T02:25:03.042+0000] {subprocess.py:106} INFO - 	found org.slf4j#slf4j-api;1.7.36 in central
[2026-06-05T02:25:03.108+0000] {subprocess.py:106} INFO - 	found software.amazon.awssdk#http-client-spi;2.29.52 in central
[2026-06-05T02:25:03.207+0000] {subprocess.py:106} INFO - 	found software.amazon.awssdk#metrics-spi;2.29.52 in central
[2026-06-05T02:25:03.241+0000] {subprocess.py:106} INFO - downloading https://repo1.maven.org/maven2/org/apache/iceberg/iceberg-spark-runtime-4.1_2.13/1.11.0/iceberg-spark-runtime-4.1_2.13-1.11.0.jar ...
[2026-06-05T02:25:09.785+0000] {subprocess.py:106} INFO - 	[SUCCESSFUL ] org.apache.iceberg#iceberg-spark-runtime-4.1_2.13;1.11.0!iceberg-spark-runtime-4.1_2.13.jar (6562ms)
[2026-06-05T02:25:09.807+0000] {subprocess.py:106} INFO - downloading https://repo1.maven.org/maven2/org/apache/iceberg/iceberg-aws-bundle/1.11.0/iceberg-aws-bundle-1.11.0.jar ...
[2026-06-05T02:25:18.770+0000] {subprocess.py:106} INFO - 	[SUCCESSFUL ] org.apache.iceberg#iceberg-aws-bundle;1.11.0!iceberg-aws-bundle.jar (8981ms)
[2026-06-05T02:25:18.793+0000] {subprocess.py:106} INFO - downloading https://repo1.maven.org/maven2/software/amazon/awssdk/bundle/2.29.52/bundle-2.29.52.jar ...
[2026-06-05T02:26:48.800+0000] {subprocess.py:106} INFO - 	[SUCCESSFUL ] software.amazon.awssdk#bundle;2.29.52!bundle.jar (90027ms)
[2026-06-05T02:26:48.853+0000] {subprocess.py:106} INFO - downloading https://repo1.maven.org/maven2/software/amazon/awssdk/url-connection-client/2.29.52/url-connection-client-2.29.52.jar ...
[2026-06-05T02:26:48.880+0000] {subprocess.py:106} INFO - 	[SUCCESSFUL ] software.amazon.awssdk#url-connection-client;2.29.52!url-connection-client.jar (79ms)
[2026-06-05T02:26:48.937+0000] {subprocess.py:106} INFO - downloading https://repo1.maven.org/maven2/software/amazon/awssdk/utils/2.29.52/utils-2.29.52.jar ...
[2026-06-05T02:26:48.994+0000] {subprocess.py:106} INFO - 	[SUCCESSFUL ] software.amazon.awssdk#utils;2.29.52!utils.jar (79ms)
[2026-06-05T02:26:49.048+0000] {subprocess.py:106} INFO - downloading https://repo1.maven.org/maven2/software/amazon/awssdk/annotations/2.29.52/annotations-2.29.52.jar ...
[2026-06-05T02:26:49.070+0000] {subprocess.py:106} INFO - 	[SUCCESSFUL ] software.amazon.awssdk#annotations;2.29.52!annotations.jar (42ms)
[2026-06-05T02:26:49.092+0000] {subprocess.py:106} INFO - downloading https://repo1.maven.org/maven2/software/amazon/awssdk/http-client-spi/2.29.52/http-client-spi-2.29.52.jar ...
[2026-06-05T02:26:49.123+0000] {subprocess.py:106} INFO - 	[SUCCESSFUL ] software.amazon.awssdk#http-client-spi;2.29.52!http-client-spi.jar (52ms)
[2026-06-05T02:26:49.144+0000] {subprocess.py:106} INFO - downloading https://repo1.maven.org/maven2/org/reactivestreams/reactive-streams/1.0.4/reactive-streams-1.0.4.jar ...
[2026-06-05T02:26:49.170+0000] {subprocess.py:106} INFO - 	[SUCCESSFUL ] org.reactivestreams#reactive-streams;1.0.4!reactive-streams.jar (45ms)
[2026-06-05T02:26:49.193+0000] {subprocess.py:106} INFO - downloading https://repo1.maven.org/maven2/org/slf4j/slf4j-api/1.7.36/slf4j-api-1.7.36.jar ...
[2026-06-05T02:26:49.220+0000] {subprocess.py:106} INFO - 	[SUCCESSFUL ] org.slf4j#slf4j-api;1.7.36!slf4j-api.jar (48ms)
[2026-06-05T02:26:49.240+0000] {subprocess.py:106} INFO - downloading https://repo1.maven.org/maven2/software/amazon/awssdk/metrics-spi/2.29.52/metrics-spi-2.29.52.jar ...
[2026-06-05T02:26:49.263+0000] {subprocess.py:106} INFO - 	[SUCCESSFUL ] software.amazon.awssdk#metrics-spi;2.29.52!metrics-spi.jar (42ms)
[2026-06-05T02:26:49.264+0000] {subprocess.py:106} INFO - :: resolution report :: resolve 5389ms :: artifacts dl 106042ms
[2026-06-05T02:26:49.265+0000] {subprocess.py:106} INFO - 	:: modules in use:
[2026-06-05T02:26:49.265+0000] {subprocess.py:106} INFO - 	org.apache.iceberg#iceberg-aws-bundle;1.11.0 from central in [default]
[2026-06-05T02:26:49.266+0000] {subprocess.py:106} INFO - 	org.apache.iceberg#iceberg-spark-runtime-4.1_2.13;1.11.0 from central in [default]
[2026-06-05T02:26:49.267+0000] {subprocess.py:106} INFO - 	org.reactivestreams#reactive-streams;1.0.4 from central in [default]
[2026-06-05T02:26:49.267+0000] {subprocess.py:106} INFO - 	org.slf4j#slf4j-api;1.7.36 from central in [default]
[2026-06-05T02:26:49.268+0000] {subprocess.py:106} INFO - 	software.amazon.awssdk#annotations;2.29.52 from central in [default]
[2026-06-05T02:26:49.269+0000] {subprocess.py:106} INFO - 	software.amazon.awssdk#bundle;2.29.52 from central in [default]
[2026-06-05T02:26:49.269+0000] {subprocess.py:106} INFO - 	software.amazon.awssdk#http-client-spi;2.29.52 from central in [default]
[2026-06-05T02:26:49.270+0000] {subprocess.py:106} INFO - 	software.amazon.awssdk#metrics-spi;2.29.52 from central in [default]
[2026-06-05T02:26:49.270+0000] {subprocess.py:106} INFO - 	software.amazon.awssdk#url-connection-client;2.29.52 from central in [default]
[2026-06-05T02:26:49.271+0000] {subprocess.py:106} INFO - 	software.amazon.awssdk#utils;2.29.52 from central in [default]
[2026-06-05T02:26:49.272+0000] {subprocess.py:106} INFO - 	---------------------------------------------------------------------
[2026-06-05T02:26:49.272+0000] {subprocess.py:106} INFO - 	|                  |            modules            ||   artifacts   |
[2026-06-05T02:26:49.273+0000] {subprocess.py:106} INFO - 	|       conf       | number| search|dwnlded|evicted|| number|dwnlded|
[2026-06-05T02:26:49.273+0000] {subprocess.py:106} INFO - 	---------------------------------------------------------------------
[2026-06-05T02:26:49.274+0000] {subprocess.py:106} INFO - 	|      default     |   10  |   10  |   10  |   0   ||   10  |   10  |
[2026-06-05T02:26:49.274+0000] {subprocess.py:106} INFO - 	---------------------------------------------------------------------
[2026-06-05T02:26:49.280+0000] {subprocess.py:106} INFO - :: retrieving :: org.apache.spark#spark-submit-parent-35e88bb1-21a7-423d-a97e-27b2b9238460
[2026-06-05T02:26:49.281+0000] {subprocess.py:106} INFO - 	confs: [default]
[2026-06-05T02:26:52.930+0000] {subprocess.py:106} INFO - 	10 artifacts copied, 0 already retrieved (735887kB/3650ms)
[2026-06-05T02:26:53.261+0000] {subprocess.py:106} INFO - 26/06/05 02:26:53 WARN NativeCodeLoader: Unable to load native-hadoop library for your platform... using builtin-java classes where applicable
