[2026-06-05T02:30:13.428+0000] {local_task_job_runner.py:123} INFO - ::group::Pre task execution logs
[2026-06-05T02:30:13.606+0000] {taskinstance.py:2613} INFO - Dependencies all met for dep_context=non-requeueable deps ti=<TaskInstance: train_model_lakehouse.train_model manual__2026-06-05T02:24:53.819094+00:00 [queued]>
[2026-06-05T02:30:13.647+0000] {taskinstance.py:2613} INFO - Dependencies all met for dep_context=requeueable deps ti=<TaskInstance: train_model_lakehouse.train_model manual__2026-06-05T02:24:53.819094+00:00 [queued]>
[2026-06-05T02:30:13.648+0000] {taskinstance.py:2866} INFO - Starting attempt 2 of 1
[2026-06-05T02:30:13.919+0000] {taskinstance.py:2889} INFO - Executing <Task(BashOperator): train_model> on 2026-06-05 02:24:53.819094+00:00
[2026-06-05T02:30:13.990+0000] {standard_task_runner.py:72} INFO - Started process 172 to run task
[2026-06-05T02:30:14.019+0000] {standard_task_runner.py:104} INFO - Running: ['***', 'tasks', 'run', 'train_model_lakehouse', 'train_model', 'manual__2026-06-05T02:24:53.819094+00:00', '--job-id', '42', '--raw', '--subdir', 'DAGS_FOLDER/train_model_lakehouse_dag.py', '--cfg-path', '/tmp/tmpqmec2vkw']
[2026-06-05T02:30:14.028+0000] {standard_task_runner.py:105} INFO - Job 42: Subtask train_model
[2026-06-05T02:30:14.531+0000] {task_command.py:467} INFO - Running <TaskInstance: train_model_lakehouse.train_model manual__2026-06-05T02:24:53.819094+00:00 [running]> on host b3eb2d3b7c7f
[2026-06-05T02:30:15.068+0000] {taskinstance.py:3132} INFO - Exporting env vars: AIRFLOW_CTX_DAG_OWNER='***' AIRFLOW_CTX_DAG_ID='train_model_lakehouse' AIRFLOW_CTX_TASK_ID='train_model' AIRFLOW_CTX_EXECUTION_DATE='2026-06-05T02:24:53.819094+00:00' AIRFLOW_CTX_TRY_NUMBER='2' AIRFLOW_CTX_DAG_RUN_ID='manual__2026-06-05T02:24:53.819094+00:00'
[2026-06-05T02:30:15.069+0000] {taskinstance.py:731} INFO - ::endgroup::
[2026-06-05T02:30:16.090+0000] {subprocess.py:78} INFO - Tmp dir root location: /tmp
[2026-06-05T02:30:16.091+0000] {subprocess.py:88} INFO - Running command: ['/usr/bin/bash', '-c', '\n        set -e\n        spark-submit           --master spark://spark-master:7077           --deploy-mode client           --packages org.apache.iceberg:iceberg-spark-runtime-4.1_2.13:1.11.0,org.apache.iceberg:iceberg-aws-bundle:1.11.0,software.amazon.awssdk:bundle:2.29.52,software.amazon.awssdk:url-connection-client:2.29.52           --conf spark.sql.extensions=org.apache.iceberg.spark.extensions.IcebergSparkSessionExtensions           --conf spark.sql.catalog.lakehouse=org.apache.iceberg.spark.SparkCatalog           --conf spark.sql.catalog.lakehouse.type=rest           --conf spark.sql.catalog.lakehouse.uri=http://iceberg-rest:8181           --conf spark.sql.catalog.lakehouse.warehouse=s3://warehouse/           --conf spark.sql.catalog.lakehouse.io-impl=org.apache.iceberg.aws.s3.S3FileIO           --conf spark.sql.catalog.lakehouse.client.region=eu-south-2           --conf spark.sql.defaultCatalog=lakehouse           --conf spark.driver.memory=2g           --conf spark.executor.memory=2g           --conf spark.executor.cores=1           --conf spark.default.parallelism=2           --conf spark.sql.shuffle.partitions=4           --conf spark.network.timeout=600s           --conf spark.executor.heartbeatInterval=60s           /workspace/resources/train_model_lakehouse.py           --model-base s3a://warehouse/artifacts/models\n        ']
[2026-06-05T02:30:16.122+0000] {subprocess.py:99} INFO - Output:
[2026-06-05T02:30:20.742+0000] {subprocess.py:106} INFO - WARNING: Using incubator modules: jdk.incubator.vector
[2026-06-05T02:30:32.531+0000] {subprocess.py:106} INFO - :: loading settings :: url = jar:file:/opt/spark/jars/ivy-2.5.3.jar!/org/apache/ivy/core/settings/ivysettings.xml
[2026-06-05T02:30:32.799+0000] {subprocess.py:106} INFO - Ivy Default Cache set to: /home/***/.ivy2.5.2/cache
[2026-06-05T02:30:32.801+0000] {subprocess.py:106} INFO - The jars for the packages stored in: /home/***/.ivy2.5.2/jars
[2026-06-05T02:30:32.813+0000] {subprocess.py:106} INFO - org.apache.iceberg#iceberg-spark-runtime-4.1_2.13 added as a dependency
[2026-06-05T02:30:32.815+0000] {subprocess.py:106} INFO - org.apache.iceberg#iceberg-aws-bundle added as a dependency
[2026-06-05T02:30:32.816+0000] {subprocess.py:106} INFO - software.amazon.awssdk#bundle added as a dependency
[2026-06-05T02:30:32.818+0000] {subprocess.py:106} INFO - software.amazon.awssdk#url-connection-client added as a dependency
[2026-06-05T02:30:32.820+0000] {subprocess.py:106} INFO - :: resolving dependencies :: org.apache.spark#spark-submit-parent-e8e623a7-1d86-492f-b1e0-596d7770895e;1.0
[2026-06-05T02:30:32.821+0000] {subprocess.py:106} INFO - 	confs: [default]
[2026-06-05T02:30:33.288+0000] {subprocess.py:106} INFO - 	found org.apache.iceberg#iceberg-spark-runtime-4.1_2.13;1.11.0 in central
[2026-06-05T02:30:33.414+0000] {subprocess.py:106} INFO - 	found org.apache.iceberg#iceberg-aws-bundle;1.11.0 in central
[2026-06-05T02:30:33.720+0000] {subprocess.py:106} INFO - 	found software.amazon.awssdk#bundle;2.29.52 in central
[2026-06-05T02:30:34.044+0000] {subprocess.py:106} INFO - 	found software.amazon.awssdk#url-connection-client;2.29.52 in central
[2026-06-05T02:30:34.250+0000] {subprocess.py:106} INFO - 	found software.amazon.awssdk#utils;2.29.52 in central
[2026-06-05T02:30:34.509+0000] {subprocess.py:106} INFO - 	found org.reactivestreams#reactive-streams;1.0.4 in central
[2026-06-05T02:30:34.665+0000] {subprocess.py:106} INFO - 	found software.amazon.awssdk#annotations;2.29.52 in central
[2026-06-05T02:30:34.779+0000] {subprocess.py:106} INFO - 	found org.slf4j#slf4j-api;1.7.36 in central
[2026-06-05T02:30:34.916+0000] {subprocess.py:106} INFO - 	found software.amazon.awssdk#http-client-spi;2.29.52 in central
[2026-06-05T02:30:35.070+0000] {subprocess.py:106} INFO - 	found software.amazon.awssdk#metrics-spi;2.29.52 in central
[2026-06-05T02:30:35.293+0000] {subprocess.py:106} INFO - :: resolution report :: resolve 2354ms :: artifacts dl 124ms
[2026-06-05T02:30:35.296+0000] {subprocess.py:106} INFO - 	:: modules in use:
[2026-06-05T02:30:35.301+0000] {subprocess.py:106} INFO - 	org.apache.iceberg#iceberg-aws-bundle;1.11.0 from central in [default]
[2026-06-05T02:30:35.302+0000] {subprocess.py:106} INFO - 	org.apache.iceberg#iceberg-spark-runtime-4.1_2.13;1.11.0 from central in [default]
[2026-06-05T02:30:35.305+0000] {subprocess.py:106} INFO - 	org.reactivestreams#reactive-streams;1.0.4 from central in [default]
[2026-06-05T02:30:35.309+0000] {subprocess.py:106} INFO - 	org.slf4j#slf4j-api;1.7.36 from central in [default]
[2026-06-05T02:30:35.311+0000] {subprocess.py:106} INFO - 	software.amazon.awssdk#annotations;2.29.52 from central in [default]
[2026-06-05T02:30:35.313+0000] {subprocess.py:106} INFO - 	software.amazon.awssdk#bundle;2.29.52 from central in [default]
[2026-06-05T02:30:35.316+0000] {subprocess.py:106} INFO - 	software.amazon.awssdk#http-client-spi;2.29.52 from central in [default]
[2026-06-05T02:30:35.320+0000] {subprocess.py:106} INFO - 	software.amazon.awssdk#metrics-spi;2.29.52 from central in [default]
[2026-06-05T02:30:35.325+0000] {subprocess.py:106} INFO - 	software.amazon.awssdk#url-connection-client;2.29.52 from central in [default]
[2026-06-05T02:30:35.327+0000] {subprocess.py:106} INFO - 	software.amazon.awssdk#utils;2.29.52 from central in [default]
[2026-06-05T02:30:35.328+0000] {subprocess.py:106} INFO - 	---------------------------------------------------------------------
[2026-06-05T02:30:35.330+0000] {subprocess.py:106} INFO - 	|                  |            modules            ||   artifacts   |
[2026-06-05T02:30:35.334+0000] {subprocess.py:106} INFO - 	|       conf       | number| search|dwnlded|evicted|| number|dwnlded|
[2026-06-05T02:30:35.337+0000] {subprocess.py:106} INFO - 	---------------------------------------------------------------------
[2026-06-05T02:30:35.342+0000] {subprocess.py:106} INFO - 	|      default     |   10  |   0   |   0   |   0   ||   10  |   0   |
[2026-06-05T02:30:35.345+0000] {subprocess.py:106} INFO - 	---------------------------------------------------------------------
[2026-06-05T02:30:35.369+0000] {subprocess.py:106} INFO - :: retrieving :: org.apache.spark#spark-submit-parent-e8e623a7-1d86-492f-b1e0-596d7770895e
[2026-06-05T02:30:35.370+0000] {subprocess.py:106} INFO - 	confs: [default]
[2026-06-05T02:30:35.435+0000] {subprocess.py:106} INFO - 	0 artifacts copied, 10 already retrieved (0kB/67ms)
[2026-06-05T02:30:36.781+0000] {subprocess.py:106} INFO - 26/06/05 02:30:36 WARN NativeCodeLoader: Unable to load native-hadoop library for your platform... using builtin-java classes where applicable
[2026-06-05T02:31:09.182+0000] {subprocess.py:106} INFO - Using Spark's default log4j profile: org/apache/spark/log4j2-defaults.properties
[2026-06-05T02:31:09.203+0000] {subprocess.py:106} INFO - 26/06/05 02:31:09 INFO SparkContext: Running Spark version 4.1.2
[2026-06-05T02:31:09.204+0000] {subprocess.py:106} INFO - 26/06/05 02:31:09 INFO SparkContext: OS info Linux, 6.17.0-35-generic, amd64
[2026-06-05T02:31:09.205+0000] {subprocess.py:106} INFO - 26/06/05 02:31:09 INFO SparkContext: Java version 17.0.19+10-1-deb12u2-Debian
[2026-06-05T02:31:09.250+0000] {subprocess.py:106} INFO - 26/06/05 02:31:09 INFO ResourceUtils: ==============================================================
[2026-06-05T02:31:09.250+0000] {subprocess.py:106} INFO - 26/06/05 02:31:09 INFO ResourceUtils: No custom resources configured for spark.driver.
[2026-06-05T02:31:09.250+0000] {subprocess.py:106} INFO - 26/06/05 02:31:09 INFO ResourceUtils: ==============================================================
[2026-06-05T02:31:09.251+0000] {subprocess.py:106} INFO - 26/06/05 02:31:09 INFO SparkContext: Submitted application: train_model_lakehouse
[2026-06-05T02:31:09.335+0000] {subprocess.py:106} INFO - 26/06/05 02:31:09 INFO SecurityManager: Changing view acls to: ***
[2026-06-05T02:31:09.336+0000] {subprocess.py:106} INFO - 26/06/05 02:31:09 INFO SecurityManager: Changing modify acls to: ***
[2026-06-05T02:31:09.336+0000] {subprocess.py:106} INFO - 26/06/05 02:31:09 INFO SecurityManager: Changing view acls groups to: ***
[2026-06-05T02:31:09.337+0000] {subprocess.py:106} INFO - 26/06/05 02:31:09 INFO SecurityManager: Changing modify acls groups to: ***
[2026-06-05T02:31:09.337+0000] {subprocess.py:106} INFO - 26/06/05 02:31:09 INFO SecurityManager: SecurityManager: authentication disabled; ui acls disabled; users with view permissions: *** groups with view permissions: EMPTY; users with modify permissions: ***; groups with modify permissions: EMPTY; RPC SSL disabled
[2026-06-05T02:31:09.717+0000] {subprocess.py:106} INFO - 26/06/05 02:31:09 INFO Utils: Successfully started service 'sparkDriver' on port 44765.
[2026-06-05T02:31:09.763+0000] {subprocess.py:106} INFO - 26/06/05 02:31:09 INFO SparkEnv: Registering MapOutputTracker
[2026-06-05T02:31:09.781+0000] {subprocess.py:106} INFO - 26/06/05 02:31:09 INFO SparkEnv: Registering BlockManagerMaster
[2026-06-05T02:31:09.808+0000] {subprocess.py:106} INFO - 26/06/05 02:31:09 INFO BlockManagerMasterEndpoint: Using org.apache.spark.storage.DefaultTopologyMapper for getting topology information
[2026-06-05T02:31:09.809+0000] {subprocess.py:106} INFO - 26/06/05 02:31:09 INFO BlockManagerMasterEndpoint: BlockManagerMasterEndpoint up
[2026-06-05T02:31:09.814+0000] {subprocess.py:106} INFO - 26/06/05 02:31:09 INFO SparkEnv: Registering BlockManagerMasterHeartbeat
[2026-06-05T02:31:09.850+0000] {subprocess.py:106} INFO - 26/06/05 02:31:09 INFO DiskBlockManager: Created local directory at /tmp/blockmgr-3af2661b-8103-4974-a21e-283182fccd1c
[2026-06-05T02:31:09.876+0000] {subprocess.py:106} INFO - 26/06/05 02:31:09 INFO SparkEnv: Registering OutputCommitCoordinator
[2026-06-05T02:31:11.692+0000] {subprocess.py:106} INFO - 26/06/05 02:31:11 INFO JettyUtils: Start Jetty 0.0.0.0:4040 for SparkUI
[2026-06-05T02:31:11.792+0000] {subprocess.py:106} INFO - 26/06/05 02:31:11 INFO Utils: Successfully started service 'SparkUI' on port 4040.
[2026-06-05T02:31:11.846+0000] {subprocess.py:106} INFO - 26/06/05 02:31:11 INFO SparkContext: Added JAR file:///home/***/.ivy2.5.2/jars/org.apache.iceberg_iceberg-spark-runtime-4.1_2.13-1.11.0.jar at spark://b3eb2d3b7c7f:44765/jars/org.apache.iceberg_iceberg-spark-runtime-4.1_2.13-1.11.0.jar with timestamp 1780626669169
[2026-06-05T02:31:11.847+0000] {subprocess.py:106} INFO - 26/06/05 02:31:11 INFO SparkContext: Added JAR file:///home/***/.ivy2.5.2/jars/org.apache.iceberg_iceberg-aws-bundle-1.11.0.jar at spark://b3eb2d3b7c7f:44765/jars/org.apache.iceberg_iceberg-aws-bundle-1.11.0.jar with timestamp 1780626669169
[2026-06-05T02:31:11.847+0000] {subprocess.py:106} INFO - 26/06/05 02:31:11 INFO SparkContext: Added JAR file:///home/***/.ivy2.5.2/jars/software.amazon.awssdk_bundle-2.29.52.jar at spark://b3eb2d3b7c7f:44765/jars/software.amazon.awssdk_bundle-2.29.52.jar with timestamp 1780626669169
[2026-06-05T02:31:11.847+0000] {subprocess.py:106} INFO - 26/06/05 02:31:11 INFO SparkContext: Added JAR file:///home/***/.ivy2.5.2/jars/software.amazon.awssdk_url-connection-client-2.29.52.jar at spark://b3eb2d3b7c7f:44765/jars/software.amazon.awssdk_url-connection-client-2.29.52.jar with timestamp 1780626669169
[2026-06-05T02:31:11.848+0000] {subprocess.py:106} INFO - 26/06/05 02:31:11 INFO SparkContext: Added JAR file:///home/***/.ivy2.5.2/jars/software.amazon.awssdk_utils-2.29.52.jar at spark://b3eb2d3b7c7f:44765/jars/software.amazon.awssdk_utils-2.29.52.jar with timestamp 1780626669169
[2026-06-05T02:31:11.848+0000] {subprocess.py:106} INFO - 26/06/05 02:31:11 INFO SparkContext: Added JAR file:///home/***/.ivy2.5.2/jars/software.amazon.awssdk_annotations-2.29.52.jar at spark://b3eb2d3b7c7f:44765/jars/software.amazon.awssdk_annotations-2.29.52.jar with timestamp 1780626669169
[2026-06-05T02:31:11.848+0000] {subprocess.py:106} INFO - 26/06/05 02:31:11 INFO SparkContext: Added JAR file:///home/***/.ivy2.5.2/jars/software.amazon.awssdk_http-client-spi-2.29.52.jar at spark://b3eb2d3b7c7f:44765/jars/software.amazon.awssdk_http-client-spi-2.29.52.jar with timestamp 1780626669169
[2026-06-05T02:31:11.848+0000] {subprocess.py:106} INFO - 26/06/05 02:31:11 INFO SparkContext: Added JAR file:///home/***/.ivy2.5.2/jars/org.reactivestreams_reactive-streams-1.0.4.jar at spark://b3eb2d3b7c7f:44765/jars/org.reactivestreams_reactive-streams-1.0.4.jar with timestamp 1780626669169
[2026-06-05T02:31:11.849+0000] {subprocess.py:106} INFO - 26/06/05 02:31:11 INFO SparkContext: Added JAR file:///home/***/.ivy2.5.2/jars/org.slf4j_slf4j-api-1.7.36.jar at spark://b3eb2d3b7c7f:44765/jars/org.slf4j_slf4j-api-1.7.36.jar with timestamp 1780626669169
[2026-06-05T02:31:11.849+0000] {subprocess.py:106} INFO - 26/06/05 02:31:11 INFO SparkContext: Added JAR file:///home/***/.ivy2.5.2/jars/software.amazon.awssdk_metrics-spi-2.29.52.jar at spark://b3eb2d3b7c7f:44765/jars/software.amazon.awssdk_metrics-spi-2.29.52.jar with timestamp 1780626669169
[2026-06-05T02:31:11.852+0000] {subprocess.py:106} INFO - 26/06/05 02:31:11 INFO SparkContext: Added file file:///home/***/.ivy2.5.2/jars/org.apache.iceberg_iceberg-spark-runtime-4.1_2.13-1.11.0.jar at spark://b3eb2d3b7c7f:44765/files/org.apache.iceberg_iceberg-spark-runtime-4.1_2.13-1.11.0.jar with timestamp 1780626669169
[2026-06-05T02:31:11.854+0000] {subprocess.py:106} INFO - 26/06/05 02:31:11 INFO Utils: Copying /home/***/.ivy2.5.2/jars/org.apache.iceberg_iceberg-spark-runtime-4.1_2.13-1.11.0.jar to /tmp/spark-ed9f808a-84f1-4055-9edc-0f80d133f40a/userFiles-edaf8d10-91c2-4367-adc9-f299cb7a449c/org.apache.iceberg_iceberg-spark-runtime-4.1_2.13-1.11.0.jar
[2026-06-05T02:31:12.328+0000] {subprocess.py:106} INFO - 26/06/05 02:31:12 INFO SparkContext: Added file file:///home/***/.ivy2.5.2/jars/org.apache.iceberg_iceberg-aws-bundle-1.11.0.jar at spark://b3eb2d3b7c7f:44765/files/org.apache.iceberg_iceberg-aws-bundle-1.11.0.jar with timestamp 1780626669169
[2026-06-05T02:31:12.329+0000] {subprocess.py:106} INFO - 26/06/05 02:31:12 INFO Utils: Copying /home/***/.ivy2.5.2/jars/org.apache.iceberg_iceberg-aws-bundle-1.11.0.jar to /tmp/spark-ed9f808a-84f1-4055-9edc-0f80d133f40a/userFiles-edaf8d10-91c2-4367-adc9-f299cb7a449c/org.apache.iceberg_iceberg-aws-bundle-1.11.0.jar
[2026-06-05T02:31:15.945+0000] {subprocess.py:106} INFO - 26/06/05 02:31:15 INFO SparkContext: Added file file:///home/***/.ivy2.5.2/jars/software.amazon.awssdk_bundle-2.29.52.jar at spark://b3eb2d3b7c7f:44765/files/software.amazon.awssdk_bundle-2.29.52.jar with timestamp 1780626669169
[2026-06-05T02:31:15.946+0000] {subprocess.py:106} INFO - 26/06/05 02:31:15 INFO Utils: Copying /home/***/.ivy2.5.2/jars/software.amazon.awssdk_bundle-2.29.52.jar to /tmp/spark-ed9f808a-84f1-4055-9edc-0f80d133f40a/userFiles-edaf8d10-91c2-4367-adc9-f299cb7a449c/software.amazon.awssdk_bundle-2.29.52.jar
[2026-06-05T02:31:23.324+0000] {subprocess.py:106} INFO - 26/06/05 02:31:23 INFO SparkContext: Added file file:///home/***/.ivy2.5.2/jars/software.amazon.awssdk_url-connection-client-2.29.52.jar at spark://b3eb2d3b7c7f:44765/files/software.amazon.awssdk_url-connection-client-2.29.52.jar with timestamp 1780626669169
[2026-06-05T02:31:23.325+0000] {subprocess.py:106} INFO - 26/06/05 02:31:23 INFO Utils: Copying /home/***/.ivy2.5.2/jars/software.amazon.awssdk_url-connection-client-2.29.52.jar to /tmp/spark-ed9f808a-84f1-4055-9edc-0f80d133f40a/userFiles-edaf8d10-91c2-4367-adc9-f299cb7a449c/software.amazon.awssdk_url-connection-client-2.29.52.jar
[2026-06-05T02:31:23.332+0000] {subprocess.py:106} INFO - 26/06/05 02:31:23 INFO SparkContext: Added file file:///home/***/.ivy2.5.2/jars/software.amazon.awssdk_utils-2.29.52.jar at spark://b3eb2d3b7c7f:44765/files/software.amazon.awssdk_utils-2.29.52.jar with timestamp 1780626669169
[2026-06-05T02:31:23.334+0000] {subprocess.py:106} INFO - 26/06/05 02:31:23 INFO Utils: Copying /home/***/.ivy2.5.2/jars/software.amazon.awssdk_utils-2.29.52.jar to /tmp/spark-ed9f808a-84f1-4055-9edc-0f80d133f40a/userFiles-edaf8d10-91c2-4367-adc9-f299cb7a449c/software.amazon.awssdk_utils-2.29.52.jar
[2026-06-05T02:31:23.341+0000] {subprocess.py:106} INFO - 26/06/05 02:31:23 INFO SparkContext: Added file file:///home/***/.ivy2.5.2/jars/software.amazon.awssdk_annotations-2.29.52.jar at spark://b3eb2d3b7c7f:44765/files/software.amazon.awssdk_annotations-2.29.52.jar with timestamp 1780626669169
[2026-06-05T02:31:23.342+0000] {subprocess.py:106} INFO - 26/06/05 02:31:23 INFO Utils: Copying /home/***/.ivy2.5.2/jars/software.amazon.awssdk_annotations-2.29.52.jar to /tmp/spark-ed9f808a-84f1-4055-9edc-0f80d133f40a/userFiles-edaf8d10-91c2-4367-adc9-f299cb7a449c/software.amazon.awssdk_annotations-2.29.52.jar
[2026-06-05T02:31:23.349+0000] {subprocess.py:106} INFO - 26/06/05 02:31:23 INFO SparkContext: Added file file:///home/***/.ivy2.5.2/jars/software.amazon.awssdk_http-client-spi-2.29.52.jar at spark://b3eb2d3b7c7f:44765/files/software.amazon.awssdk_http-client-spi-2.29.52.jar with timestamp 1780626669169
[2026-06-05T02:31:23.350+0000] {subprocess.py:106} INFO - 26/06/05 02:31:23 INFO Utils: Copying /home/***/.ivy2.5.2/jars/software.amazon.awssdk_http-client-spi-2.29.52.jar to /tmp/spark-ed9f808a-84f1-4055-9edc-0f80d133f40a/userFiles-edaf8d10-91c2-4367-adc9-f299cb7a449c/software.amazon.awssdk_http-client-spi-2.29.52.jar
[2026-06-05T02:31:23.356+0000] {subprocess.py:106} INFO - 26/06/05 02:31:23 INFO SparkContext: Added file file:///home/***/.ivy2.5.2/jars/org.reactivestreams_reactive-streams-1.0.4.jar at spark://b3eb2d3b7c7f:44765/files/org.reactivestreams_reactive-streams-1.0.4.jar with timestamp 1780626669169
[2026-06-05T02:31:23.357+0000] {subprocess.py:106} INFO - 26/06/05 02:31:23 INFO Utils: Copying /home/***/.ivy2.5.2/jars/org.reactivestreams_reactive-streams-1.0.4.jar to /tmp/spark-ed9f808a-84f1-4055-9edc-0f80d133f40a/userFiles-edaf8d10-91c2-4367-adc9-f299cb7a449c/org.reactivestreams_reactive-streams-1.0.4.jar
[2026-06-05T02:31:23.364+0000] {subprocess.py:106} INFO - 26/06/05 02:31:23 INFO SparkContext: Added file file:///home/***/.ivy2.5.2/jars/org.slf4j_slf4j-api-1.7.36.jar at spark://b3eb2d3b7c7f:44765/files/org.slf4j_slf4j-api-1.7.36.jar with timestamp 1780626669169
[2026-06-05T02:31:23.365+0000] {subprocess.py:106} INFO - 26/06/05 02:31:23 INFO Utils: Copying /home/***/.ivy2.5.2/jars/org.slf4j_slf4j-api-1.7.36.jar to /tmp/spark-ed9f808a-84f1-4055-9edc-0f80d133f40a/userFiles-edaf8d10-91c2-4367-adc9-f299cb7a449c/org.slf4j_slf4j-api-1.7.36.jar
[2026-06-05T02:31:23.374+0000] {subprocess.py:106} INFO - 26/06/05 02:31:23 INFO SparkContext: Added file file:///home/***/.ivy2.5.2/jars/software.amazon.awssdk_metrics-spi-2.29.52.jar at spark://b3eb2d3b7c7f:44765/files/software.amazon.awssdk_metrics-spi-2.29.52.jar with timestamp 1780626669169
[2026-06-05T02:31:23.375+0000] {subprocess.py:106} INFO - 26/06/05 02:31:23 INFO Utils: Copying /home/***/.ivy2.5.2/jars/software.amazon.awssdk_metrics-spi-2.29.52.jar to /tmp/spark-ed9f808a-84f1-4055-9edc-0f80d133f40a/userFiles-edaf8d10-91c2-4367-adc9-f299cb7a449c/software.amazon.awssdk_metrics-spi-2.29.52.jar
[2026-06-05T02:31:23.441+0000] {subprocess.py:106} INFO - 26/06/05 02:31:23 INFO ResourceProfile: Default ResourceProfile created, executor resources: Map(cores -> name: cores, amount: 1, script: , vendor: , memory -> name: memory, amount: 2048, script: , vendor: , offHeap -> name: offHeap, amount: 0, script: , vendor: ), task resources: Map(cpus -> name: cpus, amount: 1.0)
[2026-06-05T02:31:23.446+0000] {subprocess.py:106} INFO - 26/06/05 02:31:23 INFO ResourceProfile: Limiting resource is cpus at 1 tasks per executor
[2026-06-05T02:31:23.448+0000] {subprocess.py:106} INFO - 26/06/05 02:31:23 INFO ResourceProfileManager: Added ResourceProfile id: 0
[2026-06-05T02:31:23.464+0000] {subprocess.py:106} INFO - 26/06/05 02:31:23 INFO SecurityManager: Changing view acls to: ***
[2026-06-05T02:31:23.464+0000] {subprocess.py:106} INFO - 26/06/05 02:31:23 INFO SecurityManager: Changing modify acls to: ***
[2026-06-05T02:31:23.465+0000] {subprocess.py:106} INFO - 26/06/05 02:31:23 INFO SecurityManager: Changing view acls groups to: ***
[2026-06-05T02:31:23.465+0000] {subprocess.py:106} INFO - 26/06/05 02:31:23 INFO SecurityManager: Changing modify acls groups to: ***
[2026-06-05T02:31:23.465+0000] {subprocess.py:106} INFO - 26/06/05 02:31:23 INFO SecurityManager: SecurityManager: authentication disabled; ui acls disabled; users with view permissions: *** groups with view permissions: EMPTY; users with modify permissions: ***; groups with modify permissions: EMPTY; RPC SSL disabled
[2026-06-05T02:31:23.650+0000] {subprocess.py:106} INFO - 26/06/05 02:31:23 INFO StandaloneAppClient$ClientEndpoint: Connecting to master spark://spark-master:7077...
[2026-06-05T02:31:23.725+0000] {subprocess.py:106} INFO - 26/06/05 02:31:23 INFO TransportClientFactory: Successfully created connection to spark-master/172.18.0.3:7077 after 41 ms (0 ms spent in bootstraps)
[2026-06-05T02:31:23.941+0000] {subprocess.py:106} INFO - 26/06/05 02:31:23 INFO StandaloneSchedulerBackend: Connected to Spark cluster with app ID app-20260605023123-0001
[2026-06-05T02:31:23.951+0000] {subprocess.py:106} INFO - 26/06/05 02:31:23 INFO Utils: Successfully started service 'org.apache.spark.network.netty.NettyBlockTransferService' on port 42543.
[2026-06-05T02:31:23.951+0000] {subprocess.py:106} INFO - 26/06/05 02:31:23 INFO NettyBlockTransferService: Server created on b3eb2d3b7c7f:42543
[2026-06-05T02:31:23.953+0000] {subprocess.py:106} INFO - 26/06/05 02:31:23 INFO BlockManager: Using org.apache.spark.storage.RandomBlockReplicationPolicy for block replication policy
[2026-06-05T02:31:23.977+0000] {subprocess.py:106} INFO - 26/06/05 02:31:23 INFO BlockManagerMaster: Registering BlockManager BlockManagerId(driver, b3eb2d3b7c7f, 42543, None)
[2026-06-05T02:31:23.985+0000] {subprocess.py:106} INFO - 26/06/05 02:31:23 INFO BlockManagerMasterEndpoint: Registering block manager b3eb2d3b7c7f:42543 with 1048.8 MiB RAM, BlockManagerId(driver, b3eb2d3b7c7f, 42543, None)
[2026-06-05T02:31:23.987+0000] {subprocess.py:106} INFO - 26/06/05 02:31:23 INFO BlockManagerMaster: Registered BlockManager BlockManagerId(driver, b3eb2d3b7c7f, 42543, None)
[2026-06-05T02:31:23.989+0000] {subprocess.py:106} INFO - 26/06/05 02:31:23 INFO BlockManager: Initialized BlockManager: BlockManagerId(driver, b3eb2d3b7c7f, 42543, None)
[2026-06-05T02:31:24.154+0000] {subprocess.py:106} INFO - 26/06/05 02:31:24 INFO StandaloneSchedulerBackend: SchedulerBackend is ready for scheduling beginning after reached minRegisteredResourcesRatio: 0.0
[2026-06-05T02:31:32.857+0000] {subprocess.py:106} INFO - 26/06/05 02:31:32 INFO SharedState: Setting hive.metastore.warehouse.dir ('null') to the value of spark.sql.warehouse.dir.
[2026-06-05T02:31:32.861+0000] {subprocess.py:106} INFO - 26/06/05 02:31:32 INFO SharedState: Warehouse path is 'file:/tmp/***tmpondxs1ax/spark-warehouse'.
[2026-06-05T02:31:38.134+0000] {subprocess.py:106} INFO - 2026/06/05 02:31:38 INFO mlflow.tracking.fluent: Experiment with name '/flight_prediction/train_model_lakehouse' does not exist. Creating a new experiment.
[2026-06-05T02:31:38.398+0000] {subprocess.py:106} INFO - 2026/06/05 02:31:38 WARNING mlflow.utils.git_utils: Failed to import Git (the Git executable is probably not on your PATH), so Git SHA is not available. Error: Failed to initialize: Bad git executable.
[2026-06-05T02:31:38.417+0000] {subprocess.py:106} INFO - The git executable must be specified in one of the following ways:
[2026-06-05T02:31:38.418+0000] {subprocess.py:106} INFO -     - be included in your $PATH
[2026-06-05T02:31:38.427+0000] {subprocess.py:106} INFO -     - be set via $GIT_PYTHON_GIT_EXECUTABLE
[2026-06-05T02:31:38.437+0000] {subprocess.py:106} INFO -     - explicitly set via git.refresh(<full-path-to-git-executable>)
[2026-06-05T02:31:38.438+0000] {subprocess.py:106} INFO - 
[2026-06-05T02:31:38.446+0000] {subprocess.py:106} INFO - All git commands will error until this is rectified.
[2026-06-05T02:31:38.446+0000] {subprocess.py:106} INFO - 
[2026-06-05T02:31:38.446+0000] {subprocess.py:106} INFO - This initial message can be silenced or aggravated in the future by setting the
[2026-06-05T02:31:38.447+0000] {subprocess.py:106} INFO - $GIT_PYTHON_REFRESH environment variable. Use one of the following values:
[2026-06-05T02:31:38.447+0000] {subprocess.py:106} INFO -     - quiet|q|silence|s|silent|none|n|0: for no message or exception
[2026-06-05T02:31:38.448+0000] {subprocess.py:106} INFO -     - warn|w|warning|log|l|1: for a warning message (logging level CRITICAL, displayed by default)
[2026-06-05T02:31:38.448+0000] {subprocess.py:106} INFO -     - error|e|exception|raise|r|2: for a raised exception
[2026-06-05T02:31:38.457+0000] {subprocess.py:106} INFO - 
[2026-06-05T02:31:38.458+0000] {subprocess.py:106} INFO - Example:
[2026-06-05T02:31:38.458+0000] {subprocess.py:106} INFO -     export GIT_PYTHON_REFRESH=quiet
[2026-06-05T02:31:38.458+0000] {subprocess.py:106} INFO - 
[2026-06-05T02:31:39.544+0000] {subprocess.py:106} INFO - 26/06/05 02:31:39 INFO AuthManagers: Loading AuthManager implementation: org.apache.iceberg.rest.auth.NoopAuthManager
[2026-06-05T02:31:40.602+0000] {subprocess.py:106} INFO - 26/06/05 02:31:40 INFO CatalogUtil: Loading custom FileIO implementation: org.apache.iceberg.aws.s3.S3FileIO
[2026-06-05T02:31:40.944+0000] {subprocess.py:106} INFO - 🏃 View run clumsy-wren-599 at: http://mlflow:5000/#/experiments/1/runs/550f99ffce7b4ad083616e3b2dd08c7d
[2026-06-05T02:31:40.946+0000] {subprocess.py:106} INFO - 🧪 View experiment at: http://mlflow:5000/#/experiments/1
[2026-06-05T02:31:41.050+0000] {subprocess.py:106} INFO - Traceback (most recent call last):
[2026-06-05T02:31:41.051+0000] {subprocess.py:106} INFO -   File "/workspace/resources/train_model_lakehouse.py", line 127, in <module>
[2026-06-05T02:31:41.052+0000] {subprocess.py:106} INFO -     main()
[2026-06-05T02:31:41.052+0000] {subprocess.py:106} INFO -   File "/workspace/resources/train_model_lakehouse.py", line 52, in main
[2026-06-05T02:31:41.053+0000] {subprocess.py:106} INFO -     spark.sql("USE lakehouse.training_data")
[2026-06-05T02:31:41.054+0000] {subprocess.py:106} INFO -   File "/opt/spark/python/lib/pyspark.zip/pyspark/sql/session.py", line 1816, in sql
[2026-06-05T02:31:41.054+0000] {subprocess.py:106} INFO -   File "/opt/spark/python/lib/py4j-0.10.9.9-src.zip/py4j/java_gateway.py", line 1362, in __call__
[2026-06-05T02:31:41.055+0000] {subprocess.py:106} INFO -   File "/opt/spark/python/lib/pyspark.zip/pyspark/errors/exceptions/captured.py", line 269, in deco
[2026-06-05T02:31:41.055+0000] {subprocess.py:106} INFO - pyspark.errors.exceptions.captured.IllegalArgumentException: Cannot initialize FileIO implementation org.apache.iceberg.aws.s3.S3FileIO: Cannot find constructor for interface org.apache.iceberg.io.FileIO
[2026-06-05T02:31:41.056+0000] {subprocess.py:106} INFO - 	Missing org.apache.iceberg.aws.s3.S3FileIO [java.lang.NoClassDefFoundError: software/amazon/awssdk/services/s3/model/S3Exception]
[2026-06-05T02:31:45.490+0000] {subprocess.py:106} INFO - 26/06/05 02:31:45 INFO SparkContext: Invoking stop() from shutdown hook
[2026-06-05T02:31:45.493+0000] {subprocess.py:106} INFO - 26/06/05 02:31:45 INFO SparkContext: SparkContext is stopping with exitCode 0 from run at Executors.java:539.
[2026-06-05T02:31:45.556+0000] {subprocess.py:106} INFO - 26/06/05 02:31:45 INFO SparkUI: Stopped Spark web UI at http://b3eb2d3b7c7f:4040
[2026-06-05T02:31:45.561+0000] {subprocess.py:106} INFO - 26/06/05 02:31:45 INFO StandaloneSchedulerBackend: Shutting down all executors
[2026-06-05T02:31:45.572+0000] {subprocess.py:106} INFO - 26/06/05 02:31:45 INFO StandaloneSchedulerBackend$StandaloneDriverEndpoint: Asking each executor to shut down
[2026-06-05T02:31:45.597+0000] {subprocess.py:106} INFO - 26/06/05 02:31:45 INFO MapOutputTrackerMasterEndpoint: MapOutputTrackerMasterEndpoint stopped!
[2026-06-05T02:31:45.641+0000] {subprocess.py:106} INFO - 26/06/05 02:31:45 INFO MemoryStore: MemoryStore started with capacity 1048.8 MiB
[2026-06-05T02:31:45.643+0000] {subprocess.py:106} INFO - 26/06/05 02:31:45 INFO MemoryStore: MemoryStore cleared
[2026-06-05T02:31:45.644+0000] {subprocess.py:106} INFO - 26/06/05 02:31:45 INFO BlockManager: BlockManager stopped
[2026-06-05T02:31:45.660+0000] {subprocess.py:106} INFO - 26/06/05 02:31:45 INFO BlockManagerMaster: BlockManagerMaster stopped
[2026-06-05T02:31:45.664+0000] {subprocess.py:106} INFO - 26/06/05 02:31:45 INFO OutputCommitCoordinator$OutputCommitCoordinatorEndpoint: OutputCommitCoordinator stopped!
[2026-06-05T02:31:45.726+0000] {subprocess.py:106} INFO - 26/06/05 02:31:45 INFO SparkContext: Successfully stopped SparkContext (Uptime: 36556 ms)
[2026-06-05T02:31:45.850+0000] {subprocess.py:110} INFO - Command exited with return code 1
[2026-06-05T02:31:46.177+0000] {taskinstance.py:3311} ERROR - Task failed with exception
Traceback (most recent call last):
  File "/home/airflow/.local/lib/python3.11/site-packages/airflow/models/taskinstance.py", line 767, in _execute_task
    result = _execute_callable(context=context, **execute_callable_kwargs)
             ^^^^^^^^^^^^^^^^^^^^^^^^^^^^^^^^^^^^^^^^^^^^^^^^^^^^^^^^^^^^^
  File "/home/airflow/.local/lib/python3.11/site-packages/airflow/models/taskinstance.py", line 733, in _execute_callable
    return ExecutionCallableRunner(
           ^^^^^^^^^^^^^^^^^^^^^^^^
  File "/home/airflow/.local/lib/python3.11/site-packages/airflow/utils/operator_helpers.py", line 252, in run
    return self.func(*args, **kwargs)
           ^^^^^^^^^^^^^^^^^^^^^^^^^^
  File "/home/airflow/.local/lib/python3.11/site-packages/airflow/models/baseoperator.py", line 422, in wrapper
    return func(self, *args, **kwargs)
           ^^^^^^^^^^^^^^^^^^^^^^^^^^^
  File "/home/airflow/.local/lib/python3.11/site-packages/airflow/operators/bash.py", line 276, in execute
    raise AirflowException(
airflow.exceptions.AirflowException: Bash command failed. The command returned a non-zero exit code 1.
[2026-06-05T02:31:46.228+0000] {taskinstance.py:1225} INFO - Marking task as FAILED. dag_id=train_model_lakehouse, task_id=train_model, run_id=manual__2026-06-05T02:24:53.819094+00:00, execution_date=20260605T022453, start_date=20260605T023013, end_date=20260605T023146
[2026-06-05T02:31:46.371+0000] {taskinstance.py:340} INFO - ::group::Post task execution logs
[2026-06-05T02:31:46.382+0000] {standard_task_runner.py:124} ERROR - Failed to execute job 42 for task train_model (Bash command failed. The command returned a non-zero exit code 1.; 172)
Traceback (most recent call last):
  File "/home/airflow/.local/lib/python3.11/site-packages/airflow/task/task_runner/standard_task_runner.py", line 117, in _start_by_fork
    ret = args.func(args, dag=self.dag)
          ^^^^^^^^^^^^^^^^^^^^^^^^^^^^^
  File "/home/airflow/.local/lib/python3.11/site-packages/airflow/cli/cli_config.py", line 49, in command
    return func(*args, **kwargs)
           ^^^^^^^^^^^^^^^^^^^^^
  File "/home/airflow/.local/lib/python3.11/site-packages/airflow/utils/cli.py", line 116, in wrapper
    return f(*args, **kwargs)
           ^^^^^^^^^^^^^^^^^^
  File "/home/airflow/.local/lib/python3.11/site-packages/airflow/cli/commands/task_command.py", line 483, in task_run
    task_return_code = _run_task_by_selected_method(args, _dag, ti)
                       ^^^^^^^^^^^^^^^^^^^^^^^^^^^^^^^^^^^^^^^^^^^^
  File "/home/airflow/.local/lib/python3.11/site-packages/airflow/cli/commands/task_command.py", line 256, in _run_task_by_selected_method
    return _run_raw_task(args, ti)
           ^^^^^^^^^^^^^^^^^^^^^^^
  File "/home/airflow/.local/lib/python3.11/site-packages/airflow/cli/commands/task_command.py", line 341, in _run_raw_task
    return ti._run_raw_task(
           ^^^^^^^^^^^^^^^^^
  File "/home/airflow/.local/lib/python3.11/site-packages/airflow/utils/session.py", line 97, in wrapper
    return func(*args, session=session, **kwargs)
           ^^^^^^^^^^^^^^^^^^^^^^^^^^^^^^^^^^^^^^
  File "/home/airflow/.local/lib/python3.11/site-packages/airflow/models/taskinstance.py", line 3005, in _run_raw_task
    return _run_raw_task(
           ^^^^^^^^^^^^^^
  File "/home/airflow/.local/lib/python3.11/site-packages/airflow/models/taskinstance.py", line 273, in _run_raw_task
    TaskInstance._execute_task_with_callbacks(
  File "/home/airflow/.local/lib/python3.11/site-packages/airflow/models/taskinstance.py", line 3159, in _execute_task_with_callbacks
    result = self._execute_task(context, task_orig)
             ^^^^^^^^^^^^^^^^^^^^^^^^^^^^^^^^^^^^^^
  File "/home/airflow/.local/lib/python3.11/site-packages/airflow/models/taskinstance.py", line 3183, in _execute_task
    return _execute_task(self, context, task_orig)
           ^^^^^^^^^^^^^^^^^^^^^^^^^^^^^^^^^^^^^^^
  File "/home/airflow/.local/lib/python3.11/site-packages/airflow/models/taskinstance.py", line 767, in _execute_task
    result = _execute_callable(context=context, **execute_callable_kwargs)
             ^^^^^^^^^^^^^^^^^^^^^^^^^^^^^^^^^^^^^^^^^^^^^^^^^^^^^^^^^^^^^
  File "/home/airflow/.local/lib/python3.11/site-packages/airflow/models/taskinstance.py", line 733, in _execute_callable
    return ExecutionCallableRunner(
           ^^^^^^^^^^^^^^^^^^^^^^^^
  File "/home/airflow/.local/lib/python3.11/site-packages/airflow/utils/operator_helpers.py", line 252, in run
    return self.func(*args, **kwargs)
           ^^^^^^^^^^^^^^^^^^^^^^^^^^
  File "/home/airflow/.local/lib/python3.11/site-packages/airflow/models/baseoperator.py", line 422, in wrapper
    return func(self, *args, **kwargs)
           ^^^^^^^^^^^^^^^^^^^^^^^^^^^
  File "/home/airflow/.local/lib/python3.11/site-packages/airflow/operators/bash.py", line 276, in execute
    raise AirflowException(
airflow.exceptions.AirflowException: Bash command failed. The command returned a non-zero exit code 1.
[2026-06-05T02:31:46.437+0000] {local_task_job_runner.py:266} INFO - Task exited with return code 1
[2026-06-05T02:31:46.541+0000] {taskinstance.py:3895} INFO - 0 downstream tasks scheduled from follow-on schedule check
[2026-06-05T02:31:46.545+0000] {local_task_job_runner.py:245} INFO - ::endgroup::
