[2026-06-03T16:08:44.151+0000] {local_task_job_runner.py:123} INFO - ::group::Pre task execution logs
[2026-06-03T16:08:44.192+0000] {taskinstance.py:2613} INFO - Dependencies all met for dep_context=non-requeueable deps ti=<TaskInstance: train_model_lakehouse.train_model manual__2026-06-03T16:08:43.100861+00:00 [queued]>
[2026-06-03T16:08:44.207+0000] {taskinstance.py:2613} INFO - Dependencies all met for dep_context=requeueable deps ti=<TaskInstance: train_model_lakehouse.train_model manual__2026-06-03T16:08:43.100861+00:00 [queued]>
[2026-06-03T16:08:44.207+0000] {taskinstance.py:2866} INFO - Starting attempt 1 of 1
[2026-06-03T16:08:44.258+0000] {taskinstance.py:2889} INFO - Executing <Task(SparkSubmitOperator): train_model> on 2026-06-03 16:08:43.100861+00:00
[2026-06-03T16:08:44.276+0000] {standard_task_runner.py:72} INFO - Started process 222 to run task
[2026-06-03T16:08:44.290+0000] {standard_task_runner.py:104} INFO - Running: ['***', 'tasks', 'run', 'train_model_lakehouse', 'train_model', 'manual__2026-06-03T16:08:43.100861+00:00', '--job-id', '2', '--raw', '--subdir', 'DAGS_FOLDER/train_model_lakehouse_dag.py', '--cfg-path', '/tmp/tmptws8a4in']
[2026-06-03T16:08:44.301+0000] {standard_task_runner.py:105} INFO - Job 2: Subtask train_model
[2026-06-03T16:08:44.531+0000] {task_command.py:467} INFO - Running <TaskInstance: train_model_lakehouse.train_model manual__2026-06-03T16:08:43.100861+00:00 [running]> on host c1f40ae5df0c
[2026-06-03T16:08:44.898+0000] {taskinstance.py:3132} INFO - Exporting env vars: AIRFLOW_CTX_DAG_OWNER='***' AIRFLOW_CTX_DAG_ID='train_model_lakehouse' AIRFLOW_CTX_TASK_ID='train_model' AIRFLOW_CTX_EXECUTION_DATE='2026-06-03T16:08:43.100861+00:00' AIRFLOW_CTX_TRY_NUMBER='1' AIRFLOW_CTX_DAG_RUN_ID='manual__2026-06-03T16:08:43.100861+00:00'
[2026-06-03T16:08:44.898+0000] {taskinstance.py:731} INFO - ::endgroup::
[2026-06-03T16:08:45.034+0000] {base.py:84} INFO - Retrieving connection 'spark_default'
[2026-06-03T16:08:45.039+0000] {spark_submit.py:473} INFO - Spark-Submit cmd: spark-submit --master spark://spark-master:7077 --conf spark.sql.extensions=org.apache.iceberg.spark.extensions.IcebergSparkSessionExtensions --conf spark.sql.catalog.lakehouse=org.apache.iceberg.spark.SparkCatalog --conf spark.sql.catalog.lakehouse.type=rest --conf spark.sql.catalog.lakehouse.uri=http://iceberg-rest:8181 --conf spark.sql.catalog.lakehouse.warehouse=s3://warehouse/ --conf spark.sql.catalog.lakehouse.io-impl=org.apache.iceberg.aws.s3.S3FileIO --conf spark.sql.catalog.lakehouse.client.region=eu-south-2 --conf spark.sql.defaultCatalog=lakehouse --conf spark.driver.memory=1g --conf spark.executor.memory=1g --conf spark.executor.cores=1 --conf spark.default.parallelism=2 --conf spark.sql.shuffle.partitions=4 --conf spark.network.timeout=600s --conf spark.executor.heartbeatInterval=60s --packages org.apache.iceberg:iceberg-spark-runtime-4.1_2.13:1.11.0,org.apache.iceberg:iceberg-aws-bundle:1.11.0,software.amazon.awssdk:bundle:2.29.52,software.amazon.awssdk:url-connection-client:2.29.52 --name arrow-spark --verbose --deploy-mode client /workspace/resources/train_model_lakehouse.py --model-base s3a://warehouse/artifacts/models
[2026-06-03T16:08:46.538+0000] {spark_submit.py:634} INFO - WARNING: Using incubator modules: jdk.incubator.vector
[2026-06-03T16:08:49.015+0000] {spark_submit.py:634} INFO - Parsed arguments:
[2026-06-03T16:08:49.015+0000] {spark_submit.py:634} INFO - master                  spark://spark-master:7077
[2026-06-03T16:08:49.015+0000] {spark_submit.py:634} INFO - remote                  null
[2026-06-03T16:08:49.016+0000] {spark_submit.py:634} INFO - deployMode              client
[2026-06-03T16:08:49.016+0000] {spark_submit.py:634} INFO - executorMemory          1g
[2026-06-03T16:08:49.016+0000] {spark_submit.py:634} INFO - executorCores           1
[2026-06-03T16:08:49.017+0000] {spark_submit.py:634} INFO - totalExecutorCores      null
[2026-06-03T16:08:49.017+0000] {spark_submit.py:634} INFO - propertiesFile          null
[2026-06-03T16:08:49.017+0000] {spark_submit.py:634} INFO - driverMemory            1g
[2026-06-03T16:08:49.018+0000] {spark_submit.py:634} INFO - driverCores             null
[2026-06-03T16:08:49.018+0000] {spark_submit.py:634} INFO - driverExtraClassPath    null
[2026-06-03T16:08:49.018+0000] {spark_submit.py:634} INFO - driverExtraLibraryPath  null
[2026-06-03T16:08:49.019+0000] {spark_submit.py:634} INFO - driverExtraJavaOptions  null
[2026-06-03T16:08:49.019+0000] {spark_submit.py:634} INFO - supervise               false
[2026-06-03T16:08:49.019+0000] {spark_submit.py:634} INFO - queue                   null
[2026-06-03T16:08:49.019+0000] {spark_submit.py:634} INFO - numExecutors            null
[2026-06-03T16:08:49.020+0000] {spark_submit.py:634} INFO - files                   null
[2026-06-03T16:08:49.020+0000] {spark_submit.py:634} INFO - pyFiles                 null
[2026-06-03T16:08:49.020+0000] {spark_submit.py:634} INFO - archives                null
[2026-06-03T16:08:49.021+0000] {spark_submit.py:634} INFO - mainClass               null
[2026-06-03T16:08:49.021+0000] {spark_submit.py:634} INFO - primaryResource         file:/workspace/resources/train_model_lakehouse.py
[2026-06-03T16:08:49.021+0000] {spark_submit.py:634} INFO - name                    arrow-spark
[2026-06-03T16:08:49.021+0000] {spark_submit.py:634} INFO - childArgs               [--model-base s3a://warehouse/artifacts/models]
[2026-06-03T16:08:49.022+0000] {spark_submit.py:634} INFO - jars                    null
[2026-06-03T16:08:49.022+0000] {spark_submit.py:634} INFO - packages                org.apache.iceberg:iceberg-spark-runtime-4.1_2.13:1.11.0,org.apache.iceberg:iceberg-aws-bundle:1.11.0,software.amazon.awssdk:bundle:2.29.52,software.amazon.awssdk:url-connection-client:2.29.52
[2026-06-03T16:08:49.022+0000] {spark_submit.py:634} INFO - packagesExclusions      null
[2026-06-03T16:08:49.023+0000] {spark_submit.py:634} INFO - repositories            null
[2026-06-03T16:08:49.023+0000] {spark_submit.py:634} INFO - verbose                 true
[2026-06-03T16:08:49.023+0000] {spark_submit.py:634} INFO - 
[2026-06-03T16:08:49.023+0000] {spark_submit.py:634} INFO - Spark properties used, including those specified through
[2026-06-03T16:08:49.024+0000] {spark_submit.py:634} INFO - --conf and those from the properties file null:
[2026-06-03T16:08:49.024+0000] {spark_submit.py:634} INFO - (spark.default.parallelism,2)
[2026-06-03T16:08:49.024+0000] {spark_submit.py:634} INFO - (spark.driver.memory,1g)
[2026-06-03T16:08:49.025+0000] {spark_submit.py:634} INFO - (spark.executor.cores,1)
[2026-06-03T16:08:49.025+0000] {spark_submit.py:634} INFO - (spark.executor.heartbeatInterval,60s)
[2026-06-03T16:08:49.025+0000] {spark_submit.py:634} INFO - (spark.executor.memory,1g)
[2026-06-03T16:08:49.025+0000] {spark_submit.py:634} INFO - (spark.network.timeout,600s)
[2026-06-03T16:08:49.026+0000] {spark_submit.py:634} INFO - (spark.sql.catalog.lakehouse,org.apache.iceberg.spark.SparkCatalog)
[2026-06-03T16:08:49.026+0000] {spark_submit.py:634} INFO - (spark.sql.catalog.lakehouse.client.region,eu-south-2)
[2026-06-03T16:08:49.026+0000] {spark_submit.py:634} INFO - (spark.sql.catalog.lakehouse.io-impl,org.apache.iceberg.aws.s3.S3FileIO)
[2026-06-03T16:08:49.027+0000] {spark_submit.py:634} INFO - (spark.sql.catalog.lakehouse.type,rest)
[2026-06-03T16:08:49.027+0000] {spark_submit.py:634} INFO - (spark.sql.catalog.lakehouse.uri,http://iceberg-rest:8181)
[2026-06-03T16:08:49.027+0000] {spark_submit.py:634} INFO - (spark.sql.catalog.lakehouse.warehouse,s3://warehouse/)
[2026-06-03T16:08:49.027+0000] {spark_submit.py:634} INFO - (spark.sql.defaultCatalog,lakehouse)
[2026-06-03T16:08:49.028+0000] {spark_submit.py:634} INFO - (spark.sql.extensions,org.apache.iceberg.spark.extensions.IcebergSparkSessionExtensions)
[2026-06-03T16:08:49.028+0000] {spark_submit.py:634} INFO - (spark.sql.shuffle.partitions,4)
[2026-06-03T16:08:49.028+0000] {spark_submit.py:634} INFO - 
[2026-06-03T16:08:49.029+0000] {spark_submit.py:634} INFO - 
[2026-06-03T16:08:49.134+0000] {spark_submit.py:634} INFO - :: loading settings :: url = jar:file:/opt/spark/jars/ivy-2.5.3.jar!/org/apache/ivy/core/settings/ivysettings.xml
[2026-06-03T16:08:49.258+0000] {spark_submit.py:634} INFO - Ivy Default Cache set to: /home/***/.ivy2.5.2/cache
[2026-06-03T16:08:49.259+0000] {spark_submit.py:634} INFO - The jars for the packages stored in: /home/***/.ivy2.5.2/jars
[2026-06-03T16:08:49.270+0000] {spark_submit.py:634} INFO - org.apache.iceberg#iceberg-spark-runtime-4.1_2.13 added as a dependency
[2026-06-03T16:08:49.271+0000] {spark_submit.py:634} INFO - org.apache.iceberg#iceberg-aws-bundle added as a dependency
[2026-06-03T16:08:49.271+0000] {spark_submit.py:634} INFO - software.amazon.awssdk#bundle added as a dependency
[2026-06-03T16:08:49.271+0000] {spark_submit.py:634} INFO - software.amazon.awssdk#url-connection-client added as a dependency
[2026-06-03T16:08:49.272+0000] {spark_submit.py:634} INFO - :: resolving dependencies :: org.apache.spark#spark-submit-parent-2db9c02b-ef08-42c2-9674-3e6b89f78baf;1.0
[2026-06-03T16:08:49.273+0000] {spark_submit.py:634} INFO - confs: [default]
[2026-06-03T16:08:50.032+0000] {spark_submit.py:634} INFO - found org.apache.iceberg#iceberg-spark-runtime-4.1_2.13;1.11.0 in central
[2026-06-03T16:08:50.109+0000] {spark_submit.py:634} INFO - found org.apache.iceberg#iceberg-aws-bundle;1.11.0 in central
[2026-06-03T16:08:52.080+0000] {spark_submit.py:634} INFO - found software.amazon.awssdk#bundle;2.29.52 in central
[2026-06-03T16:08:53.141+0000] {spark_submit.py:634} INFO - found software.amazon.awssdk#url-connection-client;2.29.52 in central
[2026-06-03T16:08:53.304+0000] {spark_submit.py:634} INFO - found software.amazon.awssdk#utils;2.29.52 in central
[2026-06-03T16:08:53.423+0000] {spark_submit.py:634} INFO - found org.reactivestreams#reactive-streams;1.0.4 in central
[2026-06-03T16:08:54.463+0000] {spark_submit.py:634} INFO - found software.amazon.awssdk#annotations;2.29.52 in central
[2026-06-03T16:08:55.166+0000] {spark_submit.py:634} INFO - found org.slf4j#slf4j-api;1.7.36 in central
[2026-06-03T16:08:55.292+0000] {spark_submit.py:634} INFO - found software.amazon.awssdk#http-client-spi;2.29.52 in central
[2026-06-03T16:08:55.403+0000] {spark_submit.py:634} INFO - found software.amazon.awssdk#metrics-spi;2.29.52 in central
[2026-06-03T16:08:55.447+0000] {spark_submit.py:634} INFO - downloading https://repo1.maven.org/maven2/org/apache/iceberg/iceberg-spark-runtime-4.1_2.13/1.11.0/iceberg-spark-runtime-4.1_2.13-1.11.0.jar ...
[2026-06-03T16:09:11.700+0000] {spark_submit.py:634} INFO - [SUCCESSFUL ] org.apache.iceberg#iceberg-spark-runtime-4.1_2.13;1.11.0!iceberg-spark-runtime-4.1_2.13.jar (16276ms)
[2026-06-03T16:09:11.727+0000] {spark_submit.py:634} INFO - downloading https://repo1.maven.org/maven2/org/apache/iceberg/iceberg-aws-bundle/1.11.0/iceberg-aws-bundle-1.11.0.jar ...
[2026-06-03T16:09:30.841+0000] {spark_submit.py:634} INFO - [SUCCESSFUL ] org.apache.iceberg#iceberg-aws-bundle;1.11.0!iceberg-aws-bundle.jar (19136ms)
[2026-06-03T16:09:30.887+0000] {spark_submit.py:634} INFO - downloading https://repo1.maven.org/maven2/software/amazon/awssdk/bundle/2.29.52/bundle-2.29.52.jar ...
[2026-06-03T16:14:00.452+0000] {spark_submit.py:634} INFO - [SUCCESSFUL ] software.amazon.awssdk#bundle;2.29.52!bundle.jar (269607ms)
[2026-06-03T16:14:00.480+0000] {spark_submit.py:634} INFO - downloading https://repo1.maven.org/maven2/software/amazon/awssdk/url-connection-client/2.29.52/url-connection-client-2.29.52.jar ...
[2026-06-03T16:14:00.508+0000] {spark_submit.py:634} INFO - [SUCCESSFUL ] software.amazon.awssdk#url-connection-client;2.29.52!url-connection-client.jar (53ms)
[2026-06-03T16:14:00.534+0000] {spark_submit.py:634} INFO - downloading https://repo1.maven.org/maven2/software/amazon/awssdk/utils/2.29.52/utils-2.29.52.jar ...
[2026-06-03T16:14:00.601+0000] {spark_submit.py:634} INFO - [SUCCESSFUL ] software.amazon.awssdk#utils;2.29.52!utils.jar (89ms)
[2026-06-03T16:14:00.653+0000] {spark_submit.py:634} INFO - downloading https://repo1.maven.org/maven2/software/amazon/awssdk/annotations/2.29.52/annotations-2.29.52.jar ...
[2026-06-03T16:14:00.677+0000] {spark_submit.py:634} INFO - [SUCCESSFUL ] software.amazon.awssdk#annotations;2.29.52!annotations.jar (49ms)
[2026-06-03T16:14:00.704+0000] {spark_submit.py:634} INFO - downloading https://repo1.maven.org/maven2/software/amazon/awssdk/http-client-spi/2.29.52/http-client-spi-2.29.52.jar ...
[2026-06-03T16:14:00.749+0000] {spark_submit.py:634} INFO - [SUCCESSFUL ] software.amazon.awssdk#http-client-spi;2.29.52!http-client-spi.jar (70ms)
[2026-06-03T16:14:00.796+0000] {spark_submit.py:634} INFO - downloading https://repo1.maven.org/maven2/org/reactivestreams/reactive-streams/1.0.4/reactive-streams-1.0.4.jar ...
[2026-06-03T16:14:00.817+0000] {spark_submit.py:634} INFO - [SUCCESSFUL ] org.reactivestreams#reactive-streams;1.0.4!reactive-streams.jar (44ms)
[2026-06-03T16:14:00.837+0000] {spark_submit.py:634} INFO - downloading https://repo1.maven.org/maven2/org/slf4j/slf4j-api/1.7.36/slf4j-api-1.7.36.jar ...
[2026-06-03T16:14:00.863+0000] {spark_submit.py:634} INFO - [SUCCESSFUL ] org.slf4j#slf4j-api;1.7.36!slf4j-api.jar (45ms)
[2026-06-03T16:14:00.885+0000] {spark_submit.py:634} INFO - downloading https://repo1.maven.org/maven2/software/amazon/awssdk/metrics-spi/2.29.52/metrics-spi-2.29.52.jar ...
[2026-06-03T16:14:00.911+0000] {spark_submit.py:634} INFO - [SUCCESSFUL ] software.amazon.awssdk#metrics-spi;2.29.52!metrics-spi.jar (45ms)
[2026-06-03T16:14:00.911+0000] {spark_submit.py:634} INFO - :: resolution report :: resolve 6151ms :: artifacts dl 305488ms
[2026-06-03T16:14:00.912+0000] {spark_submit.py:634} INFO - :: modules in use:
[2026-06-03T16:14:00.912+0000] {spark_submit.py:634} INFO - org.apache.iceberg#iceberg-aws-bundle;1.11.0 from central in [default]
[2026-06-03T16:14:00.912+0000] {spark_submit.py:634} INFO - org.apache.iceberg#iceberg-spark-runtime-4.1_2.13;1.11.0 from central in [default]
[2026-06-03T16:14:00.913+0000] {spark_submit.py:634} INFO - org.reactivestreams#reactive-streams;1.0.4 from central in [default]
[2026-06-03T16:14:00.913+0000] {spark_submit.py:634} INFO - org.slf4j#slf4j-api;1.7.36 from central in [default]
[2026-06-03T16:14:00.913+0000] {spark_submit.py:634} INFO - software.amazon.awssdk#annotations;2.29.52 from central in [default]
[2026-06-03T16:14:00.914+0000] {spark_submit.py:634} INFO - software.amazon.awssdk#bundle;2.29.52 from central in [default]
[2026-06-03T16:14:00.914+0000] {spark_submit.py:634} INFO - software.amazon.awssdk#http-client-spi;2.29.52 from central in [default]
[2026-06-03T16:14:00.914+0000] {spark_submit.py:634} INFO - software.amazon.awssdk#metrics-spi;2.29.52 from central in [default]
[2026-06-03T16:14:00.914+0000] {spark_submit.py:634} INFO - software.amazon.awssdk#url-connection-client;2.29.52 from central in [default]
[2026-06-03T16:14:00.915+0000] {spark_submit.py:634} INFO - software.amazon.awssdk#utils;2.29.52 from central in [default]
[2026-06-03T16:14:00.915+0000] {spark_submit.py:634} INFO - ---------------------------------------------------------------------
[2026-06-03T16:14:00.915+0000] {spark_submit.py:634} INFO - |                  |            modules            ||   artifacts   |
[2026-06-03T16:14:00.916+0000] {spark_submit.py:634} INFO - |       conf       | number| search|dwnlded|evicted|| number|dwnlded|
[2026-06-03T16:14:00.916+0000] {spark_submit.py:634} INFO - ---------------------------------------------------------------------
[2026-06-03T16:14:00.916+0000] {spark_submit.py:634} INFO - |      default     |   10  |   10  |   10  |   0   ||   10  |   10  |
[2026-06-03T16:14:00.916+0000] {spark_submit.py:634} INFO - ---------------------------------------------------------------------
[2026-06-03T16:14:00.924+0000] {spark_submit.py:634} INFO - :: retrieving :: org.apache.spark#spark-submit-parent-2db9c02b-ef08-42c2-9674-3e6b89f78baf
[2026-06-03T16:14:00.924+0000] {spark_submit.py:634} INFO - confs: [default]
[2026-06-03T16:14:04.525+0000] {spark_submit.py:634} INFO - 10 artifacts copied, 0 already retrieved (735887kB/3601ms)
[2026-06-03T16:14:04.973+0000] {spark_submit.py:634} INFO - 26/06/03 16:14:04 WARN NativeCodeLoader: Unable to load native-hadoop library for your platform... using builtin-java classes where applicable
[2026-06-03T16:14:05.246+0000] {spark_submit.py:634} INFO - Main class:
[2026-06-03T16:14:05.246+0000] {spark_submit.py:634} INFO - org.apache.spark.deploy.PythonRunner
[2026-06-03T16:14:05.247+0000] {spark_submit.py:634} INFO - Arguments:
[2026-06-03T16:14:05.247+0000] {spark_submit.py:634} INFO - file:/workspace/resources/train_model_lakehouse.py
[2026-06-03T16:14:05.247+0000] {spark_submit.py:634} INFO - file:///home/***/.ivy2.5.2/jars/org.apache.iceberg_iceberg-spark-runtime-4.1_2.13-1.11.0.jar,file:///home/***/.ivy2.5.2/jars/org.apache.iceberg_iceberg-aws-bundle-1.11.0.jar,file:///home/***/.ivy2.5.2/jars/software.amazon.awssdk_bundle-2.29.52.jar,file:///home/***/.ivy2.5.2/jars/software.amazon.awssdk_url-connection-client-2.29.52.jar,file:///home/***/.ivy2.5.2/jars/software.amazon.awssdk_utils-2.29.52.jar,file:///home/***/.ivy2.5.2/jars/software.amazon.awssdk_annotations-2.29.52.jar,file:///home/***/.ivy2.5.2/jars/software.amazon.awssdk_http-client-spi-2.29.52.jar,file:///home/***/.ivy2.5.2/jars/org.reactivestreams_reactive-streams-1.0.4.jar,file:///home/***/.ivy2.5.2/jars/org.slf4j_slf4j-api-1.7.36.jar,file:///home/***/.ivy2.5.2/jars/software.amazon.awssdk_metrics-spi-2.29.52.jar
[2026-06-03T16:14:05.248+0000] {spark_submit.py:634} INFO - --model-base
[2026-06-03T16:14:05.248+0000] {spark_submit.py:634} INFO - s3a://warehouse/artifacts/models
[2026-06-03T16:14:05.249+0000] {spark_submit.py:634} INFO - Spark config:
[2026-06-03T16:14:05.249+0000] {spark_submit.py:634} INFO - (spark.app.name,arrow-spark)
[2026-06-03T16:14:05.250+0000] {spark_submit.py:634} INFO - (spark.app.submitTime,1780503245210)
[2026-06-03T16:14:05.250+0000] {spark_submit.py:634} INFO - (spark.default.parallelism,2)
[2026-06-03T16:14:05.250+0000] {spark_submit.py:634} INFO - (spark.driver.memory,1g)
[2026-06-03T16:14:05.251+0000] {spark_submit.py:634} INFO - (spark.executor.cores,1)
[2026-06-03T16:14:05.251+0000] {spark_submit.py:634} INFO - (spark.executor.heartbeatInterval,60s)
[2026-06-03T16:14:05.251+0000] {spark_submit.py:634} INFO - (spark.executor.memory,1g)
[2026-06-03T16:14:05.252+0000] {spark_submit.py:634} INFO - (spark.files,file:///home/***/.ivy2.5.2/jars/org.apache.iceberg_iceberg-spark-runtime-4.1_2.13-1.11.0.jar,file:///home/***/.ivy2.5.2/jars/org.apache.iceberg_iceberg-aws-bundle-1.11.0.jar,file:///home/***/.ivy2.5.2/jars/software.amazon.awssdk_bundle-2.29.52.jar,file:///home/***/.ivy2.5.2/jars/software.amazon.awssdk_url-connection-client-2.29.52.jar,file:///home/***/.ivy2.5.2/jars/software.amazon.awssdk_utils-2.29.52.jar,file:///home/***/.ivy2.5.2/jars/software.amazon.awssdk_annotations-2.29.52.jar,file:///home/***/.ivy2.5.2/jars/software.amazon.awssdk_http-client-spi-2.29.52.jar,file:///home/***/.ivy2.5.2/jars/org.reactivestreams_reactive-streams-1.0.4.jar,file:///home/***/.ivy2.5.2/jars/org.slf4j_slf4j-api-1.7.36.jar,file:///home/***/.ivy2.5.2/jars/software.amazon.awssdk_metrics-spi-2.29.52.jar)
[2026-06-03T16:14:05.253+0000] {spark_submit.py:634} INFO - (spark.jars,file:///home/***/.ivy2.5.2/jars/org.apache.iceberg_iceberg-spark-runtime-4.1_2.13-1.11.0.jar,file:///home/***/.ivy2.5.2/jars/org.apache.iceberg_iceberg-aws-bundle-1.11.0.jar,file:///home/***/.ivy2.5.2/jars/software.amazon.awssdk_bundle-2.29.52.jar,file:///home/***/.ivy2.5.2/jars/software.amazon.awssdk_url-connection-client-2.29.52.jar,file:///home/***/.ivy2.5.2/jars/software.amazon.awssdk_utils-2.29.52.jar,file:///home/***/.ivy2.5.2/jars/software.amazon.awssdk_annotations-2.29.52.jar,file:///home/***/.ivy2.5.2/jars/software.amazon.awssdk_http-client-spi-2.29.52.jar,file:///home/***/.ivy2.5.2/jars/org.reactivestreams_reactive-streams-1.0.4.jar,file:///home/***/.ivy2.5.2/jars/org.slf4j_slf4j-api-1.7.36.jar,file:///home/***/.ivy2.5.2/jars/software.amazon.awssdk_metrics-spi-2.29.52.jar)
[2026-06-03T16:14:05.253+0000] {spark_submit.py:634} INFO - (spark.master,spark://spark-master:7077)
[2026-06-03T16:14:05.253+0000] {spark_submit.py:634} INFO - (spark.network.timeout,600s)
[2026-06-03T16:14:05.254+0000] {spark_submit.py:634} INFO - (spark.repl.local.jars,file:///home/***/.ivy2.5.2/jars/org.apache.iceberg_iceberg-spark-runtime-4.1_2.13-1.11.0.jar,file:///home/***/.ivy2.5.2/jars/org.apache.iceberg_iceberg-aws-bundle-1.11.0.jar,file:///home/***/.ivy2.5.2/jars/software.amazon.awssdk_bundle-2.29.52.jar,file:///home/***/.ivy2.5.2/jars/software.amazon.awssdk_url-connection-client-2.29.52.jar,file:///home/***/.ivy2.5.2/jars/software.amazon.awssdk_utils-2.29.52.jar,file:///home/***/.ivy2.5.2/jars/software.amazon.awssdk_annotations-2.29.52.jar,file:///home/***/.ivy2.5.2/jars/software.amazon.awssdk_http-client-spi-2.29.52.jar,file:///home/***/.ivy2.5.2/jars/org.reactivestreams_reactive-streams-1.0.4.jar,file:///home/***/.ivy2.5.2/jars/org.slf4j_slf4j-api-1.7.36.jar,file:///home/***/.ivy2.5.2/jars/software.amazon.awssdk_metrics-spi-2.29.52.jar)
[2026-06-03T16:14:05.255+0000] {spark_submit.py:634} INFO - (spark.sql.catalog.lakehouse,org.apache.iceberg.spark.SparkCatalog)
[2026-06-03T16:14:05.255+0000] {spark_submit.py:634} INFO - (spark.sql.catalog.lakehouse.client.region,eu-south-2)
[2026-06-03T16:14:05.255+0000] {spark_submit.py:634} INFO - (spark.sql.catalog.lakehouse.io-impl,org.apache.iceberg.aws.s3.S3FileIO)
[2026-06-03T16:14:05.255+0000] {spark_submit.py:634} INFO - (spark.sql.catalog.lakehouse.type,rest)
[2026-06-03T16:14:05.256+0000] {spark_submit.py:634} INFO - (spark.sql.catalog.lakehouse.uri,http://iceberg-rest:8181)
[2026-06-03T16:14:05.256+0000] {spark_submit.py:634} INFO - (spark.sql.catalog.lakehouse.warehouse,s3://warehouse/)
[2026-06-03T16:14:05.256+0000] {spark_submit.py:634} INFO - (spark.sql.defaultCatalog,lakehouse)
[2026-06-03T16:14:05.257+0000] {spark_submit.py:634} INFO - (spark.sql.extensions,org.apache.iceberg.spark.extensions.IcebergSparkSessionExtensions)
[2026-06-03T16:14:05.257+0000] {spark_submit.py:634} INFO - (spark.sql.shuffle.partitions,4)
[2026-06-03T16:14:05.257+0000] {spark_submit.py:634} INFO - (spark.submit.deployMode,client)
[2026-06-03T16:14:05.258+0000] {spark_submit.py:634} INFO - (spark.submit.pyFiles,/home/***/.ivy2.5.2/jars/org.apache.iceberg_iceberg-spark-runtime-4.1_2.13-1.11.0.jar,/home/***/.ivy2.5.2/jars/org.apache.iceberg_iceberg-aws-bundle-1.11.0.jar,/home/***/.ivy2.5.2/jars/software.amazon.awssdk_bundle-2.29.52.jar,/home/***/.ivy2.5.2/jars/software.amazon.awssdk_url-connection-client-2.29.52.jar,/home/***/.ivy2.5.2/jars/software.amazon.awssdk_utils-2.29.52.jar,/home/***/.ivy2.5.2/jars/software.amazon.awssdk_annotations-2.29.52.jar,/home/***/.ivy2.5.2/jars/software.amazon.awssdk_http-client-spi-2.29.52.jar,/home/***/.ivy2.5.2/jars/org.reactivestreams_reactive-streams-1.0.4.jar,/home/***/.ivy2.5.2/jars/org.slf4j_slf4j-api-1.7.36.jar,/home/***/.ivy2.5.2/jars/software.amazon.awssdk_metrics-spi-2.29.52.jar)
[2026-06-03T16:14:05.258+0000] {spark_submit.py:634} INFO - Classpath elements:
[2026-06-03T16:14:05.259+0000] {spark_submit.py:634} INFO - file:///home/***/.ivy2.5.2/jars/org.apache.iceberg_iceberg-spark-runtime-4.1_2.13-1.11.0.jar
[2026-06-03T16:14:05.259+0000] {spark_submit.py:634} INFO - file:///home/***/.ivy2.5.2/jars/org.apache.iceberg_iceberg-aws-bundle-1.11.0.jar
[2026-06-03T16:14:05.259+0000] {spark_submit.py:634} INFO - file:///home/***/.ivy2.5.2/jars/software.amazon.awssdk_bundle-2.29.52.jar
[2026-06-03T16:14:05.260+0000] {spark_submit.py:634} INFO - file:///home/***/.ivy2.5.2/jars/software.amazon.awssdk_url-connection-client-2.29.52.jar
[2026-06-03T16:14:05.260+0000] {spark_submit.py:634} INFO - file:///home/***/.ivy2.5.2/jars/software.amazon.awssdk_utils-2.29.52.jar
[2026-06-03T16:14:05.260+0000] {spark_submit.py:634} INFO - file:///home/***/.ivy2.5.2/jars/software.amazon.awssdk_annotations-2.29.52.jar
[2026-06-03T16:14:05.261+0000] {spark_submit.py:634} INFO - file:///home/***/.ivy2.5.2/jars/software.amazon.awssdk_http-client-spi-2.29.52.jar
[2026-06-03T16:14:05.261+0000] {spark_submit.py:634} INFO - file:///home/***/.ivy2.5.2/jars/org.reactivestreams_reactive-streams-1.0.4.jar
[2026-06-03T16:14:05.261+0000] {spark_submit.py:634} INFO - file:///home/***/.ivy2.5.2/jars/org.slf4j_slf4j-api-1.7.36.jar
[2026-06-03T16:14:05.262+0000] {spark_submit.py:634} INFO - file:///home/***/.ivy2.5.2/jars/software.amazon.awssdk_metrics-spi-2.29.52.jar
[2026-06-03T16:14:05.262+0000] {spark_submit.py:634} INFO - 
[2026-06-03T16:14:05.262+0000] {spark_submit.py:634} INFO - 
[2026-06-03T16:14:29.338+0000] {spark_submit.py:634} INFO - Using Spark's default log4j profile: org/apache/spark/log4j2-defaults.properties
[2026-06-03T16:14:29.347+0000] {spark_submit.py:634} INFO - 26/06/03 16:14:29 INFO SparkContext: Running Spark version 4.1.2
[2026-06-03T16:14:29.348+0000] {spark_submit.py:634} INFO - 26/06/03 16:14:29 INFO SparkContext: OS info Linux, 6.17.0-35-generic, amd64
[2026-06-03T16:14:29.348+0000] {spark_submit.py:634} INFO - 26/06/03 16:14:29 INFO SparkContext: Java version 17.0.19+10-1-deb12u2-Debian
[2026-06-03T16:14:29.398+0000] {spark_submit.py:634} INFO - 26/06/03 16:14:29 INFO ResourceUtils: ==============================================================
[2026-06-03T16:14:29.399+0000] {spark_submit.py:634} INFO - 26/06/03 16:14:29 INFO ResourceUtils: No custom resources configured for spark.driver.
[2026-06-03T16:14:29.400+0000] {spark_submit.py:634} INFO - 26/06/03 16:14:29 INFO ResourceUtils: ==============================================================
[2026-06-03T16:14:29.400+0000] {spark_submit.py:634} INFO - 26/06/03 16:14:29 INFO SparkContext: Submitted application: train_model_lakehouse
[2026-06-03T16:14:29.497+0000] {spark_submit.py:634} INFO - 26/06/03 16:14:29 INFO SecurityManager: Changing view acls to: ***
[2026-06-03T16:14:29.498+0000] {spark_submit.py:634} INFO - 26/06/03 16:14:29 INFO SecurityManager: Changing modify acls to: ***
[2026-06-03T16:14:29.498+0000] {spark_submit.py:634} INFO - 26/06/03 16:14:29 INFO SecurityManager: Changing view acls groups to: ***
[2026-06-03T16:14:29.499+0000] {spark_submit.py:634} INFO - 26/06/03 16:14:29 INFO SecurityManager: Changing modify acls groups to: ***
[2026-06-03T16:14:29.499+0000] {spark_submit.py:634} INFO - 26/06/03 16:14:29 INFO SecurityManager: SecurityManager: authentication disabled; ui acls disabled; users with view permissions: *** groups with view permissions: EMPTY; users with modify permissions: ***; groups with modify permissions: EMPTY; RPC SSL disabled
[2026-06-03T16:14:29.925+0000] {spark_submit.py:634} INFO - 26/06/03 16:14:29 INFO Utils: Successfully started service 'sparkDriver' on port 37473.
[2026-06-03T16:14:29.996+0000] {spark_submit.py:634} INFO - 26/06/03 16:14:29 INFO SparkEnv: Registering MapOutputTracker
[2026-06-03T16:14:30.030+0000] {spark_submit.py:634} INFO - 26/06/03 16:14:30 INFO SparkEnv: Registering BlockManagerMaster
[2026-06-03T16:14:30.071+0000] {spark_submit.py:634} INFO - 26/06/03 16:14:30 INFO BlockManagerMasterEndpoint: Using org.apache.spark.storage.DefaultTopologyMapper for getting topology information
[2026-06-03T16:14:30.071+0000] {spark_submit.py:634} INFO - 26/06/03 16:14:30 INFO BlockManagerMasterEndpoint: BlockManagerMasterEndpoint up
[2026-06-03T16:14:30.077+0000] {spark_submit.py:634} INFO - 26/06/03 16:14:30 INFO SparkEnv: Registering BlockManagerMasterHeartbeat
[2026-06-03T16:14:30.119+0000] {spark_submit.py:634} INFO - 26/06/03 16:14:30 INFO DiskBlockManager: Created local directory at /tmp/blockmgr-68068888-08e4-4267-86cc-5703fcf26568
[2026-06-03T16:14:30.167+0000] {spark_submit.py:634} INFO - 26/06/03 16:14:30 INFO SparkEnv: Registering OutputCommitCoordinator
[2026-06-03T16:14:30.700+0000] {spark_submit.py:634} INFO - 26/06/03 16:14:30 INFO JettyUtils: Start Jetty 0.0.0.0:4040 for SparkUI
[2026-06-03T16:14:30.887+0000] {spark_submit.py:634} INFO - 26/06/03 16:14:30 INFO Utils: Successfully started service 'SparkUI' on port 4040.
[2026-06-03T16:14:30.952+0000] {spark_submit.py:634} INFO - 26/06/03 16:14:30 INFO SparkContext: Added JAR file:///home/***/.ivy2.5.2/jars/org.apache.iceberg_iceberg-spark-runtime-4.1_2.13-1.11.0.jar at spark://c1f40ae5df0c:37473/jars/org.apache.iceberg_iceberg-spark-runtime-4.1_2.13-1.11.0.jar with timestamp 1780503269324
[2026-06-03T16:14:30.953+0000] {spark_submit.py:634} INFO - 26/06/03 16:14:30 INFO SparkContext: Added JAR file:///home/***/.ivy2.5.2/jars/org.apache.iceberg_iceberg-aws-bundle-1.11.0.jar at spark://c1f40ae5df0c:37473/jars/org.apache.iceberg_iceberg-aws-bundle-1.11.0.jar with timestamp 1780503269324
[2026-06-03T16:14:30.953+0000] {spark_submit.py:634} INFO - 26/06/03 16:14:30 INFO SparkContext: Added JAR file:///home/***/.ivy2.5.2/jars/software.amazon.awssdk_bundle-2.29.52.jar at spark://c1f40ae5df0c:37473/jars/software.amazon.awssdk_bundle-2.29.52.jar with timestamp 1780503269324
[2026-06-03T16:14:30.954+0000] {spark_submit.py:634} INFO - 26/06/03 16:14:30 INFO SparkContext: Added JAR file:///home/***/.ivy2.5.2/jars/software.amazon.awssdk_url-connection-client-2.29.52.jar at spark://c1f40ae5df0c:37473/jars/software.amazon.awssdk_url-connection-client-2.29.52.jar with timestamp 1780503269324
[2026-06-03T16:14:30.954+0000] {spark_submit.py:634} INFO - 26/06/03 16:14:30 INFO SparkContext: Added JAR file:///home/***/.ivy2.5.2/jars/software.amazon.awssdk_utils-2.29.52.jar at spark://c1f40ae5df0c:37473/jars/software.amazon.awssdk_utils-2.29.52.jar with timestamp 1780503269324
[2026-06-03T16:14:30.955+0000] {spark_submit.py:634} INFO - 26/06/03 16:14:30 INFO SparkContext: Added JAR file:///home/***/.ivy2.5.2/jars/software.amazon.awssdk_annotations-2.29.52.jar at spark://c1f40ae5df0c:37473/jars/software.amazon.awssdk_annotations-2.29.52.jar with timestamp 1780503269324
[2026-06-03T16:14:30.955+0000] {spark_submit.py:634} INFO - 26/06/03 16:14:30 INFO SparkContext: Added JAR file:///home/***/.ivy2.5.2/jars/software.amazon.awssdk_http-client-spi-2.29.52.jar at spark://c1f40ae5df0c:37473/jars/software.amazon.awssdk_http-client-spi-2.29.52.jar with timestamp 1780503269324
[2026-06-03T16:14:30.956+0000] {spark_submit.py:634} INFO - 26/06/03 16:14:30 INFO SparkContext: Added JAR file:///home/***/.ivy2.5.2/jars/org.reactivestreams_reactive-streams-1.0.4.jar at spark://c1f40ae5df0c:37473/jars/org.reactivestreams_reactive-streams-1.0.4.jar with timestamp 1780503269324
[2026-06-03T16:14:30.956+0000] {spark_submit.py:634} INFO - 26/06/03 16:14:30 INFO SparkContext: Added JAR file:///home/***/.ivy2.5.2/jars/org.slf4j_slf4j-api-1.7.36.jar at spark://c1f40ae5df0c:37473/jars/org.slf4j_slf4j-api-1.7.36.jar with timestamp 1780503269324
[2026-06-03T16:14:30.957+0000] {spark_submit.py:634} INFO - 26/06/03 16:14:30 INFO SparkContext: Added JAR file:///home/***/.ivy2.5.2/jars/software.amazon.awssdk_metrics-spi-2.29.52.jar at spark://c1f40ae5df0c:37473/jars/software.amazon.awssdk_metrics-spi-2.29.52.jar with timestamp 1780503269324
[2026-06-03T16:14:30.962+0000] {spark_submit.py:634} INFO - 26/06/03 16:14:30 INFO SparkContext: Added file file:///home/***/.ivy2.5.2/jars/org.apache.iceberg_iceberg-spark-runtime-4.1_2.13-1.11.0.jar at spark://c1f40ae5df0c:37473/files/org.apache.iceberg_iceberg-spark-runtime-4.1_2.13-1.11.0.jar with timestamp 1780503269324
[2026-06-03T16:14:30.964+0000] {spark_submit.py:634} INFO - 26/06/03 16:14:30 INFO Utils: Copying /home/***/.ivy2.5.2/jars/org.apache.iceberg_iceberg-spark-runtime-4.1_2.13-1.11.0.jar to /tmp/spark-82623311-ec23-4526-88ee-4fc8c6eec103/userFiles-680b40a9-891b-47d3-b639-df04b0b7ecd8/org.apache.iceberg_iceberg-spark-runtime-4.1_2.13-1.11.0.jar
[2026-06-03T16:14:31.324+0000] {spark_submit.py:634} INFO - 26/06/03 16:14:31 INFO SparkContext: Added file file:///home/***/.ivy2.5.2/jars/org.apache.iceberg_iceberg-aws-bundle-1.11.0.jar at spark://c1f40ae5df0c:37473/files/org.apache.iceberg_iceberg-aws-bundle-1.11.0.jar with timestamp 1780503269324
[2026-06-03T16:14:31.328+0000] {spark_submit.py:634} INFO - 26/06/03 16:14:31 INFO Utils: Copying /home/***/.ivy2.5.2/jars/org.apache.iceberg_iceberg-aws-bundle-1.11.0.jar to /tmp/spark-82623311-ec23-4526-88ee-4fc8c6eec103/userFiles-680b40a9-891b-47d3-b639-df04b0b7ecd8/org.apache.iceberg_iceberg-aws-bundle-1.11.0.jar
[2026-06-03T16:14:31.725+0000] {spark_submit.py:634} INFO - 26/06/03 16:14:31 INFO SparkContext: Added file file:///home/***/.ivy2.5.2/jars/software.amazon.awssdk_bundle-2.29.52.jar at spark://c1f40ae5df0c:37473/files/software.amazon.awssdk_bundle-2.29.52.jar with timestamp 1780503269324
[2026-06-03T16:14:31.727+0000] {spark_submit.py:634} INFO - 26/06/03 16:14:31 INFO Utils: Copying /home/***/.ivy2.5.2/jars/software.amazon.awssdk_bundle-2.29.52.jar to /tmp/spark-82623311-ec23-4526-88ee-4fc8c6eec103/userFiles-680b40a9-891b-47d3-b639-df04b0b7ecd8/software.amazon.awssdk_bundle-2.29.52.jar
[2026-06-03T16:14:39.613+0000] {spark_submit.py:634} INFO - 26/06/03 16:14:39 INFO SparkContext: Added file file:///home/***/.ivy2.5.2/jars/software.amazon.awssdk_url-connection-client-2.29.52.jar at spark://c1f40ae5df0c:37473/files/software.amazon.awssdk_url-connection-client-2.29.52.jar with timestamp 1780503269324
[2026-06-03T16:14:39.650+0000] {spark_submit.py:634} INFO - 26/06/03 16:14:39 INFO Utils: Copying /home/***/.ivy2.5.2/jars/software.amazon.awssdk_url-connection-client-2.29.52.jar to /tmp/spark-82623311-ec23-4526-88ee-4fc8c6eec103/userFiles-680b40a9-891b-47d3-b639-df04b0b7ecd8/software.amazon.awssdk_url-connection-client-2.29.52.jar
[2026-06-03T16:14:39.652+0000] {spark_submit.py:634} INFO - 26/06/03 16:14:39 INFO SparkContext: Added file file:///home/***/.ivy2.5.2/jars/software.amazon.awssdk_utils-2.29.52.jar at spark://c1f40ae5df0c:37473/files/software.amazon.awssdk_utils-2.29.52.jar with timestamp 1780503269324
[2026-06-03T16:14:39.653+0000] {spark_submit.py:634} INFO - 26/06/03 16:14:39 INFO Utils: Copying /home/***/.ivy2.5.2/jars/software.amazon.awssdk_utils-2.29.52.jar to /tmp/spark-82623311-ec23-4526-88ee-4fc8c6eec103/userFiles-680b40a9-891b-47d3-b639-df04b0b7ecd8/software.amazon.awssdk_utils-2.29.52.jar
[2026-06-03T16:14:39.677+0000] {spark_submit.py:634} INFO - 26/06/03 16:14:39 INFO SparkContext: Added file file:///home/***/.ivy2.5.2/jars/software.amazon.awssdk_annotations-2.29.52.jar at spark://c1f40ae5df0c:37473/files/software.amazon.awssdk_annotations-2.29.52.jar with timestamp 1780503269324
[2026-06-03T16:14:39.679+0000] {spark_submit.py:634} INFO - 26/06/03 16:14:39 INFO Utils: Copying /home/***/.ivy2.5.2/jars/software.amazon.awssdk_annotations-2.29.52.jar to /tmp/spark-82623311-ec23-4526-88ee-4fc8c6eec103/userFiles-680b40a9-891b-47d3-b639-df04b0b7ecd8/software.amazon.awssdk_annotations-2.29.52.jar
[2026-06-03T16:14:39.700+0000] {spark_submit.py:634} INFO - 26/06/03 16:14:39 INFO SparkContext: Added file file:///home/***/.ivy2.5.2/jars/software.amazon.awssdk_http-client-spi-2.29.52.jar at spark://c1f40ae5df0c:37473/files/software.amazon.awssdk_http-client-spi-2.29.52.jar with timestamp 1780503269324
[2026-06-03T16:14:39.701+0000] {spark_submit.py:634} INFO - 26/06/03 16:14:39 INFO Utils: Copying /home/***/.ivy2.5.2/jars/software.amazon.awssdk_http-client-spi-2.29.52.jar to /tmp/spark-82623311-ec23-4526-88ee-4fc8c6eec103/userFiles-680b40a9-891b-47d3-b639-df04b0b7ecd8/software.amazon.awssdk_http-client-spi-2.29.52.jar
[2026-06-03T16:14:39.722+0000] {spark_submit.py:634} INFO - 26/06/03 16:14:39 INFO SparkContext: Added file file:///home/***/.ivy2.5.2/jars/org.reactivestreams_reactive-streams-1.0.4.jar at spark://c1f40ae5df0c:37473/files/org.reactivestreams_reactive-streams-1.0.4.jar with timestamp 1780503269324
[2026-06-03T16:14:39.723+0000] {spark_submit.py:634} INFO - 26/06/03 16:14:39 INFO Utils: Copying /home/***/.ivy2.5.2/jars/org.reactivestreams_reactive-streams-1.0.4.jar to /tmp/spark-82623311-ec23-4526-88ee-4fc8c6eec103/userFiles-680b40a9-891b-47d3-b639-df04b0b7ecd8/org.reactivestreams_reactive-streams-1.0.4.jar
[2026-06-03T16:14:39.743+0000] {spark_submit.py:634} INFO - 26/06/03 16:14:39 INFO SparkContext: Added file file:///home/***/.ivy2.5.2/jars/org.slf4j_slf4j-api-1.7.36.jar at spark://c1f40ae5df0c:37473/files/org.slf4j_slf4j-api-1.7.36.jar with timestamp 1780503269324
[2026-06-03T16:14:39.744+0000] {spark_submit.py:634} INFO - 26/06/03 16:14:39 INFO Utils: Copying /home/***/.ivy2.5.2/jars/org.slf4j_slf4j-api-1.7.36.jar to /tmp/spark-82623311-ec23-4526-88ee-4fc8c6eec103/userFiles-680b40a9-891b-47d3-b639-df04b0b7ecd8/org.slf4j_slf4j-api-1.7.36.jar
[2026-06-03T16:14:39.767+0000] {spark_submit.py:634} INFO - 26/06/03 16:14:39 INFO SparkContext: Added file file:///home/***/.ivy2.5.2/jars/software.amazon.awssdk_metrics-spi-2.29.52.jar at spark://c1f40ae5df0c:37473/files/software.amazon.awssdk_metrics-spi-2.29.52.jar with timestamp 1780503269324
[2026-06-03T16:14:39.768+0000] {spark_submit.py:634} INFO - 26/06/03 16:14:39 INFO Utils: Copying /home/***/.ivy2.5.2/jars/software.amazon.awssdk_metrics-spi-2.29.52.jar to /tmp/spark-82623311-ec23-4526-88ee-4fc8c6eec103/userFiles-680b40a9-891b-47d3-b639-df04b0b7ecd8/software.amazon.awssdk_metrics-spi-2.29.52.jar
[2026-06-03T16:14:39.959+0000] {spark_submit.py:634} INFO - 26/06/03 16:14:39 INFO ResourceProfile: Default ResourceProfile created, executor resources: Map(cores -> name: cores, amount: 1, script: , vendor: , memory -> name: memory, amount: 1024, script: , vendor: , offHeap -> name: offHeap, amount: 0, script: , vendor: ), task resources: Map(cpus -> name: cpus, amount: 1.0)
[2026-06-03T16:14:39.973+0000] {spark_submit.py:634} INFO - 26/06/03 16:14:39 INFO ResourceProfile: Limiting resource is cpus at 1 tasks per executor
[2026-06-03T16:14:39.979+0000] {spark_submit.py:634} INFO - 26/06/03 16:14:39 INFO ResourceProfileManager: Added ResourceProfile id: 0
[2026-06-03T16:14:40.053+0000] {spark_submit.py:634} INFO - 26/06/03 16:14:40 INFO SecurityManager: Changing view acls to: ***
[2026-06-03T16:14:40.054+0000] {spark_submit.py:634} INFO - 26/06/03 16:14:40 INFO SecurityManager: Changing modify acls to: ***
[2026-06-03T16:14:40.055+0000] {spark_submit.py:634} INFO - 26/06/03 16:14:40 INFO SecurityManager: Changing view acls groups to: ***
[2026-06-03T16:14:40.057+0000] {spark_submit.py:634} INFO - 26/06/03 16:14:40 INFO SecurityManager: Changing modify acls groups to: ***
[2026-06-03T16:14:40.057+0000] {spark_submit.py:634} INFO - 26/06/03 16:14:40 INFO SecurityManager: SecurityManager: authentication disabled; ui acls disabled; users with view permissions: *** groups with view permissions: EMPTY; users with modify permissions: ***; groups with modify permissions: EMPTY; RPC SSL disabled
[2026-06-03T16:14:40.730+0000] {spark_submit.py:634} INFO - 26/06/03 16:14:40 INFO StandaloneAppClient$ClientEndpoint: Connecting to master spark://spark-master:7077...
[2026-06-03T16:14:40.937+0000] {spark_submit.py:634} INFO - 26/06/03 16:14:40 INFO TransportClientFactory: Successfully created connection to spark-master/172.18.0.2:7077 after 69 ms (0 ms spent in bootstraps)
[2026-06-03T16:14:41.276+0000] {spark_submit.py:634} INFO - 26/06/03 16:14:41 INFO StandaloneSchedulerBackend: Connected to Spark cluster with app ID app-20260603161441-0003
[2026-06-03T16:14:41.292+0000] {spark_submit.py:634} INFO - 26/06/03 16:14:41 INFO Utils: Successfully started service 'org.apache.spark.network.netty.NettyBlockTransferService' on port 39809.
[2026-06-03T16:14:41.293+0000] {spark_submit.py:634} INFO - 26/06/03 16:14:41 INFO NettyBlockTransferService: Server created on c1f40ae5df0c:39809
[2026-06-03T16:14:41.296+0000] {spark_submit.py:634} INFO - 26/06/03 16:14:41 INFO BlockManager: Using org.apache.spark.storage.RandomBlockReplicationPolicy for block replication policy
[2026-06-03T16:14:41.322+0000] {spark_submit.py:634} INFO - 26/06/03 16:14:41 INFO BlockManagerMaster: Registering BlockManager BlockManagerId(driver, c1f40ae5df0c, 39809, None)
[2026-06-03T16:14:41.334+0000] {spark_submit.py:634} INFO - 26/06/03 16:14:41 INFO BlockManagerMasterEndpoint: Registering block manager c1f40ae5df0c:39809 with 434.4 MiB RAM, BlockManagerId(driver, c1f40ae5df0c, 39809, None)
[2026-06-03T16:14:41.337+0000] {spark_submit.py:634} INFO - 26/06/03 16:14:41 INFO BlockManagerMaster: Registered BlockManager BlockManagerId(driver, c1f40ae5df0c, 39809, None)
[2026-06-03T16:14:41.339+0000] {spark_submit.py:634} INFO - 26/06/03 16:14:41 INFO BlockManager: Initialized BlockManager: BlockManagerId(driver, c1f40ae5df0c, 39809, None)
[2026-06-03T16:14:41.690+0000] {spark_submit.py:634} INFO - 26/06/03 16:14:41 INFO StandaloneSchedulerBackend: SchedulerBackend is ready for scheduling beginning after reached minRegisteredResourcesRatio: 0.0
[2026-06-03T16:38:08.143+0000] {spark_submit.py:634} INFO - 26/06/03 16:38:08 WARN NettyRpcEnv: Ignored failure: java.util.concurrent.TimeoutException: Cannot receive any reply from c1f40ae5df0c:37473 in 600 seconds
[2026-06-03T16:38:08.506+0000] {spark_submit.py:634} INFO - 26/06/03 16:38:08 INFO StandaloneAppClient$ClientEndpoint: Master removed worker worker-20260603155850-172.18.0.7-43987: Not receiving heartbeat for 60 seconds
[2026-06-03T16:38:08.507+0000] {spark_submit.py:634} INFO - 26/06/03 16:38:08 INFO StandaloneSchedulerBackend: Worker worker-20260603155850-172.18.0.7-43987 removed: Not receiving heartbeat for 60 seconds
[2026-06-03T16:38:08.507+0000] {spark_submit.py:634} INFO - 26/06/03 16:38:08 INFO StandaloneAppClient$ClientEndpoint: Master removed worker worker-20260603155851-172.18.0.9-45921: Not receiving heartbeat for 60 seconds
[2026-06-03T16:38:08.507+0000] {spark_submit.py:634} INFO - 26/06/03 16:38:08 INFO StandaloneSchedulerBackend: Worker worker-20260603155851-172.18.0.9-45921 removed: Not receiving heartbeat for 60 seconds
[2026-06-03T16:38:08.516+0000] {spark_submit.py:634} INFO - 26/06/03 16:38:08 INFO TaskSchedulerImpl: Handle removed worker worker-20260603155850-172.18.0.7-43987: Not receiving heartbeat for 60 seconds
[2026-06-03T16:38:08.611+0000] {spark_submit.py:634} INFO - 26/06/03 16:38:08 INFO TaskSchedulerImpl: Handle removed worker worker-20260603155851-172.18.0.9-45921: Not receiving heartbeat for 60 seconds
[2026-06-03T16:38:08.759+0000] {spark_submit.py:634} INFO - 26/06/03 16:38:08 INFO DAGScheduler: Shuffle files lost for worker worker-20260603155850-172.18.0.7-43987 on host 172.18.0.7
[2026-06-03T16:38:09.237+0000] {spark_submit.py:634} INFO - 26/06/03 16:38:08 INFO DAGScheduler: Shuffle files lost for worker worker-20260603155851-172.18.0.9-45921 on host 172.18.0.9
[2026-06-03T16:38:09.880+0000] {job.py:229} INFO - Heartbeat recovered after 1399.44 seconds
[2026-06-03T16:38:11.756+0000] {spark_submit.py:634} INFO - 26/06/03 16:38:11 INFO SharedState: Setting hive.metastore.warehouse.dir ('null') to the value of spark.sql.warehouse.dir.
[2026-06-03T16:38:11.762+0000] {spark_submit.py:634} INFO - 26/06/03 16:38:11 INFO SharedState: Warehouse path is 'file:/opt/***/spark-warehouse'.
[2026-06-03T16:38:13.170+0000] {spark_submit.py:634} INFO - 2026/06/03 16:38:13 INFO mlflow.tracking.fluent: Experiment with name '/flight_prediction/train_model_lakehouse' does not exist. Creating a new experiment.
[2026-06-03T16:38:13.670+0000] {spark_submit.py:634} INFO - 2026/06/03 16:38:13 WARNING mlflow.utils.git_utils: Failed to import Git (the Git executable is probably not on your PATH), so Git SHA is not available. Error: Failed to initialize: Bad git executable.
[2026-06-03T16:38:13.671+0000] {spark_submit.py:634} INFO - The git executable must be specified in one of the following ways:
[2026-06-03T16:38:13.672+0000] {spark_submit.py:634} INFO - - be included in your $PATH
[2026-06-03T16:38:13.672+0000] {spark_submit.py:634} INFO - - be set via $GIT_PYTHON_GIT_EXECUTABLE
[2026-06-03T16:38:13.673+0000] {spark_submit.py:634} INFO - - explicitly set via git.refresh(<full-path-to-git-executable>)
[2026-06-03T16:38:13.673+0000] {spark_submit.py:634} INFO - 
[2026-06-03T16:38:13.674+0000] {spark_submit.py:634} INFO - All git commands will error until this is rectified.
[2026-06-03T16:38:13.675+0000] {spark_submit.py:634} INFO - 
[2026-06-03T16:38:13.675+0000] {spark_submit.py:634} INFO - This initial message can be silenced or aggravated in the future by setting the
[2026-06-03T16:38:13.676+0000] {spark_submit.py:634} INFO - $GIT_PYTHON_REFRESH environment variable. Use one of the following values:
[2026-06-03T16:38:13.677+0000] {spark_submit.py:634} INFO - - quiet|q|silence|s|silent|none|n|0: for no message or exception
[2026-06-03T16:38:13.677+0000] {spark_submit.py:634} INFO - - warn|w|warning|log|l|1: for a warning message (logging level CRITICAL, displayed by default)
[2026-06-03T16:38:13.678+0000] {spark_submit.py:634} INFO - - error|e|exception|raise|r|2: for a raised exception
[2026-06-03T16:38:13.678+0000] {spark_submit.py:634} INFO - 
[2026-06-03T16:38:13.679+0000] {spark_submit.py:634} INFO - Example:
[2026-06-03T16:38:13.679+0000] {spark_submit.py:634} INFO - export GIT_PYTHON_REFRESH=quiet
[2026-06-03T16:38:13.680+0000] {spark_submit.py:634} INFO - 
[2026-06-03T16:50:32.541+0000] {job.py:229} INFO - Heartbeat recovered after 743.93 seconds
[2026-06-03T16:50:37.931+0000] {spark_submit.py:634} INFO - 26/06/03 16:50:37 INFO AuthManagers: Loading AuthManager implementation: org.apache.iceberg.rest.auth.NoopAuthManager
[2026-06-03T16:50:40.930+0000] {spark_submit.py:634} INFO - 26/06/03 16:50:40 INFO CatalogUtil: Loading custom FileIO implementation: org.apache.iceberg.aws.s3.S3FileIO
[2026-06-03T16:50:41.626+0000] {spark_submit.py:634} INFO - 🏃 View run skittish-panda-99 at: http://mlflow:5000/#/experiments/1/runs/9e8af501011d40f493f76c0e883d81d5
[2026-06-03T16:50:41.626+0000] {spark_submit.py:634} INFO - 🧪 View experiment at: http://mlflow:5000/#/experiments/1
[2026-06-03T16:50:41.726+0000] {spark_submit.py:634} INFO - Traceback (most recent call last):
[2026-06-03T16:50:41.727+0000] {spark_submit.py:634} INFO - File "/workspace/resources/train_model_lakehouse.py", line 127, in <module>
[2026-06-03T16:50:41.728+0000] {spark_submit.py:634} INFO - main()
[2026-06-03T16:50:41.728+0000] {spark_submit.py:634} INFO - File "/workspace/resources/train_model_lakehouse.py", line 52, in main
[2026-06-03T16:50:41.729+0000] {spark_submit.py:634} INFO - spark.sql("USE lakehouse.training_data")
[2026-06-03T16:50:41.729+0000] {spark_submit.py:634} INFO - File "/opt/spark/python/lib/pyspark.zip/pyspark/sql/session.py", line 1816, in sql
[2026-06-03T16:50:41.734+0000] {spark_submit.py:634} INFO - File "/opt/spark/python/lib/py4j-0.10.9.9-src.zip/py4j/java_gateway.py", line 1362, in __call__
[2026-06-03T16:50:41.736+0000] {spark_submit.py:634} INFO - File "/opt/spark/python/lib/pyspark.zip/pyspark/errors/exceptions/captured.py", line 269, in deco
[2026-06-03T16:50:41.741+0000] {spark_submit.py:634} INFO - pyspark.errors.exceptions.captured.IllegalArgumentException: Cannot initialize FileIO implementation org.apache.iceberg.aws.s3.S3FileIO: Cannot find constructor for interface org.apache.iceberg.io.FileIO
[2026-06-03T16:50:41.742+0000] {spark_submit.py:634} INFO - Missing org.apache.iceberg.aws.s3.S3FileIO [java.lang.NoClassDefFoundError: software/amazon/awssdk/core/exception/SdkException]
[2026-06-03T16:50:45.966+0000] {spark_submit.py:634} INFO - 26/06/03 16:50:45 INFO SparkContext: Invoking stop() from shutdown hook
[2026-06-03T16:50:45.969+0000] {spark_submit.py:634} INFO - 26/06/03 16:50:45 INFO SparkContext: SparkContext is stopping with exitCode 0 from run at Executors.java:539.
[2026-06-03T16:50:45.983+0000] {spark_submit.py:634} INFO - 26/06/03 16:50:45 INFO SparkUI: Stopped Spark web UI at http://c1f40ae5df0c:4040
[2026-06-03T16:50:45.988+0000] {spark_submit.py:634} INFO - 26/06/03 16:50:45 INFO StandaloneSchedulerBackend: Shutting down all executors
[2026-06-03T16:50:45.998+0000] {spark_submit.py:634} INFO - 26/06/03 16:50:45 INFO StandaloneSchedulerBackend$StandaloneDriverEndpoint: Asking each executor to shut down
[2026-06-03T16:50:46.033+0000] {spark_submit.py:634} INFO - 26/06/03 16:50:46 INFO MapOutputTrackerMasterEndpoint: MapOutputTrackerMasterEndpoint stopped!
[2026-06-03T16:50:46.083+0000] {spark_submit.py:634} INFO - 26/06/03 16:50:46 INFO MemoryStore: MemoryStore started with capacity 434.4 MiB
[2026-06-03T16:50:46.085+0000] {spark_submit.py:634} INFO - 26/06/03 16:50:46 INFO MemoryStore: MemoryStore cleared
[2026-06-03T16:50:46.085+0000] {spark_submit.py:634} INFO - 26/06/03 16:50:46 INFO BlockManager: BlockManager stopped
[2026-06-03T16:50:46.098+0000] {spark_submit.py:634} INFO - 26/06/03 16:50:46 INFO BlockManagerMaster: BlockManagerMaster stopped
[2026-06-03T16:50:46.102+0000] {spark_submit.py:634} INFO - 26/06/03 16:50:46 INFO OutputCommitCoordinator$OutputCommitCoordinatorEndpoint: OutputCommitCoordinator stopped!
[2026-06-03T16:50:46.129+0000] {spark_submit.py:634} INFO - 26/06/03 16:50:46 INFO SparkContext: Successfully stopped SparkContext (Uptime: 2176805 ms)
[2026-06-03T16:50:46.297+0000] {taskinstance.py:340} INFO - ::group::Post task execution logs
[2026-06-03T16:50:46.343+0000] {local_task_job_runner.py:266} INFO - Task exited with return code 0
[2026-06-03T16:50:46.441+0000] {taskinstance.py:3895} INFO - 0 downstream tasks scheduled from follow-on schedule check
[2026-06-03T16:50:46.443+0000] {local_task_job_runner.py:245} INFO - ::endgroup::
[2026-06-03T16:55:20.013+0000] {executor_loader.py:254} INFO - Loaded executor: LocalExecutor
[2026-06-03T16:55:20.232+0000] {logging_mixin.py:190} INFO - Sending to executor.
[2026-06-03T16:55:20.234+0000] {base_executor.py:169} INFO - Adding to queue: ['***', 'tasks', 'run', 'train_model_lakehouse', 'train_model', 'manual__2026-06-03T16:08:43.100861+00:00', '--local', '--pool', 'default_pool', '--subdir', 'DAGS_FOLDER/train_model_lakehouse_dag.py']
[2026-06-03T16:55:20.238+0000] {local_executor.py:423} INFO - Shutting down LocalExecutor; waiting for running tasks to finish.  Signal again if you don't want to wait.
[2026-06-03T16:55:20.238+0000] {local_executor.py:93} INFO - QueuedLocalWorker running ['***', 'tasks', 'run', 'train_model_lakehouse', 'train_model', 'manual__2026-06-03T16:08:43.100861+00:00', '--local', '--pool', 'default_pool', '--subdir', 'DAGS_FOLDER/train_model_lakehouse_dag.py']
[2026-06-03T16:55:20.286+0000] {dagbag.py:588} INFO - Filling up the DagBag from /opt/***/dags/train_model_lakehouse_dag.py
[2026-06-03T16:55:20.345+0000] {task_command.py:467} INFO - Running <TaskInstance: train_model_lakehouse.train_model manual__2026-06-03T16:08:43.100861+00:00 [failed]> on host 4c794c580223
[2026-06-03T16:55:20.427+0000] {local_task_job_runner.py:123} INFO - ::group::Pre task execution logs
[2026-06-03T16:55:20.452+0000] {taskinstance.py:2603} INFO - Dependencies not met for <TaskInstance: train_model_lakehouse.train_model manual__2026-06-03T16:08:43.100861+00:00 [failed]>, dependency 'Task Instance State' FAILED: Task is in the 'failed' state.
[2026-06-03T16:55:20.455+0000] {local_task_job_runner.py:166} INFO - Task is not able to be run
