[2026-06-03T14:35:42.138+0000] {local_task_job_runner.py:123} INFO - ::group::Pre task execution logs
[2026-06-03T14:35:42.161+0000] {taskinstance.py:2613} INFO - Dependencies all met for dep_context=non-requeueable deps ti=<TaskInstance: train_model_lakehouse.train_model manual__2026-06-03T14:35:40.842311+00:00 [queued]>
[2026-06-03T14:35:42.170+0000] {taskinstance.py:2613} INFO - Dependencies all met for dep_context=requeueable deps ti=<TaskInstance: train_model_lakehouse.train_model manual__2026-06-03T14:35:40.842311+00:00 [queued]>
[2026-06-03T14:35:42.170+0000] {taskinstance.py:2866} INFO - Starting attempt 1 of 1
[2026-06-03T14:35:42.215+0000] {taskinstance.py:2889} INFO - Executing <Task(SparkSubmitOperator): train_model> on 2026-06-03 14:35:40.842311+00:00
[2026-06-03T14:35:42.222+0000] {standard_task_runner.py:72} INFO - Started process 242 to run task
[2026-06-03T14:35:42.227+0000] {standard_task_runner.py:104} INFO - Running: ['***', 'tasks', 'run', 'train_model_lakehouse', 'train_model', 'manual__2026-06-03T14:35:40.842311+00:00', '--job-id', '23', '--raw', '--subdir', 'DAGS_FOLDER/train_model_lakehouse_dag.py', '--cfg-path', '/tmp/tmplilirgee']
[2026-06-03T14:35:42.229+0000] {standard_task_runner.py:105} INFO - Job 23: Subtask train_model
[2026-06-03T14:35:42.301+0000] {task_command.py:467} INFO - Running <TaskInstance: train_model_lakehouse.train_model manual__2026-06-03T14:35:40.842311+00:00 [running]> on host 01ef42388acd
[2026-06-03T14:35:42.422+0000] {taskinstance.py:3132} INFO - Exporting env vars: AIRFLOW_CTX_DAG_OWNER='***' AIRFLOW_CTX_DAG_ID='train_model_lakehouse' AIRFLOW_CTX_TASK_ID='train_model' AIRFLOW_CTX_EXECUTION_DATE='2026-06-03T14:35:40.842311+00:00' AIRFLOW_CTX_TRY_NUMBER='1' AIRFLOW_CTX_DAG_RUN_ID='manual__2026-06-03T14:35:40.842311+00:00'
[2026-06-03T14:35:42.423+0000] {taskinstance.py:731} INFO - ::endgroup::
[2026-06-03T14:35:42.494+0000] {base.py:84} INFO - Retrieving connection 'spark_default'
[2026-06-03T14:35:42.498+0000] {spark_submit.py:473} INFO - Spark-Submit cmd: spark-submit --master spark://spark-master:7077 --conf spark.sql.extensions=org.apache.iceberg.spark.extensions.IcebergSparkSessionExtensions --conf spark.sql.catalog.lakehouse=org.apache.iceberg.spark.SparkCatalog --conf spark.sql.catalog.lakehouse.type=rest --conf spark.sql.catalog.lakehouse.uri=http://iceberg-rest:8181 --conf spark.sql.catalog.lakehouse.warehouse=s3://warehouse/ --conf spark.sql.catalog.lakehouse.io-impl=org.apache.iceberg.aws.s3.S3FileIO --conf spark.sql.catalog.lakehouse.client.region=eu-south-2 --conf spark.sql.catalog.lakehouse.s3.endpoint=http://minio:9000 --conf spark.sql.catalog.lakehouse.s3.access-key-id=admin --conf spark.sql.catalog.lakehouse.s3.secret-access-key=****** --conf spark.sql.catalog.lakehouse.s3.path-style-access=true --conf spark.sql.defaultCatalog=lakehouse --conf spark.hadoop.fs.s3a.endpoint=http://minio:9000 --conf spark.hadoop.fs.s3a.access.key=admin --conf spark.hadoop.fs.s3a.secret.key=****** --conf spark.hadoop.fs.s3a.path.style.access=true --conf spark.hadoop.fs.s3a.connection.ssl.enabled=false --name arrow-spark --verbose --deploy-mode client /workspace/resources/train_model_lakehouse.py --model-base s3a://warehouse/artifacts/models
[2026-06-03T14:35:44.382+0000] {spark_submit.py:634} INFO - Using properties file: null
[2026-06-03T14:35:44.498+0000] {spark_submit.py:634} INFO - Parsed arguments:
[2026-06-03T14:35:44.499+0000] {spark_submit.py:634} INFO - master                  spark://spark-master:7077
[2026-06-03T14:35:44.499+0000] {spark_submit.py:634} INFO - remote                  null
[2026-06-03T14:35:44.499+0000] {spark_submit.py:634} INFO - deployMode              client
[2026-06-03T14:35:44.499+0000] {spark_submit.py:634} INFO - executorMemory          null
[2026-06-03T14:35:44.499+0000] {spark_submit.py:634} INFO - executorCores           null
[2026-06-03T14:35:44.500+0000] {spark_submit.py:634} INFO - totalExecutorCores      null
[2026-06-03T14:35:44.500+0000] {spark_submit.py:634} INFO - propertiesFile          null
[2026-06-03T14:35:44.500+0000] {spark_submit.py:634} INFO - driverMemory            null
[2026-06-03T14:35:44.500+0000] {spark_submit.py:634} INFO - driverCores             null
[2026-06-03T14:35:44.500+0000] {spark_submit.py:634} INFO - driverExtraClassPath    null
[2026-06-03T14:35:44.500+0000] {spark_submit.py:634} INFO - driverExtraLibraryPath  null
[2026-06-03T14:35:44.500+0000] {spark_submit.py:634} INFO - driverExtraJavaOptions  null
[2026-06-03T14:35:44.501+0000] {spark_submit.py:634} INFO - supervise               false
[2026-06-03T14:35:44.501+0000] {spark_submit.py:634} INFO - queue                   null
[2026-06-03T14:35:44.501+0000] {spark_submit.py:634} INFO - numExecutors            null
[2026-06-03T14:35:44.501+0000] {spark_submit.py:634} INFO - files                   null
[2026-06-03T14:35:44.501+0000] {spark_submit.py:634} INFO - pyFiles                 null
[2026-06-03T14:35:44.501+0000] {spark_submit.py:634} INFO - archives                null
[2026-06-03T14:35:44.501+0000] {spark_submit.py:634} INFO - mainClass               null
[2026-06-03T14:35:44.501+0000] {spark_submit.py:634} INFO - primaryResource         file:/workspace/resources/train_model_lakehouse.py
[2026-06-03T14:35:44.502+0000] {spark_submit.py:634} INFO - name                    arrow-spark
[2026-06-03T14:35:44.502+0000] {spark_submit.py:634} INFO - childArgs               [--model-base s3a://warehouse/artifacts/models]
[2026-06-03T14:35:44.502+0000] {spark_submit.py:634} INFO - jars                    null
[2026-06-03T14:35:44.502+0000] {spark_submit.py:634} INFO - packages                null
[2026-06-03T14:35:44.502+0000] {spark_submit.py:634} INFO - packagesExclusions      null
[2026-06-03T14:35:44.502+0000] {spark_submit.py:634} INFO - repositories            null
[2026-06-03T14:35:44.502+0000] {spark_submit.py:634} INFO - verbose                 true
[2026-06-03T14:35:44.503+0000] {spark_submit.py:634} INFO - 
[2026-06-03T14:35:44.503+0000] {spark_submit.py:634} INFO - Spark properties used, including those specified through
[2026-06-03T14:35:44.503+0000] {spark_submit.py:634} INFO - --conf and those from the properties file null:
[2026-06-03T14:35:44.503+0000] {spark_submit.py:634} INFO - (spark.hadoop.fs.s3a.access.key,*********(redacted))
[2026-06-03T14:35:44.503+0000] {spark_submit.py:634} INFO - (spark.hadoop.fs.s3a.connection.ssl.enabled,false)
[2026-06-03T14:35:44.503+0000] {spark_submit.py:634} INFO - (spark.hadoop.fs.s3a.endpoint,http://minio:9000)
[2026-06-03T14:35:44.503+0000] {spark_submit.py:634} INFO - (spark.hadoop.fs.s3a.path.style.access,true)
[2026-06-03T14:35:44.504+0000] {spark_submit.py:634} INFO - (spark.hadoop.fs.s3a.secret.key,*********(redacted))
[2026-06-03T14:35:44.504+0000] {spark_submit.py:634} INFO - (spark.sql.catalog.lakehouse,org.apache.iceberg.spark.SparkCatalog)
[2026-06-03T14:35:44.504+0000] {spark_submit.py:634} INFO - (spark.sql.catalog.lakehouse.client.region,eu-south-2)
[2026-06-03T14:35:44.504+0000] {spark_submit.py:634} INFO - (spark.sql.catalog.lakehouse.io-impl,org.apache.iceberg.aws.s3.S3FileIO)
[2026-06-03T14:35:44.504+0000] {spark_submit.py:634} INFO - (spark.sql.catalog.lakehouse.s3.access-key-id,admin)
[2026-06-03T14:35:44.504+0000] {spark_submit.py:634} INFO - (spark.sql.catalog.lakehouse.s3.endpoint,http://minio:9000)
[2026-06-03T14:35:44.504+0000] {spark_submit.py:634} INFO - (spark.sql.catalog.lakehouse.s3.path-style-access,true)
[2026-06-03T14:35:44.505+0000] {spark_submit.py:634} INFO - (spark.sql.catalog.lakehouse.s3.secret-access-key,*********(redacted))
[2026-06-03T14:35:44.505+0000] {spark_submit.py:634} INFO - (spark.sql.catalog.lakehouse.type,rest)
[2026-06-03T14:35:44.505+0000] {spark_submit.py:634} INFO - (spark.sql.catalog.lakehouse.uri,http://iceberg-rest:8181)
[2026-06-03T14:35:44.505+0000] {spark_submit.py:634} INFO - (spark.sql.catalog.lakehouse.warehouse,s3://warehouse/)
[2026-06-03T14:35:44.505+0000] {spark_submit.py:634} INFO - (spark.sql.defaultCatalog,lakehouse)
[2026-06-03T14:35:44.505+0000] {spark_submit.py:634} INFO - (spark.sql.extensions,org.apache.iceberg.spark.extensions.IcebergSparkSessionExtensions)
[2026-06-03T14:35:44.505+0000] {spark_submit.py:634} INFO - 
[2026-06-03T14:35:44.506+0000] {spark_submit.py:634} INFO - 
[2026-06-03T14:35:44.803+0000] {spark_submit.py:634} INFO - Main class:
[2026-06-03T14:35:44.803+0000] {spark_submit.py:634} INFO - org.apache.spark.deploy.PythonRunner
[2026-06-03T14:35:44.804+0000] {spark_submit.py:634} INFO - Arguments:
[2026-06-03T14:35:44.804+0000] {spark_submit.py:634} INFO - file:/workspace/resources/train_model_lakehouse.py
[2026-06-03T14:35:44.804+0000] {spark_submit.py:634} INFO - null
[2026-06-03T14:35:44.804+0000] {spark_submit.py:634} INFO - --model-base
[2026-06-03T14:35:44.804+0000] {spark_submit.py:634} INFO - s3a://warehouse/artifacts/models
[2026-06-03T14:35:44.806+0000] {spark_submit.py:634} INFO - Spark config:
[2026-06-03T14:35:44.806+0000] {spark_submit.py:634} INFO - (spark.app.name,arrow-spark)
[2026-06-03T14:35:44.807+0000] {spark_submit.py:634} INFO - (spark.app.submitTime,1780497344781)
[2026-06-03T14:35:44.807+0000] {spark_submit.py:634} INFO - (spark.hadoop.fs.s3a.access.key,*********(redacted))
[2026-06-03T14:35:44.807+0000] {spark_submit.py:634} INFO - (spark.hadoop.fs.s3a.connection.ssl.enabled,false)
[2026-06-03T14:35:44.807+0000] {spark_submit.py:634} INFO - (spark.hadoop.fs.s3a.endpoint,http://minio:9000)
[2026-06-03T14:35:44.808+0000] {spark_submit.py:634} INFO - (spark.hadoop.fs.s3a.path.style.access,true)
[2026-06-03T14:35:44.808+0000] {spark_submit.py:634} INFO - (spark.hadoop.fs.s3a.secret.key,*********(redacted))
[2026-06-03T14:35:44.808+0000] {spark_submit.py:634} INFO - (spark.master,spark://spark-master:7077)
[2026-06-03T14:35:44.808+0000] {spark_submit.py:634} INFO - (spark.sql.catalog.lakehouse,org.apache.iceberg.spark.SparkCatalog)
[2026-06-03T14:35:44.808+0000] {spark_submit.py:634} INFO - (spark.sql.catalog.lakehouse.client.region,eu-south-2)
[2026-06-03T14:35:44.808+0000] {spark_submit.py:634} INFO - (spark.sql.catalog.lakehouse.io-impl,org.apache.iceberg.aws.s3.S3FileIO)
[2026-06-03T14:35:44.809+0000] {spark_submit.py:634} INFO - (spark.sql.catalog.lakehouse.s3.access-key-id,admin)
[2026-06-03T14:35:44.809+0000] {spark_submit.py:634} INFO - (spark.sql.catalog.lakehouse.s3.endpoint,http://minio:9000)
[2026-06-03T14:35:44.809+0000] {spark_submit.py:634} INFO - (spark.sql.catalog.lakehouse.s3.path-style-access,true)
[2026-06-03T14:35:44.809+0000] {spark_submit.py:634} INFO - (spark.sql.catalog.lakehouse.s3.secret-access-key,*********(redacted))
[2026-06-03T14:35:44.809+0000] {spark_submit.py:634} INFO - (spark.sql.catalog.lakehouse.type,rest)
[2026-06-03T14:35:44.809+0000] {spark_submit.py:634} INFO - (spark.sql.catalog.lakehouse.uri,http://iceberg-rest:8181)
[2026-06-03T14:35:44.809+0000] {spark_submit.py:634} INFO - (spark.sql.catalog.lakehouse.warehouse,s3://warehouse/)
[2026-06-03T14:35:44.810+0000] {spark_submit.py:634} INFO - (spark.sql.defaultCatalog,lakehouse)
[2026-06-03T14:35:44.810+0000] {spark_submit.py:634} INFO - (spark.sql.extensions,org.apache.iceberg.spark.extensions.IcebergSparkSessionExtensions)
[2026-06-03T14:35:44.810+0000] {spark_submit.py:634} INFO - (spark.submit.deployMode,client)
[2026-06-03T14:35:44.810+0000] {spark_submit.py:634} INFO - (spark.submit.pyFiles,)
[2026-06-03T14:35:44.810+0000] {spark_submit.py:634} INFO - Classpath elements:
[2026-06-03T14:35:44.810+0000] {spark_submit.py:634} INFO - 
[2026-06-03T14:35:44.810+0000] {spark_submit.py:634} INFO - 
[2026-06-03T14:35:44.811+0000] {spark_submit.py:634} INFO - 
[2026-06-03T14:35:50.405+0000] {spark_submit.py:634} INFO - 26/06/03 14:35:50 INFO SparkContext: Running Spark version 3.5.3
[2026-06-03T14:35:50.407+0000] {spark_submit.py:634} INFO - 26/06/03 14:35:50 INFO SparkContext: OS info Linux, 6.17.0-35-generic, amd64
[2026-06-03T14:35:50.408+0000] {spark_submit.py:634} INFO - 26/06/03 14:35:50 INFO SparkContext: Java version 17.0.19
[2026-06-03T14:35:50.481+0000] {spark_submit.py:634} INFO - 26/06/03 14:35:50 WARN NativeCodeLoader: Unable to load native-hadoop library for your platform... using builtin-java classes where applicable
[2026-06-03T14:35:50.597+0000] {spark_submit.py:634} INFO - 26/06/03 14:35:50 INFO ResourceUtils: ==============================================================
[2026-06-03T14:35:50.597+0000] {spark_submit.py:634} INFO - 26/06/03 14:35:50 INFO ResourceUtils: No custom resources configured for spark.driver.
[2026-06-03T14:35:50.598+0000] {spark_submit.py:634} INFO - 26/06/03 14:35:50 INFO ResourceUtils: ==============================================================
[2026-06-03T14:35:50.598+0000] {spark_submit.py:634} INFO - 26/06/03 14:35:50 INFO SparkContext: Submitted application: train_model_lakehouse
[2026-06-03T14:35:50.624+0000] {spark_submit.py:634} INFO - 26/06/03 14:35:50 INFO ResourceProfile: Default ResourceProfile created, executor resources: Map(memory -> name: memory, amount: 1024, script: , vendor: , offHeap -> name: offHeap, amount: 0, script: , vendor: ), task resources: Map(cpus -> name: cpus, amount: 1.0)
[2026-06-03T14:35:50.633+0000] {spark_submit.py:634} INFO - 26/06/03 14:35:50 INFO ResourceProfile: Limiting resource is cpu
[2026-06-03T14:35:50.634+0000] {spark_submit.py:634} INFO - 26/06/03 14:35:50 INFO ResourceProfileManager: Added ResourceProfile id: 0
[2026-06-03T14:35:50.703+0000] {spark_submit.py:634} INFO - 26/06/03 14:35:50 INFO SecurityManager: Changing view acls to: ***
[2026-06-03T14:35:50.704+0000] {spark_submit.py:634} INFO - 26/06/03 14:35:50 INFO SecurityManager: Changing modify acls to: ***
[2026-06-03T14:35:50.704+0000] {spark_submit.py:634} INFO - 26/06/03 14:35:50 INFO SecurityManager: Changing view acls groups to:
[2026-06-03T14:35:50.705+0000] {spark_submit.py:634} INFO - 26/06/03 14:35:50 INFO SecurityManager: Changing modify acls groups to:
[2026-06-03T14:35:50.705+0000] {spark_submit.py:634} INFO - 26/06/03 14:35:50 INFO SecurityManager: SecurityManager: authentication disabled; ui acls disabled; users with view permissions: ***; groups with view permissions: EMPTY; users with modify permissions: ***; groups with modify permissions: EMPTY
[2026-06-03T14:35:50.965+0000] {spark_submit.py:634} INFO - 26/06/03 14:35:50 INFO Utils: Successfully started service 'sparkDriver' on port 39207.
[2026-06-03T14:35:50.998+0000] {spark_submit.py:634} INFO - 26/06/03 14:35:50 INFO SparkEnv: Registering MapOutputTracker
[2026-06-03T14:35:51.038+0000] {spark_submit.py:634} INFO - 26/06/03 14:35:51 INFO SparkEnv: Registering BlockManagerMaster
[2026-06-03T14:35:51.058+0000] {spark_submit.py:634} INFO - 26/06/03 14:35:51 INFO BlockManagerMasterEndpoint: Using org.apache.spark.storage.DefaultTopologyMapper for getting topology information
[2026-06-03T14:35:51.058+0000] {spark_submit.py:634} INFO - 26/06/03 14:35:51 INFO BlockManagerMasterEndpoint: BlockManagerMasterEndpoint up
[2026-06-03T14:35:51.063+0000] {spark_submit.py:634} INFO - 26/06/03 14:35:51 INFO SparkEnv: Registering BlockManagerMasterHeartbeat
[2026-06-03T14:35:51.090+0000] {spark_submit.py:634} INFO - 26/06/03 14:35:51 INFO DiskBlockManager: Created local directory at /tmp/blockmgr-5530325c-0e5b-4b7a-8a8b-8120263a6c0f
[2026-06-03T14:35:51.108+0000] {spark_submit.py:634} INFO - 26/06/03 14:35:51 INFO MemoryStore: MemoryStore started with capacity 434.4 MiB
[2026-06-03T14:35:51.126+0000] {spark_submit.py:634} INFO - 26/06/03 14:35:51 INFO SparkEnv: Registering OutputCommitCoordinator
[2026-06-03T14:35:51.284+0000] {spark_submit.py:634} INFO - 26/06/03 14:35:51 INFO JettyUtils: Start Jetty 0.0.0.0:4040 for SparkUI
[2026-06-03T14:35:51.359+0000] {spark_submit.py:634} INFO - 26/06/03 14:35:51 INFO Utils: Successfully started service 'SparkUI' on port 4040.
[2026-06-03T14:35:51.506+0000] {spark_submit.py:634} INFO - 26/06/03 14:35:51 INFO StandaloneAppClient$ClientEndpoint: Connecting to master spark://spark-master:7077...
[2026-06-03T14:35:51.560+0000] {spark_submit.py:634} INFO - 26/06/03 14:35:51 INFO TransportClientFactory: Successfully created connection to spark-master/172.18.0.2:7077 after 30 ms (0 ms spent in bootstraps)
[2026-06-03T14:35:51.598+0000] {spark_submit.py:634} INFO - 26/06/03 14:35:51 WARN StandaloneAppClient$ClientEndpoint: Failed to connect to master spark-master:7077
[2026-06-03T14:35:51.599+0000] {spark_submit.py:634} INFO - org.apache.spark.SparkException: Exception thrown in awaitResult:
[2026-06-03T14:35:51.599+0000] {spark_submit.py:634} INFO - at org.apache.spark.util.SparkThreadUtils$.awaitResult(SparkThreadUtils.scala:56)
[2026-06-03T14:35:51.599+0000] {spark_submit.py:634} INFO - at org.apache.spark.util.ThreadUtils$.awaitResult(ThreadUtils.scala:310)
[2026-06-03T14:35:51.600+0000] {spark_submit.py:634} INFO - at org.apache.spark.rpc.RpcTimeout.awaitResult(RpcTimeout.scala:75)
[2026-06-03T14:35:51.600+0000] {spark_submit.py:634} INFO - at org.apache.spark.rpc.RpcEnv.setupEndpointRefByURI(RpcEnv.scala:102)
[2026-06-03T14:35:51.600+0000] {spark_submit.py:634} INFO - at org.apache.spark.rpc.RpcEnv.setupEndpointRef(RpcEnv.scala:110)
[2026-06-03T14:35:51.600+0000] {spark_submit.py:634} INFO - at org.apache.spark.deploy.client.StandaloneAppClient$ClientEndpoint$$anon$1.run(StandaloneAppClient.scala:108)
[2026-06-03T14:35:51.601+0000] {spark_submit.py:634} INFO - at java.base/java.util.concurrent.Executors$RunnableAdapter.call(Executors.java:539)
[2026-06-03T14:35:51.601+0000] {spark_submit.py:634} INFO - at java.base/java.util.concurrent.FutureTask.run(FutureTask.java:264)
[2026-06-03T14:35:51.602+0000] {spark_submit.py:634} INFO - at java.base/java.util.concurrent.ThreadPoolExecutor.runWorker(ThreadPoolExecutor.java:1136)
[2026-06-03T14:35:51.603+0000] {spark_submit.py:634} INFO - at java.base/java.util.concurrent.ThreadPoolExecutor$Worker.run(ThreadPoolExecutor.java:635)
[2026-06-03T14:35:51.603+0000] {spark_submit.py:634} INFO - at java.base/java.lang.Thread.run(Thread.java:840)
[2026-06-03T14:35:51.603+0000] {spark_submit.py:634} INFO - Caused by: java.lang.RuntimeException: java.io.InvalidClassException: org.apache.spark.rpc.netty.RpcEndpointVerifier$CheckExistence; local class incompatible: stream classdesc serialVersionUID = 7789290765573734431, local class serialVersionUID = 5378738997755484868
[2026-06-03T14:35:51.603+0000] {spark_submit.py:634} INFO - at java.base/java.io.ObjectStreamClass.initNonProxy(ObjectStreamClass.java:597)
[2026-06-03T14:35:51.603+0000] {spark_submit.py:634} INFO - at java.base/java.io.ObjectInputStream.readNonProxyDesc(ObjectInputStream.java:2051)
[2026-06-03T14:35:51.604+0000] {spark_submit.py:634} INFO - at java.base/java.io.ObjectInputStream.readClassDesc(ObjectInputStream.java:1898)
[2026-06-03T14:35:51.604+0000] {spark_submit.py:634} INFO - at java.base/java.io.ObjectInputStream.readOrdinaryObject(ObjectInputStream.java:2224)
[2026-06-03T14:35:51.604+0000] {spark_submit.py:634} INFO - at java.base/java.io.ObjectInputStream.readObject0(ObjectInputStream.java:1733)
[2026-06-03T14:35:51.604+0000] {spark_submit.py:634} INFO - at java.base/java.io.ObjectInputStream.readObject(ObjectInputStream.java:509)
[2026-06-03T14:35:51.604+0000] {spark_submit.py:634} INFO - at java.base/java.io.ObjectInputStream.readObject(ObjectInputStream.java:467)
[2026-06-03T14:35:51.605+0000] {spark_submit.py:634} INFO - at org.apache.spark.serializer.JavaDeserializationStream.readObject(JavaSerializer.scala:88)
[2026-06-03T14:35:51.605+0000] {spark_submit.py:634} INFO - at org.apache.spark.serializer.JavaSerializerInstance.deserialize(JavaSerializer.scala:130)
[2026-06-03T14:35:51.605+0000] {spark_submit.py:634} INFO - at org.apache.spark.rpc.netty.NettyRpcEnv.$anonfun$deserialize$2(NettyRpcEnv.scala:302)
[2026-06-03T14:35:51.605+0000] {spark_submit.py:634} INFO - at scala.util.DynamicVariable.withValue(DynamicVariable.scala:59)
[2026-06-03T14:35:51.605+0000] {spark_submit.py:634} INFO - at org.apache.spark.rpc.netty.NettyRpcEnv.deserialize(NettyRpcEnv.scala:355)
[2026-06-03T14:35:51.606+0000] {spark_submit.py:634} INFO - at org.apache.spark.rpc.netty.NettyRpcEnv.$anonfun$deserialize$1(NettyRpcEnv.scala:301)
[2026-06-03T14:35:51.606+0000] {spark_submit.py:634} INFO - at scala.util.DynamicVariable.withValue(DynamicVariable.scala:59)
[2026-06-03T14:35:51.606+0000] {spark_submit.py:634} INFO - at org.apache.spark.rpc.netty.NettyRpcEnv.deserialize(NettyRpcEnv.scala:301)
[2026-06-03T14:35:51.606+0000] {spark_submit.py:634} INFO - at org.apache.spark.rpc.netty.RequestMessage$.apply(NettyRpcEnv.scala:653)
[2026-06-03T14:35:51.606+0000] {spark_submit.py:634} INFO - at org.apache.spark.rpc.netty.NettyRpcHandler.internalReceive(NettyRpcEnv.scala:704)
[2026-06-03T14:35:51.607+0000] {spark_submit.py:634} INFO - at org.apache.spark.rpc.netty.NettyRpcHandler.receive(NettyRpcEnv.scala:689)
[2026-06-03T14:35:51.607+0000] {spark_submit.py:634} INFO - at org.apache.spark.network.server.TransportRequestHandler.processRpcRequest(TransportRequestHandler.java:167)
[2026-06-03T14:35:51.607+0000] {spark_submit.py:634} INFO - at org.apache.spark.network.server.TransportRequestHandler.handle(TransportRequestHandler.java:111)
[2026-06-03T14:35:51.607+0000] {spark_submit.py:634} INFO - at org.apache.spark.network.server.TransportChannelHandler.channelRead0(TransportChannelHandler.java:143)
[2026-06-03T14:35:51.607+0000] {spark_submit.py:634} INFO - at org.apache.spark.network.server.TransportChannelHandler.channelRead0(TransportChannelHandler.java:55)
[2026-06-03T14:35:51.608+0000] {spark_submit.py:634} INFO - at io.netty.channel.SimpleChannelInboundHandler.channelRead(SimpleChannelInboundHandler.java:99)
[2026-06-03T14:35:51.608+0000] {spark_submit.py:634} INFO - at io.netty.channel.AbstractChannelHandlerContext.fireChannelRead(AbstractChannelHandlerContext.java:356)
[2026-06-03T14:35:51.608+0000] {spark_submit.py:634} INFO - at io.netty.handler.timeout.IdleStateHandler.channelRead(IdleStateHandler.java:293)
[2026-06-03T14:35:51.608+0000] {spark_submit.py:634} INFO - at io.netty.channel.AbstractChannelHandlerContext.fireChannelRead(AbstractChannelHandlerContext.java:354)
[2026-06-03T14:35:51.608+0000] {spark_submit.py:634} INFO - at io.netty.handler.codec.MessageToMessageDecoder.channelRead(MessageToMessageDecoder.java:107)
[2026-06-03T14:35:51.609+0000] {spark_submit.py:634} INFO - at io.netty.channel.AbstractChannelHandlerContext.fireChannelRead(AbstractChannelHandlerContext.java:356)
[2026-06-03T14:35:51.609+0000] {spark_submit.py:634} INFO - at org.apache.spark.network.util.TransportFrameDecoder.channelRead(TransportFrameDecoder.java:101)
[2026-06-03T14:35:51.609+0000] {spark_submit.py:634} INFO - at io.netty.channel.AbstractChannelHandlerContext.fireChannelRead(AbstractChannelHandlerContext.java:356)
[2026-06-03T14:35:51.609+0000] {spark_submit.py:634} INFO - at io.netty.channel.DefaultChannelPipeline$HeadContext.channelRead(DefaultChannelPipeline.java:1429)
[2026-06-03T14:35:51.610+0000] {spark_submit.py:634} INFO - at io.netty.channel.DefaultChannelPipeline.fireChannelRead(DefaultChannelPipeline.java:918)
[2026-06-03T14:35:51.610+0000] {spark_submit.py:634} INFO - at io.netty.channel.epoll.AbstractEpollStreamChannel$EpollStreamUnsafe.epollInReady(AbstractEpollStreamChannel.java:794)
[2026-06-03T14:35:51.610+0000] {spark_submit.py:634} INFO - at io.netty.channel.epoll.AbstractEpollChannel$AbstractEpollUnsafe.handle(AbstractEpollChannel.java:482)
[2026-06-03T14:35:51.610+0000] {spark_submit.py:634} INFO - at io.netty.channel.epoll.EpollIoHandler$DefaultEpollIoRegistration.handle(EpollIoHandler.java:317)
[2026-06-03T14:35:51.610+0000] {spark_submit.py:634} INFO - at io.netty.channel.epoll.EpollIoHandler.processReady(EpollIoHandler.java:515)
[2026-06-03T14:35:51.611+0000] {spark_submit.py:634} INFO - at io.netty.channel.epoll.EpollIoHandler.run(EpollIoHandler.java:460)
[2026-06-03T14:35:51.611+0000] {spark_submit.py:634} INFO - at io.netty.channel.SingleThreadIoEventLoop.runIo(SingleThreadIoEventLoop.java:225)
[2026-06-03T14:35:51.611+0000] {spark_submit.py:634} INFO - at io.netty.channel.SingleThreadIoEventLoop.run(SingleThreadIoEventLoop.java:196)
[2026-06-03T14:35:51.611+0000] {spark_submit.py:634} INFO - at io.netty.util.concurrent.SingleThreadEventExecutor$5.run(SingleThreadEventExecutor.java:1193)
[2026-06-03T14:35:51.611+0000] {spark_submit.py:634} INFO - at io.netty.util.internal.ThreadExecutorMap$2.run(ThreadExecutorMap.java:74)
[2026-06-03T14:35:51.612+0000] {spark_submit.py:634} INFO - at io.netty.util.concurrent.FastThreadLocalRunnable.run(FastThreadLocalRunnable.java:30)
[2026-06-03T14:35:51.612+0000] {spark_submit.py:634} INFO - at java.base/java.lang.Thread.run(Thread.java:840)
[2026-06-03T14:35:51.612+0000] {spark_submit.py:634} INFO - 
[2026-06-03T14:35:51.612+0000] {spark_submit.py:634} INFO - at org.apache.spark.network.client.TransportResponseHandler.handle(TransportResponseHandler.java:209)
[2026-06-03T14:35:51.612+0000] {spark_submit.py:634} INFO - at org.apache.spark.network.server.TransportChannelHandler.channelRead0(TransportChannelHandler.java:142)
[2026-06-03T14:35:51.613+0000] {spark_submit.py:634} INFO - at org.apache.spark.network.server.TransportChannelHandler.channelRead0(TransportChannelHandler.java:53)
[2026-06-03T14:35:51.613+0000] {spark_submit.py:634} INFO - at io.netty.channel.SimpleChannelInboundHandler.channelRead(SimpleChannelInboundHandler.java:99)
[2026-06-03T14:35:51.613+0000] {spark_submit.py:634} INFO - at io.netty.channel.AbstractChannelHandlerContext.invokeChannelRead(AbstractChannelHandlerContext.java:444)
[2026-06-03T14:35:51.613+0000] {spark_submit.py:634} INFO - at io.netty.channel.AbstractChannelHandlerContext.invokeChannelRead(AbstractChannelHandlerContext.java:420)
[2026-06-03T14:35:51.613+0000] {spark_submit.py:634} INFO - at io.netty.channel.AbstractChannelHandlerContext.fireChannelRead(AbstractChannelHandlerContext.java:412)
[2026-06-03T14:35:51.613+0000] {spark_submit.py:634} INFO - at io.netty.handler.timeout.IdleStateHandler.channelRead(IdleStateHandler.java:286)
[2026-06-03T14:35:51.614+0000] {spark_submit.py:634} INFO - at io.netty.channel.AbstractChannelHandlerContext.invokeChannelRead(AbstractChannelHandlerContext.java:442)
[2026-06-03T14:35:51.614+0000] {spark_submit.py:634} INFO - at io.netty.channel.AbstractChannelHandlerContext.invokeChannelRead(AbstractChannelHandlerContext.java:420)
[2026-06-03T14:35:51.614+0000] {spark_submit.py:634} INFO - at io.netty.channel.AbstractChannelHandlerContext.fireChannelRead(AbstractChannelHandlerContext.java:412)
[2026-06-03T14:35:51.614+0000] {spark_submit.py:634} INFO - at io.netty.handler.codec.MessageToMessageDecoder.channelRead(MessageToMessageDecoder.java:103)
[2026-06-03T14:35:51.614+0000] {spark_submit.py:634} INFO - at io.netty.channel.AbstractChannelHandlerContext.invokeChannelRead(AbstractChannelHandlerContext.java:444)
[2026-06-03T14:35:51.615+0000] {spark_submit.py:634} INFO - at io.netty.channel.AbstractChannelHandlerContext.invokeChannelRead(AbstractChannelHandlerContext.java:420)
[2026-06-03T14:35:51.615+0000] {spark_submit.py:634} INFO - at io.netty.channel.AbstractChannelHandlerContext.fireChannelRead(AbstractChannelHandlerContext.java:412)
[2026-06-03T14:35:51.615+0000] {spark_submit.py:634} INFO - at org.apache.spark.network.util.TransportFrameDecoder.channelRead(TransportFrameDecoder.java:102)
[2026-06-03T14:35:51.615+0000] {spark_submit.py:634} INFO - at io.netty.channel.AbstractChannelHandlerContext.invokeChannelRead(AbstractChannelHandlerContext.java:444)
[2026-06-03T14:35:51.615+0000] {spark_submit.py:634} INFO - at io.netty.channel.AbstractChannelHandlerContext.invokeChannelRead(AbstractChannelHandlerContext.java:420)
[2026-06-03T14:35:51.616+0000] {spark_submit.py:634} INFO - at io.netty.channel.AbstractChannelHandlerContext.fireChannelRead(AbstractChannelHandlerContext.java:412)
[2026-06-03T14:35:51.616+0000] {spark_submit.py:634} INFO - at io.netty.channel.DefaultChannelPipeline$HeadContext.channelRead(DefaultChannelPipeline.java:1410)
[2026-06-03T14:35:51.616+0000] {spark_submit.py:634} INFO - at io.netty.channel.AbstractChannelHandlerContext.invokeChannelRead(AbstractChannelHandlerContext.java:440)
[2026-06-03T14:35:51.616+0000] {spark_submit.py:634} INFO - at io.netty.channel.AbstractChannelHandlerContext.invokeChannelRead(AbstractChannelHandlerContext.java:420)
[2026-06-03T14:35:51.616+0000] {spark_submit.py:634} INFO - at io.netty.channel.DefaultChannelPipeline.fireChannelRead(DefaultChannelPipeline.java:919)
[2026-06-03T14:35:51.617+0000] {spark_submit.py:634} INFO - at io.netty.channel.nio.AbstractNioByteChannel$NioByteUnsafe.read(AbstractNioByteChannel.java:166)
[2026-06-03T14:35:51.617+0000] {spark_submit.py:634} INFO - at io.netty.channel.nio.NioEventLoop.processSelectedKey(NioEventLoop.java:788)
[2026-06-03T14:35:51.617+0000] {spark_submit.py:634} INFO - at io.netty.channel.nio.NioEventLoop.processSelectedKeysOptimized(NioEventLoop.java:724)
[2026-06-03T14:35:51.617+0000] {spark_submit.py:634} INFO - at io.netty.channel.nio.NioEventLoop.processSelectedKeys(NioEventLoop.java:650)
[2026-06-03T14:35:51.617+0000] {spark_submit.py:634} INFO - at io.netty.channel.nio.NioEventLoop.run(NioEventLoop.java:562)
[2026-06-03T14:35:51.617+0000] {spark_submit.py:634} INFO - at io.netty.util.concurrent.SingleThreadEventExecutor$4.run(SingleThreadEventExecutor.java:997)
[2026-06-03T14:35:51.618+0000] {spark_submit.py:634} INFO - at io.netty.util.internal.ThreadExecutorMap$2.run(ThreadExecutorMap.java:74)
[2026-06-03T14:35:51.618+0000] {spark_submit.py:634} INFO - at io.netty.util.concurrent.FastThreadLocalRunnable.run(FastThreadLocalRunnable.java:30)
[2026-06-03T14:35:51.618+0000] {spark_submit.py:634} INFO - ... 1 more
[2026-06-03T14:36:11.508+0000] {spark_submit.py:634} INFO - 26/06/03 14:36:11 INFO StandaloneAppClient$ClientEndpoint: Connecting to master spark://spark-master:7077...
[2026-06-03T14:36:11.518+0000] {spark_submit.py:634} INFO - 26/06/03 14:36:11 WARN StandaloneAppClient$ClientEndpoint: Failed to connect to master spark-master:7077
[2026-06-03T14:36:11.520+0000] {spark_submit.py:634} INFO - org.apache.spark.SparkException: Exception thrown in awaitResult:
[2026-06-03T14:36:11.521+0000] {spark_submit.py:634} INFO - at org.apache.spark.util.SparkThreadUtils$.awaitResult(SparkThreadUtils.scala:56)
[2026-06-03T14:36:11.521+0000] {spark_submit.py:634} INFO - at org.apache.spark.util.ThreadUtils$.awaitResult(ThreadUtils.scala:310)
[2026-06-03T14:36:11.522+0000] {spark_submit.py:634} INFO - at org.apache.spark.rpc.RpcTimeout.awaitResult(RpcTimeout.scala:75)
[2026-06-03T14:36:11.523+0000] {spark_submit.py:634} INFO - at org.apache.spark.rpc.RpcEnv.setupEndpointRefByURI(RpcEnv.scala:102)
[2026-06-03T14:36:11.524+0000] {spark_submit.py:634} INFO - at org.apache.spark.rpc.RpcEnv.setupEndpointRef(RpcEnv.scala:110)
[2026-06-03T14:36:11.525+0000] {spark_submit.py:634} INFO - at org.apache.spark.deploy.client.StandaloneAppClient$ClientEndpoint$$anon$1.run(StandaloneAppClient.scala:108)
[2026-06-03T14:36:11.526+0000] {spark_submit.py:634} INFO - at java.base/java.util.concurrent.Executors$RunnableAdapter.call(Executors.java:539)
[2026-06-03T14:36:11.526+0000] {spark_submit.py:634} INFO - at java.base/java.util.concurrent.FutureTask.run(FutureTask.java:264)
[2026-06-03T14:36:11.527+0000] {spark_submit.py:634} INFO - at java.base/java.util.concurrent.ThreadPoolExecutor.runWorker(ThreadPoolExecutor.java:1136)
[2026-06-03T14:36:11.528+0000] {spark_submit.py:634} INFO - at java.base/java.util.concurrent.ThreadPoolExecutor$Worker.run(ThreadPoolExecutor.java:635)
[2026-06-03T14:36:11.528+0000] {spark_submit.py:634} INFO - at java.base/java.lang.Thread.run(Thread.java:840)
[2026-06-03T14:36:11.529+0000] {spark_submit.py:634} INFO - Caused by: java.lang.RuntimeException: java.io.InvalidClassException: org.apache.spark.rpc.netty.RpcEndpointVerifier$CheckExistence; local class incompatible: stream classdesc serialVersionUID = 7789290765573734431, local class serialVersionUID = 5378738997755484868
[2026-06-03T14:36:11.529+0000] {spark_submit.py:634} INFO - at java.base/java.io.ObjectStreamClass.initNonProxy(ObjectStreamClass.java:597)
[2026-06-03T14:36:11.530+0000] {spark_submit.py:634} INFO - at java.base/java.io.ObjectInputStream.readNonProxyDesc(ObjectInputStream.java:2051)
[2026-06-03T14:36:11.530+0000] {spark_submit.py:634} INFO - at java.base/java.io.ObjectInputStream.readClassDesc(ObjectInputStream.java:1898)
[2026-06-03T14:36:11.531+0000] {spark_submit.py:634} INFO - at java.base/java.io.ObjectInputStream.readOrdinaryObject(ObjectInputStream.java:2224)
[2026-06-03T14:36:11.531+0000] {spark_submit.py:634} INFO - at java.base/java.io.ObjectInputStream.readObject0(ObjectInputStream.java:1733)
[2026-06-03T14:36:11.532+0000] {spark_submit.py:634} INFO - at java.base/java.io.ObjectInputStream.readObject(ObjectInputStream.java:509)
[2026-06-03T14:36:11.532+0000] {spark_submit.py:634} INFO - at java.base/java.io.ObjectInputStream.readObject(ObjectInputStream.java:467)
[2026-06-03T14:36:11.533+0000] {spark_submit.py:634} INFO - at org.apache.spark.serializer.JavaDeserializationStream.readObject(JavaSerializer.scala:88)
[2026-06-03T14:36:11.533+0000] {spark_submit.py:634} INFO - at org.apache.spark.serializer.JavaSerializerInstance.deserialize(JavaSerializer.scala:130)
[2026-06-03T14:36:11.533+0000] {spark_submit.py:634} INFO - at org.apache.spark.rpc.netty.NettyRpcEnv.$anonfun$deserialize$2(NettyRpcEnv.scala:302)
[2026-06-03T14:36:11.534+0000] {spark_submit.py:634} INFO - at scala.util.DynamicVariable.withValue(DynamicVariable.scala:59)
[2026-06-03T14:36:11.534+0000] {spark_submit.py:634} INFO - at org.apache.spark.rpc.netty.NettyRpcEnv.deserialize(NettyRpcEnv.scala:355)
[2026-06-03T14:36:11.535+0000] {spark_submit.py:634} INFO - at org.apache.spark.rpc.netty.NettyRpcEnv.$anonfun$deserialize$1(NettyRpcEnv.scala:301)
[2026-06-03T14:36:11.535+0000] {spark_submit.py:634} INFO - at scala.util.DynamicVariable.withValue(DynamicVariable.scala:59)
[2026-06-03T14:36:11.535+0000] {spark_submit.py:634} INFO - at org.apache.spark.rpc.netty.NettyRpcEnv.deserialize(NettyRpcEnv.scala:301)
[2026-06-03T14:36:11.536+0000] {spark_submit.py:634} INFO - at org.apache.spark.rpc.netty.RequestMessage$.apply(NettyRpcEnv.scala:653)
[2026-06-03T14:36:11.536+0000] {spark_submit.py:634} INFO - at org.apache.spark.rpc.netty.NettyRpcHandler.internalReceive(NettyRpcEnv.scala:704)
[2026-06-03T14:36:11.537+0000] {spark_submit.py:634} INFO - at org.apache.spark.rpc.netty.NettyRpcHandler.receive(NettyRpcEnv.scala:689)
[2026-06-03T14:36:11.537+0000] {spark_submit.py:634} INFO - at org.apache.spark.network.server.TransportRequestHandler.processRpcRequest(TransportRequestHandler.java:167)
[2026-06-03T14:36:11.537+0000] {spark_submit.py:634} INFO - at org.apache.spark.network.server.TransportRequestHandler.handle(TransportRequestHandler.java:111)
[2026-06-03T14:36:11.538+0000] {spark_submit.py:634} INFO - at org.apache.spark.network.server.TransportChannelHandler.channelRead0(TransportChannelHandler.java:143)
[2026-06-03T14:36:11.538+0000] {spark_submit.py:634} INFO - at org.apache.spark.network.server.TransportChannelHandler.channelRead0(TransportChannelHandler.java:55)
[2026-06-03T14:36:11.538+0000] {spark_submit.py:634} INFO - at io.netty.channel.SimpleChannelInboundHandler.channelRead(SimpleChannelInboundHandler.java:99)
[2026-06-03T14:36:11.538+0000] {spark_submit.py:634} INFO - at io.netty.channel.AbstractChannelHandlerContext.fireChannelRead(AbstractChannelHandlerContext.java:356)
[2026-06-03T14:36:11.539+0000] {spark_submit.py:634} INFO - at io.netty.handler.timeout.IdleStateHandler.channelRead(IdleStateHandler.java:293)
[2026-06-03T14:36:11.539+0000] {spark_submit.py:634} INFO - at io.netty.channel.AbstractChannelHandlerContext.fireChannelRead(AbstractChannelHandlerContext.java:354)
[2026-06-03T14:36:11.539+0000] {spark_submit.py:634} INFO - at io.netty.handler.codec.MessageToMessageDecoder.channelRead(MessageToMessageDecoder.java:107)
[2026-06-03T14:36:11.540+0000] {spark_submit.py:634} INFO - at io.netty.channel.AbstractChannelHandlerContext.fireChannelRead(AbstractChannelHandlerContext.java:356)
[2026-06-03T14:36:11.540+0000] {spark_submit.py:634} INFO - at org.apache.spark.network.util.TransportFrameDecoder.channelRead(TransportFrameDecoder.java:101)
[2026-06-03T14:36:11.540+0000] {spark_submit.py:634} INFO - at io.netty.channel.AbstractChannelHandlerContext.fireChannelRead(AbstractChannelHandlerContext.java:356)
[2026-06-03T14:36:11.541+0000] {spark_submit.py:634} INFO - at io.netty.channel.DefaultChannelPipeline$HeadContext.channelRead(DefaultChannelPipeline.java:1429)
[2026-06-03T14:36:11.541+0000] {spark_submit.py:634} INFO - at io.netty.channel.DefaultChannelPipeline.fireChannelRead(DefaultChannelPipeline.java:918)
[2026-06-03T14:36:11.541+0000] {spark_submit.py:634} INFO - at io.netty.channel.epoll.AbstractEpollStreamChannel$EpollStreamUnsafe.epollInReady(AbstractEpollStreamChannel.java:794)
[2026-06-03T14:36:11.541+0000] {spark_submit.py:634} INFO - at io.netty.channel.epoll.AbstractEpollChannel$AbstractEpollUnsafe.handle(AbstractEpollChannel.java:482)
[2026-06-03T14:36:11.542+0000] {spark_submit.py:634} INFO - at io.netty.channel.epoll.EpollIoHandler$DefaultEpollIoRegistration.handle(EpollIoHandler.java:317)
[2026-06-03T14:36:11.542+0000] {spark_submit.py:634} INFO - at io.netty.channel.epoll.EpollIoHandler.processReady(EpollIoHandler.java:515)
[2026-06-03T14:36:11.542+0000] {spark_submit.py:634} INFO - at io.netty.channel.epoll.EpollIoHandler.run(EpollIoHandler.java:460)
[2026-06-03T14:36:11.542+0000] {spark_submit.py:634} INFO - at io.netty.channel.SingleThreadIoEventLoop.runIo(SingleThreadIoEventLoop.java:225)
[2026-06-03T14:36:11.543+0000] {spark_submit.py:634} INFO - at io.netty.channel.SingleThreadIoEventLoop.run(SingleThreadIoEventLoop.java:196)
[2026-06-03T14:36:11.543+0000] {spark_submit.py:634} INFO - at io.netty.util.concurrent.SingleThreadEventExecutor$5.run(SingleThreadEventExecutor.java:1193)
[2026-06-03T14:36:11.543+0000] {spark_submit.py:634} INFO - at io.netty.util.internal.ThreadExecutorMap$2.run(ThreadExecutorMap.java:74)
[2026-06-03T14:36:11.543+0000] {spark_submit.py:634} INFO - at io.netty.util.concurrent.FastThreadLocalRunnable.run(FastThreadLocalRunnable.java:30)
[2026-06-03T14:36:11.544+0000] {spark_submit.py:634} INFO - at java.base/java.lang.Thread.run(Thread.java:840)
[2026-06-03T14:36:11.544+0000] {spark_submit.py:634} INFO - 
[2026-06-03T14:36:11.544+0000] {spark_submit.py:634} INFO - at org.apache.spark.network.client.TransportResponseHandler.handle(TransportResponseHandler.java:209)
[2026-06-03T14:36:11.544+0000] {spark_submit.py:634} INFO - at org.apache.spark.network.server.TransportChannelHandler.channelRead0(TransportChannelHandler.java:142)
[2026-06-03T14:36:11.545+0000] {spark_submit.py:634} INFO - at org.apache.spark.network.server.TransportChannelHandler.channelRead0(TransportChannelHandler.java:53)
[2026-06-03T14:36:11.545+0000] {spark_submit.py:634} INFO - at io.netty.channel.SimpleChannelInboundHandler.channelRead(SimpleChannelInboundHandler.java:99)
[2026-06-03T14:36:11.545+0000] {spark_submit.py:634} INFO - at io.netty.channel.AbstractChannelHandlerContext.invokeChannelRead(AbstractChannelHandlerContext.java:444)
[2026-06-03T14:36:11.545+0000] {spark_submit.py:634} INFO - at io.netty.channel.AbstractChannelHandlerContext.invokeChannelRead(AbstractChannelHandlerContext.java:420)
[2026-06-03T14:36:11.545+0000] {spark_submit.py:634} INFO - at io.netty.channel.AbstractChannelHandlerContext.fireChannelRead(AbstractChannelHandlerContext.java:412)
[2026-06-03T14:36:11.546+0000] {spark_submit.py:634} INFO - at io.netty.handler.timeout.IdleStateHandler.channelRead(IdleStateHandler.java:286)
[2026-06-03T14:36:11.546+0000] {spark_submit.py:634} INFO - at io.netty.channel.AbstractChannelHandlerContext.invokeChannelRead(AbstractChannelHandlerContext.java:442)
[2026-06-03T14:36:11.546+0000] {spark_submit.py:634} INFO - at io.netty.channel.AbstractChannelHandlerContext.invokeChannelRead(AbstractChannelHandlerContext.java:420)
[2026-06-03T14:36:11.546+0000] {spark_submit.py:634} INFO - at io.netty.channel.AbstractChannelHandlerContext.fireChannelRead(AbstractChannelHandlerContext.java:412)
[2026-06-03T14:36:11.547+0000] {spark_submit.py:634} INFO - at io.netty.handler.codec.MessageToMessageDecoder.channelRead(MessageToMessageDecoder.java:103)
[2026-06-03T14:36:11.547+0000] {spark_submit.py:634} INFO - at io.netty.channel.AbstractChannelHandlerContext.invokeChannelRead(AbstractChannelHandlerContext.java:444)
[2026-06-03T14:36:11.547+0000] {spark_submit.py:634} INFO - at io.netty.channel.AbstractChannelHandlerContext.invokeChannelRead(AbstractChannelHandlerContext.java:420)
[2026-06-03T14:36:11.547+0000] {spark_submit.py:634} INFO - at io.netty.channel.AbstractChannelHandlerContext.fireChannelRead(AbstractChannelHandlerContext.java:412)
[2026-06-03T14:36:11.548+0000] {spark_submit.py:634} INFO - at org.apache.spark.network.util.TransportFrameDecoder.channelRead(TransportFrameDecoder.java:102)
[2026-06-03T14:36:11.548+0000] {spark_submit.py:634} INFO - at io.netty.channel.AbstractChannelHandlerContext.invokeChannelRead(AbstractChannelHandlerContext.java:444)
[2026-06-03T14:36:11.548+0000] {spark_submit.py:634} INFO - at io.netty.channel.AbstractChannelHandlerContext.invokeChannelRead(AbstractChannelHandlerContext.java:420)
[2026-06-03T14:36:11.548+0000] {spark_submit.py:634} INFO - at io.netty.channel.AbstractChannelHandlerContext.fireChannelRead(AbstractChannelHandlerContext.java:412)
[2026-06-03T14:36:11.548+0000] {spark_submit.py:634} INFO - at io.netty.channel.DefaultChannelPipeline$HeadContext.channelRead(DefaultChannelPipeline.java:1410)
[2026-06-03T14:36:11.548+0000] {spark_submit.py:634} INFO - at io.netty.channel.AbstractChannelHandlerContext.invokeChannelRead(AbstractChannelHandlerContext.java:440)
[2026-06-03T14:36:11.548+0000] {spark_submit.py:634} INFO - at io.netty.channel.AbstractChannelHandlerContext.invokeChannelRead(AbstractChannelHandlerContext.java:420)
[2026-06-03T14:36:11.549+0000] {spark_submit.py:634} INFO - at io.netty.channel.DefaultChannelPipeline.fireChannelRead(DefaultChannelPipeline.java:919)
[2026-06-03T14:36:11.549+0000] {spark_submit.py:634} INFO - at io.netty.channel.nio.AbstractNioByteChannel$NioByteUnsafe.read(AbstractNioByteChannel.java:166)
[2026-06-03T14:36:11.549+0000] {spark_submit.py:634} INFO - at io.netty.channel.nio.NioEventLoop.processSelectedKey(NioEventLoop.java:788)
[2026-06-03T14:36:11.549+0000] {spark_submit.py:634} INFO - at io.netty.channel.nio.NioEventLoop.processSelectedKeysOptimized(NioEventLoop.java:724)
[2026-06-03T14:36:11.549+0000] {spark_submit.py:634} INFO - at io.netty.channel.nio.NioEventLoop.processSelectedKeys(NioEventLoop.java:650)
[2026-06-03T14:36:11.549+0000] {spark_submit.py:634} INFO - at io.netty.channel.nio.NioEventLoop.run(NioEventLoop.java:562)
[2026-06-03T14:36:11.549+0000] {spark_submit.py:634} INFO - at io.netty.util.concurrent.SingleThreadEventExecutor$4.run(SingleThreadEventExecutor.java:997)
[2026-06-03T14:36:11.549+0000] {spark_submit.py:634} INFO - at io.netty.util.internal.ThreadExecutorMap$2.run(ThreadExecutorMap.java:74)
[2026-06-03T14:36:11.550+0000] {spark_submit.py:634} INFO - at io.netty.util.concurrent.FastThreadLocalRunnable.run(FastThreadLocalRunnable.java:30)
[2026-06-03T14:36:11.550+0000] {spark_submit.py:634} INFO - ... 1 more
[2026-06-03T14:36:31.508+0000] {spark_submit.py:634} INFO - 26/06/03 14:36:31 INFO StandaloneAppClient$ClientEndpoint: Connecting to master spark://spark-master:7077...
[2026-06-03T14:36:31.519+0000] {spark_submit.py:634} INFO - 26/06/03 14:36:31 WARN StandaloneAppClient$ClientEndpoint: Failed to connect to master spark-master:7077
[2026-06-03T14:36:31.520+0000] {spark_submit.py:634} INFO - org.apache.spark.SparkException: Exception thrown in awaitResult:
[2026-06-03T14:36:31.521+0000] {spark_submit.py:634} INFO - at org.apache.spark.util.SparkThreadUtils$.awaitResult(SparkThreadUtils.scala:56)
[2026-06-03T14:36:31.522+0000] {spark_submit.py:634} INFO - at org.apache.spark.util.ThreadUtils$.awaitResult(ThreadUtils.scala:310)
[2026-06-03T14:36:31.523+0000] {spark_submit.py:634} INFO - at org.apache.spark.rpc.RpcTimeout.awaitResult(RpcTimeout.scala:75)
[2026-06-03T14:36:31.524+0000] {spark_submit.py:634} INFO - at org.apache.spark.rpc.RpcEnv.setupEndpointRefByURI(RpcEnv.scala:102)
[2026-06-03T14:36:31.525+0000] {spark_submit.py:634} INFO - at org.apache.spark.rpc.RpcEnv.setupEndpointRef(RpcEnv.scala:110)
[2026-06-03T14:36:31.526+0000] {spark_submit.py:634} INFO - at org.apache.spark.deploy.client.StandaloneAppClient$ClientEndpoint$$anon$1.run(StandaloneAppClient.scala:108)
[2026-06-03T14:36:31.527+0000] {spark_submit.py:634} INFO - at java.base/java.util.concurrent.Executors$RunnableAdapter.call(Executors.java:539)
[2026-06-03T14:36:31.527+0000] {spark_submit.py:634} INFO - at java.base/java.util.concurrent.FutureTask.run(FutureTask.java:264)
[2026-06-03T14:36:31.528+0000] {spark_submit.py:634} INFO - at java.base/java.util.concurrent.ThreadPoolExecutor.runWorker(ThreadPoolExecutor.java:1136)
[2026-06-03T14:36:31.529+0000] {spark_submit.py:634} INFO - at java.base/java.util.concurrent.ThreadPoolExecutor$Worker.run(ThreadPoolExecutor.java:635)
[2026-06-03T14:36:31.530+0000] {spark_submit.py:634} INFO - at java.base/java.lang.Thread.run(Thread.java:840)
[2026-06-03T14:36:31.531+0000] {spark_submit.py:634} INFO - Caused by: java.lang.RuntimeException: java.io.InvalidClassException: org.apache.spark.rpc.netty.RpcEndpointVerifier$CheckExistence; local class incompatible: stream classdesc serialVersionUID = 7789290765573734431, local class serialVersionUID = 5378738997755484868
[2026-06-03T14:36:31.532+0000] {spark_submit.py:634} INFO - at java.base/java.io.ObjectStreamClass.initNonProxy(ObjectStreamClass.java:597)
[2026-06-03T14:36:31.532+0000] {spark_submit.py:634} INFO - at java.base/java.io.ObjectInputStream.readNonProxyDesc(ObjectInputStream.java:2051)
[2026-06-03T14:36:31.533+0000] {spark_submit.py:634} INFO - at java.base/java.io.ObjectInputStream.readClassDesc(ObjectInputStream.java:1898)
[2026-06-03T14:36:31.534+0000] {spark_submit.py:634} INFO - at java.base/java.io.ObjectInputStream.readOrdinaryObject(ObjectInputStream.java:2224)
[2026-06-03T14:36:31.535+0000] {spark_submit.py:634} INFO - at java.base/java.io.ObjectInputStream.readObject0(ObjectInputStream.java:1733)
[2026-06-03T14:36:31.535+0000] {spark_submit.py:634} INFO - at java.base/java.io.ObjectInputStream.readObject(ObjectInputStream.java:509)
[2026-06-03T14:36:31.536+0000] {spark_submit.py:634} INFO - at java.base/java.io.ObjectInputStream.readObject(ObjectInputStream.java:467)
[2026-06-03T14:36:31.537+0000] {spark_submit.py:634} INFO - at org.apache.spark.serializer.JavaDeserializationStream.readObject(JavaSerializer.scala:88)
[2026-06-03T14:36:31.537+0000] {spark_submit.py:634} INFO - at org.apache.spark.serializer.JavaSerializerInstance.deserialize(JavaSerializer.scala:130)
[2026-06-03T14:36:31.538+0000] {spark_submit.py:634} INFO - at org.apache.spark.rpc.netty.NettyRpcEnv.$anonfun$deserialize$2(NettyRpcEnv.scala:302)
[2026-06-03T14:36:31.538+0000] {spark_submit.py:634} INFO - at scala.util.DynamicVariable.withValue(DynamicVariable.scala:59)
[2026-06-03T14:36:31.539+0000] {spark_submit.py:634} INFO - at org.apache.spark.rpc.netty.NettyRpcEnv.deserialize(NettyRpcEnv.scala:355)
[2026-06-03T14:36:31.539+0000] {spark_submit.py:634} INFO - at org.apache.spark.rpc.netty.NettyRpcEnv.$anonfun$deserialize$1(NettyRpcEnv.scala:301)
[2026-06-03T14:36:31.540+0000] {spark_submit.py:634} INFO - at scala.util.DynamicVariable.withValue(DynamicVariable.scala:59)
[2026-06-03T14:36:31.540+0000] {spark_submit.py:634} INFO - at org.apache.spark.rpc.netty.NettyRpcEnv.deserialize(NettyRpcEnv.scala:301)
[2026-06-03T14:36:31.541+0000] {spark_submit.py:634} INFO - at org.apache.spark.rpc.netty.RequestMessage$.apply(NettyRpcEnv.scala:653)
[2026-06-03T14:36:31.541+0000] {spark_submit.py:634} INFO - at org.apache.spark.rpc.netty.NettyRpcHandler.internalReceive(NettyRpcEnv.scala:704)
[2026-06-03T14:36:31.541+0000] {spark_submit.py:634} INFO - at org.apache.spark.rpc.netty.NettyRpcHandler.receive(NettyRpcEnv.scala:689)
[2026-06-03T14:36:31.542+0000] {spark_submit.py:634} INFO - at org.apache.spark.network.server.TransportRequestHandler.processRpcRequest(TransportRequestHandler.java:167)
[2026-06-03T14:36:31.542+0000] {spark_submit.py:634} INFO - at org.apache.spark.network.server.TransportRequestHandler.handle(TransportRequestHandler.java:111)
[2026-06-03T14:36:31.543+0000] {spark_submit.py:634} INFO - at org.apache.spark.network.server.TransportChannelHandler.channelRead0(TransportChannelHandler.java:143)
[2026-06-03T14:36:31.543+0000] {spark_submit.py:634} INFO - at org.apache.spark.network.server.TransportChannelHandler.channelRead0(TransportChannelHandler.java:55)
[2026-06-03T14:36:31.544+0000] {spark_submit.py:634} INFO - at io.netty.channel.SimpleChannelInboundHandler.channelRead(SimpleChannelInboundHandler.java:99)
[2026-06-03T14:36:31.544+0000] {spark_submit.py:634} INFO - at io.netty.channel.AbstractChannelHandlerContext.fireChannelRead(AbstractChannelHandlerContext.java:356)
[2026-06-03T14:36:31.544+0000] {spark_submit.py:634} INFO - at io.netty.handler.timeout.IdleStateHandler.channelRead(IdleStateHandler.java:293)
[2026-06-03T14:36:31.545+0000] {spark_submit.py:634} INFO - at io.netty.channel.AbstractChannelHandlerContext.fireChannelRead(AbstractChannelHandlerContext.java:354)
[2026-06-03T14:36:31.545+0000] {spark_submit.py:634} INFO - at io.netty.handler.codec.MessageToMessageDecoder.channelRead(MessageToMessageDecoder.java:107)
[2026-06-03T14:36:31.545+0000] {spark_submit.py:634} INFO - at io.netty.channel.AbstractChannelHandlerContext.fireChannelRead(AbstractChannelHandlerContext.java:356)
[2026-06-03T14:36:31.546+0000] {spark_submit.py:634} INFO - at org.apache.spark.network.util.TransportFrameDecoder.channelRead(TransportFrameDecoder.java:101)
[2026-06-03T14:36:31.546+0000] {spark_submit.py:634} INFO - at io.netty.channel.AbstractChannelHandlerContext.fireChannelRead(AbstractChannelHandlerContext.java:356)
[2026-06-03T14:36:31.546+0000] {spark_submit.py:634} INFO - at io.netty.channel.DefaultChannelPipeline$HeadContext.channelRead(DefaultChannelPipeline.java:1429)
[2026-06-03T14:36:31.547+0000] {spark_submit.py:634} INFO - at io.netty.channel.DefaultChannelPipeline.fireChannelRead(DefaultChannelPipeline.java:918)
[2026-06-03T14:36:31.547+0000] {spark_submit.py:634} INFO - at io.netty.channel.epoll.AbstractEpollStreamChannel$EpollStreamUnsafe.epollInReady(AbstractEpollStreamChannel.java:794)
[2026-06-03T14:36:31.547+0000] {spark_submit.py:634} INFO - at io.netty.channel.epoll.AbstractEpollChannel$AbstractEpollUnsafe.handle(AbstractEpollChannel.java:482)
[2026-06-03T14:36:31.548+0000] {spark_submit.py:634} INFO - at io.netty.channel.epoll.EpollIoHandler$DefaultEpollIoRegistration.handle(EpollIoHandler.java:317)
[2026-06-03T14:36:31.548+0000] {spark_submit.py:634} INFO - at io.netty.channel.epoll.EpollIoHandler.processReady(EpollIoHandler.java:515)
[2026-06-03T14:36:31.548+0000] {spark_submit.py:634} INFO - at io.netty.channel.epoll.EpollIoHandler.run(EpollIoHandler.java:460)
[2026-06-03T14:36:31.549+0000] {spark_submit.py:634} INFO - at io.netty.channel.SingleThreadIoEventLoop.runIo(SingleThreadIoEventLoop.java:225)
[2026-06-03T14:36:31.549+0000] {spark_submit.py:634} INFO - at io.netty.channel.SingleThreadIoEventLoop.run(SingleThreadIoEventLoop.java:196)
[2026-06-03T14:36:31.549+0000] {spark_submit.py:634} INFO - at io.netty.util.concurrent.SingleThreadEventExecutor$5.run(SingleThreadEventExecutor.java:1193)
[2026-06-03T14:36:31.550+0000] {spark_submit.py:634} INFO - at io.netty.util.internal.ThreadExecutorMap$2.run(ThreadExecutorMap.java:74)
[2026-06-03T14:36:31.550+0000] {spark_submit.py:634} INFO - at io.netty.util.concurrent.FastThreadLocalRunnable.run(FastThreadLocalRunnable.java:30)
[2026-06-03T14:36:31.550+0000] {spark_submit.py:634} INFO - at java.base/java.lang.Thread.run(Thread.java:840)
[2026-06-03T14:36:31.550+0000] {spark_submit.py:634} INFO - 
[2026-06-03T14:36:31.551+0000] {spark_submit.py:634} INFO - at org.apache.spark.network.client.TransportResponseHandler.handle(TransportResponseHandler.java:209)
[2026-06-03T14:36:31.551+0000] {spark_submit.py:634} INFO - at org.apache.spark.network.server.TransportChannelHandler.channelRead0(TransportChannelHandler.java:142)
[2026-06-03T14:36:31.551+0000] {spark_submit.py:634} INFO - at org.apache.spark.network.server.TransportChannelHandler.channelRead0(TransportChannelHandler.java:53)
[2026-06-03T14:36:31.551+0000] {spark_submit.py:634} INFO - at io.netty.channel.SimpleChannelInboundHandler.channelRead(SimpleChannelInboundHandler.java:99)
[2026-06-03T14:36:31.552+0000] {spark_submit.py:634} INFO - at io.netty.channel.AbstractChannelHandlerContext.invokeChannelRead(AbstractChannelHandlerContext.java:444)
[2026-06-03T14:36:31.552+0000] {spark_submit.py:634} INFO - at io.netty.channel.AbstractChannelHandlerContext.invokeChannelRead(AbstractChannelHandlerContext.java:420)
[2026-06-03T14:36:31.552+0000] {spark_submit.py:634} INFO - at io.netty.channel.AbstractChannelHandlerContext.fireChannelRead(AbstractChannelHandlerContext.java:412)
[2026-06-03T14:36:31.553+0000] {spark_submit.py:634} INFO - at io.netty.handler.timeout.IdleStateHandler.channelRead(IdleStateHandler.java:286)
[2026-06-03T14:36:31.553+0000] {spark_submit.py:634} INFO - at io.netty.channel.AbstractChannelHandlerContext.invokeChannelRead(AbstractChannelHandlerContext.java:442)
[2026-06-03T14:36:31.553+0000] {spark_submit.py:634} INFO - at io.netty.channel.AbstractChannelHandlerContext.invokeChannelRead(AbstractChannelHandlerContext.java:420)
[2026-06-03T14:36:31.553+0000] {spark_submit.py:634} INFO - at io.netty.channel.AbstractChannelHandlerContext.fireChannelRead(AbstractChannelHandlerContext.java:412)
[2026-06-03T14:36:31.554+0000] {spark_submit.py:634} INFO - at io.netty.handler.codec.MessageToMessageDecoder.channelRead(MessageToMessageDecoder.java:103)
[2026-06-03T14:36:31.554+0000] {spark_submit.py:634} INFO - at io.netty.channel.AbstractChannelHandlerContext.invokeChannelRead(AbstractChannelHandlerContext.java:444)
[2026-06-03T14:36:31.554+0000] {spark_submit.py:634} INFO - at io.netty.channel.AbstractChannelHandlerContext.invokeChannelRead(AbstractChannelHandlerContext.java:420)
[2026-06-03T14:36:31.554+0000] {spark_submit.py:634} INFO - at io.netty.channel.AbstractChannelHandlerContext.fireChannelRead(AbstractChannelHandlerContext.java:412)
[2026-06-03T14:36:31.555+0000] {spark_submit.py:634} INFO - at org.apache.spark.network.util.TransportFrameDecoder.channelRead(TransportFrameDecoder.java:102)
[2026-06-03T14:36:31.555+0000] {spark_submit.py:634} INFO - at io.netty.channel.AbstractChannelHandlerContext.invokeChannelRead(AbstractChannelHandlerContext.java:444)
[2026-06-03T14:36:31.555+0000] {spark_submit.py:634} INFO - at io.netty.channel.AbstractChannelHandlerContext.invokeChannelRead(AbstractChannelHandlerContext.java:420)
[2026-06-03T14:36:31.555+0000] {spark_submit.py:634} INFO - at io.netty.channel.AbstractChannelHandlerContext.fireChannelRead(AbstractChannelHandlerContext.java:412)
[2026-06-03T14:36:31.555+0000] {spark_submit.py:634} INFO - at io.netty.channel.DefaultChannelPipeline$HeadContext.channelRead(DefaultChannelPipeline.java:1410)
[2026-06-03T14:36:31.556+0000] {spark_submit.py:634} INFO - at io.netty.channel.AbstractChannelHandlerContext.invokeChannelRead(AbstractChannelHandlerContext.java:440)
[2026-06-03T14:36:31.556+0000] {spark_submit.py:634} INFO - at io.netty.channel.AbstractChannelHandlerContext.invokeChannelRead(AbstractChannelHandlerContext.java:420)
[2026-06-03T14:36:31.556+0000] {spark_submit.py:634} INFO - at io.netty.channel.DefaultChannelPipeline.fireChannelRead(DefaultChannelPipeline.java:919)
[2026-06-03T14:36:31.556+0000] {spark_submit.py:634} INFO - at io.netty.channel.nio.AbstractNioByteChannel$NioByteUnsafe.read(AbstractNioByteChannel.java:166)
[2026-06-03T14:36:31.557+0000] {spark_submit.py:634} INFO - at io.netty.channel.nio.NioEventLoop.processSelectedKey(NioEventLoop.java:788)
[2026-06-03T14:36:31.557+0000] {spark_submit.py:634} INFO - at io.netty.channel.nio.NioEventLoop.processSelectedKeysOptimized(NioEventLoop.java:724)
[2026-06-03T14:36:31.557+0000] {spark_submit.py:634} INFO - at io.netty.channel.nio.NioEventLoop.processSelectedKeys(NioEventLoop.java:650)
[2026-06-03T14:36:31.557+0000] {spark_submit.py:634} INFO - at io.netty.channel.nio.NioEventLoop.run(NioEventLoop.java:562)
[2026-06-03T14:36:31.558+0000] {spark_submit.py:634} INFO - at io.netty.util.concurrent.SingleThreadEventExecutor$4.run(SingleThreadEventExecutor.java:997)
[2026-06-03T14:36:31.558+0000] {spark_submit.py:634} INFO - at io.netty.util.internal.ThreadExecutorMap$2.run(ThreadExecutorMap.java:74)
[2026-06-03T14:36:31.558+0000] {spark_submit.py:634} INFO - at io.netty.util.concurrent.FastThreadLocalRunnable.run(FastThreadLocalRunnable.java:30)
[2026-06-03T14:36:31.558+0000] {spark_submit.py:634} INFO - ... 1 more
[2026-06-03T14:36:51.510+0000] {spark_submit.py:634} INFO - 26/06/03 14:36:51 WARN StandaloneSchedulerBackend: Application ID is not initialized yet.
[2026-06-03T14:36:51.511+0000] {spark_submit.py:634} INFO - 26/06/03 14:36:51 ERROR StandaloneSchedulerBackend: Application has been killed. Reason: All masters are unresponsive! Giving up.
[2026-06-03T14:36:51.553+0000] {spark_submit.py:634} INFO - 26/06/03 14:36:51 INFO Utils: Successfully started service 'org.apache.spark.network.netty.NettyBlockTransferService' on port 37251.
[2026-06-03T14:36:51.554+0000] {spark_submit.py:634} INFO - 26/06/03 14:36:51 INFO NettyBlockTransferService: Server created on 01ef42388acd:37251
[2026-06-03T14:36:51.559+0000] {spark_submit.py:634} INFO - 26/06/03 14:36:51 INFO BlockManager: Using org.apache.spark.storage.RandomBlockReplicationPolicy for block replication policy
[2026-06-03T14:36:51.571+0000] {spark_submit.py:634} INFO - 26/06/03 14:36:51 INFO BlockManagerMaster: Registering BlockManager BlockManagerId(driver, 01ef42388acd, 37251, None)
[2026-06-03T14:36:51.576+0000] {spark_submit.py:634} INFO - 26/06/03 14:36:51 INFO BlockManagerMasterEndpoint: Registering block manager 01ef42388acd:37251 with 434.4 MiB RAM, BlockManagerId(driver, 01ef42388acd, 37251, None)
[2026-06-03T14:36:51.580+0000] {spark_submit.py:634} INFO - 26/06/03 14:36:51 INFO BlockManagerMaster: Registered BlockManager BlockManagerId(driver, 01ef42388acd, 37251, None)
[2026-06-03T14:36:51.581+0000] {spark_submit.py:634} INFO - 26/06/03 14:36:51 INFO BlockManager: Initialized BlockManager: BlockManagerId(driver, 01ef42388acd, 37251, None)
[2026-06-03T14:36:51.797+0000] {spark_submit.py:634} INFO - 26/06/03 14:36:51 INFO StandaloneSchedulerBackend: SchedulerBackend is ready for scheduling beginning after reached minRegisteredResourcesRatio: 0.0
[2026-06-03T14:36:52.000+0000] {spark_submit.py:634} INFO - 26/06/03 14:36:51 WARN SparkSession: Cannot use org.apache.iceberg.spark.extensions.IcebergSparkSessionExtensions to configure session extensions.
[2026-06-03T14:36:52.000+0000] {spark_submit.py:634} INFO - java.lang.ClassNotFoundException: org.apache.iceberg.spark.extensions.IcebergSparkSessionExtensions
[2026-06-03T14:36:52.000+0000] {spark_submit.py:634} INFO - at java.base/java.net.URLClassLoader.findClass(URLClassLoader.java:445)
[2026-06-03T14:36:52.001+0000] {spark_submit.py:634} INFO - at java.base/java.lang.ClassLoader.loadClass(ClassLoader.java:592)
[2026-06-03T14:36:52.001+0000] {spark_submit.py:634} INFO - at java.base/java.lang.ClassLoader.loadClass(ClassLoader.java:525)
[2026-06-03T14:36:52.001+0000] {spark_submit.py:634} INFO - at java.base/java.lang.Class.forName0(Native Method)
[2026-06-03T14:36:52.001+0000] {spark_submit.py:634} INFO - at java.base/java.lang.Class.forName(Class.java:469)
[2026-06-03T14:36:52.001+0000] {spark_submit.py:634} INFO - at org.apache.spark.util.SparkClassUtils.classForName(SparkClassUtils.scala:41)
[2026-06-03T14:36:52.002+0000] {spark_submit.py:634} INFO - at org.apache.spark.util.SparkClassUtils.classForName$(SparkClassUtils.scala:36)
[2026-06-03T14:36:52.002+0000] {spark_submit.py:634} INFO - at org.apache.spark.util.Utils$.classForName(Utils.scala:94)
[2026-06-03T14:36:52.002+0000] {spark_submit.py:634} INFO - at org.apache.spark.sql.SparkSession$.$anonfun$applyExtensions$2(SparkSession.scala:1367)
[2026-06-03T14:36:52.002+0000] {spark_submit.py:634} INFO - at org.apache.spark.sql.SparkSession$.$anonfun$applyExtensions$2$adapted(SparkSession.scala:1365)
[2026-06-03T14:36:52.003+0000] {spark_submit.py:634} INFO - at scala.collection.mutable.ResizableArray.foreach(ResizableArray.scala:62)
[2026-06-03T14:36:52.003+0000] {spark_submit.py:634} INFO - at scala.collection.mutable.ResizableArray.foreach$(ResizableArray.scala:55)
[2026-06-03T14:36:52.003+0000] {spark_submit.py:634} INFO - at scala.collection.mutable.ArrayBuffer.foreach(ArrayBuffer.scala:49)
[2026-06-03T14:36:52.003+0000] {spark_submit.py:634} INFO - at org.apache.spark.sql.SparkSession$.org$apache$spark$sql$SparkSession$$applyExtensions(SparkSession.scala:1365)
[2026-06-03T14:36:52.003+0000] {spark_submit.py:634} INFO - at org.apache.spark.sql.SparkSession.<init>(SparkSession.scala:105)
[2026-06-03T14:36:52.004+0000] {spark_submit.py:634} INFO - at java.base/jdk.internal.reflect.NativeConstructorAccessorImpl.newInstance0(Native Method)
[2026-06-03T14:36:52.004+0000] {spark_submit.py:634} INFO - at java.base/jdk.internal.reflect.NativeConstructorAccessorImpl.newInstance(NativeConstructorAccessorImpl.java:77)
[2026-06-03T14:36:52.004+0000] {spark_submit.py:634} INFO - at java.base/jdk.internal.reflect.DelegatingConstructorAccessorImpl.newInstance(DelegatingConstructorAccessorImpl.java:45)
[2026-06-03T14:36:52.004+0000] {spark_submit.py:634} INFO - at java.base/java.lang.reflect.Constructor.newInstanceWithCaller(Constructor.java:500)
[2026-06-03T14:36:52.005+0000] {spark_submit.py:634} INFO - at java.base/java.lang.reflect.Constructor.newInstance(Constructor.java:481)
[2026-06-03T14:36:52.005+0000] {spark_submit.py:634} INFO - at py4j.reflection.MethodInvoker.invoke(MethodInvoker.java:247)
[2026-06-03T14:36:52.005+0000] {spark_submit.py:634} INFO - at py4j.reflection.ReflectionEngine.invoke(ReflectionEngine.java:374)
[2026-06-03T14:36:52.005+0000] {spark_submit.py:634} INFO - at py4j.Gateway.invoke(Gateway.java:238)
[2026-06-03T14:36:52.005+0000] {spark_submit.py:634} INFO - at py4j.commands.ConstructorCommand.invokeConstructor(ConstructorCommand.java:80)
[2026-06-03T14:36:52.006+0000] {spark_submit.py:634} INFO - at py4j.commands.ConstructorCommand.execute(ConstructorCommand.java:69)
[2026-06-03T14:36:52.006+0000] {spark_submit.py:634} INFO - at py4j.ClientServerConnection.waitForCommands(ClientServerConnection.java:182)
[2026-06-03T14:36:52.006+0000] {spark_submit.py:634} INFO - at py4j.ClientServerConnection.run(ClientServerConnection.java:106)
[2026-06-03T14:36:52.006+0000] {spark_submit.py:634} INFO - at java.base/java.lang.Thread.run(Thread.java:840)
[2026-06-03T14:36:52.021+0000] {spark_submit.py:634} INFO - 26/06/03 14:36:52 INFO SparkContext: SparkContext is stopping with exitCode 0.
[2026-06-03T14:36:52.032+0000] {spark_submit.py:634} INFO - 26/06/03 14:36:52 INFO SparkUI: Stopped Spark web UI at http://01ef42388acd:4040
[2026-06-03T14:36:52.036+0000] {spark_submit.py:634} INFO - 26/06/03 14:36:52 INFO StandaloneSchedulerBackend: Shutting down all executors
[2026-06-03T14:36:52.040+0000] {spark_submit.py:634} INFO - 26/06/03 14:36:52 INFO StandaloneSchedulerBackend$StandaloneDriverEndpoint: Asking each executor to shut down
[2026-06-03T14:36:52.044+0000] {spark_submit.py:634} INFO - 26/06/03 14:36:52 WARN StandaloneAppClient$ClientEndpoint: Drop UnregisterApplication(null) because has not yet connected to master
[2026-06-03T14:36:52.053+0000] {spark_submit.py:634} INFO - 26/06/03 14:36:52 INFO MapOutputTrackerMasterEndpoint: MapOutputTrackerMasterEndpoint stopped!
[2026-06-03T14:36:52.067+0000] {spark_submit.py:634} INFO - 26/06/03 14:36:52 INFO MemoryStore: MemoryStore cleared
[2026-06-03T14:36:52.067+0000] {spark_submit.py:634} INFO - 26/06/03 14:36:52 INFO BlockManager: BlockManager stopped
[2026-06-03T14:36:52.074+0000] {spark_submit.py:634} INFO - 26/06/03 14:36:52 INFO BlockManagerMaster: BlockManagerMaster stopped
[2026-06-03T14:36:52.076+0000] {spark_submit.py:634} INFO - 26/06/03 14:36:52 INFO OutputCommitCoordinator$OutputCommitCoordinatorEndpoint: OutputCommitCoordinator stopped!
[2026-06-03T14:36:52.086+0000] {spark_submit.py:634} INFO - 26/06/03 14:36:52 INFO SparkContext: Successfully stopped SparkContext
[2026-06-03T14:36:52.125+0000] {spark_submit.py:634} INFO - 26/06/03 14:36:52 INFO SharedState: Setting hive.metastore.warehouse.dir ('null') to the value of spark.sql.warehouse.dir.
[2026-06-03T14:36:52.133+0000] {spark_submit.py:634} INFO - 26/06/03 14:36:52 INFO SharedState: Warehouse path is 'file:/opt/***/spark-warehouse'.
[2026-06-03T14:36:52.334+0000] {spark_submit.py:634} INFO - 26/06/03 14:36:52 INFO SharedState: Setting hive.metastore.warehouse.dir ('file:/opt/***/spark-warehouse') to the value of spark.sql.warehouse.dir.
[2026-06-03T14:36:52.335+0000] {spark_submit.py:634} INFO - 26/06/03 14:36:52 INFO SharedState: Warehouse path is 'file:/opt/***/spark-warehouse'.
[2026-06-03T14:36:52.357+0000] {spark_submit.py:634} INFO - Traceback (most recent call last):
[2026-06-03T14:36:52.357+0000] {spark_submit.py:634} INFO - File "/workspace/resources/train_model_lakehouse.py", line 127, in <module>
[2026-06-03T14:36:52.357+0000] {spark_submit.py:634} INFO - main()
[2026-06-03T14:36:52.357+0000] {spark_submit.py:634} INFO - File "/workspace/resources/train_model_lakehouse.py", line 51, in main
[2026-06-03T14:36:52.358+0000] {spark_submit.py:634} INFO - with mlflow.start_run():
[2026-06-03T14:36:52.358+0000] {spark_submit.py:634} INFO - ^^^^^^^^^^^^^^^^^^
[2026-06-03T14:36:52.358+0000] {spark_submit.py:634} INFO - File "/home/***/.local/lib/python3.11/site-packages/mlflow/tracking/fluent.py", line 386, in start_run
[2026-06-03T14:36:52.358+0000] {spark_submit.py:634} INFO - client = MlflowClient()
[2026-06-03T14:36:52.358+0000] {spark_submit.py:634} INFO - ^^^^^^^^^^^^^^
[2026-06-03T14:36:52.359+0000] {spark_submit.py:634} INFO - File "/home/***/.local/lib/python3.11/site-packages/mlflow/tracking/client.py", line 173, in __init__
[2026-06-03T14:36:52.359+0000] {spark_submit.py:634} INFO - self._registry_uri = registry_utils._resolve_registry_uri(registry_uri, tracking_uri)
[2026-06-03T14:36:52.359+0000] {spark_submit.py:634} INFO - ^^^^^^^^^^^^^^^^^^^^^^^^^^^^^^^^^^^^^^^^^^^^^^^^^^^^^^^^^^^^^^^^
[2026-06-03T14:36:52.359+0000] {spark_submit.py:634} INFO - File "/home/***/.local/lib/python3.11/site-packages/mlflow/tracking/_model_registry/utils.py", line 191, in _resolve_registry_uri
[2026-06-03T14:36:52.359+0000] {spark_submit.py:634} INFO - or _get_registry_uri_from_context()
[2026-06-03T14:36:52.359+0000] {spark_submit.py:634} INFO - ^^^^^^^^^^^^^^^^^^^^^^^^^^^^^^^^
[2026-06-03T14:36:52.359+0000] {spark_submit.py:634} INFO - File "/home/***/.local/lib/python3.11/site-packages/mlflow/tracking/_model_registry/utils.py", line 117, in _get_registry_uri_from_context
[2026-06-03T14:36:52.360+0000] {spark_submit.py:634} INFO - elif (uri := MLFLOW_REGISTRY_URI.get()) or (uri := _get_registry_uri_from_spark_session()):
[2026-06-03T14:36:52.360+0000] {spark_submit.py:634} INFO - ^^^^^^^^^^^^^^^^^^^^^^^^^^^^^^^^^^^^^^
[2026-06-03T14:36:52.360+0000] {spark_submit.py:634} INFO - File "/home/***/.local/lib/python3.11/site-packages/mlflow/tracking/_model_registry/utils.py", line 103, in _get_registry_uri_from_spark_session
[2026-06-03T14:36:52.360+0000] {spark_submit.py:634} INFO - return session.conf.get("spark.mlflow.modelRegistryUri", None)
[2026-06-03T14:36:52.360+0000] {spark_submit.py:634} INFO - ^^^^^^^^^^^^
[2026-06-03T14:36:52.361+0000] {spark_submit.py:634} INFO - File "/home/***/.local/lib/python3.11/site-packages/pyspark/python/lib/pyspark.zip/pyspark/sql/session.py", line 784, in conf
[2026-06-03T14:36:52.361+0000] {spark_submit.py:634} INFO - File "/home/***/.local/lib/python3.11/site-packages/pyspark/python/lib/py4j-0.10.9.7-src.zip/py4j/java_gateway.py", line 1322, in __call__
[2026-06-03T14:36:52.361+0000] {spark_submit.py:634} INFO - File "/home/***/.local/lib/python3.11/site-packages/pyspark/python/lib/pyspark.zip/pyspark/errors/exceptions/captured.py", line 179, in deco
[2026-06-03T14:36:52.361+0000] {spark_submit.py:634} INFO - File "/home/***/.local/lib/python3.11/site-packages/pyspark/python/lib/py4j-0.10.9.7-src.zip/py4j/protocol.py", line 326, in get_return_value
[2026-06-03T14:36:52.361+0000] {spark_submit.py:634} INFO - py4j.protocol.Py4JJavaError: An error occurred while calling o57.conf.
[2026-06-03T14:36:52.361+0000] {spark_submit.py:634} INFO - : java.lang.IllegalStateException: LiveListenerBus is stopped.
[2026-06-03T14:36:52.362+0000] {spark_submit.py:634} INFO - at org.apache.spark.scheduler.LiveListenerBus.addToQueue(LiveListenerBus.scala:92)
[2026-06-03T14:36:52.362+0000] {spark_submit.py:634} INFO - at org.apache.spark.scheduler.LiveListenerBus.addToStatusQueue(LiveListenerBus.scala:75)
[2026-06-03T14:36:52.362+0000] {spark_submit.py:634} INFO - at org.apache.spark.sql.internal.SharedState.<init>(SharedState.scala:115)
[2026-06-03T14:36:52.362+0000] {spark_submit.py:634} INFO - at org.apache.spark.sql.SparkSession.$anonfun$sharedState$1(SparkSession.scala:143)
[2026-06-03T14:36:52.362+0000] {spark_submit.py:634} INFO - at scala.Option.getOrElse(Option.scala:189)
[2026-06-03T14:36:52.362+0000] {spark_submit.py:634} INFO - at org.apache.spark.sql.SparkSession.sharedState$lzycompute(SparkSession.scala:143)
[2026-06-03T14:36:52.362+0000] {spark_submit.py:634} INFO - at org.apache.spark.sql.SparkSession.sharedState(SparkSession.scala:142)
[2026-06-03T14:36:52.363+0000] {spark_submit.py:634} INFO - at org.apache.spark.sql.SparkSession.$anonfun$sessionState$2(SparkSession.scala:162)
[2026-06-03T14:36:52.363+0000] {spark_submit.py:634} INFO - at scala.Option.getOrElse(Option.scala:189)
[2026-06-03T14:36:52.363+0000] {spark_submit.py:634} INFO - at org.apache.spark.sql.SparkSession.sessionState$lzycompute(SparkSession.scala:160)
[2026-06-03T14:36:52.363+0000] {spark_submit.py:634} INFO - at org.apache.spark.sql.SparkSession.sessionState(SparkSession.scala:157)
[2026-06-03T14:36:52.363+0000] {spark_submit.py:634} INFO - at org.apache.spark.sql.SparkSession.conf$lzycompute(SparkSession.scala:185)
[2026-06-03T14:36:52.363+0000] {spark_submit.py:634} INFO - at org.apache.spark.sql.SparkSession.conf(SparkSession.scala:185)
[2026-06-03T14:36:52.363+0000] {spark_submit.py:634} INFO - at java.base/jdk.internal.reflect.NativeMethodAccessorImpl.invoke0(Native Method)
[2026-06-03T14:36:52.363+0000] {spark_submit.py:634} INFO - at java.base/jdk.internal.reflect.NativeMethodAccessorImpl.invoke(NativeMethodAccessorImpl.java:77)
[2026-06-03T14:36:52.364+0000] {spark_submit.py:634} INFO - at java.base/jdk.internal.reflect.DelegatingMethodAccessorImpl.invoke(DelegatingMethodAccessorImpl.java:43)
[2026-06-03T14:36:52.364+0000] {spark_submit.py:634} INFO - at java.base/java.lang.reflect.Method.invoke(Method.java:569)
[2026-06-03T14:36:52.364+0000] {spark_submit.py:634} INFO - at py4j.reflection.MethodInvoker.invoke(MethodInvoker.java:244)
[2026-06-03T14:36:52.364+0000] {spark_submit.py:634} INFO - at py4j.reflection.ReflectionEngine.invoke(ReflectionEngine.java:374)
[2026-06-03T14:36:52.364+0000] {spark_submit.py:634} INFO - at py4j.Gateway.invoke(Gateway.java:282)
[2026-06-03T14:36:52.364+0000] {spark_submit.py:634} INFO - at py4j.commands.AbstractCommand.invokeMethod(AbstractCommand.java:132)
[2026-06-03T14:36:52.364+0000] {spark_submit.py:634} INFO - at py4j.commands.CallCommand.execute(CallCommand.java:79)
[2026-06-03T14:36:52.364+0000] {spark_submit.py:634} INFO - at py4j.ClientServerConnection.waitForCommands(ClientServerConnection.java:182)
[2026-06-03T14:36:52.365+0000] {spark_submit.py:634} INFO - at py4j.ClientServerConnection.run(ClientServerConnection.java:106)
[2026-06-03T14:36:52.365+0000] {spark_submit.py:634} INFO - at java.base/java.lang.Thread.run(Thread.java:840)
[2026-06-03T14:36:52.365+0000] {spark_submit.py:634} INFO - 
[2026-06-03T14:36:52.685+0000] {spark_submit.py:634} INFO - 26/06/03 14:36:52 INFO ShutdownHookManager: Shutdown hook called
[2026-06-03T14:36:52.685+0000] {spark_submit.py:634} INFO - 26/06/03 14:36:52 INFO ShutdownHookManager: Deleting directory /tmp/spark-dd04da69-f21a-46f1-b8b0-d51451618430/pyspark-81662852-c879-427a-9cae-2119fb6bb0f3
[2026-06-03T14:36:52.691+0000] {spark_submit.py:634} INFO - 26/06/03 14:36:52 INFO ShutdownHookManager: Deleting directory /tmp/spark-e9045616-a170-4607-baf3-47493c4fef20
[2026-06-03T14:36:52.696+0000] {spark_submit.py:634} INFO - 26/06/03 14:36:52 INFO ShutdownHookManager: Deleting directory /tmp/spark-dd04da69-f21a-46f1-b8b0-d51451618430
[2026-06-03T14:36:52.750+0000] {taskinstance.py:3311} ERROR - Task failed with exception
Traceback (most recent call last):
  File "/home/airflow/.local/lib/python3.11/site-packages/airflow/models/taskinstance.py", line 767, in _execute_task
    result = _execute_callable(context=context, **execute_callable_kwargs)
             ^^^^^^^^^^^^^^^^^^^^^^^^^^^^^^^^^^^^^^^^^^^^^^^^^^^^^^^^^^^^^
  File "/home/airflow/.local/lib/python3.11/site-packages/airflow/models/taskinstance.py", line 733, in _execute_callable
    return ExecutionCallableRunner(
           ^^^^^^^^^^^^^^^^^^^^^^^^
  File "/home/airflow/.local/lib/python3.11/site-packages/airflow/utils/operator_helpers.py", line 252, in run
    return self.func(*args, **kwargs)
           ^^^^^^^^^^^^^^^^^^^^^^^^^^
  File "/home/airflow/.local/lib/python3.11/site-packages/airflow/models/baseoperator.py", line 422, in wrapper
    return func(self, *args, **kwargs)
           ^^^^^^^^^^^^^^^^^^^^^^^^^^^
  File "/home/airflow/.local/lib/python3.11/site-packages/airflow/providers/apache/spark/operators/spark_submit.py", line 176, in execute
    self._hook.submit(self.application)
  File "/home/airflow/.local/lib/python3.11/site-packages/airflow/providers/apache/spark/hooks/spark_submit.py", line 560, in submit
    raise AirflowException(
airflow.exceptions.AirflowException: Cannot execute: spark-submit --master spark://spark-master:7077 --conf spark.sql.extensions=org.apache.iceberg.spark.extensions.IcebergSparkSessionExtensions --conf spark.sql.catalog.lakehouse=org.apache.iceberg.spark.SparkCatalog --conf spark.sql.catalog.lakehouse.type=rest --conf spark.sql.catalog.lakehouse.uri=http://iceberg-rest:8181 --conf spark.sql.catalog.lakehouse.warehouse=s3://warehouse/ --conf spark.sql.catalog.lakehouse.io-impl=org.apache.iceberg.aws.s3.S3FileIO --conf spark.sql.catalog.lakehouse.client.region=eu-south-2 --conf spark.sql.catalog.lakehouse.s3.endpoint=http://minio:9000 --conf spark.sql.catalog.lakehouse.s3.access-key-id=admin --conf spark.sql.catalog.lakehouse.s3.secret-access-key=****** --conf spark.sql.catalog.lakehouse.s3.path-style-access=true --conf spark.sql.defaultCatalog=lakehouse --conf spark.hadoop.fs.s3a.endpoint=http://minio:9000 --conf spark.hadoop.fs.s3a.access.key=admin --conf spark.hadoop.fs.s3a.secret.key=****** --conf spark.hadoop.fs.s3a.path.style.access=true --conf spark.hadoop.fs.s3a.connection.ssl.enabled=false --name arrow-spark --verbose --deploy-mode client /workspace/resources/train_model_lakehouse.py --model-base s3a://warehouse/artifacts/models. Error code is: 1.
[2026-06-03T14:36:52.772+0000] {taskinstance.py:1225} INFO - Marking task as FAILED. dag_id=train_model_lakehouse, task_id=train_model, run_id=manual__2026-06-03T14:35:40.842311+00:00, execution_date=20260603T143540, start_date=20260603T143542, end_date=20260603T143652
[2026-06-03T14:36:52.784+0000] {taskinstance.py:340} INFO - ::group::Post task execution logs
[2026-06-03T14:36:52.785+0000] {standard_task_runner.py:124} ERROR - Failed to execute job 23 for task train_model (Cannot execute: spark-submit --master spark://spark-master:7077 --conf spark.sql.extensions=org.apache.iceberg.spark.extensions.IcebergSparkSessionExtensions --conf spark.sql.catalog.lakehouse=org.apache.iceberg.spark.SparkCatalog --conf spark.sql.catalog.lakehouse.type=rest --conf spark.sql.catalog.lakehouse.uri=http://iceberg-rest:8181 --conf spark.sql.catalog.lakehouse.warehouse=s3://warehouse/ --conf spark.sql.catalog.lakehouse.io-impl=org.apache.iceberg.aws.s3.S3FileIO --conf spark.sql.catalog.lakehouse.client.region=eu-south-2 --conf spark.sql.catalog.lakehouse.s3.endpoint=http://minio:9000 --conf spark.sql.catalog.lakehouse.s3.access-key-id=admin --conf spark.sql.catalog.lakehouse.s3.secret-access-key=****** --conf spark.sql.catalog.lakehouse.s3.path-style-access=true --conf spark.sql.defaultCatalog=lakehouse --conf spark.hadoop.fs.s3a.endpoint=http://minio:9000 --conf spark.hadoop.fs.s3a.access.key=admin --conf spark.hadoop.fs.s3a.secret.key=****** --conf spark.hadoop.fs.s3a.path.style.access=true --conf spark.hadoop.fs.s3a.connection.ssl.enabled=false --name arrow-spark --verbose --deploy-mode client /workspace/resources/train_model_lakehouse.py --model-base s3a://warehouse/artifacts/models. Error code is: 1.; 242)
Traceback (most recent call last):
  File "/home/airflow/.local/lib/python3.11/site-packages/airflow/task/task_runner/standard_task_runner.py", line 117, in _start_by_fork
    ret = args.func(args, dag=self.dag)
          ^^^^^^^^^^^^^^^^^^^^^^^^^^^^^
  File "/home/airflow/.local/lib/python3.11/site-packages/airflow/cli/cli_config.py", line 49, in command
    return func(*args, **kwargs)
           ^^^^^^^^^^^^^^^^^^^^^
  File "/home/airflow/.local/lib/python3.11/site-packages/airflow/utils/cli.py", line 116, in wrapper
    return f(*args, **kwargs)
           ^^^^^^^^^^^^^^^^^^
  File "/home/airflow/.local/lib/python3.11/site-packages/airflow/cli/commands/task_command.py", line 483, in task_run
    task_return_code = _run_task_by_selected_method(args, _dag, ti)
                       ^^^^^^^^^^^^^^^^^^^^^^^^^^^^^^^^^^^^^^^^^^^^
  File "/home/airflow/.local/lib/python3.11/site-packages/airflow/cli/commands/task_command.py", line 256, in _run_task_by_selected_method
    return _run_raw_task(args, ti)
           ^^^^^^^^^^^^^^^^^^^^^^^
  File "/home/airflow/.local/lib/python3.11/site-packages/airflow/cli/commands/task_command.py", line 341, in _run_raw_task
    return ti._run_raw_task(
           ^^^^^^^^^^^^^^^^^
  File "/home/airflow/.local/lib/python3.11/site-packages/airflow/utils/session.py", line 97, in wrapper
    return func(*args, session=session, **kwargs)
           ^^^^^^^^^^^^^^^^^^^^^^^^^^^^^^^^^^^^^^
  File "/home/airflow/.local/lib/python3.11/site-packages/airflow/models/taskinstance.py", line 3005, in _run_raw_task
    return _run_raw_task(
           ^^^^^^^^^^^^^^
  File "/home/airflow/.local/lib/python3.11/site-packages/airflow/models/taskinstance.py", line 273, in _run_raw_task
    TaskInstance._execute_task_with_callbacks(
  File "/home/airflow/.local/lib/python3.11/site-packages/airflow/models/taskinstance.py", line 3159, in _execute_task_with_callbacks
    result = self._execute_task(context, task_orig)
             ^^^^^^^^^^^^^^^^^^^^^^^^^^^^^^^^^^^^^^
  File "/home/airflow/.local/lib/python3.11/site-packages/airflow/models/taskinstance.py", line 3183, in _execute_task
    return _execute_task(self, context, task_orig)
           ^^^^^^^^^^^^^^^^^^^^^^^^^^^^^^^^^^^^^^^
  File "/home/airflow/.local/lib/python3.11/site-packages/airflow/models/taskinstance.py", line 767, in _execute_task
    result = _execute_callable(context=context, **execute_callable_kwargs)
             ^^^^^^^^^^^^^^^^^^^^^^^^^^^^^^^^^^^^^^^^^^^^^^^^^^^^^^^^^^^^^
  File "/home/airflow/.local/lib/python3.11/site-packages/airflow/models/taskinstance.py", line 733, in _execute_callable
    return ExecutionCallableRunner(
           ^^^^^^^^^^^^^^^^^^^^^^^^
  File "/home/airflow/.local/lib/python3.11/site-packages/airflow/utils/operator_helpers.py", line 252, in run
    return self.func(*args, **kwargs)
           ^^^^^^^^^^^^^^^^^^^^^^^^^^
  File "/home/airflow/.local/lib/python3.11/site-packages/airflow/models/baseoperator.py", line 422, in wrapper
    return func(self, *args, **kwargs)
           ^^^^^^^^^^^^^^^^^^^^^^^^^^^
  File "/home/airflow/.local/lib/python3.11/site-packages/airflow/providers/apache/spark/operators/spark_submit.py", line 176, in execute
    self._hook.submit(self.application)
  File "/home/airflow/.local/lib/python3.11/site-packages/airflow/providers/apache/spark/hooks/spark_submit.py", line 560, in submit
    raise AirflowException(
airflow.exceptions.AirflowException: Cannot execute: spark-submit --master spark://spark-master:7077 --conf spark.sql.extensions=org.apache.iceberg.spark.extensions.IcebergSparkSessionExtensions --conf spark.sql.catalog.lakehouse=org.apache.iceberg.spark.SparkCatalog --conf spark.sql.catalog.lakehouse.type=rest --conf spark.sql.catalog.lakehouse.uri=http://iceberg-rest:8181 --conf spark.sql.catalog.lakehouse.warehouse=s3://warehouse/ --conf spark.sql.catalog.lakehouse.io-impl=org.apache.iceberg.aws.s3.S3FileIO --conf spark.sql.catalog.lakehouse.client.region=eu-south-2 --conf spark.sql.catalog.lakehouse.s3.endpoint=http://minio:9000 --conf spark.sql.catalog.lakehouse.s3.access-key-id=admin --conf spark.sql.catalog.lakehouse.s3.secret-access-key=****** --conf spark.sql.catalog.lakehouse.s3.path-style-access=true --conf spark.sql.defaultCatalog=lakehouse --conf spark.hadoop.fs.s3a.endpoint=http://minio:9000 --conf spark.hadoop.fs.s3a.access.key=admin --conf spark.hadoop.fs.s3a.secret.key=****** --conf spark.hadoop.fs.s3a.path.style.access=true --conf spark.hadoop.fs.s3a.connection.ssl.enabled=false --name arrow-spark --verbose --deploy-mode client /workspace/resources/train_model_lakehouse.py --model-base s3a://warehouse/artifacts/models. Error code is: 1.
[2026-06-03T14:36:52.833+0000] {local_task_job_runner.py:266} INFO - Task exited with return code 1
[2026-06-03T14:36:52.853+0000] {taskinstance.py:3895} INFO - 0 downstream tasks scheduled from follow-on schedule check
[2026-06-03T14:36:52.873+0000] {local_task_job_runner.py:245} INFO - ::endgroup::
